{"numFailedTestSuites":1,"numFailedTests":2,"numPassedTestSuites":0,"numPassedTests":1,"numPendingTestSuites":0,"numPendingTests":0,"numRuntimeErrorTestSuites":0,"numTodoTests":0,"numTotalTestSuites":1,"numTotalTests":3,"openHandles":[],"snapshot":{"added":0,"didUpdate":false,"failure":false,"filesAdded":0,"filesRemoved":0,"filesRemovedList":[],"filesUnmatched":0,"filesUpdated":0,"matched":0,"total":0,"unchecked":0,"uncheckedKeysByFile":[],"unmatched":0,"updated":0},"startTime":1751196152323,"success":false,"testResults":[{"assertionResults":[{"ancestorTitles":["timerActionHandler canonical teacher-driven timer flows"],"duration":10045,"failureDetails":[{}],"failureMessages":["Error: Timeout: Did not receive expected timer events\n    at Timeout._onTimeout (/home/aflesch/mathquest/app/backend/tests/integration/timerActionHandler.realtime.integration.test.ts:213:24)\n    at listOnTimeout (node:internal/timers:594:17)\n    at processTimers (node:internal/timers:529:7)"],"fullName":"timerActionHandler canonical teacher-driven timer flows should emit run, countdown, and stop events for a teacher-driven run action","invocations":1,"location":null,"numPassingAsserts":0,"retryReasons":[],"status":"failed","title":"should emit run, countdown, and stop events for a teacher-driven run action"},{"ancestorTitles":["timerActionHandler canonical teacher-driven timer flows"],"duration":8023,"failureDetails":[{}],"failureMessages":["Error: Timeout: Did not receive stop event\n    at Timeout._onTimeout (/home/aflesch/mathquest/app/backend/tests/integration/timerActionHandler.realtime.integration.test.ts:320:24)\n    at listOnTimeout (node:internal/timers:594:17)\n    at processTimers (node:internal/timers:529:7)"],"fullName":"timerActionHandler canonical teacher-driven timer flows should emit stop to all rooms when teacher clicks stop","invocations":1,"location":null,"numPassingAsserts":0,"retryReasons":[],"status":"failed","title":"should emit stop to all rooms when teacher clicks stop"},{"ancestorTitles":["timerActionHandler canonical teacher-driven timer flows"],"duration":3564,"failureDetails":[],"failureMessages":[],"fullName":"timerActionHandler canonical teacher-driven timer flows should not emit stop when paused","invocations":1,"location":null,"numPassingAsserts":3,"retryReasons":[],"status":"passed","title":"should not emit stop when paused"}],"endTime":1751196184521,"message":"\u001b[1m\u001b[31m  \u001b[1m● \u001b[22m\u001b[1mtimerActionHandler canonical teacher-driven timer flows › should emit run, countdown, and stop events for a teacher-driven run action\u001b[39m\u001b[22m\n\n    Timeout: Did not receive expected timer events\n\u001b[2m\u001b[22m\n\u001b[2m    \u001b[0m \u001b[90m 211 |\u001b[39m                 console\u001b[33m.\u001b[39mlog(\u001b[32m'[TEST] receivedLive:'\u001b[39m\u001b[33m,\u001b[39m receivedLive)\u001b[33m;\u001b[39m\u001b[22m\n\u001b[2m     \u001b[90m 212 |\u001b[39m                 console\u001b[33m.\u001b[39mlog(\u001b[32m'[TEST] receivedProjection:'\u001b[39m\u001b[33m,\u001b[39m receivedProjection)\u001b[33m;\u001b[39m\u001b[22m\n\u001b[2m    \u001b[31m\u001b[1m>\u001b[22m\u001b[2m\u001b[39m\u001b[90m 213 |\u001b[39m                 reject(\u001b[36mnew\u001b[39m \u001b[33mError\u001b[39m(\u001b[32m'Timeout: Did not receive expected timer events'\u001b[39m))\u001b[33m;\u001b[39m\u001b[22m\n\u001b[2m     \u001b[90m     |\u001b[39m                        \u001b[31m\u001b[1m^\u001b[22m\u001b[2m\u001b[39m\u001b[22m\n\u001b[2m     \u001b[90m 214 |\u001b[39m             }\u001b[33m,\u001b[39m \u001b[35m10000\u001b[39m)\u001b[33m;\u001b[39m\u001b[22m\n\u001b[2m     \u001b[90m 215 |\u001b[39m         })\u001b[33m;\u001b[39m\u001b[22m\n\u001b[2m     \u001b[90m 216 |\u001b[39m         \u001b[90m// Now connect after listeners are attached\u001b[39m\u001b[0m\u001b[22m\n\u001b[2m\u001b[22m\n\u001b[2m      \u001b[2mat Timeout._onTimeout (\u001b[22m\u001b[2m\u001b[0m\u001b[36mtests/integration/timerActionHandler.realtime.integration.test.ts\u001b[39m\u001b[0m\u001b[2m:213:24)\u001b[22m\u001b[2m\u001b[22m\n\n\u001b[1m\u001b[31m  \u001b[1m● \u001b[22m\u001b[1mtimerActionHandler canonical teacher-driven timer flows › should emit stop to all rooms when teacher clicks stop\u001b[39m\u001b[22m\n\n    Timeout: Did not receive stop event\n\u001b[2m\u001b[22m\n\u001b[2m    \u001b[0m \u001b[90m 318 |\u001b[39m             setTimeout(() \u001b[33m=>\u001b[39m {\u001b[22m\n\u001b[2m     \u001b[90m 319 |\u001b[39m                 console\u001b[33m.\u001b[39merror(\u001b[32m'[TEST] Timeout: Did not receive stop event'\u001b[39m)\u001b[33m;\u001b[39m\u001b[22m\n\u001b[2m    \u001b[31m\u001b[1m>\u001b[22m\u001b[2m\u001b[39m\u001b[90m 320 |\u001b[39m                 reject(\u001b[36mnew\u001b[39m \u001b[33mError\u001b[39m(\u001b[32m'Timeout: Did not receive stop event'\u001b[39m))\u001b[33m;\u001b[39m\u001b[22m\n\u001b[2m     \u001b[90m     |\u001b[39m                        \u001b[31m\u001b[1m^\u001b[22m\u001b[2m\u001b[39m\u001b[22m\n\u001b[2m     \u001b[90m 321 |\u001b[39m             }\u001b[33m,\u001b[39m \u001b[35m8000\u001b[39m)\u001b[33m;\u001b[39m\u001b[22m\n\u001b[2m     \u001b[90m 322 |\u001b[39m         })\u001b[33m;\u001b[39m\u001b[22m\n\u001b[2m     \u001b[90m 323 |\u001b[39m         \u001b[90m// Now connect after listeners are attached\u001b[39m\u001b[0m\u001b[22m\n\u001b[2m\u001b[22m\n\u001b[2m      \u001b[2mat Timeout._onTimeout (\u001b[22m\u001b[2m\u001b[0m\u001b[36mtests/integration/timerActionHandler.realtime.integration.test.ts\u001b[39m\u001b[0m\u001b[2m:320:24)\u001b[22m\u001b[2m\u001b[22m\n","name":"/home/aflesch/mathquest/app/backend/tests/integration/timerActionHandler.realtime.integration.test.ts","startTime":1751196152357,"status":"failed","summary":""}],"wasInterrupted":false,"coverageMap":{"/home/aflesch/mathquest/app/backend/src/sockets/handlers/teacherControl/index.ts":{"path":"/home/aflesch/mathquest/app/backend/src/sockets/handlers/teacherControl/index.ts","statementMap":{"0":{"start":{"line":23,"column":0},"end":{"line":23,"column":16}},"1":{"start":{"line":2,"column":0},"end":{"line":2,"column":55}},"2":{"start":{"line":3,"column":0},"end":{"line":3,"column":51}},"3":{"start":{"line":4,"column":0},"end":{"line":4,"column":51}},"4":{"start":{"line":5,"column":0},"end":{"line":5,"column":51}},"5":{"start":{"line":6,"column":0},"end":{"line":6,"column":43}},"6":{"start":{"line":7,"column":0},"end":{"line":7,"column":49}},"7":{"start":{"line":8,"column":0},"end":{"line":8,"column":49}},"8":{"start":{"line":9,"column":0},"end":{"line":9,"column":65}},"9":{"start":{"line":10,"column":0},"end":{"line":10,"column":71}},"10":{"start":{"line":11,"column":0},"end":{"line":11,"column":70}},"11":{"start":{"line":12,"column":0},"end":{"line":12,"column":61}},"12":{"start":{"line":13,"column":0},"end":{"line":13,"column":42}},"13":{"start":{"line":16,"column":15},"end":{"line":16,"column":50}},"14":{"start":{"line":24,"column":4},"end":{"line":24,"column":88}},"15":{"start":{"line":25,"column":4},"end":{"line":25,"column":81}},"16":{"start":{"line":28,"column":4},"end":{"line":28,"column":96}},"17":{"start":{"line":29,"column":4},"end":{"line":29,"column":79}},"18":{"start":{"line":32,"column":4},"end":{"line":32,"column":92}},"19":{"start":{"line":33,"column":4},"end":{"line":33,"column":75}},"20":{"start":{"line":36,"column":4},"end":{"line":36,"column":97}},"21":{"start":{"line":37,"column":4},"end":{"line":37,"column":75}},"22":{"start":{"line":40,"column":4},"end":{"line":40,"column":92}},"23":{"start":{"line":41,"column":4},"end":{"line":41,"column":75}},"24":{"start":{"line":44,"column":4},"end":{"line":44,"column":84}},"25":{"start":{"line":45,"column":4},"end":{"line":45,"column":67}},"26":{"start":{"line":48,"column":4},"end":{"line":48,"column":90}},"27":{"start":{"line":49,"column":4},"end":{"line":49,"column":73}},"28":{"start":{"line":52,"column":4},"end":{"line":52,"column":108}},"29":{"start":{"line":53,"column":4},"end":{"line":53,"column":90}},"30":{"start":{"line":56,"column":4},"end":{"line":56,"column":114}},"31":{"start":{"line":57,"column":4},"end":{"line":57,"column":96}},"32":{"start":{"line":60,"column":4},"end":{"line":60,"column":104}},"33":{"start":{"line":61,"column":4},"end":{"line":61,"column":87}},"34":{"start":{"line":64,"column":4},"end":{"line":64,"column":50}},"35":{"start":{"line":65,"column":4},"end":{"line":65,"column":59}},"36":{"start":{"line":68,"column":0},"end":{"line":68,"column":46}}},"fnMap":{"0":{"name":"registerTeacherControlHandlers","decl":{"start":{"line":23,"column":16},"end":{"line":23,"column":46}},"loc":{"start":{"line":23,"column":81},"end":{"line":66,"column":1}}}},"branchMap":{},"s":{"0":1,"1":1,"2":1,"3":1,"4":1,"5":1,"6":1,"7":1,"8":1,"9":1,"10":1,"11":1,"12":1,"13":1,"14":3,"15":3,"16":3,"17":3,"18":3,"19":3,"20":3,"21":3,"22":3,"23":3,"24":3,"25":3,"26":3,"27":3,"28":3,"29":3,"30":3,"31":3,"32":3,"33":3,"34":3,"35":3,"36":1},"f":{"0":3},"b":{}},"/home/aflesch/mathquest/app/backend/src/sockets/handlers/teacherControl/joinDashboard.ts":{"path":"/home/aflesch/mathquest/app/backend/src/sockets/handlers/teacherControl/joinDashboard.ts","statementMap":{"0":{"start":{"line":18,"column":0},"end":{"line":18,"column":16}},"1":{"start":{"line":2,"column":0},"end":{"line":2,"column":37}},"2":{"start":{"line":3,"column":0},"end":{"line":3,"column":45}},"3":{"start":{"line":4,"column":0},"end":{"line":4,"column":42}},"4":{"start":{"line":6,"column":0},"end":{"line":6,"column":89}},"5":{"start":{"line":7,"column":0},"end":{"line":7,"column":66}},"6":{"start":{"line":8,"column":0},"end":{"line":8,"column":61}},"7":{"start":{"line":9,"column":0},"end":{"line":9,"column":76}},"8":{"start":{"line":10,"column":0},"end":{"line":10,"column":76}},"9":{"start":{"line":13,"column":0},"end":{"line":13,"column":69}},"10":{"start":{"line":16,"column":15},"end":{"line":16,"column":51}},"11":{"start":{"line":19,"column":4},"end":{"line":343,"column":6}},"12":{"start":{"line":21,"column":8},"end":{"line":24,"column":68}},"13":{"start":{"line":27,"column":28},"end":{"line":27,"column":73}},"14":{"start":{"line":28,"column":8},"end":{"line":51,"column":9}},"15":{"start":{"line":29,"column":33},"end":{"line":29,"column":59}},"16":{"start":{"line":30,"column":12},"end":{"line":35,"column":51}},"17":{"start":{"line":37,"column":47},"end":{"line":41,"column":14}},"18":{"start":{"line":43,"column":12},"end":{"line":43,"column":70}},"19":{"start":{"line":44,"column":12},"end":{"line":49,"column":13}},"20":{"start":{"line":45,"column":16},"end":{"line":48,"column":19}},"21":{"start":{"line":50,"column":12},"end":{"line":50,"column":19}},"22":{"start":{"line":53,"column":29},"end":{"line":53,"column":45}},"23":{"start":{"line":54,"column":8},"end":{"line":54,"column":99}},"24":{"start":{"line":56,"column":31},"end":{"line":56,"column":43}},"25":{"start":{"line":59,"column":29},"end":{"line":61,"column":10}},"26":{"start":{"line":63,"column":8},"end":{"line":70,"column":9}},"27":{"start":{"line":64,"column":12},"end":{"line":64,"column":67}},"28":{"start":{"line":65,"column":12},"end":{"line":68,"column":31}},"29":{"start":{"line":69,"column":12},"end":{"line":69,"column":19}},"30":{"start":{"line":72,"column":23},"end":{"line":72,"column":38}},"31":{"start":{"line":75,"column":30},"end":{"line":75,"column":78}},"32":{"start":{"line":78,"column":8},"end":{"line":83,"column":41}},"33":{"start":{"line":85,"column":8},"end":{"line":112,"column":9}},"34":{"start":{"line":86,"column":12},"end":{"line":86,"column":97}},"35":{"start":{"line":89,"column":31},"end":{"line":89,"column":59}},"36":{"start":{"line":91,"column":12},"end":{"line":111,"column":13}},"37":{"start":{"line":92,"column":16},"end":{"line":92,"column":91}},"38":{"start":{"line":94,"column":16},"end":{"line":94,"column":48}},"39":{"start":{"line":95,"column":16},"end":{"line":95,"column":75}},"40":{"start":{"line":96,"column":16},"end":{"line":96,"column":45}},"41":{"start":{"line":99,"column":16},"end":{"line":102,"column":19}},"42":{"start":{"line":104,"column":16},"end":{"line":109,"column":17}},"43":{"start":{"line":105,"column":20},"end":{"line":108,"column":23}},"44":{"start":{"line":110,"column":16},"end":{"line":110,"column":23}},"45":{"start":{"line":114,"column":8},"end":{"line":114,"column":116}},"46":{"start":{"line":116,"column":8},"end":{"line":337,"column":9}},"47":{"start":{"line":118,"column":38},"end":{"line":118,"column":106}},"48":{"start":{"line":120,"column":12},"end":{"line":127,"column":84}},"49":{"start":{"line":130,"column":12},"end":{"line":151,"column":13}},"50":{"start":{"line":131,"column":16},"end":{"line":136,"column":19}},"51":{"start":{"line":137,"column":19},"end":{"line":151,"column":13}},"52":{"start":{"line":138,"column":16},"end":{"line":143,"column":19}},"53":{"start":{"line":145,"column":16},"end":{"line":145,"column":89}},"54":{"start":{"line":146,"column":16},"end":{"line":149,"column":19}},"55":{"start":{"line":150,"column":16},"end":{"line":150,"column":23}},"56":{"start":{"line":153,"column":12},"end":{"line":166,"column":13}},"57":{"start":{"line":154,"column":16},"end":{"line":157,"column":19}},"58":{"start":{"line":159,"column":16},"end":{"line":164,"column":17}},"59":{"start":{"line":160,"column":20},"end":{"line":163,"column":23}},"60":{"start":{"line":165,"column":16},"end":{"line":165,"column":23}},"61":{"start":{"line":168,"column":33},"end":{"line":168,"column":56}},"62":{"start":{"line":171,"column":34},"end":{"line":171,"column":55}},"63":{"start":{"line":172,"column":35},"end":{"line":172,"column":57}},"64":{"start":{"line":173,"column":12},"end":{"line":173,"column":45}},"65":{"start":{"line":174,"column":12},"end":{"line":174,"column":46}},"66":{"start":{"line":177,"column":29},"end":{"line":177,"column":53}},"67":{"start":{"line":178,"column":37},"end":{"line":178,"column":98}},"68":{"start":{"line":179,"column":38},"end":{"line":179,"column":100}},"69":{"start":{"line":180,"column":12},"end":{"line":188,"column":63}},"70":{"start":{"line":191,"column":12},"end":{"line":199,"column":14}},"71":{"start":{"line":202,"column":51},"end":{"line":202,"column":129}},"72":{"start":{"line":204,"column":12},"end":{"line":246,"column":13}},"73":{"start":{"line":205,"column":16},"end":{"line":205,"column":106}},"74":{"start":{"line":207,"column":16},"end":{"line":244,"column":17}},"75":{"start":{"line":209,"column":20},"end":{"line":209,"column":122}},"76":{"start":{"line":211,"column":20},"end":{"line":229,"column":21}},"77":{"start":{"line":213,"column":24},"end":{"line":228,"column":27}},"78":{"start":{"line":231,"column":20},"end":{"line":235,"column":23}},"79":{"start":{"line":237,"column":20},"end":{"line":243,"column":21}},"80":{"start":{"line":238,"column":24},"end":{"line":242,"column":27}},"81":{"start":{"line":245,"column":16},"end":{"line":245,"column":23}},"82":{"start":{"line":248,"column":12},"end":{"line":248,"column":73}},"83":{"start":{"line":252,"column":37},"end":{"line":252,"column":101}},"84":{"start":{"line":253,"column":12},"end":{"line":275,"column":13}},"85":{"start":{"line":256,"column":34},"end":{"line":256,"column":62}},"86":{"start":{"line":257,"column":26},"end":{"line":257,"column":95}},"87":{"start":{"line":257,"column":53},"end":{"line":257,"column":94}},"88":{"start":{"line":258,"column":35},"end":{"line":258,"column":95}},"89":{"start":{"line":259,"column":37},"end":{"line":266,"column":null}},"90":{"start":{"line":268,"column":16},"end":{"line":270,"column":19}},"91":{"start":{"line":271,"column":16},"end":{"line":274,"column":19}},"92":{"start":{"line":278,"column":37},"end":{"line":278,"column":91}},"93":{"start":{"line":279,"column":12},"end":{"line":279,"column":92}},"94":{"start":{"line":281,"column":12},"end":{"line":281,"column":120}},"95":{"start":{"line":284,"column":12},"end":{"line":292,"column":50}},"96":{"start":{"line":293,"column":12},"end":{"line":297,"column":15}},"97":{"start":{"line":300,"column":12},"end":{"line":320,"column":13}},"98":{"start":{"line":301,"column":16},"end":{"line":305,"column":19}},"99":{"start":{"line":308,"column":16},"end":{"line":317,"column":17}},"100":{"start":{"line":309,"column":20},"end":{"line":314,"column":23}},"101":{"start":{"line":316,"column":20},"end":{"line":316,"column":78}},"102":{"start":{"line":319,"column":16},"end":{"line":319,"column":77}},"103":{"start":{"line":322,"column":12},"end":{"line":322,"column":108}},"104":{"start":{"line":323,"column":12},"end":{"line":327,"column":15}},"105":{"start":{"line":330,"column":12},"end":{"line":336,"column":13}},"106":{"start":{"line":331,"column":16},"end":{"line":335,"column":19}},"107":{"start":{"line":340,"column":8},"end":{"line":342,"column":11}},"108":{"start":{"line":341,"column":12},"end":{"line":341,"column":75}}},"fnMap":{"0":{"name":"joinDashboardHandler","decl":{"start":{"line":18,"column":16},"end":{"line":18,"column":36}},"loc":{"start":{"line":18,"column":71},"end":{"line":344,"column":1}}},"1":{"name":"(anonymous_11)","decl":{"start":{"line":19,"column":11},"end":{"line":19,"column":16}},"loc":{"start":{"line":19,"column":83},"end":{"line":343,"column":5}}},"2":{"name":"(anonymous_12)","decl":{"start":{"line":257,"column":41},"end":{"line":257,"column":42}},"loc":{"start":{"line":257,"column":53},"end":{"line":257,"column":94}}},"3":{"name":"(anonymous_13)","decl":{"start":{"line":340,"column":21},"end":{"line":340,"column":22}},"loc":{"start":{"line":340,"column":40},"end":{"line":342,"column":9}}}},"branchMap":{"0":{"loc":{"start":{"line":28,"column":8},"end":{"line":51,"column":9}},"type":"if","locations":[{"start":{"line":28,"column":8},"end":{"line":51,"column":9}}]},"1":{"loc":{"start":{"line":44,"column":12},"end":{"line":49,"column":13}},"type":"if","locations":[{"start":{"line":44,"column":12},"end":{"line":49,"column":13}}]},"2":{"loc":{"start":{"line":63,"column":8},"end":{"line":70,"column":9}},"type":"if","locations":[{"start":{"line":63,"column":8},"end":{"line":70,"column":9}}]},"3":{"loc":{"start":{"line":75,"column":30},"end":{"line":75,"column":78}},"type":"binary-expr","locations":[{"start":{"line":75,"column":30},"end":{"line":75,"column":49}},{"start":{"line":75,"column":53},"end":{"line":75,"column":78}}]},"4":{"loc":{"start":{"line":85,"column":8},"end":{"line":112,"column":9}},"type":"if","locations":[{"start":{"line":85,"column":8},"end":{"line":112,"column":9}}]},"5":{"loc":{"start":{"line":91,"column":12},"end":{"line":111,"column":13}},"type":"if","locations":[{"start":{"line":91,"column":12},"end":{"line":111,"column":13}},{"start":{"line":97,"column":19},"end":{"line":111,"column":13}}]},"6":{"loc":{"start":{"line":91,"column":16},"end":{"line":91,"column":74}},"type":"binary-expr","locations":[{"start":{"line":91,"column":16},"end":{"line":91,"column":26}},{"start":{"line":91,"column":30},"end":{"line":91,"column":74}}]},"7":{"loc":{"start":{"line":104,"column":16},"end":{"line":109,"column":17}},"type":"if","locations":[{"start":{"line":104,"column":16},"end":{"line":109,"column":17}}]},"8":{"loc":{"start":{"line":118,"column":38},"end":{"line":118,"column":106}},"type":"binary-expr","locations":[{"start":{"line":118,"column":38},"end":{"line":118,"column":69}},{"start":{"line":118,"column":73},"end":{"line":118,"column":106}}]},"9":{"loc":{"start":{"line":130,"column":12},"end":{"line":151,"column":13}},"type":"if","locations":[{"start":{"line":130,"column":12},"end":{"line":151,"column":13}},{"start":{"line":137,"column":19},"end":{"line":151,"column":13}}]},"10":{"loc":{"start":{"line":137,"column":19},"end":{"line":151,"column":13}},"type":"if","locations":[{"start":{"line":137,"column":19},"end":{"line":151,"column":13}},{"start":{"line":144,"column":19},"end":{"line":151,"column":13}}]},"11":{"loc":{"start":{"line":153,"column":12},"end":{"line":166,"column":13}},"type":"if","locations":[{"start":{"line":153,"column":12},"end":{"line":166,"column":13}}]},"12":{"loc":{"start":{"line":159,"column":16},"end":{"line":164,"column":17}},"type":"if","locations":[{"start":{"line":159,"column":16},"end":{"line":164,"column":17}}]},"13":{"loc":{"start":{"line":178,"column":48},"end":{"line":178,"column":97}},"type":"binary-expr","locations":[{"start":{"line":178,"column":48},"end":{"line":178,"column":91}},{"start":{"line":178,"column":95},"end":{"line":178,"column":97}}]},"14":{"loc":{"start":{"line":179,"column":49},"end":{"line":179,"column":99}},"type":"binary-expr","locations":[{"start":{"line":179,"column":49},"end":{"line":179,"column":93}},{"start":{"line":179,"column":97},"end":{"line":179,"column":99}}]},"15":{"loc":{"start":{"line":204,"column":12},"end":{"line":246,"column":13}},"type":"if","locations":[{"start":{"line":204,"column":12},"end":{"line":246,"column":13}}]},"16":{"loc":{"start":{"line":207,"column":16},"end":{"line":244,"column":17}},"type":"if","locations":[{"start":{"line":207,"column":16},"end":{"line":244,"column":17}},{"start":{"line":230,"column":23},"end":{"line":244,"column":17}}]},"17":{"loc":{"start":{"line":211,"column":20},"end":{"line":229,"column":21}},"type":"if","locations":[{"start":{"line":211,"column":20},"end":{"line":229,"column":21}}]},"18":{"loc":{"start":{"line":237,"column":20},"end":{"line":243,"column":21}},"type":"if","locations":[{"start":{"line":237,"column":20},"end":{"line":243,"column":21}}]},"19":{"loc":{"start":{"line":253,"column":12},"end":{"line":275,"column":13}},"type":"if","locations":[{"start":{"line":253,"column":12},"end":{"line":275,"column":13}}]},"20":{"loc":{"start":{"line":253,"column":16},"end":{"line":253,"column":78}},"type":"binary-expr","locations":[{"start":{"line":253,"column":16},"end":{"line":253,"column":43}},{"start":{"line":253,"column":47},"end":{"line":253,"column":78}}]},"21":{"loc":{"start":{"line":256,"column":34},"end":{"line":256,"column":62}},"type":"binary-expr","locations":[{"start":{"line":256,"column":34},"end":{"line":256,"column":56}},{"start":{"line":256,"column":60},"end":{"line":256,"column":62}}]},"22":{"loc":{"start":{"line":258,"column":35},"end":{"line":258,"column":95}},"type":"cond-expr","locations":[{"start":{"line":258,"column":75},"end":{"line":258,"column":87}},{"start":{"line":258,"column":90},"end":{"line":258,"column":95}}]},"23":{"loc":{"start":{"line":258,"column":35},"end":{"line":258,"column":72}},"type":"binary-expr","locations":[{"start":{"line":258,"column":35},"end":{"line":258,"column":36}},{"start":{"line":258,"column":40},"end":{"line":258,"column":72}}]},"24":{"loc":{"start":{"line":300,"column":12},"end":{"line":320,"column":13}},"type":"if","locations":[{"start":{"line":300,"column":12},"end":{"line":320,"column":13}},{"start":{"line":318,"column":19},"end":{"line":320,"column":13}}]},"25":{"loc":{"start":{"line":326,"column":25},"end":{"line":326,"column":79}},"type":"cond-expr","locations":[{"start":{"line":326,"column":50},"end":{"line":326,"column":63}},{"start":{"line":326,"column":66},"end":{"line":326,"column":79}}]},"26":{"loc":{"start":{"line":330,"column":12},"end":{"line":336,"column":13}},"type":"if","locations":[{"start":{"line":330,"column":12},"end":{"line":336,"column":13}}]},"27":{"loc":{"start":{"line":334,"column":29},"end":{"line":334,"column":83}},"type":"cond-expr","locations":[{"start":{"line":334,"column":54},"end":{"line":334,"column":67}},{"start":{"line":334,"column":70},"end":{"line":334,"column":83}}]}},"s":{"0":1,"1":1,"2":1,"3":1,"4":1,"5":1,"6":1,"7":1,"8":1,"9":1,"10":1,"11":3,"12":1,"13":1,"14":1,"15":0,"16":0,"17":0,"18":0,"19":0,"20":0,"21":0,"22":1,"23":1,"24":1,"25":1,"26":1,"27":0,"28":0,"29":0,"30":1,"31":1,"32":1,"33":1,"34":0,"35":0,"36":0,"37":0,"38":0,"39":0,"40":0,"41":0,"42":0,"43":0,"44":0,"45":1,"46":1,"47":1,"48":1,"49":1,"50":1,"51":0,"52":0,"53":0,"54":0,"55":0,"56":1,"57":0,"58":0,"59":0,"60":0,"61":1,"62":1,"63":1,"64":1,"65":1,"66":1,"67":1,"68":1,"69":1,"70":1,"71":1,"72":1,"73":0,"74":0,"75":0,"76":0,"77":0,"78":0,"79":0,"80":0,"81":0,"82":1,"83":1,"84":1,"85":1,"86":1,"87":1,"88":1,"89":1,"90":1,"91":1,"92":1,"93":1,"94":1,"95":1,"96":1,"97":1,"98":0,"99":0,"100":0,"101":0,"102":1,"103":0,"104":0,"105":0,"106":0,"107":1,"108":3},"f":{"0":3,"1":1,"2":1,"3":3},"b":{"0":[0],"1":[0],"2":[0],"3":[1,0],"4":[0],"5":[0,0],"6":[0,0],"7":[0],"8":[1,0],"9":[1,0],"10":[0,0],"11":[0],"12":[0],"13":[1,0],"14":[1,0],"15":[0],"16":[0,0],"17":[0],"18":[0],"19":[1],"20":[1,1],"21":[1,0],"22":[1,0],"23":[1,1],"24":[0,1],"25":[0,0],"26":[0],"27":[0,0]}},"/home/aflesch/mathquest/app/backend/src/db/prisma.ts":{"path":"/home/aflesch/mathquest/app/backend/src/db/prisma.ts","statementMap":{"0":{"start":{"line":2,"column":0},"end":{"line":2,"column":53}},"1":{"start":{"line":10,"column":13},"end":{"line":10,"column":58}},"2":{"start":{"line":13,"column":0},"end":{"line":15,"column":1}},"3":{"start":{"line":14,"column":4},"end":{"line":14,"column":27}}},"fnMap":{},"branchMap":{"0":{"loc":{"start":{"line":10,"column":22},"end":{"line":10,"column":57}},"type":"binary-expr","locations":[{"start":{"line":10,"column":22},"end":{"line":10,"column":35}},{"start":{"line":10,"column":39},"end":{"line":10,"column":57}}]},"1":{"loc":{"start":{"line":13,"column":0},"end":{"line":15,"column":1}},"type":"if","locations":[{"start":{"line":13,"column":0},"end":{"line":15,"column":1}}]}},"s":{"0":1,"1":1,"2":1,"3":1},"f":{},"b":{"0":[1,1],"1":[1]}},"/home/aflesch/mathquest/app/backend/src/db/generated/client/index.js":{"path":"/home/aflesch/mathquest/app/backend/src/db/generated/client/index.js","statementMap":{"0":{"start":{"line":5,"column":0},"end":{"line":5,"column":62}},"1":{"start":{"line":29,"column":4},"end":{"line":29,"column":35}},"2":{"start":{"line":32,"column":15},"end":{"line":32,"column":17}},"3":{"start":{"line":34,"column":0},"end":{"line":34,"column":23}},"4":{"start":{"line":35,"column":0},"end":{"line":35,"column":19}},"5":{"start":{"line":41,"column":0},"end":{"line":44,"column":1}},"6":{"start":{"line":46,"column":0},"end":{"line":46,"column":69}},"7":{"start":{"line":47,"column":0},"end":{"line":47,"column":72}},"8":{"start":{"line":48,"column":0},"end":{"line":48,"column":62}},"9":{"start":{"line":49,"column":0},"end":{"line":49,"column":72}},"10":{"start":{"line":50,"column":0},"end":{"line":50,"column":64}},"11":{"start":{"line":51,"column":0},"end":{"line":51,"column":24}},"12":{"start":{"line":56,"column":0},"end":{"line":56,"column":19}},"13":{"start":{"line":57,"column":0},"end":{"line":57,"column":20}},"14":{"start":{"line":58,"column":0},"end":{"line":58,"column":18}},"15":{"start":{"line":59,"column":0},"end":{"line":59,"column":16}},"16":{"start":{"line":60,"column":0},"end":{"line":60,"column":35}},"17":{"start":{"line":65,"column":0},"end":{"line":65,"column":59}},"18":{"start":{"line":66,"column":0},"end":{"line":66,"column":51}},"19":{"start":{"line":71,"column":0},"end":{"line":71,"column":49}},"20":{"start":{"line":72,"column":0},"end":{"line":72,"column":53}},"21":{"start":{"line":73,"column":0},"end":{"line":73,"column":51}},"22":{"start":{"line":75,"column":0},"end":{"line":79,"column":1}},"23":{"start":{"line":84,"column":15},"end":{"line":84,"column":30}},"24":{"start":{"line":89,"column":0},"end":{"line":94,"column":3}},"25":{"start":{"line":96,"column":0},"end":{"line":106,"column":2}},"26":{"start":{"line":108,"column":0},"end":{"line":110,"column":2}},"27":{"start":{"line":112,"column":0},"end":{"line":115,"column":2}},"28":{"start":{"line":117,"column":0},"end":{"line":136,"column":2}},"29":{"start":{"line":138,"column":0},"end":{"line":149,"column":2}},"30":{"start":{"line":151,"column":0},"end":{"line":156,"column":2}},"31":{"start":{"line":158,"column":0},"end":{"line":175,"column":2}},"32":{"start":{"line":177,"column":0},"end":{"line":185,"column":2}},"33":{"start":{"line":187,"column":0},"end":{"line":190,"column":2}},"34":{"start":{"line":192,"column":0},"end":{"line":195,"column":2}},"35":{"start":{"line":197,"column":0},"end":{"line":200,"column":2}},"36":{"start":{"line":202,"column":0},"end":{"line":205,"column":2}},"37":{"start":{"line":207,"column":0},"end":{"line":211,"column":2}},"38":{"start":{"line":212,"column":0},"end":{"line":215,"column":2}},"39":{"start":{"line":217,"column":0},"end":{"line":222,"column":2}},"40":{"start":{"line":224,"column":0},"end":{"line":227,"column":2}},"41":{"start":{"line":229,"column":0},"end":{"line":238,"column":2}},"42":{"start":{"line":242,"column":15},"end":{"line":290,"column":1}},"43":{"start":{"line":292,"column":11},"end":{"line":292,"column":24}},"44":{"start":{"line":294,"column":0},"end":{"line":294,"column":26}},"45":{"start":{"line":295,"column":0},"end":{"line":307,"column":1}},"46":{"start":{"line":296,"column":27},"end":{"line":299,"column":3}},"47":{"start":{"line":301,"column":26},"end":{"line":303,"column":27}},"48":{"start":{"line":302,"column":4},"end":{"line":302,"column":76}},"49":{"start":{"line":305,"column":2},"end":{"line":305,"column":60}},"50":{"start":{"line":306,"column":2},"end":{"line":306,"column":25}},"51":{"start":{"line":309,"column":0},"end":{"line":309,"column":26795}},"52":{"start":{"line":310,"column":0},"end":{"line":310,"column":59}},"53":{"start":{"line":311,"column":0},"end":{"line":311,"column":29}},"54":{"start":{"line":312,"column":0},"end":{"line":312,"column":31}},"55":{"start":{"line":315,"column":29},"end":{"line":315,"column":60}},"56":{"start":{"line":317,"column":0},"end":{"line":320,"column":2}},"57":{"start":{"line":322,"column":21},"end":{"line":322,"column":44}},"58":{"start":{"line":323,"column":0},"end":{"line":323,"column":35}},"59":{"start":{"line":324,"column":0},"end":{"line":324,"column":30}},"60":{"start":{"line":327,"column":0},"end":{"line":327,"column":69}},"61":{"start":{"line":328,"column":0},"end":{"line":328,"column":96}},"62":{"start":{"line":330,"column":0},"end":{"line":330,"column":38}},"63":{"start":{"line":331,"column":0},"end":{"line":331,"column":65}}},"fnMap":{"0":{"name":"(anonymous_0)","decl":{"start":{"line":301,"column":48},"end":{"line":301,"column":49}},"loc":{"start":{"line":301,"column":61},"end":{"line":303,"column":3}},"line":301}},"branchMap":{"0":{"loc":{"start":{"line":295,"column":0},"end":{"line":307,"column":1}},"type":"if","locations":[{"start":{"line":295,"column":0},"end":{"line":307,"column":1}},{"start":{},"end":{}}],"line":295},"1":{"loc":{"start":{"line":301,"column":26},"end":{"line":303,"column":27}},"type":"binary-expr","locations":[{"start":{"line":301,"column":26},"end":{"line":303,"column":4}},{"start":{"line":303,"column":8},"end":{"line":303,"column":27}}],"line":301},"2":{"loc":{"start":{"line":318,"column":17},"end":{"line":318,"column":121}},"type":"binary-expr","locations":[{"start":{"line":318,"column":17},"end":{"line":318,"column":52}},{"start":{"line":318,"column":56},"end":{"line":318,"column":121}}],"line":318},"3":{"loc":{"start":{"line":319,"column":19},"end":{"line":319,"column":127}},"type":"binary-expr","locations":[{"start":{"line":319,"column":19},"end":{"line":319,"column":56}},{"start":{"line":319,"column":60},"end":{"line":319,"column":127}}],"line":319}},"s":{"0":1,"1":1,"2":1,"3":1,"4":1,"5":1,"6":1,"7":1,"8":1,"9":1,"10":1,"11":1,"12":1,"13":1,"14":1,"15":1,"16":1,"17":1,"18":1,"19":1,"20":1,"21":1,"22":1,"23":1,"24":1,"25":1,"26":1,"27":1,"28":1,"29":1,"30":1,"31":1,"32":1,"33":1,"34":1,"35":1,"36":1,"37":1,"38":1,"39":1,"40":1,"41":1,"42":1,"43":1,"44":1,"45":1,"46":0,"47":0,"48":0,"49":0,"50":0,"51":1,"52":1,"53":1,"54":1,"55":1,"56":1,"57":1,"58":1,"59":1,"60":1,"61":1,"62":1,"63":1},"f":{"0":0},"b":{"0":[0,1],"1":[0,0],"2":[1,0],"3":[1,1]},"inputSourceMap":null,"_coverageSchema":"1a1c01bbd47fc00a2c39e90264f33305004495a9","hash":"ea8724c3940a00f959b93f8546f0d3de551eb9c2"},"/home/aflesch/mathquest/app/backend/src/db/generated/client/runtime/library.js":{"path":"/home/aflesch/mathquest/app/backend/src/db/generated/client/runtime/library.js","statementMap":{"0":{"start":{"line":4,"column":20},"end":{"line":4,"column":33}},"1":{"start":{"line":4,"column":41},"end":{"line":4,"column":62}},"2":{"start":{"line":4,"column":70},"end":{"line":4,"column":101}},"3":{"start":{"line":4,"column":109},"end":{"line":4,"column":135}},"4":{"start":{"line":4,"column":143},"end":{"line":4,"column":164}},"5":{"start":{"line":4,"column":168},"end":{"line":4,"column":199}},"6":{"start":{"line":4,"column":207},"end":{"line":4,"column":235}},"7":{"start":{"line":4,"column":214},"end":{"line":4,"column":235}},"8":{"start":{"line":4,"column":219},"end":{"line":4,"column":234}},"9":{"start":{"line":4,"column":243},"end":{"line":4,"column":298}},"10":{"start":{"line":4,"column":250},"end":{"line":4,"column":298}},"11":{"start":{"line":4,"column":255},"end":{"line":4,"column":297}},"12":{"start":{"line":4,"column":302},"end":{"line":4,"column":358}},"13":{"start":{"line":4,"column":310},"end":{"line":4,"column":357}},"14":{"start":{"line":4,"column":325},"end":{"line":4,"column":357}},"15":{"start":{"line":4,"column":362},"end":{"line":4,"column":532}},"16":{"start":{"line":4,"column":374},"end":{"line":4,"column":523}},"17":{"start":{"line":4,"column":421},"end":{"line":4,"column":523}},"18":{"start":{"line":4,"column":440},"end":{"line":4,"column":523}},"19":{"start":{"line":4,"column":478},"end":{"line":4,"column":482}},"20":{"start":{"line":4,"column":523},"end":{"line":4,"column":531}},"21":{"start":{"line":4,"column":539},"end":{"line":4,"column":641}},"22":{"start":{"line":4,"column":549},"end":{"line":4,"column":640}},"23":{"start":{"line":4,"column":645},"end":{"line":4,"column":684}},"24":{"start":{"line":4,"column":648},"end":{"line":4,"column":684}},"25":{"start":{"line":4,"column":692},"end":{"line":4,"column":865}},"26":{"start":{"line":4,"column":718},"end":{"line":4,"column":863}},"27":{"start":{"line":4,"column":756},"end":{"line":4,"column":798}},"28":{"start":{"line":4,"column":801},"end":{"line":4,"column":815}},"29":{"start":{"line":4,"column":818},"end":{"line":4,"column":833}},"30":{"start":{"line":4,"column":834},"end":{"line":4,"column":862}},"31":{"start":{"line":4,"column":873},"end":{"line":4,"column":2400}},"32":{"start":{"line":4,"column":906},"end":{"line":4,"column":924}},"33":{"start":{"line":4,"column":928},"end":{"line":4,"column":947}},"34":{"start":{"line":4,"column":951},"end":{"line":4,"column":955}},"35":{"start":{"line":4,"column":964},"end":{"line":4,"column":971}},"36":{"start":{"line":4,"column":975},"end":{"line":4,"column":1124}},"37":{"start":{"line":4,"column":1124},"end":{"line":4,"column":1271}},"38":{"start":{"line":4,"column":1286},"end":{"line":4,"column":1347}},"39":{"start":{"line":4,"column":1365},"end":{"line":4,"column":1384}},"40":{"start":{"line":4,"column":1375},"end":{"line":4,"column":1384}},"41":{"start":{"line":4,"column":1384},"end":{"line":4,"column":1453}},"42":{"start":{"line":4,"column":1444},"end":{"line":4,"column":1453}},"43":{"start":{"line":4,"column":1453},"end":{"line":4,"column":1481}},"44":{"start":{"line":4,"column":1472},"end":{"line":4,"column":1481}},"45":{"start":{"line":4,"column":1481},"end":{"line":4,"column":1512}},"46":{"start":{"line":4,"column":1503},"end":{"line":4,"column":1512}},"47":{"start":{"line":4,"column":1518},"end":{"line":4,"column":1523}},"48":{"start":{"line":4,"column":1524},"end":{"line":4,"column":1552}},"49":{"start":{"line":4,"column":1543},"end":{"line":4,"column":1552}},"50":{"start":{"line":4,"column":1552},"end":{"line":4,"column":1684}},"51":{"start":{"line":4,"column":1589},"end":{"line":4,"column":1612}},"52":{"start":{"line":4,"column":1613},"end":{"line":4,"column":1683}},"53":{"start":{"line":4,"column":1684},"end":{"line":4,"column":1820}},"54":{"start":{"line":4,"column":1696},"end":{"line":4,"column":1820}},"55":{"start":{"line":4,"column":1784},"end":{"line":4,"column":1790}},"56":{"start":{"line":4,"column":1820},"end":{"line":4,"column":1913}},"57":{"start":{"line":4,"column":1846},"end":{"line":4,"column":1913}},"58":{"start":{"line":4,"column":1913},"end":{"line":4,"column":1951}},"59":{"start":{"line":4,"column":1942},"end":{"line":4,"column":1951}},"60":{"start":{"line":4,"column":1951},"end":{"line":4,"column":2122}},"61":{"start":{"line":4,"column":1980},"end":{"line":4,"column":2035}},"62":{"start":{"line":4,"column":2036},"end":{"line":4,"column":2121}},"63":{"start":{"line":4,"column":2075},"end":{"line":4,"column":2091}},"64":{"start":{"line":4,"column":2112},"end":{"line":4,"column":2120}},"65":{"start":{"line":4,"column":2122},"end":{"line":4,"column":2255}},"66":{"start":{"line":4,"column":2277},"end":{"line":4,"column":2293}},"67":{"start":{"line":4,"column":2294},"end":{"line":4,"column":2306}},"68":{"start":{"line":4,"column":2307},"end":{"line":4,"column":2398}},"69":{"start":{"line":4,"column":2408},"end":{"line":4,"column":3570}},"70":{"start":{"line":4,"column":2441},"end":{"line":4,"column":2445}},"71":{"start":{"line":4,"column":2449},"end":{"line":4,"column":2453}},"72":{"start":{"line":4,"column":2469},"end":{"line":4,"column":2594}},"73":{"start":{"line":4,"column":2499},"end":{"line":4,"column":2529}},"74":{"start":{"line":4,"column":2530},"end":{"line":4,"column":2593}},"75":{"start":{"line":4,"column":2600},"end":{"line":4,"column":2641}},"76":{"start":{"line":4,"column":2626},"end":{"line":4,"column":2640}},"77":{"start":{"line":4,"column":2642},"end":{"line":4,"column":2682}},"78":{"start":{"line":4,"column":2814},"end":{"line":4,"column":2825}},"79":{"start":{"line":4,"column":2826},"end":{"line":4,"column":2871}},"80":{"start":{"line":4,"column":2831},"end":{"line":4,"column":2871}},"81":{"start":{"line":4,"column":2871},"end":{"line":4,"column":2969}},"82":{"start":{"line":4,"column":2960},"end":{"line":4,"column":2969}},"83":{"start":{"line":4,"column":2969},"end":{"line":4,"column":3029}},"84":{"start":{"line":4,"column":3020},"end":{"line":4,"column":3029}},"85":{"start":{"line":4,"column":3029},"end":{"line":4,"column":3075}},"86":{"start":{"line":4,"column":3066},"end":{"line":4,"column":3075}},"87":{"start":{"line":4,"column":3075},"end":{"line":4,"column":3114}},"88":{"start":{"line":4,"column":3105},"end":{"line":4,"column":3114}},"89":{"start":{"line":4,"column":3114},"end":{"line":4,"column":3159}},"90":{"start":{"line":4,"column":3150},"end":{"line":4,"column":3159}},"91":{"start":{"line":4,"column":3159},"end":{"line":4,"column":3366}},"92":{"start":{"line":4,"column":3171},"end":{"line":4,"column":3180}},"93":{"start":{"line":4,"column":3181},"end":{"line":4,"column":3365}},"94":{"start":{"line":4,"column":3207},"end":{"line":4,"column":3247}},"95":{"start":{"line":4,"column":3261},"end":{"line":4,"column":3286}},"96":{"start":{"line":4,"column":3299},"end":{"line":4,"column":3342}},"97":{"start":{"line":4,"column":3356},"end":{"line":4,"column":3364}},"98":{"start":{"line":4,"column":3366},"end":{"line":4,"column":3439}},"99":{"start":{"line":4,"column":3372},"end":{"line":4,"column":3397}},"100":{"start":{"line":4,"column":3388},"end":{"line":4,"column":3397}},"101":{"start":{"line":4,"column":3403},"end":{"line":4,"column":3408}},"102":{"start":{"line":4,"column":3409},"end":{"line":4,"column":3438}},"103":{"start":{"line":4,"column":3439},"end":{"line":4,"column":3474}},"104":{"start":{"line":4,"column":3465},"end":{"line":4,"column":3473}},"105":{"start":{"line":4,"column":3474},"end":{"line":4,"column":3482}},"106":{"start":{"line":4,"column":3483},"end":{"line":4,"column":3568}},"107":{"start":{"line":4,"column":3578},"end":{"line":4,"column":5999}},"108":{"start":{"line":4,"column":3591},"end":{"line":4,"column":5997}},"109":{"start":{"line":4,"column":6007},"end":{"line":4,"column":6523}},"110":{"start":{"line":4,"column":6020},"end":{"line":4,"column":6521}},"111":{"start":{"line":4,"column":6531},"end":{"line":4,"column":6673}},"112":{"start":{"line":4,"column":6552},"end":{"line":4,"column":6602}},"113":{"start":{"line":4,"column":6602},"end":{"line":4,"column":6627}},"114":{"start":{"line":4,"column":6627},"end":{"line":4,"column":6671}},"115":{"start":{"line":4,"column":6681},"end":{"line":4,"column":6810}},"116":{"start":{"line":4,"column":6707},"end":{"line":4,"column":6808}},"117":{"start":{"line":4,"column":6728},"end":{"line":4,"column":6754}},"118":{"start":{"line":4,"column":6755},"end":{"line":4,"column":6807}},"119":{"start":{"line":4,"column":6780},"end":{"line":4,"column":6800}},"120":{"start":{"line":4,"column":6818},"end":{"line":4,"column":7348}},"121":{"start":{"line":4,"column":6844},"end":{"line":4,"column":7346}},"122":{"start":{"line":4,"column":6867},"end":{"line":4,"column":7012}},"123":{"start":{"line":4,"column":6930},"end":{"line":4,"column":7012}},"124":{"start":{"line":4,"column":7012},"end":{"line":4,"column":7116}},"125":{"start":{"line":4,"column":7034},"end":{"line":4,"column":7116}},"126":{"start":{"line":4,"column":7116},"end":{"line":4,"column":7243}},"127":{"start":{"line":4,"column":7145},"end":{"line":4,"column":7243}},"128":{"start":{"line":4,"column":7243},"end":{"line":4,"column":7261}},"129":{"start":{"line":4,"column":7252},"end":{"line":4,"column":7261}},"130":{"start":{"line":4,"column":7267},"end":{"line":4,"column":7306}},"131":{"start":{"line":4,"column":7307},"end":{"line":4,"column":7345}},"132":{"start":{"line":4,"column":7356},"end":{"line":4,"column":7657}},"133":{"start":{"line":4,"column":7382},"end":{"line":4,"column":7655}},"134":{"start":{"line":4,"column":7423},"end":{"line":4,"column":7620}},"135":{"start":{"line":4,"column":7621},"end":{"line":4,"column":7654}},"136":{"start":{"line":4,"column":7665},"end":{"line":4,"column":7758}},"137":{"start":{"line":4,"column":7698},"end":{"line":4,"column":7702}},"138":{"start":{"line":4,"column":7703},"end":{"line":4,"column":7756}},"139":{"start":{"line":4,"column":7717},"end":{"line":4,"column":7756}},"140":{"start":{"line":4,"column":7766},"end":{"line":4,"column":9028}},"141":{"start":{"line":4,"column":7779},"end":{"line":4,"column":9026}},"142":{"start":{"line":4,"column":9036},"end":{"line":6,"column":4190}},"143":{"start":{"line":4,"column":9069},"end":{"line":4,"column":9087}},"144":{"start":{"line":4,"column":9091},"end":{"line":4,"column":9111}},"145":{"start":{"line":4,"column":9115},"end":{"line":4,"column":9133}},"146":{"start":{"line":4,"column":9137},"end":{"line":4,"column":9159}},"147":{"start":{"line":4,"column":9163},"end":{"line":4,"column":9167}},"148":{"start":{"line":4,"column":9171},"end":{"line":4,"column":9181}},"149":{"start":{"line":4,"column":9185},"end":{"line":4,"column":9327}},"150":{"start":{"line":4,"column":9349},"end":{"line":4,"column":9351}},"151":{"start":{"line":4,"column":9354},"end":{"line":4,"column":9366}},"152":{"start":{"line":4,"column":9367},"end":{"line":5,"column":3}},"153":{"start":{"line":5,"column":9},"end":{"line":6,"column":36}},"154":{"start":{"line":5,"column":43},"end":{"line":5,"column":47}},"155":{"start":{"line":5,"column":50},"end":{"line":5,"column":58}},"156":{"start":{"line":5,"column":59},"end":{"line":5,"column":70}},"157":{"start":{"line":5,"column":76},"end":{"line":5,"column":80}},"158":{"start":{"line":5,"column":81},"end":{"line":6,"column":35}},"159":{"start":{"line":6,"column":36},"end":{"line":6,"column":44}},"160":{"start":{"line":6,"column":66},"end":{"line":6,"column":71}},"161":{"start":{"line":6,"column":74},"end":{"line":6,"column":98}},"162":{"start":{"line":6,"column":99},"end":{"line":6,"column":216}},"163":{"start":{"line":6,"column":119},"end":{"line":6,"column":185}},"164":{"start":{"line":6,"column":186},"end":{"line":6,"column":215}},"165":{"start":{"line":6,"column":222},"end":{"line":6,"column":238}},"166":{"start":{"line":6,"column":241},"end":{"line":6,"column":249}},"167":{"start":{"line":6,"column":252},"end":{"line":6,"column":369}},"168":{"start":{"line":6,"column":262},"end":{"line":6,"column":263}},"169":{"start":{"line":6,"column":272},"end":{"line":6,"column":369}},"170":{"start":{"line":6,"column":282},"end":{"line":6,"column":293}},"171":{"start":{"line":6,"column":296},"end":{"line":6,"column":303}},"172":{"start":{"line":6,"column":304},"end":{"line":6,"column":336}},"173":{"start":{"line":6,"column":336},"end":{"line":6,"column":341}},"174":{"start":{"line":6,"column":351},"end":{"line":6,"column":368}},"175":{"start":{"line":6,"column":361},"end":{"line":6,"column":368}},"176":{"start":{"line":6,"column":369},"end":{"line":6,"column":386}},"177":{"start":{"line":6,"column":402},"end":{"line":6,"column":442}},"178":{"start":{"line":6,"column":458},"end":{"line":6,"column":498}},"179":{"start":{"line":6,"column":514},"end":{"line":6,"column":555}},"180":{"start":{"line":6,"column":571},"end":{"line":6,"column":711}},"181":{"start":{"line":6,"column":735},"end":{"line":6,"column":994}},"182":{"start":{"line":6,"column":739},"end":{"line":6,"column":751}},"183":{"start":{"line":6,"column":761},"end":{"line":6,"column":986}},"184":{"start":{"line":6,"column":798},"end":{"line":6,"column":949}},"185":{"start":{"line":6,"column":950},"end":{"line":6,"column":985}},"186":{"start":{"line":6,"column":986},"end":{"line":6,"column":993}},"187":{"start":{"line":6,"column":1000},"end":{"line":6,"column":1010}},"188":{"start":{"line":6,"column":1011},"end":{"line":6,"column":1110}},"189":{"start":{"line":6,"column":1024},"end":{"line":6,"column":1073}},"190":{"start":{"line":6,"column":1074},"end":{"line":6,"column":1109}},"191":{"start":{"line":6,"column":1116},"end":{"line":6,"column":1149}},"192":{"start":{"line":6,"column":1150},"end":{"line":6,"column":1257}},"193":{"start":{"line":6,"column":1163},"end":{"line":6,"column":1220}},"194":{"start":{"line":6,"column":1221},"end":{"line":6,"column":1256}},"195":{"start":{"line":6,"column":1263},"end":{"line":6,"column":1296}},"196":{"start":{"line":6,"column":1299},"end":{"line":6,"column":1310}},"197":{"start":{"line":6,"column":1311},"end":{"line":6,"column":1469}},"198":{"start":{"line":6,"column":1324},"end":{"line":6,"column":1422}},"199":{"start":{"line":6,"column":1423},"end":{"line":6,"column":1468}},"200":{"start":{"line":6,"column":1469},"end":{"line":6,"column":1495}},"201":{"start":{"line":6,"column":1517},"end":{"line":6,"column":1521}},"202":{"start":{"line":6,"column":1522},"end":{"line":6,"column":1759}},"203":{"start":{"line":6,"column":1552},"end":{"line":6,"column":1713}},"204":{"start":{"line":6,"column":1577},"end":{"line":6,"column":1655}},"205":{"start":{"line":6,"column":1597},"end":{"line":6,"column":1655}},"206":{"start":{"line":6,"column":1660},"end":{"line":6,"column":1713}},"207":{"start":{"line":6,"column":1718},"end":{"line":6,"column":1759}},"208":{"start":{"line":6,"column":1759},"end":{"line":6,"column":1789}},"209":{"start":{"line":6,"column":1805},"end":{"line":6,"column":1857}},"210":{"start":{"line":6,"column":1873},"end":{"line":6,"column":1917}},"211":{"start":{"line":6,"column":1923},"end":{"line":6,"column":1939}},"212":{"start":{"line":6,"column":1942},"end":{"line":6,"column":1953}},"213":{"start":{"line":6,"column":1954},"end":{"line":6,"column":2029}},"214":{"start":{"line":6,"column":2051},"end":{"line":6,"column":2083}},"215":{"start":{"line":6,"column":2086},"end":{"line":6,"column":2092}},"216":{"start":{"line":6,"column":2095},"end":{"line":6,"column":2109}},"217":{"start":{"line":6,"column":2110},"end":{"line":6,"column":2197}},"218":{"start":{"line":6,"column":2203},"end":{"line":6,"column":2206}},"219":{"start":{"line":6,"column":2207},"end":{"line":6,"column":2305}},"220":{"start":{"line":6,"column":2220},"end":{"line":6,"column":2305}},"221":{"start":{"line":6,"column":2246},"end":{"line":6,"column":2261}},"222":{"start":{"line":6,"column":2266},"end":{"line":6,"column":2271}},"223":{"start":{"line":6,"column":2271},"end":{"line":6,"column":2304}},"224":{"start":{"line":6,"column":2291},"end":{"line":6,"column":2304}},"225":{"start":{"line":6,"column":2313},"end":{"line":6,"column":2315}},"226":{"start":{"line":6,"column":2316},"end":{"line":6,"column":2455}},"227":{"start":{"line":6,"column":2331},"end":{"line":6,"column":2455}},"228":{"start":{"line":6,"column":2341},"end":{"line":6,"column":2381}},"229":{"start":{"line":6,"column":2382},"end":{"line":6,"column":2399}},"230":{"start":{"line":6,"column":2409},"end":{"line":6,"column":2454}},"231":{"start":{"line":6,"column":2461},"end":{"line":6,"column":2472}},"232":{"start":{"line":6,"column":2473},"end":{"line":6,"column":2569}},"233":{"start":{"line":6,"column":2585},"end":{"line":6,"column":2630}},"234":{"start":{"line":6,"column":2605},"end":{"line":6,"column":2630}},"235":{"start":{"line":6,"column":2636},"end":{"line":6,"column":2641}},"236":{"start":{"line":6,"column":2642},"end":{"line":6,"column":2788}},"237":{"start":{"line":6,"column":2812},"end":{"line":6,"column":2843}},"238":{"start":{"line":6,"column":2846},"end":{"line":6,"column":2869}},"239":{"start":{"line":6,"column":2872},"end":{"line":6,"column":2888}},"240":{"start":{"line":6,"column":2891},"end":{"line":6,"column":2906}},"241":{"start":{"line":6,"column":2907},"end":{"line":6,"column":2928}},"242":{"start":{"line":6,"column":2928},"end":{"line":6,"column":3418}},"243":{"start":{"line":6,"column":2938},"end":{"line":6,"column":2976}},"244":{"start":{"line":6,"column":2977},"end":{"line":6,"column":3028}},"245":{"start":{"line":6,"column":3044},"end":{"line":6,"column":3067}},"246":{"start":{"line":6,"column":3070},"end":{"line":6,"column":3102}},"247":{"start":{"line":6,"column":3105},"end":{"line":6,"column":3167}},"248":{"start":{"line":6,"column":3168},"end":{"line":6,"column":3417}},"249":{"start":{"line":6,"column":3183},"end":{"line":6,"column":3255}},"250":{"start":{"line":6,"column":3256},"end":{"line":6,"column":3291}},"251":{"start":{"line":6,"column":3297},"end":{"line":6,"column":3417}},"252":{"start":{"line":6,"column":3309},"end":{"line":6,"column":3369}},"253":{"start":{"line":6,"column":3370},"end":{"line":6,"column":3404}},"254":{"start":{"line":6,"column":3410},"end":{"line":6,"column":3417}},"255":{"start":{"line":6,"column":3447},"end":{"line":6,"column":3461}},"256":{"start":{"line":6,"column":3464},"end":{"line":6,"column":3481}},"257":{"start":{"line":6,"column":3482},"end":{"line":6,"column":3636}},"258":{"start":{"line":6,"column":3511},"end":{"line":6,"column":3602}},"259":{"start":{"line":6,"column":3603},"end":{"line":6,"column":3635}},"260":{"start":{"line":6,"column":3636},"end":{"line":6,"column":3851}},"261":{"start":{"line":6,"column":3664},"end":{"line":6,"column":3851}},"262":{"start":{"line":6,"column":3858},"end":{"line":6,"column":3948}},"263":{"start":{"line":6,"column":3949},"end":{"line":6,"column":3988}},"264":{"start":{"line":6,"column":3988},"end":{"line":6,"column":4027}},"265":{"start":{"line":6,"column":4027},"end":{"line":6,"column":4064}},"266":{"start":{"line":6,"column":4064},"end":{"line":6,"column":4091}},"267":{"start":{"line":6,"column":4091},"end":{"line":6,"column":4120}},"268":{"start":{"line":6,"column":4120},"end":{"line":6,"column":4145}},"269":{"start":{"line":6,"column":4145},"end":{"line":6,"column":4176}},"270":{"start":{"line":6,"column":4176},"end":{"line":6,"column":4188}},"271":{"start":{"line":6,"column":4198},"end":{"line":6,"column":4806}},"272":{"start":{"line":6,"column":4224},"end":{"line":6,"column":4775}},"273":{"start":{"line":6,"column":4250},"end":{"line":6,"column":4451}},"274":{"start":{"line":6,"column":4263},"end":{"line":6,"column":4275}},"275":{"start":{"line":6,"column":4280},"end":{"line":6,"column":4451}},"276":{"start":{"line":6,"column":4298},"end":{"line":6,"column":4341}},"277":{"start":{"line":6,"column":4346},"end":{"line":6,"column":4451}},"278":{"start":{"line":6,"column":4457},"end":{"line":6,"column":4483}},"279":{"start":{"line":6,"column":4486},"end":{"line":6,"column":4556}},"280":{"start":{"line":6,"column":4557},"end":{"line":6,"column":4754}},"281":{"start":{"line":6,"column":4579},"end":{"line":6,"column":4583}},"282":{"start":{"line":6,"column":4584},"end":{"line":6,"column":4753}},"283":{"start":{"line":6,"column":4599},"end":{"line":6,"column":4729}},"284":{"start":{"line":6,"column":4632},"end":{"line":6,"column":4715}},"285":{"start":{"line":6,"column":4653},"end":{"line":6,"column":4715}},"286":{"start":{"line":6,"column":4715},"end":{"line":6,"column":4728}},"287":{"start":{"line":6,"column":4729},"end":{"line":6,"column":4752}},"288":{"start":{"line":6,"column":4754},"end":{"line":6,"column":4773}},"289":{"start":{"line":6,"column":4775},"end":{"line":6,"column":4804}},"290":{"start":{"line":6,"column":4814},"end":{"line":6,"column":5626}},"291":{"start":{"line":6,"column":4840},"end":{"line":6,"column":5624}},"292":{"start":{"line":6,"column":4884},"end":{"line":6,"column":4923}},"293":{"start":{"line":6,"column":4924},"end":{"line":6,"column":5621}},"294":{"start":{"line":6,"column":4945},"end":{"line":6,"column":4963}},"295":{"start":{"line":6,"column":4954},"end":{"line":6,"column":4963}},"296":{"start":{"line":6,"column":4963},"end":{"line":6,"column":5001}},"297":{"start":{"line":6,"column":4991},"end":{"line":6,"column":4992}},"298":{"start":{"line":6,"column":4993},"end":{"line":6,"column":5000}},"299":{"start":{"line":6,"column":5001},"end":{"line":6,"column":5083}},"300":{"start":{"line":6,"column":5011},"end":{"line":6,"column":5019}},"301":{"start":{"line":6,"column":5022},"end":{"line":6,"column":5030}},"302":{"start":{"line":6,"column":5075},"end":{"line":6,"column":5083}},"303":{"start":{"line":6,"column":5083},"end":{"line":6,"column":5139}},"304":{"start":{"line":6,"column":5093},"end":{"line":6,"column":5094}},"305":{"start":{"line":6,"column":5135},"end":{"line":6,"column":5139}},"306":{"start":{"line":6,"column":5139},"end":{"line":6,"column":5172}},"307":{"start":{"line":6,"column":5163},"end":{"line":6,"column":5172}},"308":{"start":{"line":6,"column":5178},"end":{"line":6,"column":5179}},"309":{"start":{"line":6,"column":5206},"end":{"line":6,"column":5208}},"310":{"start":{"line":6,"column":5209},"end":{"line":6,"column":5263}},"311":{"start":{"line":6,"column":5225},"end":{"line":6,"column":5263}},"312":{"start":{"line":6,"column":5263},"end":{"line":6,"column":5518}},"313":{"start":{"line":6,"column":5274},"end":{"line":6,"column":5284}},"314":{"start":{"line":6,"column":5292},"end":{"line":6,"column":5518}},"315":{"start":{"line":6,"column":5419},"end":{"line":6,"column":5518}},"316":{"start":{"line":6,"column":5518},"end":{"line":6,"column":5612}},"317":{"start":{"line":6,"column":5528},"end":{"line":6,"column":5612}},"318":{"start":{"line":6,"column":5576},"end":{"line":6,"column":5612}},"319":{"start":{"line":6,"column":5612},"end":{"line":6,"column":5620}},"320":{"start":{"line":6,"column":5634},"end":{"line":6,"column":5656}},"321":{"start":{"line":6,"column":5664},"end":{"line":6,"column":5686}},"322":{"start":{"line":6,"column":5694},"end":{"line":6,"column":5696}},"323":{"start":{"line":6,"column":5697},"end":{"line":6,"column":6367}},"324":{"start":{"line":6,"column":5713},"end":{"line":6,"column":5715}},"325":{"start":{"line":6,"column":5726},"end":{"line":6,"column":5727}},"326":{"start":{"line":6,"column":5740},"end":{"line":6,"column":5742}},"327":{"start":{"line":6,"column":5758},"end":{"line":6,"column":5760}},"328":{"start":{"line":6,"column":5779},"end":{"line":6,"column":5781}},"329":{"start":{"line":6,"column":5818},"end":{"line":6,"column":5819}},"330":{"start":{"line":6,"column":5854},"end":{"line":6,"column":5855}},"331":{"start":{"line":6,"column":5887},"end":{"line":6,"column":5889}},"332":{"start":{"line":6,"column":5926},"end":{"line":6,"column":5927}},"333":{"start":{"line":6,"column":5960},"end":{"line":6,"column":5961}},"334":{"start":{"line":6,"column":5973},"end":{"line":6,"column":5975}},"335":{"start":{"line":6,"column":5984},"end":{"line":6,"column":5986}},"336":{"start":{"line":6,"column":6003},"end":{"line":6,"column":6005}},"337":{"start":{"line":6,"column":6029},"end":{"line":6,"column":6031}},"338":{"start":{"line":6,"column":6060},"end":{"line":6,"column":6062}},"339":{"start":{"line":6,"column":6088},"end":{"line":6,"column":6090}},"340":{"start":{"line":6,"column":6118},"end":{"line":6,"column":6120}},"341":{"start":{"line":6,"column":6131},"end":{"line":6,"column":6133}},"342":{"start":{"line":6,"column":6154},"end":{"line":6,"column":6156}},"343":{"start":{"line":6,"column":6172},"end":{"line":6,"column":6174}},"344":{"start":{"line":6,"column":6184},"end":{"line":6,"column":6186}},"345":{"start":{"line":6,"column":6206},"end":{"line":6,"column":6208}},"346":{"start":{"line":6,"column":6235},"end":{"line":6,"column":6237}},"347":{"start":{"line":6,"column":6259},"end":{"line":6,"column":6261}},"348":{"start":{"line":6,"column":6270},"end":{"line":6,"column":6272}},"349":{"start":{"line":6,"column":6296},"end":{"line":6,"column":6298}},"350":{"start":{"line":6,"column":6308},"end":{"line":6,"column":6310}},"351":{"start":{"line":6,"column":6322},"end":{"line":6,"column":6324}},"352":{"start":{"line":6,"column":6346},"end":{"line":6,"column":6348}},"353":{"start":{"line":6,"column":6362},"end":{"line":6,"column":6364}},"354":{"start":{"line":6,"column":6367},"end":{"line":6,"column":6389}},"355":{"start":{"line":6,"column":6396},"end":{"line":6,"column":6398}},"356":{"start":{"line":6,"column":6399},"end":{"line":6,"column":6458}},"357":{"start":{"line":6,"column":6426},"end":{"line":6,"column":6428}},"358":{"start":{"line":6,"column":6453},"end":{"line":6,"column":6455}},"359":{"start":{"line":6,"column":6473},"end":{"line":6,"column":6519}},"360":{"start":{"line":6,"column":6506},"end":{"line":6,"column":6519}},"361":{"start":{"line":6,"column":6535},"end":{"line":6,"column":6543}},"362":{"start":{"line":6,"column":6551},"end":{"line":6,"column":6553}},"363":{"start":{"line":6,"column":6554},"end":{"line":6,"column":6580}},"364":{"start":{"line":6,"column":6575},"end":{"line":6,"column":6577}},"365":{"start":{"line":6,"column":6598},"end":{"line":6,"column":6609}},"366":{"start":{"line":6,"column":6608},"end":{"line":6,"column":6609}},"367":{"start":{"line":6,"column":6617},"end":{"line":6,"column":6619}},"368":{"start":{"line":6,"column":6620},"end":{"line":6,"column":6999}},"369":{"start":{"line":6,"column":6633},"end":{"line":6,"column":6635}},"370":{"start":{"line":6,"column":6648},"end":{"line":6,"column":6650}},"371":{"start":{"line":6,"column":6662},"end":{"line":6,"column":6664}},"372":{"start":{"line":6,"column":6676},"end":{"line":6,"column":6678}},"373":{"start":{"line":6,"column":6691},"end":{"line":6,"column":6693}},"374":{"start":{"line":6,"column":6708},"end":{"line":6,"column":6710}},"375":{"start":{"line":6,"column":6721},"end":{"line":6,"column":6723}},"376":{"start":{"line":6,"column":6736},"end":{"line":6,"column":6738}},"377":{"start":{"line":6,"column":6752},"end":{"line":6,"column":6754}},"378":{"start":{"line":6,"column":6765},"end":{"line":6,"column":6767}},"379":{"start":{"line":6,"column":6777},"end":{"line":6,"column":6779}},"380":{"start":{"line":6,"column":6789},"end":{"line":6,"column":6790}},"381":{"start":{"line":6,"column":6800},"end":{"line":6,"column":6802}},"382":{"start":{"line":6,"column":6811},"end":{"line":6,"column":6813}},"383":{"start":{"line":6,"column":6823},"end":{"line":6,"column":6825}},"384":{"start":{"line":6,"column":6836},"end":{"line":6,"column":6838}},"385":{"start":{"line":6,"column":6848},"end":{"line":6,"column":6850}},"386":{"start":{"line":6,"column":6862},"end":{"line":6,"column":6864}},"387":{"start":{"line":6,"column":6877},"end":{"line":6,"column":6879}},"388":{"start":{"line":6,"column":6891},"end":{"line":6,"column":6893}},"389":{"start":{"line":6,"column":6906},"end":{"line":6,"column":6908}},"390":{"start":{"line":6,"column":6917},"end":{"line":6,"column":6919}},"391":{"start":{"line":6,"column":6930},"end":{"line":6,"column":6932}},"392":{"start":{"line":6,"column":6951},"end":{"line":6,"column":6953}},"393":{"start":{"line":6,"column":6968},"end":{"line":6,"column":6969}},"394":{"start":{"line":6,"column":6980},"end":{"line":6,"column":6982}},"395":{"start":{"line":6,"column":6994},"end":{"line":6,"column":6996}},"396":{"start":{"line":6,"column":7018},"end":{"line":6,"column":7020}},"397":{"start":{"line":6,"column":7021},"end":{"line":6,"column":7159}},"398":{"start":{"line":6,"column":7166},"end":{"line":6,"column":7228}},"399":{"start":{"line":6,"column":7251},"end":{"line":6,"column":7282}},"400":{"start":{"line":6,"column":7285},"end":{"line":6,"column":7297}},"401":{"start":{"line":6,"column":7300},"end":{"line":6,"column":7312}},"402":{"start":{"line":6,"column":7313},"end":{"line":6,"column":7405}},"403":{"start":{"line":6,"column":7332},"end":{"line":6,"column":7404}},"404":{"start":{"line":6,"column":7413},"end":{"line":6,"column":7419}},"405":{"start":{"line":6,"column":7422},"end":{"line":6,"column":7429}},"406":{"start":{"line":6,"column":7433},"end":{"line":6,"column":7440}},"407":{"start":{"line":6,"column":7444},"end":{"line":6,"column":7451}},"408":{"start":{"line":6,"column":7454},"end":{"line":6,"column":7461}},"409":{"start":{"line":6,"column":7465},"end":{"line":6,"column":7472}},"410":{"start":{"line":6,"column":7476},"end":{"line":6,"column":7483}},"411":{"start":{"line":6,"column":7487},"end":{"line":6,"column":7494}},"412":{"start":{"line":6,"column":7498},"end":{"line":6,"column":7506}},"413":{"start":{"line":6,"column":7510},"end":{"line":6,"column":7518}},"414":{"start":{"line":6,"column":7522},"end":{"line":6,"column":7530}},"415":{"start":{"line":6,"column":7534},"end":{"line":6,"column":7542}},"416":{"start":{"line":6,"column":7546},"end":{"line":6,"column":7554}},"417":{"start":{"line":6,"column":7558},"end":{"line":6,"column":7566}},"418":{"start":{"line":6,"column":7570},"end":{"line":6,"column":7578}},"419":{"start":{"line":6,"column":7582},"end":{"line":6,"column":7590}},"420":{"start":{"line":6,"column":7594},"end":{"line":6,"column":7602}},"421":{"start":{"line":6,"column":7606},"end":{"line":6,"column":7614}},"422":{"start":{"line":6,"column":7618},"end":{"line":6,"column":7626}},"423":{"start":{"line":6,"column":7630},"end":{"line":6,"column":7638}},"424":{"start":{"line":6,"column":7642},"end":{"line":6,"column":7650}},"425":{"start":{"line":6,"column":7654},"end":{"line":6,"column":7662}},"426":{"start":{"line":6,"column":7666},"end":{"line":6,"column":7674}},"427":{"start":{"line":6,"column":7678},"end":{"line":6,"column":7686}},"428":{"start":{"line":6,"column":7690},"end":{"line":6,"column":7698}},"429":{"start":{"line":6,"column":7702},"end":{"line":6,"column":7710}},"430":{"start":{"line":6,"column":7718},"end":{"line":6,"column":7721}},"431":{"start":{"line":6,"column":7725},"end":{"line":6,"column":7773}},"432":{"start":{"line":6,"column":7777},"end":{"line":6,"column":7779}},"433":{"start":{"line":6,"column":7783},"end":{"line":6,"column":7793}},"434":{"start":{"line":6,"column":7797},"end":{"line":6,"column":7798}},"435":{"start":{"line":6,"column":7802},"end":{"line":6,"column":7835}},"436":{"start":{"line":6,"column":7836},"end":{"line":6,"column":7868}},"437":{"start":{"line":6,"column":7868},"end":{"line":6,"column":7938}},"438":{"start":{"line":6,"column":7945},"end":{"line":6,"column":8426}},"439":{"start":{"line":6,"column":7956},"end":{"line":6,"column":7996}},"440":{"start":{"line":6,"column":8014},"end":{"line":6,"column":8030}},"441":{"start":{"line":6,"column":8031},"end":{"line":6,"column":8059}},"442":{"start":{"line":6,"column":8078},"end":{"line":6,"column":8152}},"443":{"start":{"line":6,"column":8113},"end":{"line":6,"column":8151}},"444":{"start":{"line":6,"column":8155},"end":{"line":6,"column":8232}},"445":{"start":{"line":6,"column":8165},"end":{"line":6,"column":8231}},"446":{"start":{"line":6,"column":8235},"end":{"line":6,"column":8321}},"447":{"start":{"line":6,"column":8245},"end":{"line":6,"column":8320}},"448":{"start":{"line":6,"column":8322},"end":{"line":6,"column":8334}},"449":{"start":{"line":6,"column":8363},"end":{"line":6,"column":8364}},"450":{"start":{"line":6,"column":8365},"end":{"line":6,"column":8410}},"451":{"start":{"line":6,"column":8448},"end":{"line":6,"column":8533}},"452":{"start":{"line":6,"column":8536},"end":{"line":6,"column":8813}},"453":{"start":{"line":6,"column":8586},"end":{"line":6,"column":8587}},"454":{"start":{"line":6,"column":8588},"end":{"line":6,"column":8812}},"455":{"start":{"line":6,"column":8672},"end":{"line":6,"column":8708}},"456":{"start":{"line":6,"column":8681},"end":{"line":6,"column":8707}},"457":{"start":{"line":6,"column":8711},"end":{"line":6,"column":8732}},"458":{"start":{"line":6,"column":8733},"end":{"line":6,"column":8811}},"459":{"start":{"line":6,"column":8814},"end":{"line":6,"column":8871}},"460":{"start":{"line":6,"column":8845},"end":{"line":6,"column":8849}},"461":{"start":{"line":6,"column":8863},"end":{"line":6,"column":8869}},"462":{"start":{"line":6,"column":8878},"end":{"line":6,"column":8931}},"463":{"start":{"line":6,"column":8903},"end":{"line":6,"column":8908}},"464":{"start":{"line":6,"column":8922},"end":{"line":6,"column":8929}},"465":{"start":{"line":6,"column":8957},"end":{"line":6,"column":8964}},"466":{"start":{"line":6,"column":8965},"end":{"line":6,"column":9131}},"467":{"start":{"line":6,"column":8997},"end":{"line":6,"column":9119}},"468":{"start":{"line":6,"column":9030},"end":{"line":6,"column":9063}},"469":{"start":{"line":6,"column":9042},"end":{"line":6,"column":9063}},"470":{"start":{"line":6,"column":9063},"end":{"line":6,"column":9071}},"471":{"start":{"line":6,"column":9077},"end":{"line":6,"column":9119}},"472":{"start":{"line":6,"column":9099},"end":{"line":6,"column":9119}},"473":{"start":{"line":6,"column":9119},"end":{"line":6,"column":9127}},"474":{"start":{"line":6,"column":9158},"end":{"line":7,"column":2}},"475":{"start":{"line":6,"column":9177},"end":{"line":6,"column":9245}},"476":{"start":{"line":6,"column":9194},"end":{"line":6,"column":9232}},"477":{"start":{"line":7,"column":3},"end":{"line":7,"column":34}},"478":{"start":{"line":7,"column":49},"end":{"line":7,"column":60}},"479":{"start":{"line":7,"column":68},"end":{"line":7,"column":69}},"480":{"start":{"line":7,"column":77},"end":{"line":7,"column":98}},"481":{"start":{"line":7,"column":119},"end":{"line":7,"column":158}},"482":{"start":{"line":7,"column":159},"end":{"line":7,"column":534}},"483":{"start":{"line":7,"column":216},"end":{"line":7,"column":534}},"484":{"start":{"line":7,"column":542},"end":{"line":7,"column":1116}},"485":{"start":{"line":7,"column":1124},"end":{"line":7,"column":1141}},"486":{"start":{"line":7,"column":1165},"end":{"line":7,"column":1174}},"487":{"start":{"line":7,"column":1175},"end":{"line":7,"column":1363}},"488":{"start":{"line":7,"column":1371},"end":{"line":7,"column":1403}},"489":{"start":{"line":7,"column":1407},"end":{"line":7,"column":1437}},"490":{"start":{"line":7,"column":1441},"end":{"line":7,"column":1462}},"491":{"start":{"line":7,"column":1470},"end":{"line":7,"column":1503}},"492":{"start":{"line":7,"column":1507},"end":{"line":7,"column":1543}},"493":{"start":{"line":7,"column":1547},"end":{"line":7,"column":1581}},"494":{"start":{"line":7,"column":1585},"end":{"line":7,"column":1613}},"495":{"start":{"line":7,"column":1588},"end":{"line":7,"column":1613}},"496":{"start":{"line":7,"column":1617},"end":{"line":7,"column":1630}},"497":{"start":{"line":7,"column":1620},"end":{"line":7,"column":1630}},"498":{"start":{"line":7,"column":1634},"end":{"line":7,"column":2527}},"499":{"start":{"line":7,"column":1644},"end":{"line":7,"column":1756}},"500":{"start":{"line":7,"column":1660},"end":{"line":7,"column":1667}},"501":{"start":{"line":7,"column":1693},"end":{"line":7,"column":1703}},"502":{"start":{"line":7,"column":1704},"end":{"line":7,"column":1755}},"503":{"start":{"line":7,"column":1743},"end":{"line":7,"column":1752}},"504":{"start":{"line":7,"column":1756},"end":{"line":7,"column":2505}},"505":{"start":{"line":7,"column":1766},"end":{"line":7,"column":1785}},"506":{"start":{"line":7,"column":1776},"end":{"line":7,"column":1785}},"507":{"start":{"line":7,"column":1785},"end":{"line":7,"column":2378}},"508":{"start":{"line":7,"column":1806},"end":{"line":7,"column":1836}},"509":{"start":{"line":7,"column":1827},"end":{"line":7,"column":1836}},"510":{"start":{"line":7,"column":1842},"end":{"line":7,"column":1844}},"511":{"start":{"line":7,"column":1847},"end":{"line":7,"column":1849}},"512":{"start":{"line":7,"column":1852},"end":{"line":7,"column":1854}},"513":{"start":{"line":7,"column":1855},"end":{"line":7,"column":1941}},"514":{"start":{"line":7,"column":1884},"end":{"line":7,"column":1888}},"515":{"start":{"line":7,"column":1889},"end":{"line":7,"column":1940}},"516":{"start":{"line":7,"column":1941},"end":{"line":7,"column":2321}},"517":{"start":{"line":7,"column":1954},"end":{"line":7,"column":2076}},"518":{"start":{"line":7,"column":1968},"end":{"line":7,"column":2076}},"519":{"start":{"line":7,"column":2076},"end":{"line":7,"column":2115}},"520":{"start":{"line":7,"column":2106},"end":{"line":7,"column":2115}},"521":{"start":{"line":7,"column":2121},"end":{"line":7,"column":2140}},"522":{"start":{"line":7,"column":2143},"end":{"line":7,"column":2177}},"523":{"start":{"line":7,"column":2180},"end":{"line":7,"column":2224}},"524":{"start":{"line":7,"column":2225},"end":{"line":7,"column":2320}},"525":{"start":{"line":7,"column":2247},"end":{"line":7,"column":2259}},"526":{"start":{"line":7,"column":2277},"end":{"line":7,"column":2289}},"527":{"start":{"line":7,"column":2321},"end":{"line":7,"column":2377}},"528":{"start":{"line":7,"column":2364},"end":{"line":7,"column":2376}},"529":{"start":{"line":7,"column":2378},"end":{"line":7,"column":2504}},"530":{"start":{"line":7,"column":2420},"end":{"line":7,"column":2424}},"531":{"start":{"line":7,"column":2425},"end":{"line":7,"column":2497}},"532":{"start":{"line":7,"column":2505},"end":{"line":7,"column":2526}},"533":{"start":{"line":7,"column":2531},"end":{"line":7,"column":2688}},"534":{"start":{"line":7,"column":2545},"end":{"line":7,"column":2687}},"535":{"start":{"line":7,"column":2692},"end":{"line":7,"column":2733}},"536":{"start":{"line":7,"column":2699},"end":{"line":7,"column":2733}},"537":{"start":{"line":7,"column":2715},"end":{"line":7,"column":2729}},"538":{"start":{"line":7,"column":2749},"end":{"line":7,"column":2856}},"539":{"start":{"line":7,"column":2786},"end":{"line":7,"column":2791}},"540":{"start":{"line":7,"column":2799},"end":{"line":7,"column":2805}},"541":{"start":{"line":7,"column":2812},"end":{"line":7,"column":2819}},"542":{"start":{"line":7,"column":2830},"end":{"line":7,"column":2854}},"543":{"start":{"line":7,"column":2872},"end":{"line":7,"column":3094}},"544":{"start":{"line":7,"column":2893},"end":{"line":7,"column":3091}},"545":{"start":{"line":7,"column":2910},"end":{"line":7,"column":2912}},"546":{"start":{"line":7,"column":2915},"end":{"line":7,"column":2930}},"547":{"start":{"line":7,"column":2923},"end":{"line":7,"column":2929}},"548":{"start":{"line":7,"column":2931},"end":{"line":7,"column":3039}},"549":{"start":{"line":7,"column":2967},"end":{"line":7,"column":2978}},"550":{"start":{"line":7,"column":3062},"end":{"line":7,"column":3067}},"551":{"start":{"line":7,"column":3112},"end":{"line":7,"column":3274}},"552":{"start":{"line":7,"column":3133},"end":{"line":7,"column":3271}},"553":{"start":{"line":7,"column":3150},"end":{"line":7,"column":3152}},"554":{"start":{"line":7,"column":3155},"end":{"line":7,"column":3170}},"555":{"start":{"line":7,"column":3163},"end":{"line":7,"column":3169}},"556":{"start":{"line":7,"column":3171},"end":{"line":7,"column":3221}},"557":{"start":{"line":7,"column":3197},"end":{"line":7,"column":3206}},"558":{"start":{"line":7,"column":3244},"end":{"line":7,"column":3252}},"559":{"start":{"line":7,"column":3293},"end":{"line":7,"column":3487}},"560":{"start":{"line":7,"column":3314},"end":{"line":7,"column":3484}},"561":{"start":{"line":7,"column":3331},"end":{"line":7,"column":3333}},"562":{"start":{"line":7,"column":3336},"end":{"line":7,"column":3351}},"563":{"start":{"line":7,"column":3344},"end":{"line":7,"column":3350}},"564":{"start":{"line":7,"column":3352},"end":{"line":7,"column":3435}},"565":{"start":{"line":7,"column":3379},"end":{"line":7,"column":3390}},"566":{"start":{"line":7,"column":3411},"end":{"line":7,"column":3420}},"567":{"start":{"line":7,"column":3458},"end":{"line":7,"column":3466}},"568":{"start":{"line":7,"column":3502},"end":{"line":7,"column":3550}},"569":{"start":{"line":7,"column":3519},"end":{"line":7,"column":3548}},"570":{"start":{"line":7,"column":3530},"end":{"line":7,"column":3546}},"571":{"start":{"line":7,"column":3575},"end":{"line":7,"column":3608}},"572":{"start":{"line":7,"column":3611},"end":{"line":7,"column":3662}},"573":{"start":{"line":7,"column":3663},"end":{"line":7,"column":3839}},"574":{"start":{"line":7,"column":3684},"end":{"line":7,"column":3836}},"575":{"start":{"line":7,"column":3701},"end":{"line":7,"column":3712}},"576":{"start":{"line":7,"column":3713},"end":{"line":7,"column":3777}},"577":{"start":{"line":7,"column":3755},"end":{"line":7,"column":3761}},"578":{"start":{"line":7,"column":3800},"end":{"line":7,"column":3835}},"579":{"start":{"line":7,"column":3855},"end":{"line":7,"column":3880}},"580":{"start":{"line":7,"column":3896},"end":{"line":7,"column":3921}},"581":{"start":{"line":7,"column":3937},"end":{"line":7,"column":3962}},"582":{"start":{"line":7,"column":3970},"end":{"line":7,"column":3998}},"583":{"start":{"line":7,"column":3987},"end":{"line":7,"column":3995}},"584":{"start":{"line":7,"column":4006},"end":{"line":7,"column":4470}},"585":{"start":{"line":7,"column":4009},"end":{"line":7,"column":4470}},"586":{"start":{"line":7,"column":4045},"end":{"line":7,"column":4096}},"587":{"start":{"line":7,"column":4069},"end":{"line":7,"column":4091}},"588":{"start":{"line":7,"column":4116},"end":{"line":7,"column":4165}},"589":{"start":{"line":7,"column":4140},"end":{"line":7,"column":4160}},"590":{"start":{"line":7,"column":4185},"end":{"line":7,"column":4226}},"591":{"start":{"line":7,"column":4196},"end":{"line":7,"column":4220}},"592":{"start":{"line":7,"column":4201},"end":{"line":7,"column":4219}},"593":{"start":{"line":7,"column":4237},"end":{"line":7,"column":4279}},"594":{"start":{"line":7,"column":4248},"end":{"line":7,"column":4273}},"595":{"start":{"line":7,"column":4253},"end":{"line":7,"column":4272}},"596":{"start":{"line":7,"column":4293},"end":{"line":7,"column":4334}},"597":{"start":{"line":7,"column":4304},"end":{"line":7,"column":4328}},"598":{"start":{"line":7,"column":4309},"end":{"line":7,"column":4327}},"599":{"start":{"line":7,"column":4348},"end":{"line":7,"column":4397}},"600":{"start":{"line":7,"column":4372},"end":{"line":7,"column":4392}},"601":{"start":{"line":7,"column":4414},"end":{"line":7,"column":4462}},"602":{"start":{"line":7,"column":4438},"end":{"line":7,"column":4457}},"603":{"start":{"line":7,"column":4474},"end":{"line":7,"column":4483}},"604":{"start":{"line":7,"column":4487},"end":{"line":7,"column":4918}},"605":{"start":{"line":7,"column":4490},"end":{"line":7,"column":4918}},"606":{"start":{"line":7,"column":4526},"end":{"line":7,"column":4572}},"607":{"start":{"line":7,"column":4541},"end":{"line":7,"column":4564}},"608":{"start":{"line":7,"column":4546},"end":{"line":7,"column":4563}},"609":{"start":{"line":7,"column":4579},"end":{"line":7,"column":4612}},"610":{"start":{"line":7,"column":4590},"end":{"line":7,"column":4606}},"611":{"start":{"line":7,"column":4595},"end":{"line":7,"column":4605}},"612":{"start":{"line":7,"column":4619},"end":{"line":7,"column":4652}},"613":{"start":{"line":7,"column":4630},"end":{"line":7,"column":4646}},"614":{"start":{"line":7,"column":4635},"end":{"line":7,"column":4645}},"615":{"start":{"line":7,"column":4660},"end":{"line":7,"column":4694}},"616":{"start":{"line":7,"column":4671},"end":{"line":7,"column":4688}},"617":{"start":{"line":7,"column":4676},"end":{"line":7,"column":4687}},"618":{"start":{"line":7,"column":4702},"end":{"line":7,"column":4736}},"619":{"start":{"line":7,"column":4713},"end":{"line":7,"column":4730}},"620":{"start":{"line":7,"column":4718},"end":{"line":7,"column":4729}},"621":{"start":{"line":7,"column":4745},"end":{"line":7,"column":4786}},"622":{"start":{"line":7,"column":4757},"end":{"line":7,"column":4783}},"623":{"start":{"line":7,"column":4798},"end":{"line":7,"column":4838}},"624":{"start":{"line":7,"column":4810},"end":{"line":7,"column":4835}},"625":{"start":{"line":7,"column":4852},"end":{"line":7,"column":4877}},"626":{"start":{"line":7,"column":4864},"end":{"line":7,"column":4874}},"627":{"start":{"line":7,"column":4891},"end":{"line":7,"column":4916}},"628":{"start":{"line":7,"column":4903},"end":{"line":7,"column":4913}},"629":{"start":{"line":7,"column":4922},"end":{"line":7,"column":4931}},"630":{"start":{"line":7,"column":4935},"end":{"line":7,"column":5264}},"631":{"start":{"line":7,"column":4938},"end":{"line":7,"column":5264}},"632":{"start":{"line":7,"column":4974},"end":{"line":7,"column":5020}},"633":{"start":{"line":7,"column":4989},"end":{"line":7,"column":5012}},"634":{"start":{"line":7,"column":4994},"end":{"line":7,"column":5011}},"635":{"start":{"line":7,"column":5027},"end":{"line":7,"column":5060}},"636":{"start":{"line":7,"column":5038},"end":{"line":7,"column":5054}},"637":{"start":{"line":7,"column":5043},"end":{"line":7,"column":5053}},"638":{"start":{"line":7,"column":5067},"end":{"line":7,"column":5100}},"639":{"start":{"line":7,"column":5078},"end":{"line":7,"column":5094}},"640":{"start":{"line":7,"column":5083},"end":{"line":7,"column":5093}},"641":{"start":{"line":7,"column":5108},"end":{"line":7,"column":5142}},"642":{"start":{"line":7,"column":5119},"end":{"line":7,"column":5136}},"643":{"start":{"line":7,"column":5124},"end":{"line":7,"column":5135}},"644":{"start":{"line":7,"column":5150},"end":{"line":7,"column":5184}},"645":{"start":{"line":7,"column":5161},"end":{"line":7,"column":5178}},"646":{"start":{"line":7,"column":5166},"end":{"line":7,"column":5177}},"647":{"start":{"line":7,"column":5198},"end":{"line":7,"column":5223}},"648":{"start":{"line":7,"column":5210},"end":{"line":7,"column":5220}},"649":{"start":{"line":7,"column":5237},"end":{"line":7,"column":5262}},"650":{"start":{"line":7,"column":5249},"end":{"line":7,"column":5259}},"651":{"start":{"line":7,"column":5268},"end":{"line":7,"column":5277}},"652":{"start":{"line":7,"column":5281},"end":{"line":7,"column":5327}},"653":{"start":{"line":7,"column":5298},"end":{"line":7,"column":5324}},"654":{"start":{"line":7,"column":5331},"end":{"line":7,"column":5376}},"655":{"start":{"line":7,"column":5348},"end":{"line":7,"column":5373}},"656":{"start":{"line":7,"column":5380},"end":{"line":7,"column":5414}},"657":{"start":{"line":7,"column":5397},"end":{"line":7,"column":5411}},"658":{"start":{"line":7,"column":5418},"end":{"line":7,"column":5452}},"659":{"start":{"line":7,"column":5435},"end":{"line":7,"column":5449}},"660":{"start":{"line":7,"column":5460},"end":{"line":7,"column":5630}},"661":{"start":{"line":7,"column":5501},"end":{"line":7,"column":5535}},"662":{"start":{"line":7,"column":5505},"end":{"line":7,"column":5524}},"663":{"start":{"line":7,"column":5531},"end":{"line":7,"column":5534}},"664":{"start":{"line":7,"column":5535},"end":{"line":7,"column":5628}},"665":{"start":{"line":7,"column":5634},"end":{"line":7,"column":5659}},"666":{"start":{"line":7,"column":5675},"end":{"line":7,"column":5694}},"667":{"start":{"line":7,"column":5702},"end":{"line":7,"column":6487}},"668":{"start":{"line":7,"column":5727},"end":{"line":7,"column":5788}},"669":{"start":{"line":7,"column":5800},"end":{"line":7,"column":5834}},"670":{"start":{"line":7,"column":5822},"end":{"line":7,"column":5834}},"671":{"start":{"line":7,"column":5840},"end":{"line":7,"column":5853}},"672":{"start":{"line":7,"column":5856},"end":{"line":7,"column":5862}},"673":{"start":{"line":7,"column":5865},"end":{"line":7,"column":5955}},"674":{"start":{"line":7,"column":5961},"end":{"line":7,"column":5963}},"675":{"start":{"line":7,"column":5966},"end":{"line":7,"column":5968}},"676":{"start":{"line":7,"column":5971},"end":{"line":7,"column":5991}},"677":{"start":{"line":7,"column":5979},"end":{"line":7,"column":5990}},"678":{"start":{"line":7,"column":5994},"end":{"line":7,"column":6108}},"679":{"start":{"line":7,"column":6005},"end":{"line":7,"column":6023}},"680":{"start":{"line":7,"column":6109},"end":{"line":7,"column":6135}},"681":{"start":{"line":7,"column":6146},"end":{"line":7,"column":6180}},"682":{"start":{"line":7,"column":6168},"end":{"line":7,"column":6180}},"683":{"start":{"line":7,"column":6186},"end":{"line":7,"column":6201}},"684":{"start":{"line":7,"column":6202},"end":{"line":7,"column":6275}},"685":{"start":{"line":7,"column":6289},"end":{"line":7,"column":6345}},"686":{"start":{"line":7,"column":6359},"end":{"line":7,"column":6405}},"687":{"start":{"line":7,"column":6381},"end":{"line":7,"column":6405}},"688":{"start":{"line":7,"column":6405},"end":{"line":7,"column":6429}},"689":{"start":{"line":7,"column":6436},"end":{"line":7,"column":6460}},"690":{"start":{"line":7,"column":6474},"end":{"line":7,"column":6485}},"691":{"start":{"line":7,"column":6495},"end":{"line":7,"column":6515}},"692":{"start":{"line":7,"column":6523},"end":{"line":7,"column":6547}},"693":{"start":{"line":7,"column":6551},"end":{"line":7,"column":6598}},"694":{"start":{"line":7,"column":6561},"end":{"line":7,"column":6597}},"695":{"start":{"line":7,"column":6619},"end":{"line":7,"column":6666}},"696":{"start":{"line":7,"column":6674},"end":{"line":7,"column":6707}},"697":{"start":{"line":7,"column":6711},"end":{"line":7,"column":6736}},"698":{"start":{"line":7,"column":6740},"end":{"line":7,"column":6765}},"699":{"start":{"line":7,"column":6792},"end":{"line":7,"column":6813}},"700":{"start":{"line":7,"column":6816},"end":{"line":7,"column":6828}},"701":{"start":{"line":7,"column":6829},"end":{"line":7,"column":7002}},"702":{"start":{"line":7,"column":6853},"end":{"line":7,"column":6880}},"703":{"start":{"line":7,"column":6881},"end":{"line":7,"column":7001}},"704":{"start":{"line":7,"column":6912},"end":{"line":7,"column":6931}},"705":{"start":{"line":7,"column":6932},"end":{"line":7,"column":7000}},"706":{"start":{"line":7,"column":6937},"end":{"line":7,"column":7000}},"707":{"start":{"line":7,"column":7002},"end":{"line":7,"column":7043}},"708":{"start":{"line":7,"column":7017},"end":{"line":7,"column":7043}},"709":{"start":{"line":7,"column":7049},"end":{"line":7,"column":7059}},"710":{"start":{"line":7,"column":7062},"end":{"line":7,"column":7072}},"711":{"start":{"line":7,"column":7075},"end":{"line":7,"column":7131}},"712":{"start":{"line":7,"column":7143},"end":{"line":7,"column":7154}},"713":{"start":{"line":7,"column":7155},"end":{"line":7,"column":7216}},"714":{"start":{"line":7,"column":7238},"end":{"line":7,"column":7260}},"715":{"start":{"line":7,"column":7263},"end":{"line":7,"column":7290}},"716":{"start":{"line":7,"column":7293},"end":{"line":7,"column":7302}},"717":{"start":{"line":7,"column":7305},"end":{"line":7,"column":7336}},"718":{"start":{"line":7,"column":7339},"end":{"line":7,"column":7348}},"719":{"start":{"line":7,"column":7351},"end":{"line":7,"column":7382}},"720":{"start":{"line":7,"column":7385},"end":{"line":7,"column":8420}},"721":{"start":{"line":7,"column":7435},"end":{"line":7,"column":7488}},"722":{"start":{"line":7,"column":7523},"end":{"line":7,"column":7582}},"723":{"start":{"line":7,"column":7614},"end":{"line":7,"column":7674}},"724":{"start":{"line":7,"column":7721},"end":{"line":7,"column":7783}},"725":{"start":{"line":7,"column":7842},"end":{"line":7,"column":7900}},"726":{"start":{"line":7,"column":7922},"end":{"line":7,"column":7964}},"727":{"start":{"line":7,"column":7976},"end":{"line":7,"column":8038}},"728":{"start":{"line":7,"column":8060},"end":{"line":7,"column":8090}},"729":{"start":{"line":7,"column":8102},"end":{"line":7,"column":8162}},"730":{"start":{"line":7,"column":8184},"end":{"line":7,"column":8266}},"731":{"start":{"line":7,"column":8278},"end":{"line":7,"column":8336}},"732":{"start":{"line":7,"column":8360},"end":{"line":7,"column":8418}},"733":{"start":{"line":7,"column":8421},"end":{"line":8,"column":31}},"734":{"start":{"line":8,"column":58},"end":{"line":8,"column":75}},"735":{"start":{"line":8,"column":76},"end":{"line":8,"column":223}},"736":{"start":{"line":8,"column":86},"end":{"line":8,"column":133}},"737":{"start":{"line":8,"column":134},"end":{"line":8,"column":146}},"738":{"start":{"line":8,"column":153},"end":{"line":8,"column":222}},"739":{"start":{"line":8,"column":245},"end":{"line":8,"column":280}},"740":{"start":{"line":8,"column":281},"end":{"line":8,"column":318}},"741":{"start":{"line":8,"column":293},"end":{"line":8,"column":304}},"742":{"start":{"line":8,"column":305},"end":{"line":8,"column":317}},"743":{"start":{"line":8,"column":340},"end":{"line":8,"column":373}},"744":{"start":{"line":8,"column":374},"end":{"line":8,"column":424}},"745":{"start":{"line":8,"column":386},"end":{"line":8,"column":410}},"746":{"start":{"line":8,"column":411},"end":{"line":8,"column":423}},"747":{"start":{"line":8,"column":446},"end":{"line":8,"column":520}},"748":{"start":{"line":8,"column":452},"end":{"line":8,"column":470}},"749":{"start":{"line":8,"column":461},"end":{"line":8,"column":470}},"750":{"start":{"line":8,"column":476},"end":{"line":8,"column":488}},"751":{"start":{"line":8,"column":489},"end":{"line":8,"column":516}},"752":{"start":{"line":8,"column":521},"end":{"line":8,"column":547}},"753":{"start":{"line":8,"column":539},"end":{"line":8,"column":547}},"754":{"start":{"line":8,"column":563},"end":{"line":8,"column":1083}},"755":{"start":{"line":8,"column":608},"end":{"line":8,"column":677}},"756":{"start":{"line":8,"column":731},"end":{"line":8,"column":845}},"757":{"start":{"line":8,"column":880},"end":{"line":8,"column":951}},"758":{"start":{"line":8,"column":1008},"end":{"line":8,"column":1081}},"759":{"start":{"line":8,"column":1111},"end":{"line":8,"column":1134}},"760":{"start":{"line":8,"column":1137},"end":{"line":8,"column":1148}},"761":{"start":{"line":8,"column":1149},"end":{"line":8,"column":1325}},"762":{"start":{"line":8,"column":1155},"end":{"line":8,"column":1218}},"763":{"start":{"line":8,"column":1224},"end":{"line":8,"column":1229}},"764":{"start":{"line":8,"column":1230},"end":{"line":8,"column":1324}},"765":{"start":{"line":8,"column":1276},"end":{"line":8,"column":1324}},"766":{"start":{"line":8,"column":1325},"end":{"line":8,"column":1382}},"767":{"start":{"line":8,"column":1388},"end":{"line":8,"column":1474}},"768":{"start":{"line":8,"column":1475},"end":{"line":8,"column":1708}},"769":{"start":{"line":8,"column":1540},"end":{"line":8,"column":1613}},"770":{"start":{"line":8,"column":1619},"end":{"line":8,"column":1624}},"771":{"start":{"line":8,"column":1625},"end":{"line":8,"column":1707}},"772":{"start":{"line":8,"column":1671},"end":{"line":8,"column":1707}},"773":{"start":{"line":8,"column":1714},"end":{"line":8,"column":1744}},"774":{"start":{"line":8,"column":1745},"end":{"line":8,"column":1899}},"775":{"start":{"line":8,"column":1751},"end":{"line":8,"column":1797}},"776":{"start":{"line":8,"column":1803},"end":{"line":8,"column":1808}},"777":{"start":{"line":8,"column":1809},"end":{"line":8,"column":1898}},"778":{"start":{"line":8,"column":1856},"end":{"line":8,"column":1898}},"779":{"start":{"line":8,"column":1899},"end":{"line":8,"column":1975}},"780":{"start":{"line":8,"column":1997},"end":{"line":8,"column":2045}},"781":{"start":{"line":8,"column":2019},"end":{"line":8,"column":2030}},"782":{"start":{"line":8,"column":2031},"end":{"line":8,"column":2044}},"783":{"start":{"line":8,"column":2036},"end":{"line":8,"column":2044}},"784":{"start":{"line":8,"column":2067},"end":{"line":8,"column":2218}},"785":{"start":{"line":8,"column":2071},"end":{"line":8,"column":2172}},"786":{"start":{"line":8,"column":2115},"end":{"line":8,"column":2171}},"787":{"start":{"line":8,"column":2182},"end":{"line":8,"column":2210}},"788":{"start":{"line":8,"column":2203},"end":{"line":8,"column":2210}},"789":{"start":{"line":8,"column":2210},"end":{"line":8,"column":2217}},"790":{"start":{"line":8,"column":2259},"end":{"line":8,"column":2269}},"791":{"start":{"line":8,"column":2270},"end":{"line":8,"column":2278}},"792":{"start":{"line":8,"column":2294},"end":{"line":8,"column":2324}},"793":{"start":{"line":8,"column":2366},"end":{"line":8,"column":2376}},"794":{"start":{"line":8,"column":2377},"end":{"line":8,"column":2385}},"795":{"start":{"line":8,"column":2393},"end":{"line":8,"column":2395}},"796":{"start":{"line":8,"column":2416},"end":{"line":8,"column":2470}},"797":{"start":{"line":8,"column":2426},"end":{"line":8,"column":2470}},"798":{"start":{"line":8,"column":2476},"end":{"line":8,"column":2486}},"799":{"start":{"line":8,"column":2489},"end":{"line":8,"column":2494}},"800":{"start":{"line":8,"column":2495},"end":{"line":8,"column":2546}},"801":{"start":{"line":8,"column":2657},"end":{"line":8,"column":2658}},"802":{"start":{"line":8,"column":2659},"end":{"line":8,"column":2986}},"803":{"start":{"line":8,"column":2992},"end":{"line":8,"column":2999}},"804":{"start":{"line":8,"column":3000},"end":{"line":9,"column":7}},"805":{"start":{"line":8,"column":3034},"end":{"line":8,"column":3422}},"806":{"start":{"line":8,"column":3088},"end":{"line":8,"column":3339}},"807":{"start":{"line":8,"column":3355},"end":{"line":8,"column":3421}},"808":{"start":{"line":8,"column":3423},"end":{"line":9,"column":6}},"809":{"start":{"line":9,"column":13},"end":{"line":9,"column":21}},"810":{"start":{"line":9,"column":22},"end":{"line":9,"column":170}},"811":{"start":{"line":9,"column":149},"end":{"line":9,"column":170}},"812":{"start":{"line":9,"column":170},"end":{"line":9,"column":201}},"813":{"start":{"line":9,"column":186},"end":{"line":9,"column":201}},"814":{"start":{"line":9,"column":201},"end":{"line":9,"column":232}},"815":{"start":{"line":9,"column":216},"end":{"line":9,"column":232}},"816":{"start":{"line":9,"column":232},"end":{"line":9,"column":258}},"817":{"start":{"line":9,"column":249},"end":{"line":9,"column":258}},"818":{"start":{"line":9,"column":258},"end":{"line":9,"column":291}},"819":{"start":{"line":9,"column":275},"end":{"line":9,"column":291}},"820":{"start":{"line":9,"column":291},"end":{"line":9,"column":322}},"821":{"start":{"line":9,"column":307},"end":{"line":9,"column":322}},"822":{"start":{"line":9,"column":322},"end":{"line":9,"column":370}},"823":{"start":{"line":9,"column":350},"end":{"line":9,"column":370}},"824":{"start":{"line":9,"column":370},"end":{"line":9,"column":469}},"825":{"start":{"line":9,"column":398},"end":{"line":9,"column":469}},"826":{"start":{"line":9,"column":469},"end":{"line":9,"column":529}},"827":{"start":{"line":9,"column":495},"end":{"line":9,"column":529}},"828":{"start":{"line":9,"column":529},"end":{"line":9,"column":614}},"829":{"start":{"line":9,"column":563},"end":{"line":9,"column":575}},"830":{"start":{"line":9,"column":576},"end":{"line":9,"column":613}},"831":{"start":{"line":9,"column":614},"end":{"line":9,"column":830}},"832":{"start":{"line":9,"column":852},"end":{"line":9,"column":886}},"833":{"start":{"line":9,"column":856},"end":{"line":9,"column":872}},"834":{"start":{"line":9,"column":879},"end":{"line":9,"column":885}},"835":{"start":{"line":9,"column":902},"end":{"line":9,"column":1014}},"836":{"start":{"line":9,"column":928},"end":{"line":9,"column":939}},"837":{"start":{"line":9,"column":940},"end":{"line":9,"column":1012}},"838":{"start":{"line":9,"column":1035},"end":{"line":9,"column":1131}},"839":{"start":{"line":9,"column":1147},"end":{"line":9,"column":1172}},"840":{"start":{"line":9,"column":1180},"end":{"line":9,"column":1182}},"841":{"start":{"line":9,"column":1183},"end":{"line":9,"column":1792}},"842":{"start":{"line":9,"column":1199},"end":{"line":9,"column":1201}},"843":{"start":{"line":9,"column":1218},"end":{"line":9,"column":1220}},"844":{"start":{"line":9,"column":1239},"end":{"line":9,"column":1241}},"845":{"start":{"line":9,"column":1261},"end":{"line":9,"column":1263}},"846":{"start":{"line":9,"column":1279},"end":{"line":9,"column":1281}},"847":{"start":{"line":9,"column":1300},"end":{"line":9,"column":1302}},"848":{"start":{"line":9,"column":1325},"end":{"line":9,"column":1327}},"849":{"start":{"line":9,"column":1343},"end":{"line":9,"column":1345}},"850":{"start":{"line":9,"column":1361},"end":{"line":9,"column":1363}},"851":{"start":{"line":9,"column":1379},"end":{"line":9,"column":1381}},"852":{"start":{"line":9,"column":1401},"end":{"line":9,"column":1403}},"853":{"start":{"line":9,"column":1423},"end":{"line":9,"column":1425}},"854":{"start":{"line":9,"column":1452},"end":{"line":9,"column":1454}},"855":{"start":{"line":9,"column":1478},"end":{"line":9,"column":1480}},"856":{"start":{"line":9,"column":1496},"end":{"line":9,"column":1498}},"857":{"start":{"line":9,"column":1512},"end":{"line":9,"column":1514}},"858":{"start":{"line":9,"column":1528},"end":{"line":9,"column":1530}},"859":{"start":{"line":9,"column":1558},"end":{"line":9,"column":1560}},"860":{"start":{"line":9,"column":1575},"end":{"line":9,"column":1577}},"861":{"start":{"line":9,"column":1595},"end":{"line":9,"column":1597}},"862":{"start":{"line":9,"column":1612},"end":{"line":9,"column":1614}},"863":{"start":{"line":9,"column":1630},"end":{"line":9,"column":1632}},"864":{"start":{"line":9,"column":1649},"end":{"line":9,"column":1651}},"865":{"start":{"line":9,"column":1671},"end":{"line":9,"column":1673}},"866":{"start":{"line":9,"column":1686},"end":{"line":9,"column":1688}},"867":{"start":{"line":9,"column":1715},"end":{"line":9,"column":1717}},"868":{"start":{"line":9,"column":1728},"end":{"line":9,"column":1730}},"869":{"start":{"line":9,"column":1741},"end":{"line":9,"column":1743}},"870":{"start":{"line":9,"column":1753},"end":{"line":9,"column":1755}},"871":{"start":{"line":9,"column":1771},"end":{"line":9,"column":1773}},"872":{"start":{"line":9,"column":1787},"end":{"line":9,"column":1789}},"873":{"start":{"line":9,"column":1799},"end":{"line":9,"column":1827}},"874":{"start":{"line":9,"column":1835},"end":{"line":9,"column":1871}},"875":{"start":{"line":9,"column":1875},"end":{"line":9,"column":1918}},"876":{"start":{"line":9,"column":1922},"end":{"line":9,"column":1964}},"877":{"start":{"line":9,"column":1968},"end":{"line":9,"column":2007}},"878":{"start":{"line":9,"column":2011},"end":{"line":9,"column":2058}},"879":{"start":{"line":9,"column":2062},"end":{"line":9,"column":2117}},"880":{"start":{"line":9,"column":2121},"end":{"line":9,"column":2190}},"881":{"start":{"line":9,"column":2194},"end":{"line":9,"column":2281}},"882":{"start":{"line":9,"column":2285},"end":{"line":9,"column":2366}},"883":{"start":{"line":9,"column":2370},"end":{"line":9,"column":2453}},"884":{"start":{"line":9,"column":2457},"end":{"line":9,"column":2502}},"885":{"start":{"line":9,"column":2506},"end":{"line":9,"column":2661}},"886":{"start":{"line":9,"column":2665},"end":{"line":9,"column":2761}},"887":{"start":{"line":9,"column":2765},"end":{"line":9,"column":2934}},"888":{"start":{"line":9,"column":2938},"end":{"line":9,"column":3090}},"889":{"start":{"line":9,"column":3094},"end":{"line":9,"column":3255}},"890":{"start":{"line":9,"column":3262},"end":{"line":9,"column":3269}},"891":{"start":{"line":9,"column":3273},"end":{"line":9,"column":3280}},"892":{"start":{"line":9,"column":3284},"end":{"line":9,"column":3290}},"893":{"start":{"line":9,"column":3294},"end":{"line":9,"column":3297}},"894":{"start":{"line":9,"column":3301},"end":{"line":9,"column":3352}},"895":{"start":{"line":9,"column":3356},"end":{"line":9,"column":3390}},"896":{"start":{"line":9,"column":3394},"end":{"line":9,"column":3492}},"897":{"start":{"line":9,"column":3402},"end":{"line":9,"column":3476}},"898":{"start":{"line":9,"column":3496},"end":{"line":9,"column":3637}},"899":{"start":{"line":9,"column":3504},"end":{"line":9,"column":3578}},"900":{"start":{"line":9,"column":3526},"end":{"line":9,"column":3578}},"901":{"start":{"line":9,"column":3578},"end":{"line":9,"column":3636}},"902":{"start":{"line":9,"column":3641},"end":{"line":9,"column":3809}},"903":{"start":{"line":9,"column":3649},"end":{"line":9,"column":3723}},"904":{"start":{"line":9,"column":3671},"end":{"line":9,"column":3723}},"905":{"start":{"line":9,"column":3729},"end":{"line":9,"column":3731}},"906":{"start":{"line":9,"column":3732},"end":{"line":9,"column":3808}},"907":{"start":{"line":9,"column":3813},"end":{"line":9,"column":3827}},"908":{"start":{"line":9,"column":3820},"end":{"line":9,"column":3827}},"909":{"start":{"line":9,"column":3831},"end":{"line":9,"column":3845}},"910":{"start":{"line":9,"column":3838},"end":{"line":9,"column":3845}},"911":{"start":{"line":9,"column":3849},"end":{"line":9,"column":3863}},"912":{"start":{"line":9,"column":3856},"end":{"line":9,"column":3863}},"913":{"start":{"line":9,"column":3867},"end":{"line":9,"column":3881}},"914":{"start":{"line":9,"column":3874},"end":{"line":9,"column":3881}},"915":{"start":{"line":9,"column":3885},"end":{"line":9,"column":3890}},"916":{"start":{"line":9,"column":3894},"end":{"line":9,"column":3910}},"917":{"start":{"line":9,"column":3914},"end":{"line":9,"column":3930}},"918":{"start":{"line":9,"column":3934},"end":{"line":9,"column":3940}},"919":{"start":{"line":9,"column":3944},"end":{"line":9,"column":3949}},"920":{"start":{"line":9,"column":3953},"end":{"line":9,"column":3958}},"921":{"start":{"line":9,"column":3962},"end":{"line":9,"column":3970}},"922":{"start":{"line":9,"column":3974},"end":{"line":9,"column":3982}},"923":{"start":{"line":9,"column":3986},"end":{"line":9,"column":4061}},"924":{"start":{"line":9,"column":3996},"end":{"line":9,"column":3998}},"925":{"start":{"line":9,"column":3999},"end":{"line":9,"column":4041}},"926":{"start":{"line":9,"column":4009},"end":{"line":9,"column":4010}},"927":{"start":{"line":9,"column":4019},"end":{"line":9,"column":4041}},"928":{"start":{"line":9,"column":4041},"end":{"line":9,"column":4060}},"929":{"start":{"line":9,"column":4065},"end":{"line":9,"column":4070}},"930":{"start":{"line":9,"column":4074},"end":{"line":9,"column":4080}},"931":{"start":{"line":9,"column":4084},"end":{"line":9,"column":4090}},"932":{"start":{"line":9,"column":4094},"end":{"line":9,"column":4099}},"933":{"start":{"line":9,"column":4103},"end":{"line":9,"column":4109}},"934":{"start":{"line":9,"column":4113},"end":{"line":9,"column":4119}},"935":{"start":{"line":9,"column":4123},"end":{"line":9,"column":4128}},"936":{"start":{"line":9,"column":4132},"end":{"line":9,"column":4137}},"937":{"start":{"line":9,"column":4141},"end":{"line":9,"column":4148}},"938":{"start":{"line":9,"column":4152},"end":{"line":9,"column":4187}},"939":{"start":{"line":9,"column":4191},"end":{"line":9,"column":4201}},"940":{"start":{"line":9,"column":4205},"end":{"line":9,"column":4215}},"941":{"start":{"line":9,"column":4219},"end":{"line":9,"column":4221}},"942":{"start":{"line":9,"column":4225},"end":{"line":9,"column":4278}},"943":{"start":{"line":9,"column":4232},"end":{"line":9,"column":4278}},"944":{"start":{"line":9,"column":4282},"end":{"line":9,"column":4504}},"945":{"start":{"line":9,"column":4299},"end":{"line":9,"column":4324}},"946":{"start":{"line":9,"column":4325},"end":{"line":9,"column":4503}},"947":{"start":{"line":9,"column":4508},"end":{"line":9,"column":4904}},"948":{"start":{"line":9,"column":4526},"end":{"line":9,"column":4556}},"949":{"start":{"line":9,"column":4582},"end":{"line":9,"column":4594}},"950":{"start":{"line":9,"column":4597},"end":{"line":9,"column":4609}},"951":{"start":{"line":9,"column":4612},"end":{"line":9,"column":4624}},"952":{"start":{"line":9,"column":4625},"end":{"line":9,"column":4747}},"953":{"start":{"line":9,"column":4663},"end":{"line":9,"column":4747}},"954":{"start":{"line":9,"column":4747},"end":{"line":9,"column":4902}},"955":{"start":{"line":9,"column":4912},"end":{"line":9,"column":4921}},"956":{"start":{"line":9,"column":4967},"end":{"line":9,"column":5090}},"957":{"start":{"line":9,"column":5091},"end":{"line":9,"column":5124}},"958":{"start":{"line":9,"column":5124},"end":{"line":9,"column":5177}},"959":{"start":{"line":9,"column":5146},"end":{"line":9,"column":5176}},"960":{"start":{"line":9,"column":5177},"end":{"line":9,"column":5217}},"961":{"start":{"line":9,"column":5232},"end":{"line":9,"column":5259}},"962":{"start":{"line":9,"column":5267},"end":{"line":9,"column":5271}},"963":{"start":{"line":9,"column":5275},"end":{"line":9,"column":5285}},"964":{"start":{"line":9,"column":5307},"end":{"line":9,"column":5311}},"965":{"start":{"line":9,"column":5312},"end":{"line":9,"column":5454}},"966":{"start":{"line":9,"column":5475},"end":{"line":9,"column":5512}},"967":{"start":{"line":9,"column":5513},"end":{"line":9,"column":5594}},"968":{"start":{"line":9,"column":5610},"end":{"line":9,"column":5680}},"969":{"start":{"line":9,"column":5688},"end":{"line":9,"column":5695}},"970":{"start":{"line":9,"column":5702},"end":{"line":9,"column":5725}},"971":{"start":{"line":9,"column":5729},"end":{"line":9,"column":5736}},"972":{"start":{"line":9,"column":5740},"end":{"line":9,"column":5759}},"973":{"start":{"line":9,"column":5774},"end":{"line":9,"column":5812}},"974":{"start":{"line":9,"column":5820},"end":{"line":9,"column":5837}},"975":{"start":{"line":9,"column":5838},"end":{"line":9,"column":5889}},"976":{"start":{"line":9,"column":5889},"end":{"line":9,"column":5946}},"977":{"start":{"line":9,"column":5946},"end":{"line":9,"column":6011}},"978":{"start":{"line":9,"column":6011},"end":{"line":9,"column":6076}},"979":{"start":{"line":9,"column":6076},"end":{"line":9,"column":6141}},"980":{"start":{"line":9,"column":6141},"end":{"line":9,"column":6202}},"981":{"start":{"line":9,"column":6202},"end":{"line":9,"column":6265}},"982":{"start":{"line":9,"column":6265},"end":{"line":9,"column":6328}},"983":{"start":{"line":9,"column":6328},"end":{"line":9,"column":6391}},"984":{"start":{"line":9,"column":6391},"end":{"line":9,"column":6454}},"985":{"start":{"line":9,"column":6454},"end":{"line":9,"column":6519}},"986":{"start":{"line":9,"column":6519},"end":{"line":9,"column":6590}},"987":{"start":{"line":9,"column":6590},"end":{"line":9,"column":6666}},"988":{"start":{"line":9,"column":6666},"end":{"line":9,"column":6742}},"989":{"start":{"line":9,"column":6742},"end":{"line":9,"column":6818}},"990":{"start":{"line":9,"column":6818},"end":{"line":9,"column":6899}},"991":{"start":{"line":9,"column":6899},"end":{"line":9,"column":6980}},"992":{"start":{"line":9,"column":6980},"end":{"line":9,"column":7061}},"993":{"start":{"line":9,"column":7061},"end":{"line":9,"column":7127}},"994":{"start":{"line":9,"column":7127},"end":{"line":9,"column":7207}},"995":{"start":{"line":9,"column":7207},"end":{"line":9,"column":7281}},"996":{"start":{"line":9,"column":7281},"end":{"line":9,"column":7355}},"997":{"start":{"line":9,"column":7355},"end":{"line":9,"column":7429}},"998":{"start":{"line":9,"column":7429},"end":{"line":9,"column":7490}},"999":{"start":{"line":9,"column":7497},"end":{"line":9,"column":7518}},"1000":{"start":{"line":9,"column":7522},"end":{"line":9,"column":7538}},"1001":{"start":{"line":9,"column":7554},"end":{"line":9,"column":7591}},"1002":{"start":{"line":9,"column":7584},"end":{"line":9,"column":7591}},"1003":{"start":{"line":9,"column":7597},"end":{"line":9,"column":7619}},"1004":{"start":{"line":9,"column":7622},"end":{"line":9,"column":7635}},"1005":{"start":{"line":9,"column":7636},"end":{"line":9,"column":7703}},"1006":{"start":{"line":9,"column":7651},"end":{"line":9,"column":7696}},"1007":{"start":{"line":9,"column":7696},"end":{"line":9,"column":7702}},"1008":{"start":{"line":9,"column":7709},"end":{"line":9,"column":7732}},"1009":{"start":{"line":9,"column":7733},"end":{"line":9,"column":7796}},"1010":{"start":{"line":9,"column":7818},"end":{"line":9,"column":7821}},"1011":{"start":{"line":9,"column":7824},"end":{"line":9,"column":7899}},"1012":{"start":{"line":9,"column":7827},"end":{"line":9,"column":7899}},"1013":{"start":{"line":9,"column":7902},"end":{"line":9,"column":7954}},"1014":{"start":{"line":9,"column":7957},"end":{"line":9,"column":8075}},"1015":{"start":{"line":9,"column":8078},"end":{"line":9,"column":8115}},"1016":{"start":{"line":9,"column":8118},"end":{"line":9,"column":9191}},"1017":{"start":{"line":9,"column":8179},"end":{"line":9,"column":8201}},"1018":{"start":{"line":9,"column":8223},"end":{"line":9,"column":8244}},"1019":{"start":{"line":9,"column":8249},"end":{"line":9,"column":8297}},"1020":{"start":{"line":9,"column":8319},"end":{"line":9,"column":8344}},"1021":{"start":{"line":9,"column":8349},"end":{"line":9,"column":8401}},"1022":{"start":{"line":9,"column":8423},"end":{"line":9,"column":8446}},"1023":{"start":{"line":9,"column":8458},"end":{"line":9,"column":8524}},"1024":{"start":{"line":9,"column":8525},"end":{"line":9,"column":8583}},"1025":{"start":{"line":9,"column":8606},"end":{"line":9,"column":8625}},"1026":{"start":{"line":9,"column":8630},"end":{"line":9,"column":8804}},"1027":{"start":{"line":9,"column":8826},"end":{"line":9,"column":8891}},"1028":{"start":{"line":9,"column":8896},"end":{"line":9,"column":9102}},"1029":{"start":{"line":9,"column":9118},"end":{"line":9,"column":9190}},"1030":{"start":{"line":9,"column":9192},"end":{"line":12,"column":22}},"1031":{"start":{"line":12,"column":30},"end":{"line":12,"column":39}},"1032":{"start":{"line":12,"column":61},"end":{"line":12,"column":78}},"1033":{"start":{"line":12,"column":79},"end":{"line":12,"column":97}},"1034":{"start":{"line":12,"column":88},"end":{"line":12,"column":97}},"1035":{"start":{"line":12,"column":103},"end":{"line":12,"column":135}},"1036":{"start":{"line":12,"column":136},"end":{"line":12,"column":158}},"1037":{"start":{"line":12,"column":166},"end":{"line":12,"column":183}},"1038":{"start":{"line":12,"column":187},"end":{"line":12,"column":195}},"1039":{"start":{"line":12,"column":211},"end":{"line":12,"column":246}},"1040":{"start":{"line":12,"column":254},"end":{"line":12,"column":261}},"1041":{"start":{"line":12,"column":277},"end":{"line":12,"column":301}},"1042":{"start":{"line":12,"column":309},"end":{"line":14,"column":4}},"1043":{"start":{"line":12,"column":330},"end":{"line":12,"column":343}},"1044":{"start":{"line":12,"column":369},"end":{"line":12,"column":373}},"1045":{"start":{"line":12,"column":376},"end":{"line":12,"column":448}},"1046":{"start":{"line":12,"column":451},"end":{"line":12,"column":525}},"1047":{"start":{"line":12,"column":526},"end":{"line":14,"column":2}},"1048":{"start":{"line":14,"column":26},"end":{"line":14,"column":159}},"1049":{"start":{"line":14,"column":47},"end":{"line":14,"column":77}},"1050":{"start":{"line":14,"column":57},"end":{"line":14,"column":76}},"1051":{"start":{"line":14,"column":78},"end":{"line":14,"column":144}},"1052":{"start":{"line":14,"column":118},"end":{"line":14,"column":143}},"1053":{"start":{"line":14,"column":150},"end":{"line":14,"column":159}},"1054":{"start":{"line":14,"column":159},"end":{"line":14,"column":167}},"1055":{"start":{"line":14,"column":189},"end":{"line":14,"column":241}},"1056":{"start":{"line":14,"column":218},"end":{"line":14,"column":238}},"1057":{"start":{"line":14,"column":242},"end":{"line":15,"column":2}},"1058":{"start":{"line":14,"column":280},"end":{"line":14,"column":307}},"1059":{"start":{"line":15,"column":18},"end":{"line":15,"column":142}},"1060":{"start":{"line":15,"column":60},"end":{"line":15,"column":140}},"1061":{"start":{"line":15,"column":90},"end":{"line":15,"column":107}},"1062":{"start":{"line":15,"column":150},"end":{"line":15,"column":152}},"1063":{"start":{"line":15,"column":153},"end":{"line":15,"column":249}},"1064":{"start":{"line":15,"column":170},"end":{"line":15,"column":172}},"1065":{"start":{"line":15,"column":182},"end":{"line":15,"column":184}},"1066":{"start":{"line":15,"column":193},"end":{"line":15,"column":195}},"1067":{"start":{"line":15,"column":206},"end":{"line":15,"column":208}},"1068":{"start":{"line":15,"column":220},"end":{"line":15,"column":222}},"1069":{"start":{"line":15,"column":232},"end":{"line":15,"column":234}},"1070":{"start":{"line":15,"column":244},"end":{"line":15,"column":246}},"1071":{"start":{"line":15,"column":256},"end":{"line":15,"column":353}},"1072":{"start":{"line":15,"column":357},"end":{"line":15,"column":404}},"1073":{"start":{"line":15,"column":367},"end":{"line":15,"column":403}},"1074":{"start":{"line":15,"column":423},"end":{"line":15,"column":440}},"1075":{"start":{"line":15,"column":461},"end":{"line":15,"column":508}},"1076":{"start":{"line":15,"column":529},"end":{"line":15,"column":565}},"1077":{"start":{"line":15,"column":586},"end":{"line":15,"column":624}},"1078":{"start":{"line":15,"column":645},"end":{"line":15,"column":681}},"1079":{"start":{"line":15,"column":699},"end":{"line":15,"column":844}},"1080":{"start":{"line":15,"column":705},"end":{"line":15,"column":844}},"1081":{"start":{"line":15,"column":862},"end":{"line":15,"column":880}},"1082":{"start":{"line":15,"column":888},"end":{"line":15,"column":911}},"1083":{"start":{"line":15,"column":927},"end":{"line":15,"column":1024}},"1084":{"start":{"line":15,"column":1032},"end":{"line":15,"column":1039}},"1085":{"start":{"line":15,"column":1043},"end":{"line":15,"column":1064}},"1086":{"start":{"line":15,"column":1072},"end":{"line":15,"column":1095}},"1087":{"start":{"line":15,"column":1117},"end":{"line":15,"column":1150}},"1088":{"start":{"line":15,"column":1153},"end":{"line":15,"column":1464}},"1089":{"start":{"line":15,"column":1156},"end":{"line":15,"column":1464}},"1090":{"start":{"line":15,"column":1223},"end":{"line":15,"column":1258}},"1091":{"start":{"line":15,"column":1259},"end":{"line":15,"column":1274}},"1092":{"start":{"line":15,"column":1265},"end":{"line":15,"column":1274}},"1093":{"start":{"line":15,"column":1280},"end":{"line":15,"column":1284}},"1094":{"start":{"line":15,"column":1289},"end":{"line":15,"column":1436}},"1095":{"start":{"line":15,"column":1301},"end":{"line":15,"column":1331}},"1096":{"start":{"line":15,"column":1342},"end":{"line":15,"column":1346}},"1097":{"start":{"line":15,"column":1347},"end":{"line":15,"column":1435}},"1098":{"start":{"line":15,"column":1436},"end":{"line":15,"column":1457}},"1099":{"start":{"line":15,"column":1465},"end":{"line":15,"column":1560}},"1100":{"start":{"line":15,"column":1494},"end":{"line":15,"column":1542}},"1101":{"start":{"line":15,"column":1543},"end":{"line":15,"column":1559}},"1102":{"start":{"line":15,"column":1560},"end":{"line":15,"column":1599}},"1103":{"start":{"line":15,"column":1582},"end":{"line":15,"column":1599}},"1104":{"start":{"line":15,"column":1599},"end":{"line":15,"column":1607}},"1105":{"start":{"line":15,"column":1615},"end":{"line":15,"column":1638}},"1106":{"start":{"line":15,"column":1715},"end":{"line":15,"column":1720}},"1107":{"start":{"line":15,"column":1721},"end":{"line":15,"column":1771}},"1108":{"start":{"line":15,"column":1777},"end":{"line":15,"column":1781}},"1109":{"start":{"line":15,"column":1782},"end":{"line":16,"column":66}},"1110":{"start":{"line":16,"column":92},"end":{"line":16,"column":114}},"1111":{"start":{"line":16,"column":117},"end":{"line":16,"column":131}},"1112":{"start":{"line":16,"column":132},"end":{"line":24,"column":53}},"1113":{"start":{"line":16,"column":176},"end":{"line":16,"column":220}},"1114":{"start":{"line":16,"column":223},"end":{"line":16,"column":225}},"1115":{"start":{"line":16,"column":226},"end":{"line":16,"column":264}},"1116":{"start":{"line":16,"column":241},"end":{"line":16,"column":264}},"1117":{"start":{"line":16,"column":264},"end":{"line":24,"column":52}},"1118":{"start":{"line":16,"column":285},"end":{"line":16,"column":326}},"1119":{"start":{"line":16,"column":329},"end":{"line":16,"column":365}},"1120":{"start":{"line":16,"column":366},"end":{"line":24,"column":51}},"1121":{"start":{"line":16,"column":388},"end":{"line":22,"column":1}},"1122":{"start":{"line":18,"column":11},"end":{"line":18,"column":22}},"1123":{"start":{"line":22,"column":2},"end":{"line":22,"column":20}},"1124":{"start":{"line":22,"column":26},"end":{"line":24,"column":51}},"1125":{"start":{"line":22,"column":47},"end":{"line":24,"column":7}},"1126":{"start":{"line":22,"column":100},"end":{"line":22,"column":104}},"1127":{"start":{"line":24,"column":8},"end":{"line":24,"column":50}},"1128":{"start":{"line":24,"column":69},"end":{"line":24,"column":379}},"1129":{"start":{"line":24,"column":79},"end":{"line":24,"column":124}},"1130":{"start":{"line":24,"column":130},"end":{"line":24,"column":205}},"1131":{"start":{"line":24,"column":206},"end":{"line":24,"column":327}},"1132":{"start":{"line":24,"column":333},"end":{"line":24,"column":379}},"1133":{"start":{"line":24,"column":379},"end":{"line":24,"column":390}},"1134":{"start":{"line":24,"column":408},"end":{"line":24,"column":466}},"1135":{"start":{"line":24,"column":482},"end":{"line":24,"column":519}},"1136":{"start":{"line":24,"column":537},"end":{"line":24,"column":585}},"1137":{"start":{"line":24,"column":609},"end":{"line":24,"column":611}},"1138":{"start":{"line":24,"column":612},"end":{"line":24,"column":655}},"1139":{"start":{"line":24,"column":640},"end":{"line":24,"column":655}},"1140":{"start":{"line":24,"column":655},"end":{"line":24,"column":663}},"1141":{"start":{"line":24,"column":681},"end":{"line":24,"column":704}},"1142":{"start":{"line":24,"column":697},"end":{"line":24,"column":704}},"1143":{"start":{"line":24,"column":710},"end":{"line":24,"column":714}},"1144":{"start":{"line":24,"column":715},"end":{"line":24,"column":764}},"1145":{"start":{"line":24,"column":725},"end":{"line":24,"column":726}},"1146":{"start":{"line":24,"column":742},"end":{"line":24,"column":764}},"1147":{"start":{"line":24,"column":764},"end":{"line":24,"column":772}},"1148":{"start":{"line":24,"column":789},"end":{"line":24,"column":846}},"1149":{"start":{"line":24,"column":854},"end":{"line":24,"column":861}},"1150":{"start":{"line":24,"column":865},"end":{"line":24,"column":912}},"1151":{"start":{"line":24,"column":878},"end":{"line":24,"column":911}},"1152":{"start":{"line":24,"column":919},"end":{"line":24,"column":1179}},"1153":{"start":{"line":24,"column":994},"end":{"line":24,"column":1111}},"1154":{"start":{"line":24,"column":1138},"end":{"line":24,"column":1177}},"1155":{"start":{"line":24,"column":1180},"end":{"line":24,"column":1219}},"1156":{"start":{"line":24,"column":1225},"end":{"line":24,"column":1593}},"1157":{"start":{"line":24,"column":1350},"end":{"line":24,"column":1527}},"1158":{"start":{"line":24,"column":1554},"end":{"line":24,"column":1591}},"1159":{"start":{"line":24,"column":1594},"end":{"line":24,"column":1631}},"1160":{"start":{"line":24,"column":1638},"end":{"line":24,"column":1820}},"1161":{"start":{"line":24,"column":1689},"end":{"line":24,"column":1757}},"1162":{"start":{"line":24,"column":1784},"end":{"line":24,"column":1818}},"1163":{"start":{"line":24,"column":1821},"end":{"line":24,"column":1856}},"1164":{"start":{"line":24,"column":1862},"end":{"line":24,"column":2186}},"1165":{"start":{"line":24,"column":1963},"end":{"line":24,"column":2118}},"1166":{"start":{"line":24,"column":2145},"end":{"line":24,"column":2184}},"1167":{"start":{"line":24,"column":2187},"end":{"line":24,"column":2226}},"1168":{"start":{"line":24,"column":2232},"end":{"line":24,"column":2427}},"1169":{"start":{"line":24,"column":2257},"end":{"line":24,"column":2286}},"1170":{"start":{"line":24,"column":2334},"end":{"line":24,"column":2363}},"1171":{"start":{"line":24,"column":2390},"end":{"line":24,"column":2425}},"1172":{"start":{"line":24,"column":2428},"end":{"line":24,"column":2463}},"1173":{"start":{"line":24,"column":2470},"end":{"line":24,"column":2474}},"1174":{"start":{"line":24,"column":2478},"end":{"line":24,"column":2481}},"1175":{"start":{"line":24,"column":2485},"end":{"line":24,"column":2503}},"1176":{"start":{"line":24,"column":2507},"end":{"line":24,"column":3535}},"1177":{"start":{"line":24,"column":3539},"end":{"line":24,"column":4567}},"1178":{"start":{"line":24,"column":4571},"end":{"line":24,"column":4656}},"1179":{"start":{"line":24,"column":4665},"end":{"line":24,"column":4667}},"1180":{"start":{"line":24,"column":4671},"end":{"line":24,"column":4688}},"1181":{"start":{"line":24,"column":4692},"end":{"line":24,"column":4715}},"1182":{"start":{"line":24,"column":4719},"end":{"line":24,"column":4748}},"1183":{"start":{"line":24,"column":4752},"end":{"line":24,"column":4775}},"1184":{"start":{"line":24,"column":4779},"end":{"line":24,"column":4797}},"1185":{"start":{"line":24,"column":4800},"end":{"line":24,"column":4810}},"1186":{"start":{"line":24,"column":4813},"end":{"line":24,"column":4821}},"1187":{"start":{"line":24,"column":4825},"end":{"line":24,"column":4869}},"1188":{"start":{"line":24,"column":4873},"end":{"line":24,"column":4929}},"1189":{"start":{"line":24,"column":4933},"end":{"line":24,"column":4980}},"1190":{"start":{"line":24,"column":4984},"end":{"line":24,"column":5020}},"1191":{"start":{"line":24,"column":5024},"end":{"line":24,"column":5027}},"1192":{"start":{"line":24,"column":5030},"end":{"line":24,"column":5031}},"1193":{"start":{"line":24,"column":5035},"end":{"line":24,"column":5051}},"1194":{"start":{"line":24,"column":5055},"end":{"line":24,"column":5066}},"1195":{"start":{"line":24,"column":5070},"end":{"line":24,"column":5081}},"1196":{"start":{"line":24,"column":5084},"end":{"line":24,"column":5100}},"1197":{"start":{"line":24,"column":5101},"end":{"line":24,"column":5195}},"1198":{"start":{"line":24,"column":5140},"end":{"line":24,"column":5166}},"1199":{"start":{"line":24,"column":5167},"end":{"line":24,"column":5193}},"1200":{"start":{"line":24,"column":5195},"end":{"line":24,"column":5262}},"1201":{"start":{"line":24,"column":5213},"end":{"line":24,"column":5260}},"1202":{"start":{"line":24,"column":5262},"end":{"line":24,"column":5455}},"1203":{"start":{"line":24,"column":5304},"end":{"line":24,"column":5308}},"1204":{"start":{"line":24,"column":5311},"end":{"line":24,"column":5324}},"1205":{"start":{"line":24,"column":5325},"end":{"line":24,"column":5379}},"1206":{"start":{"line":24,"column":5361},"end":{"line":24,"column":5379}},"1207":{"start":{"line":24,"column":5379},"end":{"line":24,"column":5408}},"1208":{"start":{"line":24,"column":5390},"end":{"line":24,"column":5408}},"1209":{"start":{"line":24,"column":5408},"end":{"line":24,"column":5453}},"1210":{"start":{"line":24,"column":5455},"end":{"line":24,"column":5820}},"1211":{"start":{"line":24,"column":5500},"end":{"line":24,"column":5504}},"1212":{"start":{"line":24,"column":5507},"end":{"line":24,"column":5510}},"1213":{"start":{"line":24,"column":5513},"end":{"line":24,"column":5539}},"1214":{"start":{"line":24,"column":5542},"end":{"line":24,"column":5545}},"1215":{"start":{"line":24,"column":5548},"end":{"line":24,"column":5551}},"1216":{"start":{"line":24,"column":5552},"end":{"line":24,"column":5607}},"1217":{"start":{"line":24,"column":5562},"end":{"line":24,"column":5607}},"1218":{"start":{"line":24,"column":5607},"end":{"line":24,"column":5647}},"1219":{"start":{"line":24,"column":5623},"end":{"line":24,"column":5647}},"1220":{"start":{"line":24,"column":5647},"end":{"line":24,"column":5665}},"1221":{"start":{"line":24,"column":5656},"end":{"line":24,"column":5665}},"1222":{"start":{"line":24,"column":5665},"end":{"line":24,"column":5702}},"1223":{"start":{"line":24,"column":5678},"end":{"line":24,"column":5702}},"1224":{"start":{"line":24,"column":5702},"end":{"line":24,"column":5791}},"1225":{"start":{"line":24,"column":5750},"end":{"line":24,"column":5791}},"1226":{"start":{"line":24,"column":5765},"end":{"line":24,"column":5791}},"1227":{"start":{"line":24,"column":5791},"end":{"line":24,"column":5818}},"1228":{"start":{"line":24,"column":5820},"end":{"line":24,"column":6071}},"1229":{"start":{"line":24,"column":5856},"end":{"line":24,"column":5860}},"1230":{"start":{"line":24,"column":5863},"end":{"line":24,"column":5876}},"1231":{"start":{"line":24,"column":5877},"end":{"line":24,"column":6069}},"1232":{"start":{"line":24,"column":6071},"end":{"line":24,"column":6843}},"1233":{"start":{"line":24,"column":6126},"end":{"line":24,"column":6130}},"1234":{"start":{"line":24,"column":6133},"end":{"line":24,"column":6146}},"1235":{"start":{"line":24,"column":6147},"end":{"line":24,"column":6192}},"1236":{"start":{"line":24,"column":6176},"end":{"line":24,"column":6192}},"1237":{"start":{"line":24,"column":6192},"end":{"line":24,"column":6810}},"1238":{"start":{"line":24,"column":6481},"end":{"line":24,"column":6810}},"1239":{"start":{"line":24,"column":6604},"end":{"line":24,"column":6810}},"1240":{"start":{"line":24,"column":6652},"end":{"line":24,"column":6709}},"1241":{"start":{"line":24,"column":6699},"end":{"line":24,"column":6703}},"1242":{"start":{"line":24,"column":6703},"end":{"line":24,"column":6708}},"1243":{"start":{"line":24,"column":6709},"end":{"line":24,"column":6717}},"1244":{"start":{"line":24,"column":6723},"end":{"line":24,"column":6804}},"1245":{"start":{"line":24,"column":6804},"end":{"line":24,"column":6809}},"1246":{"start":{"line":24,"column":6810},"end":{"line":24,"column":6841}},"1247":{"start":{"line":24,"column":6843},"end":{"line":24,"column":6991}},"1248":{"start":{"line":24,"column":6883},"end":{"line":24,"column":6889}},"1249":{"start":{"line":24,"column":6892},"end":{"line":24,"column":6895}},"1250":{"start":{"line":24,"column":6896},"end":{"line":24,"column":6981}},"1251":{"start":{"line":24,"column":6902},"end":{"line":24,"column":6970}},"1252":{"start":{"line":24,"column":6947},"end":{"line":24,"column":6970}},"1253":{"start":{"line":24,"column":6966},"end":{"line":24,"column":6970}},"1254":{"start":{"line":24,"column":6970},"end":{"line":24,"column":6980}},"1255":{"start":{"line":24,"column":6981},"end":{"line":24,"column":6989}},"1256":{"start":{"line":24,"column":6991},"end":{"line":24,"column":7061}},"1257":{"start":{"line":24,"column":7021},"end":{"line":24,"column":7059}},"1258":{"start":{"line":24,"column":7061},"end":{"line":24,"column":7186}},"1259":{"start":{"line":24,"column":7111},"end":{"line":24,"column":7115}},"1260":{"start":{"line":24,"column":7118},"end":{"line":24,"column":7131}},"1261":{"start":{"line":24,"column":7132},"end":{"line":24,"column":7184}},"1262":{"start":{"line":24,"column":7186},"end":{"line":24,"column":7236}},"1263":{"start":{"line":24,"column":7212},"end":{"line":24,"column":7234}},"1264":{"start":{"line":24,"column":7236},"end":{"line":24,"column":7304}},"1265":{"start":{"line":24,"column":7255},"end":{"line":24,"column":7302}},"1266":{"start":{"line":24,"column":7304},"end":{"line":24,"column":7357}},"1267":{"start":{"line":24,"column":7335},"end":{"line":24,"column":7355}},"1268":{"start":{"line":24,"column":7357},"end":{"line":24,"column":7436}},"1269":{"start":{"line":24,"column":7404},"end":{"line":24,"column":7415}},"1270":{"start":{"line":24,"column":7416},"end":{"line":24,"column":7434}},"1271":{"start":{"line":24,"column":7436},"end":{"line":24,"column":7925}},"1272":{"start":{"line":24,"column":7489},"end":{"line":24,"column":7493}},"1273":{"start":{"line":24,"column":7496},"end":{"line":24,"column":7509}},"1274":{"start":{"line":24,"column":7512},"end":{"line":24,"column":7520}},"1275":{"start":{"line":24,"column":7521},"end":{"line":24,"column":7564}},"1276":{"start":{"line":24,"column":7538},"end":{"line":24,"column":7564}},"1277":{"start":{"line":24,"column":7564},"end":{"line":24,"column":7587}},"1278":{"start":{"line":24,"column":7578},"end":{"line":24,"column":7587}},"1279":{"start":{"line":24,"column":7587},"end":{"line":24,"column":7799}},"1280":{"start":{"line":24,"column":7799},"end":{"line":24,"column":7882}},"1281":{"start":{"line":24,"column":7811},"end":{"line":24,"column":7812}},"1282":{"start":{"line":24,"column":7815},"end":{"line":24,"column":7823}},"1283":{"start":{"line":24,"column":7829},"end":{"line":24,"column":7882}},"1284":{"start":{"line":24,"column":7882},"end":{"line":24,"column":7923}},"1285":{"start":{"line":24,"column":7925},"end":{"line":24,"column":8387}},"1286":{"start":{"line":24,"column":7974},"end":{"line":24,"column":7978}},"1287":{"start":{"line":24,"column":7981},"end":{"line":24,"column":7994}},"1288":{"start":{"line":24,"column":7995},"end":{"line":24,"column":8040}},"1289":{"start":{"line":24,"column":8024},"end":{"line":24,"column":8040}},"1290":{"start":{"line":24,"column":8040},"end":{"line":24,"column":8340}},"1291":{"start":{"line":24,"column":8137},"end":{"line":24,"column":8154}},"1292":{"start":{"line":24,"column":8159},"end":{"line":24,"column":8230}},"1293":{"start":{"line":24,"column":8230},"end":{"line":24,"column":8339}},"1294":{"start":{"line":24,"column":8242},"end":{"line":24,"column":8250}},"1295":{"start":{"line":24,"column":8253},"end":{"line":24,"column":8262}},"1296":{"start":{"line":24,"column":8265},"end":{"line":24,"column":8274}},"1297":{"start":{"line":24,"column":8280},"end":{"line":24,"column":8339}},"1298":{"start":{"line":24,"column":8340},"end":{"line":24,"column":8385}},"1299":{"start":{"line":24,"column":8387},"end":{"line":24,"column":8614}},"1300":{"start":{"line":24,"column":8435},"end":{"line":24,"column":8439}},"1301":{"start":{"line":24,"column":8442},"end":{"line":24,"column":8455}},"1302":{"start":{"line":24,"column":8456},"end":{"line":24,"column":8612}},"1303":{"start":{"line":24,"column":8614},"end":{"line":24,"column":8931}},"1304":{"start":{"line":24,"column":8654},"end":{"line":24,"column":8658}},"1305":{"start":{"line":24,"column":8661},"end":{"line":24,"column":8674}},"1306":{"start":{"line":24,"column":8677},"end":{"line":24,"column":8691}},"1307":{"start":{"line":24,"column":8694},"end":{"line":24,"column":8705}},"1308":{"start":{"line":24,"column":8708},"end":{"line":24,"column":8718}},"1309":{"start":{"line":24,"column":8719},"end":{"line":24,"column":8929}},"1310":{"start":{"line":24,"column":8931},"end":{"line":24,"column":9237}},"1311":{"start":{"line":24,"column":8986},"end":{"line":24,"column":8990}},"1312":{"start":{"line":24,"column":8993},"end":{"line":24,"column":9006}},"1313":{"start":{"line":24,"column":9007},"end":{"line":24,"column":9235}},"1314":{"start":{"line":24,"column":9237},"end":{"line":24,"column":9524}},"1315":{"start":{"line":24,"column":9290},"end":{"line":24,"column":9294}},"1316":{"start":{"line":24,"column":9297},"end":{"line":24,"column":9310}},"1317":{"start":{"line":24,"column":9311},"end":{"line":24,"column":9522}},"1318":{"start":{"line":24,"column":9524},"end":{"line":24,"column":9906}},"1319":{"start":{"line":24,"column":9584},"end":{"line":24,"column":9588}},"1320":{"start":{"line":24,"column":9591},"end":{"line":24,"column":9604}},"1321":{"start":{"line":24,"column":9605},"end":{"line":24,"column":9904}},"1322":{"start":{"line":24,"column":9906},"end":{"line":24,"column":10234}},"1323":{"start":{"line":24,"column":9952},"end":{"line":24,"column":9956}},"1324":{"start":{"line":24,"column":9959},"end":{"line":24,"column":9972}},"1325":{"start":{"line":24,"column":9973},"end":{"line":24,"column":10232}},"1326":{"start":{"line":24,"column":10234},"end":{"line":24,"column":10909}},"1327":{"start":{"line":24,"column":10293},"end":{"line":24,"column":10297}},"1328":{"start":{"line":24,"column":10300},"end":{"line":24,"column":10313}},"1329":{"start":{"line":24,"column":10316},"end":{"line":24,"column":10327}},"1330":{"start":{"line":24,"column":10330},"end":{"line":24,"column":10340}},"1331":{"start":{"line":24,"column":10341},"end":{"line":24,"column":10539}},"1332":{"start":{"line":24,"column":10358},"end":{"line":24,"column":10388}},"1333":{"start":{"line":24,"column":10372},"end":{"line":24,"column":10388}},"1334":{"start":{"line":24,"column":10388},"end":{"line":24,"column":10455}},"1335":{"start":{"line":24,"column":10414},"end":{"line":24,"column":10455}},"1336":{"start":{"line":24,"column":10461},"end":{"line":24,"column":10487}},"1337":{"start":{"line":24,"column":10469},"end":{"line":24,"column":10487}},"1338":{"start":{"line":24,"column":10487},"end":{"line":24,"column":10538}},"1339":{"start":{"line":24,"column":10498},"end":{"line":24,"column":10538}},"1340":{"start":{"line":24,"column":10539},"end":{"line":24,"column":10651}},"1341":{"start":{"line":24,"column":10608},"end":{"line":24,"column":10651}},"1342":{"start":{"line":24,"column":10651},"end":{"line":24,"column":10838}},"1343":{"start":{"line":24,"column":10717},"end":{"line":24,"column":10838}},"1344":{"start":{"line":24,"column":10807},"end":{"line":24,"column":10838}},"1345":{"start":{"line":24,"column":10838},"end":{"line":24,"column":10907}},"1346":{"start":{"line":24,"column":10909},"end":{"line":24,"column":10947}},"1347":{"start":{"line":24,"column":10931},"end":{"line":24,"column":10945}},"1348":{"start":{"line":24,"column":10947},"end":{"line":24,"column":11023}},"1349":{"start":{"line":24,"column":10978},"end":{"line":24,"column":11021}},"1350":{"start":{"line":24,"column":11023},"end":{"line":24,"column":11057}},"1351":{"start":{"line":24,"column":11042},"end":{"line":24,"column":11055}},"1352":{"start":{"line":24,"column":11057},"end":{"line":24,"column":11106}},"1353":{"start":{"line":24,"column":11089},"end":{"line":24,"column":11104}},"1354":{"start":{"line":24,"column":11106},"end":{"line":24,"column":11155}},"1355":{"start":{"line":24,"column":11138},"end":{"line":24,"column":11153}},"1356":{"start":{"line":24,"column":11155},"end":{"line":24,"column":11206}},"1357":{"start":{"line":24,"column":11175},"end":{"line":24,"column":11204}},"1358":{"start":{"line":24,"column":11206},"end":{"line":24,"column":11256}},"1359":{"start":{"line":24,"column":11234},"end":{"line":24,"column":11254}},"1360":{"start":{"line":24,"column":11256},"end":{"line":24,"column":11316}},"1361":{"start":{"line":24,"column":11294},"end":{"line":24,"column":11314}},"1362":{"start":{"line":24,"column":11316},"end":{"line":24,"column":11909}},"1363":{"start":{"line":24,"column":11368},"end":{"line":24,"column":11372}},"1364":{"start":{"line":24,"column":11375},"end":{"line":24,"column":11388}},"1365":{"start":{"line":24,"column":11391},"end":{"line":24,"column":11402}},"1366":{"start":{"line":24,"column":11405},"end":{"line":24,"column":11415}},"1367":{"start":{"line":24,"column":11418},"end":{"line":24,"column":11419}},"1368":{"start":{"line":24,"column":11420},"end":{"line":24,"column":11528}},"1369":{"start":{"line":24,"column":11431},"end":{"line":24,"column":11448}},"1370":{"start":{"line":24,"column":11453},"end":{"line":24,"column":11517}},"1371":{"start":{"line":24,"column":11499},"end":{"line":24,"column":11517}},"1372":{"start":{"line":24,"column":11517},"end":{"line":24,"column":11527}},"1373":{"start":{"line":24,"column":11528},"end":{"line":24,"column":11610}},"1374":{"start":{"line":24,"column":11563},"end":{"line":24,"column":11610}},"1375":{"start":{"line":24,"column":11610},"end":{"line":24,"column":11674}},"1376":{"start":{"line":24,"column":11615},"end":{"line":24,"column":11674}},"1377":{"start":{"line":24,"column":11629},"end":{"line":24,"column":11634}},"1378":{"start":{"line":24,"column":11639},"end":{"line":24,"column":11666}},"1379":{"start":{"line":24,"column":11660},"end":{"line":24,"column":11666}},"1380":{"start":{"line":24,"column":11666},"end":{"line":24,"column":11673}},"1381":{"start":{"line":24,"column":11674},"end":{"line":24,"column":11887}},"1382":{"start":{"line":24,"column":11748},"end":{"line":24,"column":11887}},"1383":{"start":{"line":24,"column":11751},"end":{"line":24,"column":11864}},"1384":{"start":{"line":24,"column":11810},"end":{"line":24,"column":11858}},"1385":{"start":{"line":24,"column":11858},"end":{"line":24,"column":11863}},"1386":{"start":{"line":24,"column":11887},"end":{"line":24,"column":11907}},"1387":{"start":{"line":24,"column":11909},"end":{"line":24,"column":12848}},"1388":{"start":{"line":24,"column":11965},"end":{"line":24,"column":11969}},"1389":{"start":{"line":24,"column":11972},"end":{"line":24,"column":11985}},"1390":{"start":{"line":24,"column":11986},"end":{"line":24,"column":12086}},"1391":{"start":{"line":24,"column":12011},"end":{"line":24,"column":12086}},"1392":{"start":{"line":24,"column":12086},"end":{"line":24,"column":12124}},"1393":{"start":{"line":24,"column":12098},"end":{"line":24,"column":12124}},"1394":{"start":{"line":24,"column":12124},"end":{"line":24,"column":12271}},"1395":{"start":{"line":24,"column":12180},"end":{"line":24,"column":12251}},"1396":{"start":{"line":24,"column":12188},"end":{"line":24,"column":12197}},"1397":{"start":{"line":24,"column":12202},"end":{"line":24,"column":12251}},"1398":{"start":{"line":24,"column":12210},"end":{"line":24,"column":12221}},"1399":{"start":{"line":24,"column":12226},"end":{"line":24,"column":12251}},"1400":{"start":{"line":24,"column":12251},"end":{"line":24,"column":12270}},"1401":{"start":{"line":24,"column":12271},"end":{"line":24,"column":12563}},"1402":{"start":{"line":24,"column":12317},"end":{"line":24,"column":12456}},"1403":{"start":{"line":24,"column":12446},"end":{"line":24,"column":12456}},"1404":{"start":{"line":24,"column":12456},"end":{"line":24,"column":12467}},"1405":{"start":{"line":24,"column":12473},"end":{"line":24,"column":12559}},"1406":{"start":{"line":24,"column":12526},"end":{"line":24,"column":12559}},"1407":{"start":{"line":24,"column":12541},"end":{"line":24,"column":12553}},"1408":{"start":{"line":24,"column":12553},"end":{"line":24,"column":12558}},"1409":{"start":{"line":24,"column":12559},"end":{"line":24,"column":12562}},"1410":{"start":{"line":24,"column":12563},"end":{"line":24,"column":12634}},"1411":{"start":{"line":24,"column":12625},"end":{"line":24,"column":12634}},"1412":{"start":{"line":24,"column":12634},"end":{"line":24,"column":12731}},"1413":{"start":{"line":24,"column":12655},"end":{"line":24,"column":12720}},"1414":{"start":{"line":24,"column":12671},"end":{"line":24,"column":12704}},"1415":{"start":{"line":24,"column":12694},"end":{"line":24,"column":12704}},"1416":{"start":{"line":24,"column":12704},"end":{"line":24,"column":12719}},"1417":{"start":{"line":24,"column":12720},"end":{"line":24,"column":12730}},"1418":{"start":{"line":24,"column":12731},"end":{"line":24,"column":12756}},"1419":{"start":{"line":24,"column":12748},"end":{"line":24,"column":12756}},"1420":{"start":{"line":24,"column":12756},"end":{"line":24,"column":12784}},"1421":{"start":{"line":24,"column":12780},"end":{"line":24,"column":12784}},"1422":{"start":{"line":24,"column":12784},"end":{"line":24,"column":12846}},"1423":{"start":{"line":24,"column":12848},"end":{"line":24,"column":13115}},"1424":{"start":{"line":24,"column":12883},"end":{"line":24,"column":12887}},"1425":{"start":{"line":24,"column":12890},"end":{"line":24,"column":12903}},"1426":{"start":{"line":24,"column":12904},"end":{"line":24,"column":13113}},"1427":{"start":{"line":24,"column":13115},"end":{"line":24,"column":13170}},"1428":{"start":{"line":24,"column":13153},"end":{"line":24,"column":13168}},"1429":{"start":{"line":24,"column":13170},"end":{"line":24,"column":13222}},"1430":{"start":{"line":24,"column":13205},"end":{"line":24,"column":13220}},"1431":{"start":{"line":24,"column":13222},"end":{"line":24,"column":13304}},"1432":{"start":{"line":24,"column":13255},"end":{"line":24,"column":13281}},"1433":{"start":{"line":24,"column":13282},"end":{"line":24,"column":13302}},"1434":{"start":{"line":24,"column":13304},"end":{"line":24,"column":13982}},"1435":{"start":{"line":24,"column":13355},"end":{"line":24,"column":13359}},"1436":{"start":{"line":24,"column":13362},"end":{"line":24,"column":13375}},"1437":{"start":{"line":24,"column":13376},"end":{"line":24,"column":13470}},"1438":{"start":{"line":24,"column":13401},"end":{"line":24,"column":13470}},"1439":{"start":{"line":24,"column":13470},"end":{"line":24,"column":13509}},"1440":{"start":{"line":24,"column":13482},"end":{"line":24,"column":13509}},"1441":{"start":{"line":24,"column":13509},"end":{"line":24,"column":13603}},"1442":{"start":{"line":24,"column":13564},"end":{"line":24,"column":13603}},"1443":{"start":{"line":24,"column":13603},"end":{"line":24,"column":13792}},"1444":{"start":{"line":24,"column":13649},"end":{"line":24,"column":13780}},"1445":{"start":{"line":24,"column":13770},"end":{"line":24,"column":13780}},"1446":{"start":{"line":24,"column":13780},"end":{"line":24,"column":13791}},"1447":{"start":{"line":24,"column":13792},"end":{"line":24,"column":13887}},"1448":{"start":{"line":24,"column":13850},"end":{"line":24,"column":13887}},"1449":{"start":{"line":24,"column":13887},"end":{"line":24,"column":13943}},"1450":{"start":{"line":24,"column":13935},"end":{"line":24,"column":13943}},"1451":{"start":{"line":24,"column":13943},"end":{"line":24,"column":13980}},"1452":{"start":{"line":24,"column":13982},"end":{"line":24,"column":14133}},"1453":{"start":{"line":24,"column":14019},"end":{"line":24,"column":14023}},"1454":{"start":{"line":24,"column":14024},"end":{"line":24,"column":14079}},"1455":{"start":{"line":24,"column":14061},"end":{"line":24,"column":14079}},"1456":{"start":{"line":24,"column":14079},"end":{"line":24,"column":14131}},"1457":{"start":{"line":24,"column":14133},"end":{"line":24,"column":14216}},"1458":{"start":{"line":24,"column":14158},"end":{"line":24,"column":14162}},"1459":{"start":{"line":24,"column":14165},"end":{"line":24,"column":14178}},"1460":{"start":{"line":24,"column":14179},"end":{"line":24,"column":14214}},"1461":{"start":{"line":24,"column":14216},"end":{"line":24,"column":14470}},"1462":{"start":{"line":24,"column":14250},"end":{"line":24,"column":14254}},"1463":{"start":{"line":24,"column":14257},"end":{"line":24,"column":14270}},"1464":{"start":{"line":24,"column":14271},"end":{"line":24,"column":14468}},"1465":{"start":{"line":24,"column":14470},"end":{"line":24,"column":15166}},"1466":{"start":{"line":24,"column":14519},"end":{"line":24,"column":14523}},"1467":{"start":{"line":24,"column":14526},"end":{"line":24,"column":14529}},"1468":{"start":{"line":24,"column":14532},"end":{"line":24,"column":14535}},"1469":{"start":{"line":24,"column":14538},"end":{"line":24,"column":14541}},"1470":{"start":{"line":24,"column":14544},"end":{"line":24,"column":14557}},"1471":{"start":{"line":24,"column":14558},"end":{"line":24,"column":14624}},"1472":{"start":{"line":24,"column":14578},"end":{"line":24,"column":14624}},"1473":{"start":{"line":24,"column":14624},"end":{"line":24,"column":15133}},"1474":{"start":{"line":24,"column":14863},"end":{"line":24,"column":15133}},"1475":{"start":{"line":24,"column":14945},"end":{"line":24,"column":15133}},"1476":{"start":{"line":24,"column":14993},"end":{"line":24,"column":15041}},"1477":{"start":{"line":24,"column":15031},"end":{"line":24,"column":15035}},"1478":{"start":{"line":24,"column":15035},"end":{"line":24,"column":15040}},"1479":{"start":{"line":24,"column":15041},"end":{"line":24,"column":15049}},"1480":{"start":{"line":24,"column":15055},"end":{"line":24,"column":15127}},"1481":{"start":{"line":24,"column":15127},"end":{"line":24,"column":15132}},"1482":{"start":{"line":24,"column":15133},"end":{"line":24,"column":15164}},"1483":{"start":{"line":24,"column":15166},"end":{"line":24,"column":15459}},"1484":{"start":{"line":24,"column":15203},"end":{"line":24,"column":15207}},"1485":{"start":{"line":24,"column":15210},"end":{"line":24,"column":15223}},"1486":{"start":{"line":24,"column":15224},"end":{"line":24,"column":15457}},"1487":{"start":{"line":24,"column":15459},"end":{"line":24,"column":15960}},"1488":{"start":{"line":24,"column":15509},"end":{"line":24,"column":15513}},"1489":{"start":{"line":24,"column":15516},"end":{"line":24,"column":15529}},"1490":{"start":{"line":24,"column":15532},"end":{"line":24,"column":15535}},"1491":{"start":{"line":24,"column":15538},"end":{"line":24,"column":15552}},"1492":{"start":{"line":24,"column":15553},"end":{"line":24,"column":15656}},"1493":{"start":{"line":24,"column":15586},"end":{"line":24,"column":15656}},"1494":{"start":{"line":24,"column":15656},"end":{"line":24,"column":15763}},"1495":{"start":{"line":24,"column":15753},"end":{"line":24,"column":15763}},"1496":{"start":{"line":24,"column":15763},"end":{"line":24,"column":15864}},"1497":{"start":{"line":24,"column":15780},"end":{"line":24,"column":15845}},"1498":{"start":{"line":24,"column":15799},"end":{"line":24,"column":15845}},"1499":{"start":{"line":24,"column":15845},"end":{"line":24,"column":15863}},"1500":{"start":{"line":24,"column":15864},"end":{"line":24,"column":15886}},"1501":{"start":{"line":24,"column":15878},"end":{"line":24,"column":15886}},"1502":{"start":{"line":24,"column":15886},"end":{"line":24,"column":15958}},"1503":{"start":{"line":24,"column":15960},"end":{"line":24,"column":16008}},"1504":{"start":{"line":24,"column":15985},"end":{"line":24,"column":16006}},"1505":{"start":{"line":24,"column":16008},"end":{"line":24,"column":16168}},"1506":{"start":{"line":24,"column":16053},"end":{"line":24,"column":16057}},"1507":{"start":{"line":24,"column":16060},"end":{"line":24,"column":16073}},"1508":{"start":{"line":24,"column":16074},"end":{"line":24,"column":16166}},"1509":{"start":{"line":24,"column":16168},"end":{"line":24,"column":16370}},"1510":{"start":{"line":24,"column":16206},"end":{"line":24,"column":16210}},"1511":{"start":{"line":24,"column":16213},"end":{"line":24,"column":16226}},"1512":{"start":{"line":24,"column":16227},"end":{"line":24,"column":16368}},"1513":{"start":{"line":24,"column":16370},"end":{"line":24,"column":16573}},"1514":{"start":{"line":24,"column":16404},"end":{"line":24,"column":16408}},"1515":{"start":{"line":24,"column":16411},"end":{"line":24,"column":16424}},"1516":{"start":{"line":24,"column":16425},"end":{"line":24,"column":16571}},"1517":{"start":{"line":24,"column":16573},"end":{"line":24,"column":17219}},"1518":{"start":{"line":24,"column":16628},"end":{"line":24,"column":16632}},"1519":{"start":{"line":24,"column":16635},"end":{"line":24,"column":16638}},"1520":{"start":{"line":24,"column":16641},"end":{"line":24,"column":16654}},"1521":{"start":{"line":24,"column":16655},"end":{"line":24,"column":16677}},"1522":{"start":{"line":24,"column":16661},"end":{"line":24,"column":16677}},"1523":{"start":{"line":24,"column":16677},"end":{"line":24,"column":16859}},"1524":{"start":{"line":24,"column":16772},"end":{"line":24,"column":16782}},"1525":{"start":{"line":24,"column":16787},"end":{"line":24,"column":16839}},"1526":{"start":{"line":24,"column":16821},"end":{"line":24,"column":16839}},"1527":{"start":{"line":24,"column":16839},"end":{"line":24,"column":16858}},"1528":{"start":{"line":24,"column":16859},"end":{"line":24,"column":17039}},"1529":{"start":{"line":24,"column":16972},"end":{"line":24,"column":17039}},"1530":{"start":{"line":24,"column":17039},"end":{"line":24,"column":17217}},"1531":{"start":{"line":24,"column":17219},"end":{"line":24,"column":17281}},"1532":{"start":{"line":24,"column":17257},"end":{"line":24,"column":17279}},"1533":{"start":{"line":24,"column":17281},"end":{"line":24,"column":17575}},"1534":{"start":{"line":24,"column":17313},"end":{"line":24,"column":17317}},"1535":{"start":{"line":24,"column":17320},"end":{"line":24,"column":17333}},"1536":{"start":{"line":24,"column":17334},"end":{"line":24,"column":17503}},"1537":{"start":{"line":24,"column":17357},"end":{"line":24,"column":17374}},"1538":{"start":{"line":24,"column":17365},"end":{"line":24,"column":17374}},"1539":{"start":{"line":24,"column":17374},"end":{"line":24,"column":17397}},"1540":{"start":{"line":24,"column":17403},"end":{"line":24,"column":17471}},"1541":{"start":{"line":24,"column":17456},"end":{"line":24,"column":17471}},"1542":{"start":{"line":24,"column":17471},"end":{"line":24,"column":17502}},"1543":{"start":{"line":24,"column":17479},"end":{"line":24,"column":17502}},"1544":{"start":{"line":24,"column":17503},"end":{"line":24,"column":17573}},"1545":{"start":{"line":24,"column":17575},"end":{"line":24,"column":17610}},"1546":{"start":{"line":24,"column":17597},"end":{"line":24,"column":17608}},"1547":{"start":{"line":24,"column":17610},"end":{"line":24,"column":17657}},"1548":{"start":{"line":24,"column":17634},"end":{"line":24,"column":17655}},"1549":{"start":{"line":24,"column":17657},"end":{"line":24,"column":18478}},"1550":{"start":{"line":24,"column":17703},"end":{"line":24,"column":17707}},"1551":{"start":{"line":24,"column":17710},"end":{"line":24,"column":17723}},"1552":{"start":{"line":24,"column":17726},"end":{"line":24,"column":17739}},"1553":{"start":{"line":24,"column":17740},"end":{"line":24,"column":17794}},"1554":{"start":{"line":24,"column":17772},"end":{"line":24,"column":17794}},"1555":{"start":{"line":24,"column":17794},"end":{"line":24,"column":17825}},"1556":{"start":{"line":24,"column":17816},"end":{"line":24,"column":17825}},"1557":{"start":{"line":24,"column":17825},"end":{"line":24,"column":17879}},"1558":{"start":{"line":24,"column":17863},"end":{"line":24,"column":17879}},"1559":{"start":{"line":24,"column":17879},"end":{"line":24,"column":17979}},"1560":{"start":{"line":24,"column":17927},"end":{"line":24,"column":17979}},"1561":{"start":{"line":24,"column":17979},"end":{"line":24,"column":18101}},"1562":{"start":{"line":24,"column":17993},"end":{"line":24,"column":18029}},"1563":{"start":{"line":24,"column":18011},"end":{"line":24,"column":18029}},"1564":{"start":{"line":24,"column":18029},"end":{"line":24,"column":18100}},"1565":{"start":{"line":24,"column":18086},"end":{"line":24,"column":18100}},"1566":{"start":{"line":24,"column":18101},"end":{"line":24,"column":18476}},"1567":{"start":{"line":24,"column":18478},"end":{"line":24,"column":18725}},"1568":{"start":{"line":24,"column":18514},"end":{"line":24,"column":18518}},"1569":{"start":{"line":24,"column":18521},"end":{"line":24,"column":18534}},"1570":{"start":{"line":24,"column":18535},"end":{"line":24,"column":18723}},"1571":{"start":{"line":24,"column":18725},"end":{"line":24,"column":18906}},"1572":{"start":{"line":24,"column":18774},"end":{"line":24,"column":18778}},"1573":{"start":{"line":24,"column":18781},"end":{"line":24,"column":18794}},"1574":{"start":{"line":24,"column":18795},"end":{"line":24,"column":18904}},"1575":{"start":{"line":24,"column":18906},"end":{"line":24,"column":19035}},"1576":{"start":{"line":24,"column":18934},"end":{"line":24,"column":18938}},"1577":{"start":{"line":24,"column":18941},"end":{"line":24,"column":18954}},"1578":{"start":{"line":24,"column":18957},"end":{"line":24,"column":18995}},"1579":{"start":{"line":24,"column":18996},"end":{"line":24,"column":19033}},"1580":{"start":{"line":24,"column":19035},"end":{"line":24,"column":19115}},"1581":{"start":{"line":24,"column":19066},"end":{"line":24,"column":19113}},"1582":{"start":{"line":24,"column":19115},"end":{"line":24,"column":19239}},"1583":{"start":{"line":24,"column":19151},"end":{"line":24,"column":19155}},"1584":{"start":{"line":24,"column":19158},"end":{"line":24,"column":19171}},"1585":{"start":{"line":24,"column":19174},"end":{"line":24,"column":19212}},"1586":{"start":{"line":24,"column":19213},"end":{"line":24,"column":19237}},"1587":{"start":{"line":24,"column":19265},"end":{"line":24,"column":19275}},"1588":{"start":{"line":24,"column":19278},"end":{"line":24,"column":19280}},"1589":{"start":{"line":24,"column":19283},"end":{"line":24,"column":19287}},"1590":{"start":{"line":24,"column":19288},"end":{"line":24,"column":19424}},"1591":{"start":{"line":24,"column":19296},"end":{"line":24,"column":19359}},"1592":{"start":{"line":24,"column":19317},"end":{"line":24,"column":19359}},"1593":{"start":{"line":24,"column":19359},"end":{"line":24,"column":19399}},"1594":{"start":{"line":24,"column":19405},"end":{"line":24,"column":19424}},"1595":{"start":{"line":24,"column":19414},"end":{"line":24,"column":19424}},"1596":{"start":{"line":24,"column":19424},"end":{"line":24,"column":19445}},"1597":{"start":{"line":24,"column":19439},"end":{"line":24,"column":19445}},"1598":{"start":{"line":24,"column":19445},"end":{"line":24,"column":19455}},"1599":{"start":{"line":24,"column":19475},"end":{"line":24,"column":19513}},"1600":{"start":{"line":24,"column":19496},"end":{"line":24,"column":19513}},"1601":{"start":{"line":24,"column":19547},"end":{"line":24,"column":19574}},"1602":{"start":{"line":24,"column":19570},"end":{"line":24,"column":19574}},"1603":{"start":{"line":24,"column":19574},"end":{"line":24,"column":20001}},"1604":{"start":{"line":24,"column":20021},"end":{"line":24,"column":20208}},"1605":{"start":{"line":24,"column":20033},"end":{"line":24,"column":20036}},"1606":{"start":{"line":24,"column":20041},"end":{"line":24,"column":20042}},"1607":{"start":{"line":24,"column":20045},"end":{"line":24,"column":20053}},"1608":{"start":{"line":24,"column":20060},"end":{"line":24,"column":20088}},"1609":{"start":{"line":24,"column":20080},"end":{"line":24,"column":20088}},"1610":{"start":{"line":24,"column":20088},"end":{"line":24,"column":20207}},"1611":{"start":{"line":24,"column":20143},"end":{"line":24,"column":20207}},"1612":{"start":{"line":24,"column":20208},"end":{"line":24,"column":20226}},"1613":{"start":{"line":24,"column":20254},"end":{"line":24,"column":20277}},"1614":{"start":{"line":24,"column":20268},"end":{"line":24,"column":20277}},"1615":{"start":{"line":24,"column":20277},"end":{"line":24,"column":20424}},"1616":{"start":{"line":24,"column":20424},"end":{"line":24,"column":20498}},"1617":{"start":{"line":24,"column":20434},"end":{"line":24,"column":20435}},"1618":{"start":{"line":24,"column":20448},"end":{"line":24,"column":20458}},"1619":{"start":{"line":24,"column":20459},"end":{"line":24,"column":20497}},"1620":{"start":{"line":24,"column":20498},"end":{"line":24,"column":20521}},"1621":{"start":{"line":24,"column":20528},"end":{"line":24,"column":22174}},"1622":{"start":{"line":24,"column":20565},"end":{"line":24,"column":20566}},"1623":{"start":{"line":24,"column":20569},"end":{"line":24,"column":20577}},"1624":{"start":{"line":24,"column":20578},"end":{"line":24,"column":20629}},"1625":{"start":{"line":24,"column":20599},"end":{"line":24,"column":20629}},"1626":{"start":{"line":24,"column":20629},"end":{"line":24,"column":20653}},"1627":{"start":{"line":24,"column":20682},"end":{"line":24,"column":20762}},"1628":{"start":{"line":24,"column":20690},"end":{"line":24,"column":20701}},"1629":{"start":{"line":24,"column":20706},"end":{"line":24,"column":20762}},"1630":{"start":{"line":24,"column":20724},"end":{"line":24,"column":20762}},"1631":{"start":{"line":24,"column":20739},"end":{"line":24,"column":20756}},"1632":{"start":{"line":24,"column":20756},"end":{"line":24,"column":20761}},"1633":{"start":{"line":24,"column":20762},"end":{"line":24,"column":20770}},"1634":{"start":{"line":24,"column":20791},"end":{"line":24,"column":20851}},"1635":{"start":{"line":24,"column":20801},"end":{"line":24,"column":20802}},"1636":{"start":{"line":24,"column":20808},"end":{"line":24,"column":20851}},"1637":{"start":{"line":24,"column":20851},"end":{"line":24,"column":20884}},"1638":{"start":{"line":24,"column":20875},"end":{"line":24,"column":20884}},"1639":{"start":{"line":24,"column":20885},"end":{"line":24,"column":22171}},"1640":{"start":{"line":24,"column":20967},"end":{"line":24,"column":20980}},"1641":{"start":{"line":24,"column":20984},"end":{"line":24,"column":20997}},"1642":{"start":{"line":24,"column":21000},"end":{"line":24,"column":21003}},"1643":{"start":{"line":24,"column":21006},"end":{"line":24,"column":21009}},"1644":{"start":{"line":24,"column":21010},"end":{"line":24,"column":21111}},"1645":{"start":{"line":24,"column":21034},"end":{"line":24,"column":21111}},"1646":{"start":{"line":24,"column":21111},"end":{"line":24,"column":21234}},"1647":{"start":{"line":24,"column":21234},"end":{"line":24,"column":22074}},"1648":{"start":{"line":24,"column":21328},"end":{"line":24,"column":21343}},"1649":{"start":{"line":24,"column":21348},"end":{"line":24,"column":22058}},"1650":{"start":{"line":24,"column":21373},"end":{"line":24,"column":21451}},"1651":{"start":{"line":24,"column":21413},"end":{"line":24,"column":21451}},"1652":{"start":{"line":24,"column":21451},"end":{"line":24,"column":21460}},"1653":{"start":{"line":24,"column":21466},"end":{"line":24,"column":21581}},"1654":{"start":{"line":24,"column":21572},"end":{"line":24,"column":21581}},"1655":{"start":{"line":24,"column":21581},"end":{"line":24,"column":21632}},"1656":{"start":{"line":24,"column":21632},"end":{"line":24,"column":22042}},"1657":{"start":{"line":24,"column":21635},"end":{"line":24,"column":22005}},"1658":{"start":{"line":24,"column":22042},"end":{"line":24,"column":22057}},"1659":{"start":{"line":24,"column":22058},"end":{"line":24,"column":22073}},"1660":{"start":{"line":24,"column":22074},"end":{"line":24,"column":22162}},"1661":{"start":{"line":24,"column":22082},"end":{"line":24,"column":22093}},"1662":{"start":{"line":24,"column":22098},"end":{"line":24,"column":22129}},"1663":{"start":{"line":24,"column":22125},"end":{"line":24,"column":22129}},"1664":{"start":{"line":24,"column":22129},"end":{"line":24,"column":22161}},"1665":{"start":{"line":24,"column":22162},"end":{"line":24,"column":22170}},"1666":{"start":{"line":24,"column":22219},"end":{"line":24,"column":22232}},"1667":{"start":{"line":24,"column":22233},"end":{"line":24,"column":23088}},"1668":{"start":{"line":24,"column":22235},"end":{"line":24,"column":23088}},"1669":{"start":{"line":24,"column":22247},"end":{"line":24,"column":22268}},"1670":{"start":{"line":24,"column":22259},"end":{"line":24,"column":22268}},"1671":{"start":{"line":24,"column":22268},"end":{"line":24,"column":22299}},"1672":{"start":{"line":24,"column":22295},"end":{"line":24,"column":22299}},"1673":{"start":{"line":24,"column":22299},"end":{"line":24,"column":22539}},"1674":{"start":{"line":24,"column":22312},"end":{"line":24,"column":22351}},"1675":{"start":{"line":24,"column":22356},"end":{"line":24,"column":22539}},"1676":{"start":{"line":24,"column":22396},"end":{"line":24,"column":22461}},"1677":{"start":{"line":24,"column":22402},"end":{"line":24,"column":22425}},"1678":{"start":{"line":24,"column":22415},"end":{"line":24,"column":22425}},"1679":{"start":{"line":24,"column":22425},"end":{"line":24,"column":22447}},"1680":{"start":{"line":24,"column":22453},"end":{"line":24,"column":22461}},"1681":{"start":{"line":24,"column":22466},"end":{"line":24,"column":22499}},"1682":{"start":{"line":24,"column":22495},"end":{"line":24,"column":22499}},"1683":{"start":{"line":24,"column":22499},"end":{"line":24,"column":22538}},"1684":{"start":{"line":24,"column":22539},"end":{"line":24,"column":22794}},"1685":{"start":{"line":24,"column":22719},"end":{"line":24,"column":22794}},"1686":{"start":{"line":24,"column":22794},"end":{"line":24,"column":23053}},"1687":{"start":{"line":24,"column":22889},"end":{"line":24,"column":23053}},"1688":{"start":{"line":24,"column":22896},"end":{"line":24,"column":23053}},"1689":{"start":{"line":24,"column":22905},"end":{"line":24,"column":22936}},"1690":{"start":{"line":24,"column":22932},"end":{"line":24,"column":22936}},"1691":{"start":{"line":24,"column":22936},"end":{"line":24,"column":22970}},"1692":{"start":{"line":24,"column":22966},"end":{"line":24,"column":22970}},"1693":{"start":{"line":24,"column":22970},"end":{"line":24,"column":23003}},"1694":{"start":{"line":24,"column":23003},"end":{"line":24,"column":23008}},"1695":{"start":{"line":24,"column":23014},"end":{"line":24,"column":23040}},"1696":{"start":{"line":24,"column":23034},"end":{"line":24,"column":23040}},"1697":{"start":{"line":24,"column":23040},"end":{"line":24,"column":23052}},"1698":{"start":{"line":24,"column":23053},"end":{"line":24,"column":23087}},"1699":{"start":{"line":24,"column":23080},"end":{"line":24,"column":23087}},"1700":{"start":{"line":24,"column":23088},"end":{"line":24,"column":23159}},"1701":{"start":{"line":24,"column":23179},"end":{"line":24,"column":23209}},"1702":{"start":{"line":24,"column":23196},"end":{"line":24,"column":23209}},"1703":{"start":{"line":24,"column":23217},"end":{"line":24,"column":23220}},"1704":{"start":{"line":24,"column":23223},"end":{"line":24,"column":23229}},"1705":{"start":{"line":24,"column":23232},"end":{"line":24,"column":23240}},"1706":{"start":{"line":24,"column":23241},"end":{"line":24,"column":23551}},"1707":{"start":{"line":24,"column":23575},"end":{"line":24,"column":23579}},"1708":{"start":{"line":24,"column":23580},"end":{"line":24,"column":23605}},"1709":{"start":{"line":24,"column":23601},"end":{"line":24,"column":23605}},"1710":{"start":{"line":24,"column":23605},"end":{"line":24,"column":23613}},"1711":{"start":{"line":24,"column":23633},"end":{"line":24,"column":23681}},"1712":{"start":{"line":24,"column":23641},"end":{"line":24,"column":23681}},"1713":{"start":{"line":24,"column":23681},"end":{"line":24,"column":23707}},"1714":{"start":{"line":24,"column":23727},"end":{"line":24,"column":23751}},"1715":{"start":{"line":24,"column":23735},"end":{"line":24,"column":23751}},"1716":{"start":{"line":24,"column":23751},"end":{"line":24,"column":23777}},"1717":{"start":{"line":24,"column":23799},"end":{"line":24,"column":23809}},"1718":{"start":{"line":24,"column":23812},"end":{"line":24,"column":23817}},"1719":{"start":{"line":24,"column":23818},"end":{"line":24,"column":23881}},"1720":{"start":{"line":24,"column":23831},"end":{"line":24,"column":23854}},"1721":{"start":{"line":24,"column":23850},"end":{"line":24,"column":23854}},"1722":{"start":{"line":24,"column":23854},"end":{"line":24,"column":23880}},"1723":{"start":{"line":24,"column":23877},"end":{"line":24,"column":23880}},"1724":{"start":{"line":24,"column":23881},"end":{"line":24,"column":23889}},"1725":{"start":{"line":24,"column":23905},"end":{"line":24,"column":23930}},"1726":{"start":{"line":24,"column":23915},"end":{"line":24,"column":23917}},"1727":{"start":{"line":24,"column":23923},"end":{"line":24,"column":23930}},"1728":{"start":{"line":24,"column":23930},"end":{"line":24,"column":23938}},"1729":{"start":{"line":24,"column":23968},"end":{"line":24,"column":23976}},"1730":{"start":{"line":24,"column":23979},"end":{"line":24,"column":23995}},"1731":{"start":{"line":24,"column":23996},"end":{"line":24,"column":24133}},"1732":{"start":{"line":24,"column":24008},"end":{"line":24,"column":24110}},"1733":{"start":{"line":24,"column":24065},"end":{"line":24,"column":24104}},"1734":{"start":{"line":24,"column":24104},"end":{"line":24,"column":24109}},"1735":{"start":{"line":24,"column":24110},"end":{"line":24,"column":24132}},"1736":{"start":{"line":24,"column":24133},"end":{"line":24,"column":24146}},"1737":{"start":{"line":24,"column":24162},"end":{"line":24,"column":24188}},"1738":{"start":{"line":24,"column":24208},"end":{"line":24,"column":24328}},"1739":{"start":{"line":24,"column":24222},"end":{"line":24,"column":24233}},"1740":{"start":{"line":24,"column":24236},"end":{"line":24,"column":24237}},"1741":{"start":{"line":24,"column":24253},"end":{"line":24,"column":24286}},"1742":{"start":{"line":24,"column":24276},"end":{"line":24,"column":24280}},"1743":{"start":{"line":24,"column":24280},"end":{"line":24,"column":24285}},"1744":{"start":{"line":24,"column":24286},"end":{"line":24,"column":24327}},"1745":{"start":{"line":24,"column":24328},"end":{"line":24,"column":24336}},"1746":{"start":{"line":24,"column":24374},"end":{"line":24,"column":24375}},"1747":{"start":{"line":24,"column":24378},"end":{"line":24,"column":24379}},"1748":{"start":{"line":24,"column":24382},"end":{"line":24,"column":24383}},"1749":{"start":{"line":24,"column":24386},"end":{"line":24,"column":24399}},"1750":{"start":{"line":24,"column":24402},"end":{"line":24,"column":24412}},"1751":{"start":{"line":24,"column":24415},"end":{"line":24,"column":24426}},"1752":{"start":{"line":24,"column":24427},"end":{"line":24,"column":24509}},"1753":{"start":{"line":24,"column":24452},"end":{"line":24,"column":24509}},"1754":{"start":{"line":24,"column":24509},"end":{"line":24,"column":24578}},"1755":{"start":{"line":24,"column":24560},"end":{"line":24,"column":24578}},"1756":{"start":{"line":24,"column":24578},"end":{"line":24,"column":24931}},"1757":{"start":{"line":24,"column":24654},"end":{"line":24,"column":24927}},"1758":{"start":{"line":24,"column":24752},"end":{"line":24,"column":24785}},"1759":{"start":{"line":24,"column":24765},"end":{"line":24,"column":24785}},"1760":{"start":{"line":24,"column":24785},"end":{"line":24,"column":24926}},"1761":{"start":{"line":24,"column":24796},"end":{"line":24,"column":24899}},"1762":{"start":{"line":24,"column":24820},"end":{"line":24,"column":24861}},"1763":{"start":{"line":24,"column":24866},"end":{"line":24,"column":24899}},"1764":{"start":{"line":24,"column":24904},"end":{"line":24,"column":24926}},"1765":{"start":{"line":24,"column":24927},"end":{"line":24,"column":24930}},"1766":{"start":{"line":24,"column":24977},"end":{"line":24,"column":24978}},"1767":{"start":{"line":24,"column":24981},"end":{"line":24,"column":24983}},"1768":{"start":{"line":24,"column":24986},"end":{"line":24,"column":24987}},"1769":{"start":{"line":24,"column":24990},"end":{"line":24,"column":24993}},"1770":{"start":{"line":24,"column":24996},"end":{"line":24,"column":25009}},"1771":{"start":{"line":24,"column":25012},"end":{"line":24,"column":25022}},"1772":{"start":{"line":24,"column":25025},"end":{"line":24,"column":25036}},"1773":{"start":{"line":24,"column":25037},"end":{"line":24,"column":25130}},"1774":{"start":{"line":24,"column":25085},"end":{"line":24,"column":25130}},"1775":{"start":{"line":24,"column":25130},"end":{"line":24,"column":25470}},"1776":{"start":{"line":24,"column":25217},"end":{"line":24,"column":25294}},"1777":{"start":{"line":24,"column":25254},"end":{"line":24,"column":25294}},"1778":{"start":{"line":24,"column":25294},"end":{"line":24,"column":25351}},"1779":{"start":{"line":24,"column":25357},"end":{"line":24,"column":25470}},"1780":{"start":{"line":24,"column":25470},"end":{"line":24,"column":25886}},"1781":{"start":{"line":24,"column":25539},"end":{"line":24,"column":25877}},"1782":{"start":{"line":24,"column":25628},"end":{"line":24,"column":25877}},"1783":{"start":{"line":24,"column":25715},"end":{"line":24,"column":25849}},"1784":{"start":{"line":24,"column":25734},"end":{"line":24,"column":25811}},"1785":{"start":{"line":24,"column":25816},"end":{"line":24,"column":25849}},"1786":{"start":{"line":24,"column":25854},"end":{"line":24,"column":25877}},"1787":{"start":{"line":24,"column":25877},"end":{"line":24,"column":25885}},"1788":{"start":{"line":24,"column":25902},"end":{"line":24,"column":25926}},"1789":{"start":{"line":24,"column":25954},"end":{"line":24,"column":26121}},"1790":{"start":{"line":24,"column":26121},"end":{"line":24,"column":26164}},"1791":{"start":{"line":24,"column":26164},"end":{"line":24,"column":26479}},"1792":{"start":{"line":24,"column":26185},"end":{"line":24,"column":26343}},"1793":{"start":{"line":24,"column":26239},"end":{"line":24,"column":26307}},"1794":{"start":{"line":24,"column":26280},"end":{"line":24,"column":26307}},"1795":{"start":{"line":24,"column":26307},"end":{"line":24,"column":26332}},"1796":{"start":{"line":24,"column":26338},"end":{"line":24,"column":26343}},"1797":{"start":{"line":24,"column":26343},"end":{"line":24,"column":26360}},"1798":{"start":{"line":24,"column":26353},"end":{"line":24,"column":26360}},"1799":{"start":{"line":24,"column":26360},"end":{"line":24,"column":26459}},"1800":{"start":{"line":24,"column":26465},"end":{"line":24,"column":26479}},"1801":{"start":{"line":24,"column":26479},"end":{"line":24,"column":26487}},"1802":{"start":{"line":24,"column":26527},"end":{"line":24,"column":26684}},"1803":{"start":{"line":24,"column":26549},"end":{"line":24,"column":26610}},"1804":{"start":{"line":24,"column":26596},"end":{"line":24,"column":26610}},"1805":{"start":{"line":24,"column":26616},"end":{"line":24,"column":26684}},"1806":{"start":{"line":24,"column":26645},"end":{"line":24,"column":26684}},"1807":{"start":{"line":24,"column":26684},"end":{"line":24,"column":26790}},"1808":{"start":{"line":24,"column":26698},"end":{"line":24,"column":26721}},"1809":{"start":{"line":24,"column":26726},"end":{"line":24,"column":26790}},"1810":{"start":{"line":24,"column":26740},"end":{"line":24,"column":26744}},"1811":{"start":{"line":24,"column":26749},"end":{"line":24,"column":26790}},"1812":{"start":{"line":24,"column":26763},"end":{"line":24,"column":26767}},"1813":{"start":{"line":24,"column":26772},"end":{"line":24,"column":26790}},"1814":{"start":{"line":24,"column":26790},"end":{"line":24,"column":27021}},"1815":{"start":{"line":24,"column":27013},"end":{"line":24,"column":27021}},"1816":{"start":{"line":24,"column":27021},"end":{"line":24,"column":27144}},"1817":{"start":{"line":24,"column":27170},"end":{"line":24,"column":27180}},"1818":{"start":{"line":24,"column":27181},"end":{"line":24,"column":27220}},"1819":{"start":{"line":24,"column":27188},"end":{"line":24,"column":27220}},"1820":{"start":{"line":24,"column":27220},"end":{"line":24,"column":27288}},"1821":{"start":{"line":24,"column":27288},"end":{"line":24,"column":27399}},"1822":{"start":{"line":24,"column":27300},"end":{"line":24,"column":27308}},"1823":{"start":{"line":24,"column":27311},"end":{"line":24,"column":27320}},"1824":{"start":{"line":24,"column":27323},"end":{"line":24,"column":27332}},"1825":{"start":{"line":24,"column":27338},"end":{"line":24,"column":27399}},"1826":{"start":{"line":24,"column":27399},"end":{"line":24,"column":27407}},"1827":{"start":{"line":24,"column":27445},"end":{"line":24,"column":27446}},"1828":{"start":{"line":24,"column":27449},"end":{"line":24,"column":27460}},"1829":{"start":{"line":24,"column":27463},"end":{"line":24,"column":27477}},"1830":{"start":{"line":24,"column":27478},"end":{"line":24,"column":27707}},"1831":{"start":{"line":24,"column":27514},"end":{"line":24,"column":27687}},"1832":{"start":{"line":24,"column":27641},"end":{"line":24,"column":27672}},"1833":{"start":{"line":24,"column":27672},"end":{"line":24,"column":27686}},"1834":{"start":{"line":24,"column":27681},"end":{"line":24,"column":27686}},"1835":{"start":{"line":24,"column":27687},"end":{"line":24,"column":27706}},"1836":{"start":{"line":24,"column":27707},"end":{"line":24,"column":27735}},"1837":{"start":{"line":24,"column":27753},"end":{"line":24,"column":27775}},"1838":{"start":{"line":24,"column":27763},"end":{"line":24,"column":27764}},"1839":{"start":{"line":24,"column":27770},"end":{"line":24,"column":27775}},"1840":{"start":{"line":24,"column":27775},"end":{"line":24,"column":27783}},"1841":{"start":{"line":24,"column":27809},"end":{"line":24,"column":27814}},"1842":{"start":{"line":24,"column":27817},"end":{"line":24,"column":27836}},"1843":{"start":{"line":24,"column":27839},"end":{"line":24,"column":27850}},"1844":{"start":{"line":24,"column":27851},"end":{"line":24,"column":27891}},"1845":{"start":{"line":24,"column":27873},"end":{"line":24,"column":27891}},"1846":{"start":{"line":24,"column":27891},"end":{"line":24,"column":28020}},"1847":{"start":{"line":24,"column":27921},"end":{"line":24,"column":27930}},"1848":{"start":{"line":24,"column":27935},"end":{"line":24,"column":27999}},"1849":{"start":{"line":24,"column":27969},"end":{"line":24,"column":27999}},"1850":{"start":{"line":24,"column":27999},"end":{"line":24,"column":28019}},"1851":{"start":{"line":24,"column":28020},"end":{"line":24,"column":28043}},"1852":{"start":{"line":24,"column":28089},"end":{"line":24,"column":28102}},"1853":{"start":{"line":24,"column":28105},"end":{"line":24,"column":28115}},"1854":{"start":{"line":24,"column":28116},"end":{"line":24,"column":29153}},"1855":{"start":{"line":24,"column":28211},"end":{"line":24,"column":28219}},"1856":{"start":{"line":24,"column":28224},"end":{"line":24,"column":28428}},"1857":{"start":{"line":24,"column":28420},"end":{"line":24,"column":28428}},"1858":{"start":{"line":24,"column":28428},"end":{"line":24,"column":29113}},"1859":{"start":{"line":24,"column":28437},"end":{"line":24,"column":28452}},"1860":{"start":{"line":24,"column":28457},"end":{"line":24,"column":28727}},"1861":{"start":{"line":24,"column":28679},"end":{"line":24,"column":28727}},"1862":{"start":{"line":24,"column":28698},"end":{"line":24,"column":28727}},"1863":{"start":{"line":24,"column":28727},"end":{"line":24,"column":28755}},"1864":{"start":{"line":24,"column":28755},"end":{"line":24,"column":28795}},"1865":{"start":{"line":24,"column":28776},"end":{"line":24,"column":28795}},"1866":{"start":{"line":24,"column":28795},"end":{"line":24,"column":29112}},"1867":{"start":{"line":24,"column":28801},"end":{"line":24,"column":28975}},"1868":{"start":{"line":24,"column":28808},"end":{"line":24,"column":28975}},"1869":{"start":{"line":24,"column":28824},"end":{"line":24,"column":28859}},"1870":{"start":{"line":24,"column":28852},"end":{"line":24,"column":28859}},"1871":{"start":{"line":24,"column":28859},"end":{"line":24,"column":28899}},"1872":{"start":{"line":24,"column":28899},"end":{"line":24,"column":28940}},"1873":{"start":{"line":24,"column":28922},"end":{"line":24,"column":28940}},"1874":{"start":{"line":24,"column":28946},"end":{"line":24,"column":28975}},"1875":{"start":{"line":24,"column":28975},"end":{"line":24,"column":28995}},"1876":{"start":{"line":24,"column":29001},"end":{"line":24,"column":29112}},"1877":{"start":{"line":24,"column":29009},"end":{"line":24,"column":29027}},"1878":{"start":{"line":24,"column":29019},"end":{"line":24,"column":29027}},"1879":{"start":{"line":24,"column":29027},"end":{"line":24,"column":29035}},"1880":{"start":{"line":24,"column":29041},"end":{"line":24,"column":29112}},"1881":{"start":{"line":24,"column":29050},"end":{"line":24,"column":29071}},"1882":{"start":{"line":24,"column":29064},"end":{"line":24,"column":29071}},"1883":{"start":{"line":24,"column":29076},"end":{"line":24,"column":29112}},"1884":{"start":{"line":24,"column":29113},"end":{"line":24,"column":29152}},"1885":{"start":{"line":24,"column":29153},"end":{"line":24,"column":29173}},"1886":{"start":{"line":24,"column":29191},"end":{"line":24,"column":29225}},"1887":{"start":{"line":24,"column":29205},"end":{"line":24,"column":29225}},"1888":{"start":{"line":24,"column":29241},"end":{"line":24,"column":29265}},"1889":{"start":{"line":24,"column":29281},"end":{"line":24,"column":29306}},"1890":{"start":{"line":24,"column":29322},"end":{"line":24,"column":29348}},"1891":{"start":{"line":24,"column":29366},"end":{"line":24,"column":29392}},"1892":{"start":{"line":24,"column":29408},"end":{"line":24,"column":29433}},"1893":{"start":{"line":24,"column":29449},"end":{"line":24,"column":29475}},"1894":{"start":{"line":24,"column":29491},"end":{"line":24,"column":29516}},"1895":{"start":{"line":24,"column":29532},"end":{"line":24,"column":29558}},"1896":{"start":{"line":24,"column":29576},"end":{"line":24,"column":29604}},"1897":{"start":{"line":24,"column":29612},"end":{"line":24,"column":29626}},"1898":{"start":{"line":24,"column":29629},"end":{"line":24,"column":29642}},"1899":{"start":{"line":24,"column":29645},"end":{"line":24,"column":29648}},"1900":{"start":{"line":24,"column":29649},"end":{"line":24,"column":30018}},"1901":{"start":{"line":24,"column":30034},"end":{"line":24,"column":30059}},"1902":{"start":{"line":24,"column":30075},"end":{"line":24,"column":30106}},"1903":{"start":{"line":24,"column":30126},"end":{"line":24,"column":30155}},"1904":{"start":{"line":24,"column":30171},"end":{"line":24,"column":30231}},"1905":{"start":{"line":24,"column":30197},"end":{"line":24,"column":30231}},"1906":{"start":{"line":24,"column":30243},"end":{"line":24,"column":30258}},"1907":{"start":{"line":24,"column":30261},"end":{"line":24,"column":30365}},"1908":{"start":{"line":24,"column":30366},"end":{"line":24,"column":30511}},"1909":{"start":{"line":24,"column":30390},"end":{"line":24,"column":30511}},"1910":{"start":{"line":24,"column":30437},"end":{"line":24,"column":30511}},"1911":{"start":{"line":24,"column":30471},"end":{"line":24,"column":30481}},"1912":{"start":{"line":24,"column":30486},"end":{"line":24,"column":30511}},"1913":{"start":{"line":24,"column":30511},"end":{"line":24,"column":30752}},"1914":{"start":{"line":24,"column":30562},"end":{"line":24,"column":30752}},"1915":{"start":{"line":24,"column":30594},"end":{"line":24,"column":30722}},"1916":{"start":{"line":24,"column":30599},"end":{"line":24,"column":30706}},"1917":{"start":{"line":24,"column":30674},"end":{"line":24,"column":30685}},"1918":{"start":{"line":24,"column":30690},"end":{"line":24,"column":30706}},"1919":{"start":{"line":24,"column":30711},"end":{"line":24,"column":30722}},"1920":{"start":{"line":24,"column":30727},"end":{"line":24,"column":30752}},"1921":{"start":{"line":24,"column":30752},"end":{"line":24,"column":30763}},"1922":{"start":{"line":24,"column":30779},"end":{"line":24,"column":30803}},"1923":{"start":{"line":24,"column":30819},"end":{"line":24,"column":30844}},"1924":{"start":{"line":24,"column":30896},"end":{"line":24,"column":30900}},"1925":{"start":{"line":24,"column":30901},"end":{"line":24,"column":30938}},"1926":{"start":{"line":24,"column":30922},"end":{"line":24,"column":30938}},"1927":{"start":{"line":24,"column":30938},"end":{"line":24,"column":31104}},"1928":{"start":{"line":24,"column":30964},"end":{"line":24,"column":31097}},"1929":{"start":{"line":24,"column":31097},"end":{"line":24,"column":31103}},"1930":{"start":{"line":24,"column":31104},"end":{"line":24,"column":31418}},"1931":{"start":{"line":24,"column":31132},"end":{"line":24,"column":31178}},"1932":{"start":{"line":24,"column":31142},"end":{"line":24,"column":31171}},"1933":{"start":{"line":24,"column":31171},"end":{"line":24,"column":31177}},"1934":{"start":{"line":24,"column":31178},"end":{"line":24,"column":31343}},"1935":{"start":{"line":24,"column":31221},"end":{"line":24,"column":31249}},"1936":{"start":{"line":24,"column":31245},"end":{"line":24,"column":31249}},"1937":{"start":{"line":24,"column":31249},"end":{"line":24,"column":31336}},"1938":{"start":{"line":24,"column":31336},"end":{"line":24,"column":31342}},"1939":{"start":{"line":24,"column":31343},"end":{"line":24,"column":31392}},"1940":{"start":{"line":24,"column":31355},"end":{"line":24,"column":31385}},"1941":{"start":{"line":24,"column":31385},"end":{"line":24,"column":31391}},"1942":{"start":{"line":24,"column":31392},"end":{"line":24,"column":31417}},"1943":{"start":{"line":24,"column":31418},"end":{"line":24,"column":31545}},"1944":{"start":{"line":24,"column":31434},"end":{"line":24,"column":31545}},"1945":{"start":{"line":24,"column":31545},"end":{"line":24,"column":31611}},"1946":{"start":{"line":24,"column":31561},"end":{"line":24,"column":31611}},"1947":{"start":{"line":24,"column":31611},"end":{"line":24,"column":31628}},"1948":{"start":{"line":24,"column":31629},"end":{"line":24,"column":32416}},"1949":{"start":{"line":24,"column":32272},"end":{"line":24,"column":32416}},"1950":{"start":{"line":24,"column":32373},"end":{"line":24,"column":32416}},"1951":{"start":{"line":24,"column":32416},"end":{"line":24,"column":32436}},"1952":{"start":{"line":24,"column":32454},"end":{"line":24,"column":32479}},"1953":{"start":{"line":24,"column":32495},"end":{"line":24,"column":32519}},"1954":{"start":{"line":24,"column":32535},"end":{"line":24,"column":32566}},"1955":{"start":{"line":24,"column":32591},"end":{"line":24,"column":32602}},"1956":{"start":{"line":24,"column":32603},"end":{"line":24,"column":32740}},"1957":{"start":{"line":24,"column":32636},"end":{"line":24,"column":32740}},"1958":{"start":{"line":24,"column":32670},"end":{"line":24,"column":32698}},"1959":{"start":{"line":24,"column":32703},"end":{"line":24,"column":32736}},"1960":{"start":{"line":24,"column":32710},"end":{"line":24,"column":32736}},"1961":{"start":{"line":24,"column":32736},"end":{"line":24,"column":32739}},"1962":{"start":{"line":24,"column":32740},"end":{"line":24,"column":32760}},"1963":{"start":{"line":24,"column":32776},"end":{"line":24,"column":32825}},"1964":{"start":{"line":24,"column":32841},"end":{"line":24,"column":32864}},"1965":{"start":{"line":24,"column":32882},"end":{"line":24,"column":32907}},"1966":{"start":{"line":24,"column":32923},"end":{"line":24,"column":32948}},"1967":{"start":{"line":24,"column":32964},"end":{"line":24,"column":32990}},"1968":{"start":{"line":24,"column":33005},"end":{"line":24,"column":33033}},"1969":{"start":{"line":24,"column":33048},"end":{"line":24,"column":33075}},"1970":{"start":{"line":24,"column":33093},"end":{"line":24,"column":33118}},"1971":{"start":{"line":24,"column":33136},"end":{"line":24,"column":33161}},"1972":{"start":{"line":24,"column":33179},"end":{"line":24,"column":33204}},"1973":{"start":{"line":24,"column":33234},"end":{"line":24,"column":33235}},"1974":{"start":{"line":24,"column":33238},"end":{"line":24,"column":33249}},"1975":{"start":{"line":24,"column":33252},"end":{"line":24,"column":33254}},"1976":{"start":{"line":24,"column":33255},"end":{"line":24,"column":33732}},"1977":{"start":{"line":24,"column":33326},"end":{"line":24,"column":33690}},"1978":{"start":{"line":24,"column":33352},"end":{"line":24,"column":33486}},"1979":{"start":{"line":24,"column":33406},"end":{"line":24,"column":33486}},"1980":{"start":{"line":24,"column":33491},"end":{"line":24,"column":33690}},"1981":{"start":{"line":24,"column":33514},"end":{"line":24,"column":33663}},"1982":{"start":{"line":24,"column":33550},"end":{"line":24,"column":33663}},"1983":{"start":{"line":24,"column":33663},"end":{"line":24,"column":33668}},"1984":{"start":{"line":24,"column":33674},"end":{"line":24,"column":33690}},"1985":{"start":{"line":24,"column":33695},"end":{"line":24,"column":33732}},"1986":{"start":{"line":24,"column":33705},"end":{"line":24,"column":33732}},"1987":{"start":{"line":24,"column":33732},"end":{"line":24,"column":33806}},"1988":{"start":{"line":24,"column":33798},"end":{"line":24,"column":33806}},"1989":{"start":{"line":24,"column":33806},"end":{"line":24,"column":33906}},"1990":{"start":{"line":24,"column":33813},"end":{"line":24,"column":33823}},"1991":{"start":{"line":24,"column":33828},"end":{"line":24,"column":33861}},"1992":{"start":{"line":24,"column":33851},"end":{"line":24,"column":33861}},"1993":{"start":{"line":24,"column":33861},"end":{"line":24,"column":33892}},"1994":{"start":{"line":24,"column":33888},"end":{"line":24,"column":33892}},"1995":{"start":{"line":24,"column":33892},"end":{"line":24,"column":33905}},"1996":{"start":{"line":24,"column":33906},"end":{"line":24,"column":33926}},"1997":{"start":{"line":24,"column":33942},"end":{"line":24,"column":33985}},"1998":{"start":{"line":24,"column":34001},"end":{"line":24,"column":34051}},"1999":{"start":{"line":24,"column":34067},"end":{"line":24,"column":34091}},"2000":{"start":{"line":24,"column":34107},"end":{"line":24,"column":34132}},"2001":{"start":{"line":24,"column":34148},"end":{"line":24,"column":34173}},"2002":{"start":{"line":24,"column":34191},"end":{"line":24,"column":34216}},"2003":{"start":{"line":24,"column":34237},"end":{"line":24,"column":34238}},"2004":{"start":{"line":24,"column":34241},"end":{"line":24,"column":34250}},"2005":{"start":{"line":24,"column":34253},"end":{"line":24,"column":34267}},"2006":{"start":{"line":24,"column":34268},"end":{"line":24,"column":34311}},"2007":{"start":{"line":24,"column":34296},"end":{"line":24,"column":34311}},"2008":{"start":{"line":24,"column":34311},"end":{"line":24,"column":34356}},"2009":{"start":{"line":24,"column":34372},"end":{"line":24,"column":34396}},"2010":{"start":{"line":24,"column":34412},"end":{"line":24,"column":34437}},"2011":{"start":{"line":24,"column":34453},"end":{"line":24,"column":34484}},"2012":{"start":{"line":24,"column":34485},"end":{"line":24,"column":34540}},"2013":{"start":{"line":24,"column":34540},"end":{"line":24,"column":34572}},"2014":{"start":{"line":24,"column":34579},"end":{"line":24,"column":34599}},"2015":{"start":{"line":24,"column":34600},"end":{"line":24,"column":34614}},"2016":{"start":{"line":24,"column":34614},"end":{"line":24,"column":34628}},"2017":{"start":{"line":24,"column":34635},"end":{"line":24,"column":34637}},"2018":{"start":{"line":24,"column":34653},"end":{"line":24,"column":34739}},"2019":{"start":{"line":24,"column":34755},"end":{"line":24,"column":34816}},"2020":{"start":{"line":24,"column":34848},"end":{"line":24,"column":35128}},"2021":{"start":{"line":24,"column":34871},"end":{"line":24,"column":34888}},"2022":{"start":{"line":24,"column":34941},"end":{"line":24,"column":34964}},"2023":{"start":{"line":24,"column":34965},"end":{"line":24,"column":34993}},"2024":{"start":{"line":24,"column":35009},"end":{"line":24,"column":35028}},"2025":{"start":{"line":24,"column":35042},"end":{"line":24,"column":35059}},"2026":{"start":{"line":24,"column":35070},"end":{"line":24,"column":35091}},"2027":{"start":{"line":24,"column":35099},"end":{"line":24,"column":35127}},"2028":{"start":{"line":24,"column":35136},"end":{"line":24,"column":35323}},"2029":{"start":{"line":24,"column":35147},"end":{"line":24,"column":35154}},"2030":{"start":{"line":24,"column":35162},"end":{"line":24,"column":35192}},"2031":{"start":{"line":24,"column":35202},"end":{"line":24,"column":35228}},"2032":{"start":{"line":24,"column":35252},"end":{"line":24,"column":35268}},"2033":{"start":{"line":24,"column":35269},"end":{"line":24,"column":35289}},"2034":{"start":{"line":24,"column":35274},"end":{"line":24,"column":35289}},"2035":{"start":{"line":24,"column":35295},"end":{"line":24,"column":35298}},"2036":{"start":{"line":24,"column":35299},"end":{"line":24,"column":35321}},"2037":{"start":{"line":24,"column":35339},"end":{"line":24,"column":35391}},"2038":{"start":{"line":24,"column":35415},"end":{"line":24,"column":35417}},"2039":{"start":{"line":24,"column":35418},"end":{"line":24,"column":35452}},"2040":{"start":{"line":24,"column":35440},"end":{"line":24,"column":35444}},"2041":{"start":{"line":24,"column":35445},"end":{"line":24,"column":35451}},"2042":{"start":{"line":24,"column":35452},"end":{"line":24,"column":35460}},"2043":{"start":{"line":24,"column":35482},"end":{"line":24,"column":35530}},"2044":{"start":{"line":24,"column":35495},"end":{"line":24,"column":35528}},"2045":{"start":{"line":24,"column":35546},"end":{"line":24,"column":35609}},"2046":{"start":{"line":24,"column":35631},"end":{"line":24,"column":35633}},"2047":{"start":{"line":24,"column":35634},"end":{"line":24,"column":35666}},"2048":{"start":{"line":24,"column":35659},"end":{"line":24,"column":35666}},"2049":{"start":{"line":24,"column":35666},"end":{"line":24,"column":35674}},"2050":{"start":{"line":24,"column":35690},"end":{"line":24,"column":35767}},"2051":{"start":{"line":24,"column":35783},"end":{"line":24,"column":35819}},"2052":{"start":{"line":24,"column":35835},"end":{"line":24,"column":35983}},"2053":{"start":{"line":24,"column":35991},"end":{"line":24,"column":35993}},"2054":{"start":{"line":24,"column":35994},"end":{"line":24,"column":36055}},"2055":{"start":{"line":24,"column":36017},"end":{"line":24,"column":36019}},"2056":{"start":{"line":24,"column":36050},"end":{"line":24,"column":36052}},"2057":{"start":{"line":24,"column":36070},"end":{"line":24,"column":36120}},"2058":{"start":{"line":24,"column":36112},"end":{"line":24,"column":36118}},"2059":{"start":{"line":24,"column":36128},"end":{"line":24,"column":36642}},"2060":{"start":{"line":24,"column":36133},"end":{"line":24,"column":36632}},"2061":{"start":{"line":24,"column":36650},"end":{"line":24,"column":36657}},"2062":{"start":{"line":24,"column":36665},"end":{"line":24,"column":36686}},"2063":{"start":{"line":24,"column":36694},"end":{"line":24,"column":36846}},"2064":{"start":{"line":24,"column":36725},"end":{"line":24,"column":36733}},"2065":{"start":{"line":24,"column":36786},"end":{"line":24,"column":36794}},"2066":{"start":{"line":24,"column":36805},"end":{"line":24,"column":36813}},"2067":{"start":{"line":24,"column":36854},"end":{"line":24,"column":36858}},"2068":{"start":{"line":24,"column":36857},"end":{"line":24,"column":36858}},"2069":{"start":{"line":24,"column":36862},"end":{"line":24,"column":36864}},"2070":{"start":{"line":24,"column":36868},"end":{"line":24,"column":36869}},"2071":{"start":{"line":24,"column":36872},"end":{"line":24,"column":39998}},"2072":{"start":{"line":24,"column":37006},"end":{"line":24,"column":37206}},"2073":{"start":{"line":24,"column":37032},"end":{"line":24,"column":37033}},"2074":{"start":{"line":24,"column":37034},"end":{"line":24,"column":37088}},"2075":{"start":{"line":24,"column":37094},"end":{"line":24,"column":37206}},"2076":{"start":{"line":24,"column":37225},"end":{"line":24,"column":37277}},"2077":{"start":{"line":24,"column":37297},"end":{"line":24,"column":37363}},"2078":{"start":{"line":24,"column":37397},"end":{"line":24,"column":37411}},"2079":{"start":{"line":24,"column":37412},"end":{"line":24,"column":37673}},"2080":{"start":{"line":24,"column":37443},"end":{"line":24,"column":37481}},"2081":{"start":{"line":24,"column":37469},"end":{"line":24,"column":37481}},"2082":{"start":{"line":24,"column":37481},"end":{"line":24,"column":37493}},"2083":{"start":{"line":24,"column":37493},"end":{"line":24,"column":37546}},"2084":{"start":{"line":24,"column":37508},"end":{"line":24,"column":37546}},"2085":{"start":{"line":24,"column":37546},"end":{"line":24,"column":37555}},"2086":{"start":{"line":24,"column":37567},"end":{"line":24,"column":37656}},"2087":{"start":{"line":24,"column":37639},"end":{"line":24,"column":37650}},"2088":{"start":{"line":24,"column":37664},"end":{"line":24,"column":37672}},"2089":{"start":{"line":24,"column":37714},"end":{"line":24,"column":37742}},"2090":{"start":{"line":24,"column":37743},"end":{"line":24,"column":37768}},"2091":{"start":{"line":24,"column":37758},"end":{"line":24,"column":37768}},"2092":{"start":{"line":24,"column":37768},"end":{"line":24,"column":37776}},"2093":{"start":{"line":24,"column":37809},"end":{"line":24,"column":37826}},"2094":{"start":{"line":24,"column":37832},"end":{"line":24,"column":37836}},"2095":{"start":{"line":24,"column":37839},"end":{"line":24,"column":37841}},"2096":{"start":{"line":24,"column":37842},"end":{"line":24,"column":37970}},"2097":{"start":{"line":24,"column":37857},"end":{"line":24,"column":37970}},"2098":{"start":{"line":24,"column":37881},"end":{"line":24,"column":37937}},"2099":{"start":{"line":24,"column":37889},"end":{"line":24,"column":37937}},"2100":{"start":{"line":24,"column":37904},"end":{"line":24,"column":37937}},"2101":{"start":{"line":24,"column":37937},"end":{"line":24,"column":37969}},"2102":{"start":{"line":24,"column":37976},"end":{"line":24,"column":37980}},"2103":{"start":{"line":24,"column":37981},"end":{"line":24,"column":38065}},"2104":{"start":{"line":24,"column":38037},"end":{"line":24,"column":38061}},"2105":{"start":{"line":24,"column":38091},"end":{"line":24,"column":38099}},"2106":{"start":{"line":24,"column":38105},"end":{"line":24,"column":38117}},"2107":{"start":{"line":24,"column":38118},"end":{"line":24,"column":38304}},"2108":{"start":{"line":24,"column":38133},"end":{"line":24,"column":38304}},"2109":{"start":{"line":24,"column":38157},"end":{"line":24,"column":38179}},"2110":{"start":{"line":24,"column":38185},"end":{"line":24,"column":38189}},"2111":{"start":{"line":24,"column":38192},"end":{"line":24,"column":38206}},"2112":{"start":{"line":24,"column":38207},"end":{"line":24,"column":38303}},"2113":{"start":{"line":24,"column":38350},"end":{"line":24,"column":38379}},"2114":{"start":{"line":24,"column":38380},"end":{"line":24,"column":38538}},"2115":{"start":{"line":24,"column":38577},"end":{"line":24,"column":39693}},"2116":{"start":{"line":24,"column":38593},"end":{"line":24,"column":38633}},"2117":{"start":{"line":24,"column":38624},"end":{"line":24,"column":38633}},"2118":{"start":{"line":24,"column":38633},"end":{"line":24,"column":38648}},"2119":{"start":{"line":24,"column":38641},"end":{"line":24,"column":38648}},"2120":{"start":{"line":24,"column":38654},"end":{"line":24,"column":38658}},"2121":{"start":{"line":24,"column":38659},"end":{"line":24,"column":38692}},"2122":{"start":{"line":24,"column":38692},"end":{"line":24,"column":39692}},"2123":{"start":{"line":24,"column":38702},"end":{"line":24,"column":38703}},"2124":{"start":{"line":24,"column":38726},"end":{"line":24,"column":38730}},"2125":{"start":{"line":24,"column":38733},"end":{"line":24,"column":38741}},"2126":{"start":{"line":24,"column":38744},"end":{"line":24,"column":38758}},"2127":{"start":{"line":24,"column":38762},"end":{"line":24,"column":38772}},"2128":{"start":{"line":24,"column":38776},"end":{"line":24,"column":38777}},"2129":{"start":{"line":24,"column":38781},"end":{"line":24,"column":38788}},"2130":{"start":{"line":24,"column":38789},"end":{"line":24,"column":38904}},"2131":{"start":{"line":24,"column":38821},"end":{"line":24,"column":38862}},"2132":{"start":{"line":24,"column":38863},"end":{"line":24,"column":38903}},"2133":{"start":{"line":24,"column":38904},"end":{"line":24,"column":38919}},"2134":{"start":{"line":24,"column":38919},"end":{"line":24,"column":39691}},"2135":{"start":{"line":24,"column":38929},"end":{"line":24,"column":38930}},"2136":{"start":{"line":24,"column":38934},"end":{"line":24,"column":38935}},"2137":{"start":{"line":24,"column":38975},"end":{"line":24,"column":38979}},"2138":{"start":{"line":24,"column":38980},"end":{"line":24,"column":39008}},"2139":{"start":{"line":24,"column":39001},"end":{"line":24,"column":39008}},"2140":{"start":{"line":24,"column":39008},"end":{"line":24,"column":39037}},"2141":{"start":{"line":24,"column":39028},"end":{"line":24,"column":39037}},"2142":{"start":{"line":24,"column":39037},"end":{"line":24,"column":39364}},"2143":{"start":{"line":24,"column":39059},"end":{"line":24,"column":39074}},"2144":{"start":{"line":24,"column":39080},"end":{"line":24,"column":39089}},"2145":{"start":{"line":24,"column":39090},"end":{"line":24,"column":39102}},"2146":{"start":{"line":24,"column":39096},"end":{"line":24,"column":39102}},"2147":{"start":{"line":24,"column":39108},"end":{"line":24,"column":39133}},"2148":{"start":{"line":24,"column":39136},"end":{"line":24,"column":39155}},"2149":{"start":{"line":24,"column":39158},"end":{"line":24,"column":39159}},"2150":{"start":{"line":24,"column":39162},"end":{"line":24,"column":39164}},"2151":{"start":{"line":24,"column":39165},"end":{"line":24,"column":39259}},"2152":{"start":{"line":24,"column":39175},"end":{"line":24,"column":39183}},"2153":{"start":{"line":24,"column":39227},"end":{"line":24,"column":39259}},"2154":{"start":{"line":24,"column":39259},"end":{"line":24,"column":39289}},"2155":{"start":{"line":24,"column":39280},"end":{"line":24,"column":39289}},"2156":{"start":{"line":24,"column":39289},"end":{"line":24,"column":39323}},"2157":{"start":{"line":24,"column":39329},"end":{"line":24,"column":39343}},"2158":{"start":{"line":24,"column":39349},"end":{"line":24,"column":39359}},"2159":{"start":{"line":24,"column":39362},"end":{"line":24,"column":39363}},"2160":{"start":{"line":24,"column":39364},"end":{"line":24,"column":39391}},"2161":{"start":{"line":24,"column":39371},"end":{"line":24,"column":39382}},"2162":{"start":{"line":24,"column":39376},"end":{"line":24,"column":39382}},"2163":{"start":{"line":24,"column":39382},"end":{"line":24,"column":39390}},"2164":{"start":{"line":24,"column":39391},"end":{"line":24,"column":39418}},"2165":{"start":{"line":24,"column":39424},"end":{"line":24,"column":39434}},"2166":{"start":{"line":24,"column":39437},"end":{"line":24,"column":39451}},"2167":{"start":{"line":24,"column":39454},"end":{"line":24,"column":39464}},"2168":{"start":{"line":24,"column":39467},"end":{"line":24,"column":39480}},"2169":{"start":{"line":24,"column":39483},"end":{"line":24,"column":39494}},"2170":{"start":{"line":24,"column":39501},"end":{"line":24,"column":39506}},"2171":{"start":{"line":24,"column":39507},"end":{"line":24,"column":39539}},"2172":{"start":{"line":24,"column":39546},"end":{"line":24,"column":39583}},"2173":{"start":{"line":24,"column":39584},"end":{"line":24,"column":39690}},"2174":{"start":{"line":24,"column":39685},"end":{"line":24,"column":39690}},"2175":{"start":{"line":24,"column":39724},"end":{"line":24,"column":39727}},"2176":{"start":{"line":24,"column":39730},"end":{"line":24,"column":39736}},"2177":{"start":{"line":24,"column":39737},"end":{"line":24,"column":39782}},"2178":{"start":{"line":24,"column":39743},"end":{"line":24,"column":39768}},"2179":{"start":{"line":24,"column":39758},"end":{"line":24,"column":39768}},"2180":{"start":{"line":24,"column":39768},"end":{"line":24,"column":39781}},"2181":{"start":{"line":24,"column":39782},"end":{"line":24,"column":39819}},"2182":{"start":{"line":24,"column":39859},"end":{"line":24,"column":39870}},"2183":{"start":{"line":24,"column":39871},"end":{"line":24,"column":39897}},"2184":{"start":{"line":24,"column":39923},"end":{"line":24,"column":39937}},"2185":{"start":{"line":24,"column":39938},"end":{"line":24,"column":39986}},"2186":{"start":{"line":24,"column":39958},"end":{"line":24,"column":39986}},"2187":{"start":{"line":24,"column":39968},"end":{"line":24,"column":39969}},"2188":{"start":{"line":24,"column":39982},"end":{"line":24,"column":39986}},"2189":{"start":{"line":24,"column":39999},"end":{"line":24,"column":40704}},"2190":{"start":{"line":24,"column":40704},"end":{"line":24,"column":41803}},"2191":{"start":{"line":24,"column":41803},"end":{"line":24,"column":41922}},"2192":{"start":{"line":24,"column":41922},"end":{"line":24,"column":43249}},"2193":{"start":{"line":24,"column":43249},"end":{"line":24,"column":43326}},"2194":{"start":{"line":24,"column":43326},"end":{"line":24,"column":43364}},"2195":{"start":{"line":24,"column":43364},"end":{"line":24,"column":43921}},"2196":{"start":{"line":24,"column":43921},"end":{"line":24,"column":43959}},"2197":{"start":{"line":24,"column":43982},"end":{"line":24,"column":44066}},"2198":{"start":{"line":24,"column":44067},"end":{"line":24,"column":44216}},"2199":{"start":{"line":24,"column":44094},"end":{"line":24,"column":44214}},"2200":{"start":{"line":24,"column":44157},"end":{"line":24,"column":44181}},"2201":{"start":{"line":24,"column":44231},"end":{"line":24,"column":44247}},"2202":{"start":{"line":24,"column":44263},"end":{"line":24,"column":44298}},"2203":{"start":{"line":24,"column":44316},"end":{"line":24,"column":44371}},"2204":{"start":{"line":24,"column":44346},"end":{"line":24,"column":44361}},"2205":{"start":{"line":24,"column":44387},"end":{"line":24,"column":44399}},"2206":{"start":{"line":24,"column":44407},"end":{"line":28,"column":4}},"2207":{"start":{"line":24,"column":44458},"end":{"line":24,"column":44517}},"2208":{"start":{"line":24,"column":44462},"end":{"line":24,"column":44498}},"2209":{"start":{"line":24,"column":44505},"end":{"line":24,"column":44516}},"2210":{"start":{"line":24,"column":44517},"end":{"line":24,"column":44540}},"2211":{"start":{"line":24,"column":44569},"end":{"line":24,"column":44585}},"2212":{"start":{"line":24,"column":44586},"end":{"line":24,"column":44603}},"2213":{"start":{"line":24,"column":44621},"end":{"line":24,"column":44656}},"2214":{"start":{"line":24,"column":44678},"end":{"line":24,"column":44725}},"2215":{"start":{"line":24,"column":44741},"end":{"line":24,"column":44821}},"2216":{"start":{"line":24,"column":44809},"end":{"line":24,"column":44821}},"2217":{"start":{"line":24,"column":44827},"end":{"line":24,"column":44849}},"2218":{"start":{"line":24,"column":44852},"end":{"line":24,"column":44867}},"2219":{"start":{"line":24,"column":44868},"end":{"line":24,"column":44917}},"2220":{"start":{"line":24,"column":44930},"end":{"line":24,"column":45015}},"2221":{"start":{"line":24,"column":44986},"end":{"line":24,"column":45013}},"2222":{"start":{"line":24,"column":45026},"end":{"line":24,"column":45067}},"2223":{"start":{"line":24,"column":45089},"end":{"line":24,"column":45144}},"2224":{"start":{"line":24,"column":45117},"end":{"line":24,"column":45143}},"2225":{"start":{"line":24,"column":45162},"end":{"line":25,"column":2}},"2226":{"start":{"line":25,"column":3},"end":{"line":26,"column":3}},"2227":{"start":{"line":26,"column":22},"end":{"line":26,"column":41}},"2228":{"start":{"line":26,"column":42},"end":{"line":27,"column":3}},"2229":{"start":{"line":27,"column":15},"end":{"line":28,"column":2}},"2230":{"start":{"line":28,"column":12},"end":{"line":28,"column":87}},"2231":{"start":{"line":28,"column":73},"end":{"line":28,"column":86}},"2232":{"start":{"line":28,"column":91},"end":{"line":28,"column":166}},"2233":{"start":{"line":28,"column":99},"end":{"line":28,"column":100}},"2234":{"start":{"line":28,"column":109},"end":{"line":28,"column":110}},"2235":{"start":{"line":28,"column":118},"end":{"line":28,"column":119}},"2236":{"start":{"line":28,"column":128},"end":{"line":28,"column":129}},"2237":{"start":{"line":28,"column":143},"end":{"line":28,"column":144}},"2238":{"start":{"line":28,"column":164},"end":{"line":28,"column":165}},"2239":{"start":{"line":28,"column":235},"end":{"line":28,"column":311}},"2240":{"start":{"line":28,"column":399},"end":{"line":28,"column":457}},"2241":{"start":{"line":28,"column":458},"end":{"line":28,"column":529}},"2242":{"start":{"line":28,"column":520},"end":{"line":28,"column":529}},"2243":{"start":{"line":28,"column":535},"end":{"line":28,"column":550}},"2244":{"start":{"line":28,"column":551},"end":{"line":28,"column":598}},"2245":{"start":{"line":28,"column":589},"end":{"line":28,"column":598}},"2246":{"start":{"line":28,"column":604},"end":{"line":28,"column":630}},"2247":{"start":{"line":28,"column":633},"end":{"line":28,"column":675}},"2248":{"start":{"line":28,"column":678},"end":{"line":28,"column":701}},"2249":{"start":{"line":28,"column":702},"end":{"line":28,"column":1130}},"2250":{"start":{"line":28,"column":717},"end":{"line":28,"column":722}},"2251":{"start":{"line":28,"column":725},"end":{"line":28,"column":730}},"2252":{"start":{"line":28,"column":731},"end":{"line":28,"column":746}},"2253":{"start":{"line":28,"column":737},"end":{"line":28,"column":746}},"2254":{"start":{"line":28,"column":746},"end":{"line":28,"column":877}},"2255":{"start":{"line":28,"column":821},"end":{"line":28,"column":851}},"2256":{"start":{"line":28,"column":883},"end":{"line":28,"column":914}},"2257":{"start":{"line":28,"column":915},"end":{"line":28,"column":1129}},"2258":{"start":{"line":28,"column":951},"end":{"line":28,"column":986}},"2259":{"start":{"line":28,"column":1000},"end":{"line":28,"column":1008}},"2260":{"start":{"line":28,"column":1073},"end":{"line":28,"column":1078}},"2261":{"start":{"line":28,"column":1079},"end":{"line":28,"column":1128}},"2262":{"start":{"line":28,"column":1130},"end":{"line":28,"column":1138}},"2263":{"start":{"line":28,"column":1160},"end":{"line":28,"column":1185}},"2264":{"start":{"line":28,"column":1188},"end":{"line":28,"column":1230}},"2265":{"start":{"line":28,"column":1231},"end":{"line":28,"column":1340}},"2266":{"start":{"line":28,"column":1243},"end":{"line":28,"column":1262}},"2267":{"start":{"line":28,"column":1265},"end":{"line":28,"column":1293}},"2268":{"start":{"line":28,"column":1294},"end":{"line":28,"column":1339}},"2269":{"start":{"line":28,"column":1340},"end":{"line":28,"column":1351}},"2270":{"start":{"line":28,"column":1373},"end":{"line":28,"column":1374}},"2271":{"start":{"line":28,"column":1375},"end":{"line":28,"column":1437}},"2272":{"start":{"line":28,"column":1385},"end":{"line":28,"column":1386}},"2273":{"start":{"line":28,"column":1403},"end":{"line":28,"column":1433}},"2274":{"start":{"line":28,"column":1424},"end":{"line":28,"column":1433}},"2275":{"start":{"line":28,"column":1433},"end":{"line":28,"column":1436}},"2276":{"start":{"line":28,"column":1437},"end":{"line":28,"column":1445}},"2277":{"start":{"line":28,"column":1546},"end":{"line":28,"column":1550}},"2278":{"start":{"line":28,"column":1553},"end":{"line":28,"column":1564}},"2279":{"start":{"line":28,"column":1565},"end":{"line":28,"column":1980}},"2280":{"start":{"line":28,"column":1841},"end":{"line":28,"column":1852}},"2281":{"start":{"line":28,"column":1858},"end":{"line":28,"column":1872}},"2282":{"start":{"line":28,"column":1873},"end":{"line":28,"column":1939}},"2283":{"start":{"line":28,"column":1945},"end":{"line":28,"column":1980}},"2284":{"start":{"line":28,"column":1980},"end":{"line":29,"column":2}},"2285":{"start":{"line":29,"column":24},"end":{"line":29,"column":36}},"2286":{"start":{"line":29,"column":37},"end":{"line":29,"column":145}},"2287":{"start":{"line":29,"column":167},"end":{"line":29,"column":185}},"2288":{"start":{"line":29,"column":188},"end":{"line":29,"column":212}},"2289":{"start":{"line":29,"column":220},"end":{"line":29,"column":227}},"2290":{"start":{"line":29,"column":253},"end":{"line":29,"column":258}},"2291":{"start":{"line":29,"column":261},"end":{"line":29,"column":266}},"2292":{"start":{"line":29,"column":269},"end":{"line":29,"column":274}},"2293":{"start":{"line":29,"column":275},"end":{"line":29,"column":325}},"2294":{"start":{"line":29,"column":309},"end":{"line":29,"column":324}},"2295":{"start":{"line":29,"column":341},"end":{"line":29,"column":395}},"2296":{"start":{"line":29,"column":368},"end":{"line":29,"column":394}},"2297":{"start":{"line":29,"column":417},"end":{"line":29,"column":424}},"2298":{"start":{"line":29,"column":427},"end":{"line":29,"column":429}},"2299":{"start":{"line":29,"column":430},"end":{"line":29,"column":686}},"2300":{"start":{"line":29,"column":446},"end":{"line":29,"column":500}},"2301":{"start":{"line":29,"column":481},"end":{"line":29,"column":491}},"2302":{"start":{"line":29,"column":491},"end":{"line":29,"column":499}},"2303":{"start":{"line":29,"column":506},"end":{"line":29,"column":564}},"2304":{"start":{"line":29,"column":567},"end":{"line":29,"column":575}},"2305":{"start":{"line":29,"column":576},"end":{"line":29,"column":685}},"2306":{"start":{"line":29,"column":686},"end":{"line":29,"column":716}},"2307":{"start":{"line":29,"column":734},"end":{"line":29,"column":765}},"2308":{"start":{"line":29,"column":781},"end":{"line":29,"column":851}},"2309":{"start":{"line":29,"column":807},"end":{"line":29,"column":812}},"2310":{"start":{"line":29,"column":815},"end":{"line":29,"column":820}},"2311":{"start":{"line":29,"column":821},"end":{"line":29,"column":849}},"2312":{"start":{"line":29,"column":873},"end":{"line":29,"column":874}},"2313":{"start":{"line":29,"column":875},"end":{"line":29,"column":1001}},"2314":{"start":{"line":29,"column":1017},"end":{"line":29,"column":1182}},"2315":{"start":{"line":29,"column":1079},"end":{"line":29,"column":1089}},"2316":{"start":{"line":29,"column":1115},"end":{"line":29,"column":1125}},"2317":{"start":{"line":29,"column":1155},"end":{"line":29,"column":1165}},"2318":{"start":{"line":29,"column":1173},"end":{"line":29,"column":1181}},"2319":{"start":{"line":29,"column":1190},"end":{"line":29,"column":1529}},"2320":{"start":{"line":29,"column":1213},"end":{"line":29,"column":1225}},"2321":{"start":{"line":29,"column":1225},"end":{"line":29,"column":1237}},"2322":{"start":{"line":29,"column":1249},"end":{"line":29,"column":1251}},"2323":{"start":{"line":29,"column":1267},"end":{"line":29,"column":1297}},"2324":{"start":{"line":29,"column":1329},"end":{"line":29,"column":1338}},"2325":{"start":{"line":29,"column":1339},"end":{"line":29,"column":1527}},"2326":{"start":{"line":29,"column":1530},"end":{"line":29,"column":1535}},"2327":{"start":{"line":29,"column":1542},"end":{"line":30,"column":214}},"2328":{"start":{"line":29,"column":1567},"end":{"line":29,"column":1582}},"2329":{"start":{"line":29,"column":1582},"end":{"line":29,"column":1602}},"2330":{"start":{"line":29,"column":1609},"end":{"line":29,"column":1611}},"2331":{"start":{"line":29,"column":1624},"end":{"line":29,"column":1626}},"2332":{"start":{"line":29,"column":1641},"end":{"line":29,"column":1642}},"2333":{"start":{"line":29,"column":1690},"end":{"line":29,"column":1754}},"2334":{"start":{"line":29,"column":1780},"end":{"line":29,"column":1790}},"2335":{"start":{"line":29,"column":1798},"end":{"line":29,"column":1808}},"2336":{"start":{"line":29,"column":1809},"end":{"line":29,"column":1870}},"2337":{"start":{"line":29,"column":1819},"end":{"line":29,"column":1820}},"2338":{"start":{"line":29,"column":1836},"end":{"line":29,"column":1870}},"2339":{"start":{"line":29,"column":1870},"end":{"line":29,"column":1881}},"2340":{"start":{"line":29,"column":1895},"end":{"line":29,"column":1925}},"2341":{"start":{"line":29,"column":1936},"end":{"line":29,"column":2025}},"2342":{"start":{"line":29,"column":2031},"end":{"line":29,"column":2060}},"2343":{"start":{"line":29,"column":2061},"end":{"line":29,"column":2115}},"2344":{"start":{"line":29,"column":2130},"end":{"line":29,"column":2179}},"2345":{"start":{"line":29,"column":2200},"end":{"line":29,"column":2243}},"2346":{"start":{"line":29,"column":2253},"end":{"line":29,"column":2285}},"2347":{"start":{"line":29,"column":2297},"end":{"line":29,"column":2351}},"2348":{"start":{"line":29,"column":2371},"end":{"line":29,"column":2402}},"2349":{"start":{"line":29,"column":2414},"end":{"line":30,"column":2}},"2350":{"start":{"line":30,"column":26},"end":{"line":30,"column":56}},"2351":{"start":{"line":30,"column":85},"end":{"line":30,"column":156}},"2352":{"start":{"line":30,"column":157},"end":{"line":30,"column":212}},"2353":{"start":{"line":30,"column":215},"end":{"line":30,"column":220}},"2354":{"start":{"line":30,"column":227},"end":{"line":30,"column":330}},"2355":{"start":{"line":30,"column":248},"end":{"line":30,"column":260}},"2356":{"start":{"line":30,"column":270},"end":{"line":30,"column":289}},"2357":{"start":{"line":30,"column":304},"end":{"line":30,"column":328}},"2358":{"start":{"line":30,"column":338},"end":{"line":30,"column":342}},"2359":{"start":{"line":30,"column":341},"end":{"line":30,"column":342}},"2360":{"start":{"line":30,"column":346},"end":{"line":30,"column":389}},"2361":{"start":{"line":30,"column":393},"end":{"line":30,"column":435}},"2362":{"start":{"line":30,"column":439},"end":{"line":30,"column":467}},"2363":{"start":{"line":30,"column":449},"end":{"line":30,"column":465}},"2364":{"start":{"line":30,"column":475},"end":{"line":30,"column":821}},"2365":{"start":{"line":30,"column":496},"end":{"line":30,"column":511}},"2366":{"start":{"line":30,"column":525},"end":{"line":30,"column":527}},"2367":{"start":{"line":30,"column":534},"end":{"line":30,"column":538}},"2368":{"start":{"line":30,"column":537},"end":{"line":30,"column":538}},"2369":{"start":{"line":30,"column":551},"end":{"line":30,"column":583}},"2370":{"start":{"line":30,"column":596},"end":{"line":30,"column":620}},"2371":{"start":{"line":30,"column":636},"end":{"line":30,"column":660}},"2372":{"start":{"line":30,"column":661},"end":{"line":30,"column":819}},"2373":{"start":{"line":30,"column":739},"end":{"line":30,"column":817}},"2374":{"start":{"line":30,"column":829},"end":{"line":30,"column":891}},"2375":{"start":{"line":30,"column":844},"end":{"line":30,"column":846}},"2376":{"start":{"line":30,"column":861},"end":{"line":30,"column":889}},"2377":{"start":{"line":30,"column":899},"end":{"line":30,"column":1533}},"2378":{"start":{"line":30,"column":922},"end":{"line":30,"column":924}},"2379":{"start":{"line":30,"column":936},"end":{"line":30,"column":974}},"2380":{"start":{"line":30,"column":987},"end":{"line":30,"column":1007}},"2381":{"start":{"line":30,"column":1024},"end":{"line":30,"column":1112}},"2382":{"start":{"line":30,"column":1085},"end":{"line":30,"column":1108}},"2383":{"start":{"line":30,"column":1122},"end":{"line":30,"column":1174}},"2384":{"start":{"line":30,"column":1148},"end":{"line":30,"column":1167}},"2385":{"start":{"line":30,"column":1167},"end":{"line":30,"column":1173}},"2386":{"start":{"line":30,"column":1174},"end":{"line":30,"column":1196}},"2387":{"start":{"line":30,"column":1217},"end":{"line":30,"column":1229}},"2388":{"start":{"line":30,"column":1230},"end":{"line":30,"column":1300}},"2389":{"start":{"line":30,"column":1333},"end":{"line":30,"column":1342}},"2390":{"start":{"line":30,"column":1343},"end":{"line":30,"column":1519}},"2391":{"start":{"line":30,"column":1375},"end":{"line":30,"column":1413}},"2392":{"start":{"line":30,"column":1465},"end":{"line":30,"column":1517}},"2393":{"start":{"line":30,"column":1541},"end":{"line":30,"column":3465}},"2394":{"start":{"line":30,"column":1567},"end":{"line":30,"column":1569}},"2395":{"start":{"line":30,"column":1582},"end":{"line":30,"column":1584}},"2396":{"start":{"line":30,"column":1597},"end":{"line":30,"column":1618}},"2397":{"start":{"line":30,"column":1636},"end":{"line":30,"column":1660}},"2398":{"start":{"line":30,"column":1673},"end":{"line":30,"column":1694}},"2399":{"start":{"line":30,"column":1723},"end":{"line":30,"column":1724}},"2400":{"start":{"line":30,"column":1727},"end":{"line":30,"column":1743}},"2401":{"start":{"line":30,"column":1744},"end":{"line":30,"column":1757}},"2402":{"start":{"line":30,"column":1750},"end":{"line":30,"column":1757}},"2403":{"start":{"line":30,"column":1763},"end":{"line":30,"column":1764}},"2404":{"start":{"line":30,"column":1765},"end":{"line":30,"column":1902}},"2405":{"start":{"line":30,"column":1787},"end":{"line":30,"column":1898}},"2406":{"start":{"line":30,"column":1891},"end":{"line":30,"column":1898}},"2407":{"start":{"line":30,"column":1898},"end":{"line":30,"column":1901}},"2408":{"start":{"line":30,"column":1902},"end":{"line":30,"column":1910}},"2409":{"start":{"line":30,"column":1932},"end":{"line":30,"column":1984}},"2410":{"start":{"line":30,"column":1997},"end":{"line":30,"column":2021}},"2411":{"start":{"line":30,"column":2040},"end":{"line":30,"column":2054}},"2412":{"start":{"line":30,"column":2070},"end":{"line":30,"column":2091}},"2413":{"start":{"line":30,"column":2104},"end":{"line":30,"column":2122}},"2414":{"start":{"line":30,"column":2133},"end":{"line":30,"column":2175}},"2415":{"start":{"line":30,"column":2193},"end":{"line":30,"column":2223}},"2416":{"start":{"line":30,"column":2258},"end":{"line":30,"column":2262}},"2417":{"start":{"line":30,"column":2263},"end":{"line":30,"column":2356}},"2418":{"start":{"line":30,"column":2279},"end":{"line":30,"column":2307}},"2419":{"start":{"line":30,"column":2300},"end":{"line":30,"column":2307}},"2420":{"start":{"line":30,"column":2313},"end":{"line":30,"column":2338}},"2421":{"start":{"line":30,"column":2339},"end":{"line":30,"column":2352}},"2422":{"start":{"line":30,"column":2345},"end":{"line":30,"column":2352}},"2423":{"start":{"line":30,"column":2352},"end":{"line":30,"column":2355}},"2424":{"start":{"line":30,"column":2356},"end":{"line":30,"column":2364}},"2425":{"start":{"line":30,"column":2397},"end":{"line":30,"column":2422}},"2426":{"start":{"line":30,"column":2423},"end":{"line":30,"column":2436}},"2427":{"start":{"line":30,"column":2429},"end":{"line":30,"column":2436}},"2428":{"start":{"line":30,"column":2442},"end":{"line":30,"column":2443}},"2429":{"start":{"line":30,"column":2444},"end":{"line":30,"column":2569}},"2430":{"start":{"line":30,"column":2466},"end":{"line":30,"column":2490}},"2431":{"start":{"line":30,"column":2491},"end":{"line":30,"column":2523}},"2432":{"start":{"line":30,"column":2516},"end":{"line":30,"column":2523}},"2433":{"start":{"line":30,"column":2529},"end":{"line":30,"column":2551}},"2434":{"start":{"line":30,"column":2552},"end":{"line":30,"column":2565}},"2435":{"start":{"line":30,"column":2558},"end":{"line":30,"column":2565}},"2436":{"start":{"line":30,"column":2565},"end":{"line":30,"column":2568}},"2437":{"start":{"line":30,"column":2569},"end":{"line":30,"column":2577}},"2438":{"start":{"line":30,"column":2605},"end":{"line":30,"column":2646}},"2439":{"start":{"line":30,"column":2647},"end":{"line":30,"column":2682}},"2440":{"start":{"line":30,"column":2652},"end":{"line":30,"column":2682}},"2441":{"start":{"line":30,"column":2688},"end":{"line":30,"column":2730}},"2442":{"start":{"line":30,"column":2731},"end":{"line":30,"column":2766}},"2443":{"start":{"line":30,"column":2736},"end":{"line":30,"column":2766}},"2444":{"start":{"line":30,"column":2791},"end":{"line":30,"column":2846}},"2445":{"start":{"line":30,"column":2869},"end":{"line":30,"column":2895}},"2446":{"start":{"line":30,"column":2896},"end":{"line":30,"column":2959}},"2447":{"start":{"line":30,"column":2938},"end":{"line":30,"column":2955}},"2448":{"start":{"line":30,"column":2975},"end":{"line":30,"column":3001}},"2449":{"start":{"line":30,"column":3002},"end":{"line":30,"column":3074}},"2450":{"start":{"line":30,"column":3048},"end":{"line":30,"column":3067}},"2451":{"start":{"line":30,"column":3067},"end":{"line":30,"column":3073}},"2452":{"start":{"line":30,"column":3074},"end":{"line":30,"column":3101}},"2453":{"start":{"line":30,"column":3113},"end":{"line":30,"column":3124}},"2454":{"start":{"line":30,"column":3145},"end":{"line":30,"column":3157}},"2455":{"start":{"line":30,"column":3158},"end":{"line":30,"column":3228}},"2456":{"start":{"line":30,"column":3252},"end":{"line":30,"column":3463}},"2457":{"start":{"line":30,"column":3285},"end":{"line":30,"column":3339}},"2458":{"start":{"line":30,"column":3394},"end":{"line":30,"column":3461}},"2459":{"start":{"line":30,"column":3472},"end":{"line":30,"column":3681}},"2460":{"start":{"line":30,"column":3504},"end":{"line":30,"column":3512}},"2461":{"start":{"line":30,"column":3512},"end":{"line":30,"column":3523}},"2462":{"start":{"line":30,"column":3540},"end":{"line":30,"column":3563}},"2463":{"start":{"line":30,"column":3579},"end":{"line":30,"column":3596}},"2464":{"start":{"line":30,"column":3597},"end":{"line":30,"column":3667}},"2465":{"start":{"line":30,"column":3689},"end":{"line":30,"column":4010}},"2466":{"start":{"line":30,"column":3702},"end":{"line":30,"column":3704}},"2467":{"start":{"line":30,"column":3719},"end":{"line":30,"column":3851}},"2468":{"start":{"line":30,"column":3772},"end":{"line":30,"column":3788}},"2469":{"start":{"line":30,"column":3789},"end":{"line":30,"column":3843}},"2470":{"start":{"line":30,"column":3883},"end":{"line":30,"column":3892}},"2471":{"start":{"line":30,"column":3893},"end":{"line":30,"column":4008}},"2472":{"start":{"line":30,"column":3929},"end":{"line":30,"column":3968}},"2473":{"start":{"line":30,"column":4030},"end":{"line":30,"column":4636}},"2474":{"start":{"line":30,"column":4075},"end":{"line":30,"column":4083}},"2475":{"start":{"line":30,"column":4083},"end":{"line":30,"column":4089}},"2476":{"start":{"line":30,"column":4111},"end":{"line":30,"column":4119}},"2477":{"start":{"line":30,"column":4119},"end":{"line":30,"column":4125}},"2478":{"start":{"line":30,"column":4146},"end":{"line":30,"column":4156}},"2479":{"start":{"line":30,"column":4156},"end":{"line":30,"column":4162}},"2480":{"start":{"line":30,"column":4190},"end":{"line":30,"column":4198}},"2481":{"start":{"line":30,"column":4198},"end":{"line":30,"column":4204}},"2482":{"start":{"line":30,"column":4232},"end":{"line":30,"column":4240}},"2483":{"start":{"line":30,"column":4240},"end":{"line":30,"column":4246}},"2484":{"start":{"line":30,"column":4268},"end":{"line":30,"column":4276}},"2485":{"start":{"line":30,"column":4276},"end":{"line":30,"column":4282}},"2486":{"start":{"line":30,"column":4306},"end":{"line":30,"column":4314}},"2487":{"start":{"line":30,"column":4314},"end":{"line":30,"column":4320}},"2488":{"start":{"line":30,"column":4350},"end":{"line":30,"column":4358}},"2489":{"start":{"line":30,"column":4358},"end":{"line":30,"column":4364}},"2490":{"start":{"line":30,"column":4390},"end":{"line":30,"column":4398}},"2491":{"start":{"line":30,"column":4398},"end":{"line":30,"column":4404}},"2492":{"start":{"line":30,"column":4431},"end":{"line":30,"column":4439}},"2493":{"start":{"line":30,"column":4439},"end":{"line":30,"column":4445}},"2494":{"start":{"line":30,"column":4465},"end":{"line":30,"column":4473}},"2495":{"start":{"line":30,"column":4473},"end":{"line":30,"column":4479}},"2496":{"start":{"line":30,"column":4503},"end":{"line":30,"column":4511}},"2497":{"start":{"line":30,"column":4511},"end":{"line":30,"column":4517}},"2498":{"start":{"line":30,"column":4542},"end":{"line":30,"column":4550}},"2499":{"start":{"line":30,"column":4550},"end":{"line":30,"column":4556}},"2500":{"start":{"line":30,"column":4568},"end":{"line":30,"column":4578}},"2501":{"start":{"line":30,"column":4578},"end":{"line":30,"column":4584}},"2502":{"start":{"line":30,"column":4592},"end":{"line":30,"column":4635}},"2503":{"start":{"line":30,"column":4660},"end":{"line":30,"column":4725}},"2504":{"start":{"line":30,"column":4726},"end":{"line":30,"column":4982}},"2505":{"start":{"line":30,"column":4833},"end":{"line":30,"column":4981}},"2506":{"start":{"line":30,"column":5009},"end":{"line":30,"column":5028}},"2507":{"start":{"line":30,"column":5031},"end":{"line":30,"column":5043}},"2508":{"start":{"line":30,"column":5046},"end":{"line":30,"column":5090}},"2509":{"start":{"line":30,"column":5091},"end":{"line":30,"column":5205}},"2510":{"start":{"line":30,"column":5130},"end":{"line":30,"column":5205}},"2511":{"start":{"line":30,"column":5152},"end":{"line":30,"column":5205}},"2512":{"start":{"line":30,"column":5205},"end":{"line":31,"column":75}},"2513":{"start":{"line":30,"column":5233},"end":{"line":30,"column":5311}},"2514":{"start":{"line":30,"column":5312},"end":{"line":31,"column":73}},"2515":{"start":{"line":31,"column":101},"end":{"line":31,"column":166}},"2516":{"start":{"line":31,"column":167},"end":{"line":31,"column":280}},"2517":{"start":{"line":31,"column":179},"end":{"line":31,"column":215}},"2518":{"start":{"line":31,"column":216},"end":{"line":31,"column":239}},"2519":{"start":{"line":31,"column":222},"end":{"line":31,"column":232}},"2520":{"start":{"line":31,"column":232},"end":{"line":31,"column":238}},"2521":{"start":{"line":31,"column":239},"end":{"line":31,"column":279}},"2522":{"start":{"line":31,"column":264},"end":{"line":31,"column":272}},"2523":{"start":{"line":31,"column":272},"end":{"line":31,"column":278}},"2524":{"start":{"line":31,"column":280},"end":{"line":31,"column":326}},"2525":{"start":{"line":31,"column":311},"end":{"line":31,"column":319}},"2526":{"start":{"line":31,"column":319},"end":{"line":31,"column":325}},"2527":{"start":{"line":31,"column":326},"end":{"line":31,"column":408}},"2528":{"start":{"line":31,"column":348},"end":{"line":31,"column":407}},"2529":{"start":{"line":31,"column":428},"end":{"line":31,"column":448}},"2530":{"start":{"line":31,"column":448},"end":{"line":31,"column":521}},"2531":{"start":{"line":31,"column":481},"end":{"line":31,"column":521}},"2532":{"start":{"line":31,"column":521},"end":{"line":31,"column":689}},"2533":{"start":{"line":31,"column":542},"end":{"line":31,"column":688}},"2534":{"start":{"line":31,"column":713},"end":{"line":31,"column":725}},"2535":{"start":{"line":31,"column":728},"end":{"line":31,"column":786}},"2536":{"start":{"line":31,"column":789},"end":{"line":31,"column":805}},"2537":{"start":{"line":31,"column":806},"end":{"line":31,"column":1064}},"2538":{"start":{"line":31,"column":860},"end":{"line":31,"column":1063}},"2539":{"start":{"line":31,"column":1088},"end":{"line":31,"column":1094}},"2540":{"start":{"line":31,"column":1095},"end":{"line":31,"column":1169}},"2541":{"start":{"line":31,"column":1128},"end":{"line":31,"column":1169}},"2542":{"start":{"line":31,"column":1175},"end":{"line":31,"column":1206}},"2543":{"start":{"line":31,"column":1207},"end":{"line":31,"column":1441}},"2544":{"start":{"line":31,"column":1237},"end":{"line":31,"column":1266}},"2545":{"start":{"line":31,"column":1280},"end":{"line":31,"column":1299}},"2546":{"start":{"line":31,"column":1302},"end":{"line":31,"column":1370}},"2547":{"start":{"line":31,"column":1371},"end":{"line":31,"column":1440}},"2548":{"start":{"line":31,"column":1383},"end":{"line":31,"column":1410}},"2549":{"start":{"line":31,"column":1411},"end":{"line":31,"column":1439}},"2550":{"start":{"line":31,"column":1441},"end":{"line":31,"column":1620}},"2551":{"start":{"line":31,"column":1462},"end":{"line":31,"column":1619}},"2552":{"start":{"line":31,"column":1644},"end":{"line":31,"column":1665}},"2553":{"start":{"line":31,"column":1666},"end":{"line":31,"column":1867}},"2554":{"start":{"line":31,"column":1695},"end":{"line":31,"column":1717}},"2555":{"start":{"line":31,"column":1723},"end":{"line":31,"column":1731}},"2556":{"start":{"line":31,"column":1732},"end":{"line":31,"column":1866}},"2557":{"start":{"line":31,"column":1766},"end":{"line":31,"column":1785}},"2558":{"start":{"line":31,"column":1785},"end":{"line":31,"column":1791}},"2559":{"start":{"line":31,"column":1805},"end":{"line":31,"column":1824}},"2560":{"start":{"line":31,"column":1824},"end":{"line":31,"column":1830}},"2561":{"start":{"line":31,"column":1841},"end":{"line":31,"column":1860}},"2562":{"start":{"line":31,"column":1860},"end":{"line":31,"column":1865}},"2563":{"start":{"line":31,"column":1867},"end":{"line":31,"column":2110}},"2564":{"start":{"line":31,"column":1895},"end":{"line":31,"column":1943}},"2565":{"start":{"line":31,"column":1944},"end":{"line":31,"column":2108}},"2566":{"start":{"line":31,"column":2134},"end":{"line":31,"column":2155}},"2567":{"start":{"line":31,"column":2156},"end":{"line":31,"column":2315}},"2568":{"start":{"line":31,"column":2231},"end":{"line":31,"column":2314}},"2569":{"start":{"line":31,"column":2339},"end":{"line":31,"column":2356}},"2570":{"start":{"line":31,"column":2359},"end":{"line":31,"column":2424}},"2571":{"start":{"line":31,"column":2425},"end":{"line":31,"column":2533}},"2572":{"start":{"line":31,"column":2498},"end":{"line":31,"column":2532}},"2573":{"start":{"line":31,"column":2524},"end":{"line":31,"column":2530}},"2574":{"start":{"line":31,"column":2560},"end":{"line":31,"column":2578}},"2575":{"start":{"line":31,"column":2581},"end":{"line":31,"column":2646}},"2576":{"start":{"line":31,"column":2647},"end":{"line":31,"column":2761}},"2577":{"start":{"line":31,"column":2653},"end":{"line":31,"column":2699}},"2578":{"start":{"line":31,"column":2705},"end":{"line":31,"column":2739}},"2579":{"start":{"line":31,"column":2740},"end":{"line":31,"column":2760}},"2580":{"start":{"line":31,"column":2761},"end":{"line":31,"column":2824}},"2581":{"start":{"line":31,"column":2782},"end":{"line":31,"column":2823}},"2582":{"start":{"line":31,"column":2815},"end":{"line":31,"column":2821}},"2583":{"start":{"line":31,"column":2850},"end":{"line":31,"column":2887}},"2584":{"start":{"line":31,"column":2890},"end":{"line":31,"column":2897}},"2585":{"start":{"line":31,"column":2898},"end":{"line":31,"column":2987}},"2586":{"start":{"line":31,"column":3011},"end":{"line":31,"column":3178}},"2587":{"start":{"line":31,"column":3032},"end":{"line":31,"column":3176}},"2588":{"start":{"line":31,"column":3184},"end":{"line":31,"column":3249}},"2589":{"start":{"line":31,"column":3250},"end":{"line":31,"column":3263}},"2590":{"start":{"line":31,"column":3256},"end":{"line":31,"column":3263}},"2591":{"start":{"line":31,"column":3272},"end":{"line":31,"column":3290}},"2592":{"start":{"line":31,"column":3293},"end":{"line":31,"column":3299}},"2593":{"start":{"line":31,"column":3302},"end":{"line":31,"column":3336}},"2594":{"start":{"line":31,"column":3337},"end":{"line":31,"column":3650}},"2595":{"start":{"line":31,"column":3342},"end":{"line":31,"column":3650}},"2596":{"start":{"line":31,"column":3439},"end":{"line":31,"column":3518}},"2597":{"start":{"line":31,"column":3475},"end":{"line":31,"column":3518}},"2598":{"start":{"line":31,"column":3518},"end":{"line":31,"column":3561}},"2599":{"start":{"line":31,"column":3573},"end":{"line":31,"column":3605}},"2600":{"start":{"line":31,"column":3606},"end":{"line":31,"column":3649}},"2601":{"start":{"line":31,"column":3666},"end":{"line":31,"column":3720}},"2602":{"start":{"line":31,"column":3744},"end":{"line":31,"column":3759}},"2603":{"start":{"line":31,"column":3762},"end":{"line":31,"column":3827}},"2604":{"start":{"line":31,"column":3828},"end":{"line":31,"column":4069}},"2605":{"start":{"line":31,"column":3910},"end":{"line":31,"column":3958}},"2606":{"start":{"line":31,"column":3946},"end":{"line":31,"column":3956}},"2607":{"start":{"line":31,"column":3959},"end":{"line":31,"column":4067}},"2608":{"start":{"line":31,"column":4093},"end":{"line":31,"column":4108}},"2609":{"start":{"line":31,"column":4111},"end":{"line":31,"column":4176}},"2610":{"start":{"line":31,"column":4177},"end":{"line":31,"column":4505}},"2611":{"start":{"line":31,"column":4259},"end":{"line":31,"column":4306}},"2612":{"start":{"line":31,"column":4307},"end":{"line":31,"column":4486}},"2613":{"start":{"line":31,"column":4411},"end":{"line":31,"column":4459}},"2614":{"start":{"line":31,"column":4447},"end":{"line":31,"column":4457}},"2615":{"start":{"line":31,"column":4460},"end":{"line":31,"column":4485}},"2616":{"start":{"line":31,"column":4486},"end":{"line":31,"column":4503}},"2617":{"start":{"line":31,"column":4529},"end":{"line":31,"column":4544}},"2618":{"start":{"line":31,"column":4547},"end":{"line":31,"column":4612}},"2619":{"start":{"line":31,"column":4615},"end":{"line":31,"column":4709}},"2620":{"start":{"line":31,"column":4627},"end":{"line":31,"column":4664}},"2621":{"start":{"line":31,"column":4665},"end":{"line":31,"column":4708}},"2622":{"start":{"line":31,"column":4709},"end":{"line":31,"column":4867}},"2623":{"start":{"line":31,"column":4737},"end":{"line":31,"column":4760}},"2624":{"start":{"line":31,"column":4761},"end":{"line":31,"column":4865}},"2625":{"start":{"line":31,"column":4891},"end":{"line":31,"column":4930}},"2626":{"start":{"line":31,"column":4933},"end":{"line":31,"column":4998}},"2627":{"start":{"line":31,"column":4999},"end":{"line":31,"column":5080}},"2628":{"start":{"line":31,"column":5011},"end":{"line":31,"column":5058}},"2629":{"start":{"line":31,"column":5059},"end":{"line":31,"column":5079}},"2630":{"start":{"line":31,"column":5080},"end":{"line":31,"column":5516}},"2631":{"start":{"line":31,"column":5108},"end":{"line":31,"column":5179}},"2632":{"start":{"line":31,"column":5180},"end":{"line":31,"column":5514}},"2633":{"start":{"line":31,"column":5332},"end":{"line":31,"column":5350}},"2634":{"start":{"line":31,"column":5540},"end":{"line":31,"column":5579}},"2635":{"start":{"line":31,"column":5582},"end":{"line":31,"column":5647}},"2636":{"start":{"line":31,"column":5650},"end":{"line":31,"column":5652}},"2637":{"start":{"line":31,"column":5653},"end":{"line":31,"column":5763}},"2638":{"start":{"line":31,"column":5665},"end":{"line":31,"column":5712}},"2639":{"start":{"line":31,"column":5713},"end":{"line":31,"column":5762}},"2640":{"start":{"line":31,"column":5763},"end":{"line":31,"column":6307}},"2641":{"start":{"line":31,"column":5791},"end":{"line":31,"column":5862}},"2642":{"start":{"line":31,"column":5863},"end":{"line":31,"column":6305}},"2643":{"start":{"line":31,"column":6176},"end":{"line":31,"column":6184}},"2644":{"start":{"line":31,"column":6325},"end":{"line":31,"column":6405}},"2645":{"start":{"line":31,"column":6347},"end":{"line":31,"column":6405}},"2646":{"start":{"line":31,"column":6423},"end":{"line":31,"column":6518}},"2647":{"start":{"line":31,"column":6445},"end":{"line":31,"column":6518}},"2648":{"start":{"line":31,"column":6536},"end":{"line":31,"column":6632}},"2649":{"start":{"line":31,"column":6558},"end":{"line":31,"column":6632}},"2650":{"start":{"line":31,"column":6650},"end":{"line":31,"column":6740}},"2651":{"start":{"line":31,"column":6665},"end":{"line":31,"column":6740}},"2652":{"start":{"line":31,"column":6767},"end":{"line":31,"column":6772}},"2653":{"start":{"line":31,"column":6775},"end":{"line":31,"column":6826}},"2654":{"start":{"line":31,"column":6827},"end":{"line":31,"column":6874}},"2655":{"start":{"line":31,"column":6833},"end":{"line":31,"column":6874}},"2656":{"start":{"line":31,"column":6880},"end":{"line":31,"column":6917}},"2657":{"start":{"line":31,"column":6920},"end":{"line":31,"column":6958}},"2658":{"start":{"line":31,"column":6961},"end":{"line":31,"column":6996}},"2659":{"start":{"line":31,"column":6999},"end":{"line":31,"column":7013}},"2660":{"start":{"line":31,"column":7014},"end":{"line":31,"column":7260}},"2661":{"start":{"line":31,"column":7278},"end":{"line":31,"column":7396}},"2662":{"start":{"line":31,"column":7299},"end":{"line":31,"column":7396}},"2663":{"start":{"line":31,"column":7321},"end":{"line":31,"column":7396}},"2664":{"start":{"line":31,"column":7418},"end":{"line":31,"column":7424}},"2665":{"start":{"line":31,"column":7427},"end":{"line":31,"column":7434}},"2666":{"start":{"line":31,"column":7435},"end":{"line":31,"column":7482}},"2667":{"start":{"line":31,"column":7441},"end":{"line":31,"column":7482}},"2668":{"start":{"line":31,"column":7482},"end":{"line":31,"column":7493}},"2669":{"start":{"line":31,"column":7527},"end":{"line":31,"column":7607}},"2670":{"start":{"line":31,"column":7625},"end":{"line":31,"column":7653}},"2671":{"start":{"line":31,"column":7641},"end":{"line":31,"column":7653}},"2672":{"start":{"line":31,"column":7659},"end":{"line":31,"column":7665}},"2673":{"start":{"line":31,"column":7668},"end":{"line":31,"column":7675}},"2674":{"start":{"line":31,"column":7676},"end":{"line":31,"column":7709}},"2675":{"start":{"line":31,"column":7717},"end":{"line":31,"column":7718}},"2676":{"start":{"line":31,"column":7742},"end":{"line":31,"column":7745}},"2677":{"start":{"line":31,"column":7748},"end":{"line":31,"column":7811}},"2678":{"start":{"line":31,"column":7770},"end":{"line":31,"column":7789}},"2679":{"start":{"line":31,"column":7790},"end":{"line":31,"column":7810}},"2680":{"start":{"line":31,"column":7811},"end":{"line":31,"column":7819}},"2681":{"start":{"line":31,"column":7827},"end":{"line":31,"column":8107}},"2682":{"start":{"line":31,"column":7894},"end":{"line":31,"column":7966}},"2683":{"start":{"line":31,"column":7995},"end":{"line":31,"column":8016}},"2684":{"start":{"line":31,"column":8019},"end":{"line":31,"column":8040}},"2685":{"start":{"line":31,"column":8041},"end":{"line":31,"column":8105}},"2686":{"start":{"line":31,"column":8123},"end":{"line":31,"column":8145}},"2687":{"start":{"line":31,"column":8153},"end":{"line":31,"column":8161}},"2688":{"start":{"line":31,"column":8165},"end":{"line":31,"column":8176}},"2689":{"start":{"line":31,"column":8180},"end":{"line":31,"column":8392}},"2690":{"start":{"line":31,"column":8201},"end":{"line":31,"column":8319}},"2691":{"start":{"line":31,"column":8331},"end":{"line":31,"column":8359}},"2692":{"start":{"line":31,"column":8371},"end":{"line":31,"column":8390}},"2693":{"start":{"line":31,"column":8396},"end":{"line":31,"column":8448}},"2694":{"start":{"line":31,"column":8429},"end":{"line":31,"column":8446}},"2695":{"start":{"line":31,"column":8452},"end":{"line":31,"column":8472}},"2696":{"start":{"line":31,"column":8473},"end":{"line":31,"column":8489}},"2697":{"start":{"line":31,"column":8496},"end":{"line":31,"column":8516}},"2698":{"start":{"line":31,"column":8517},"end":{"line":31,"column":8535}},"2699":{"start":{"line":31,"column":8542},"end":{"line":31,"column":8562}},"2700":{"start":{"line":31,"column":8563},"end":{"line":31,"column":8580}},"2701":{"start":{"line":31,"column":8587},"end":{"line":31,"column":8700}},"2702":{"start":{"line":31,"column":8718},"end":{"line":31,"column":8775}},"2703":{"start":{"line":31,"column":8783},"end":{"line":31,"column":8787}},"2704":{"start":{"line":31,"column":8791},"end":{"line":31,"column":9092}},"2705":{"start":{"line":31,"column":8814},"end":{"line":31,"column":8826}},"2706":{"start":{"line":31,"column":8826},"end":{"line":31,"column":8838}},"2707":{"start":{"line":31,"column":8848},"end":{"line":31,"column":8850}},"2708":{"start":{"line":31,"column":8865},"end":{"line":31,"column":8881}},"2709":{"start":{"line":31,"column":8898},"end":{"line":31,"column":8958}},"2710":{"start":{"line":31,"column":8974},"end":{"line":31,"column":8991}},"2711":{"start":{"line":31,"column":8992},"end":{"line":31,"column":9090}},"2712":{"start":{"line":31,"column":9100},"end":{"line":32,"column":4}},"2713":{"start":{"line":31,"column":9130},"end":{"line":31,"column":9132}},"2714":{"start":{"line":31,"column":9148},"end":{"line":31,"column":9164}},"2715":{"start":{"line":31,"column":9174},"end":{"line":31,"column":9197}},"2716":{"start":{"line":31,"column":9217},"end":{"line":31,"column":9243}},"2717":{"start":{"line":31,"column":9265},"end":{"line":32,"column":2}},"2718":{"start":{"line":31,"column":9298},"end":{"line":31,"column":9302}},"2719":{"start":{"line":32,"column":20},"end":{"line":32,"column":40}},"2720":{"start":{"line":32,"column":62},"end":{"line":32,"column":68}},"2721":{"start":{"line":32,"column":69},"end":{"line":32,"column":139}},"2722":{"start":{"line":32,"column":109},"end":{"line":32,"column":124}},"2723":{"start":{"line":32,"column":125},"end":{"line":32,"column":138}},"2724":{"start":{"line":32,"column":139},"end":{"line":32,"column":147}},"2725":{"start":{"line":32,"column":163},"end":{"line":32,"column":217}},"2726":{"start":{"line":32,"column":185},"end":{"line":32,"column":217}},"2727":{"start":{"line":32,"column":217},"end":{"line":32,"column":284}},"2728":{"start":{"line":32,"column":260},"end":{"line":32,"column":284}},"2729":{"start":{"line":32,"column":284},"end":{"line":32,"column":328}},"2730":{"start":{"line":32,"column":306},"end":{"line":32,"column":328}},"2731":{"start":{"line":32,"column":328},"end":{"line":32,"column":361}},"2732":{"start":{"line":32,"column":340},"end":{"line":32,"column":361}},"2733":{"start":{"line":32,"column":361},"end":{"line":32,"column":401}},"2734":{"start":{"line":32,"column":375},"end":{"line":32,"column":401}},"2735":{"start":{"line":32,"column":401},"end":{"line":32,"column":463}},"2736":{"start":{"line":32,"column":410},"end":{"line":32,"column":463}},"2737":{"start":{"line":32,"column":463},"end":{"line":32,"column":596}},"2738":{"start":{"line":32,"column":490},"end":{"line":32,"column":596}},"2739":{"start":{"line":32,"column":596},"end":{"line":32,"column":694}},"2740":{"start":{"line":32,"column":624},"end":{"line":32,"column":660}},"2741":{"start":{"line":32,"column":661},"end":{"line":32,"column":693}},"2742":{"start":{"line":32,"column":694},"end":{"line":32,"column":896}},"2743":{"start":{"line":32,"column":918},"end":{"line":32,"column":924}},"2744":{"start":{"line":32,"column":925},"end":{"line":32,"column":957}},"2745":{"start":{"line":32,"column":940},"end":{"line":32,"column":957}},"2746":{"start":{"line":32,"column":957},"end":{"line":32,"column":965}},"2747":{"start":{"line":32,"column":989},"end":{"line":32,"column":1007}},"2748":{"start":{"line":32,"column":1010},"end":{"line":32,"column":1032}},"2749":{"start":{"line":32,"column":1035},"end":{"line":32,"column":1075}},"2750":{"start":{"line":32,"column":1076},"end":{"line":32,"column":1100}},"2751":{"start":{"line":32,"column":1209},"end":{"line":32,"column":1214}},"2752":{"start":{"line":32,"column":1215},"end":{"line":32,"column":1240}},"2753":{"start":{"line":32,"column":1230},"end":{"line":32,"column":1240}},"2754":{"start":{"line":32,"column":1262},"end":{"line":32,"column":1269}},"2755":{"start":{"line":32,"column":1272},"end":{"line":32,"column":1355}},"2756":{"start":{"line":32,"column":1356},"end":{"line":32,"column":1388}},"2757":{"start":{"line":32,"column":1404},"end":{"line":32,"column":1445}},"2758":{"start":{"line":32,"column":1429},"end":{"line":32,"column":1444}},"2759":{"start":{"line":32,"column":1471},"end":{"line":32,"column":1476}},"2760":{"start":{"line":32,"column":1477},"end":{"line":32,"column":1606}},"2761":{"start":{"line":32,"column":1628},"end":{"line":32,"column":1634}},"2762":{"start":{"line":32,"column":1637},"end":{"line":32,"column":1727}},"2763":{"start":{"line":32,"column":1644},"end":{"line":32,"column":1727}},"2764":{"start":{"line":32,"column":1664},"end":{"line":32,"column":1726}},"2765":{"start":{"line":32,"column":1714},"end":{"line":32,"column":1720}},"2766":{"start":{"line":32,"column":1728},"end":{"line":32,"column":1776}},"2767":{"start":{"line":32,"column":1744},"end":{"line":32,"column":1774}},"2768":{"start":{"line":32,"column":1796},"end":{"line":32,"column":1909}},"2769":{"start":{"line":32,"column":1836},"end":{"line":32,"column":1904}},"2770":{"start":{"line":32,"column":1877},"end":{"line":32,"column":1881}},"2771":{"start":{"line":32,"column":1935},"end":{"line":32,"column":1950}},"2772":{"start":{"line":32,"column":1951},"end":{"line":32,"column":1983}},"2773":{"start":{"line":32,"column":1963},"end":{"line":32,"column":1981}},"2774":{"start":{"line":32,"column":2001},"end":{"line":32,"column":2016}},"2775":{"start":{"line":32,"column":2007},"end":{"line":32,"column":2016}},"2776":{"start":{"line":32,"column":2022},"end":{"line":32,"column":2028}},"2777":{"start":{"line":32,"column":2029},"end":{"line":32,"column":2101}},"2778":{"start":{"line":32,"column":2059},"end":{"line":32,"column":2101}},"2779":{"start":{"line":32,"column":2072},"end":{"line":32,"column":2101}},"2780":{"start":{"line":32,"column":2093},"end":{"line":32,"column":2101}},"2781":{"start":{"line":32,"column":2101},"end":{"line":32,"column":2109}},"2782":{"start":{"line":32,"column":2127},"end":{"line":32,"column":2142}},"2783":{"start":{"line":32,"column":2133},"end":{"line":32,"column":2142}},"2784":{"start":{"line":32,"column":2148},"end":{"line":32,"column":2154}},"2785":{"start":{"line":32,"column":2155},"end":{"line":32,"column":2232}},"2786":{"start":{"line":32,"column":2185},"end":{"line":32,"column":2232}},"2787":{"start":{"line":32,"column":2199},"end":{"line":32,"column":2232}},"2788":{"start":{"line":32,"column":2220},"end":{"line":32,"column":2232}},"2789":{"start":{"line":32,"column":2232},"end":{"line":32,"column":2240}},"2790":{"start":{"line":32,"column":2248},"end":{"line":32,"column":3860}},"2791":{"start":{"line":32,"column":2271},"end":{"line":32,"column":2288}},"2792":{"start":{"line":32,"column":2288},"end":{"line":32,"column":2303}},"2793":{"start":{"line":32,"column":2324},"end":{"line":32,"column":2330}},"2794":{"start":{"line":32,"column":2352},"end":{"line":32,"column":2358}},"2795":{"start":{"line":32,"column":2379},"end":{"line":32,"column":2385}},"2796":{"start":{"line":32,"column":2403},"end":{"line":32,"column":2542}},"2797":{"start":{"line":32,"column":2410},"end":{"line":32,"column":2541}},"2798":{"start":{"line":32,"column":2558},"end":{"line":32,"column":2684}},"2799":{"start":{"line":32,"column":2572},"end":{"line":32,"column":2618}},"2800":{"start":{"line":32,"column":2621},"end":{"line":32,"column":2659}},"2801":{"start":{"line":32,"column":2660},"end":{"line":32,"column":2682}},"2802":{"start":{"line":32,"column":2709},"end":{"line":32,"column":2819}},"2803":{"start":{"line":32,"column":2759},"end":{"line":32,"column":2818}},"2804":{"start":{"line":32,"column":2845},"end":{"line":32,"column":2879}},"2805":{"start":{"line":32,"column":2905},"end":{"line":32,"column":3206}},"2806":{"start":{"line":32,"column":2963},"end":{"line":32,"column":2968}},"2807":{"start":{"line":32,"column":2969},"end":{"line":32,"column":3204}},"2808":{"start":{"line":32,"column":3233},"end":{"line":32,"column":3797}},"2809":{"start":{"line":32,"column":3300},"end":{"line":32,"column":3344}},"2810":{"start":{"line":32,"column":3347},"end":{"line":32,"column":3349}},"2811":{"start":{"line":32,"column":3352},"end":{"line":32,"column":3372}},"2812":{"start":{"line":32,"column":3373},"end":{"line":32,"column":3795}},"2813":{"start":{"line":32,"column":3826},"end":{"line":32,"column":3858}},"2814":{"start":{"line":32,"column":3864},"end":{"line":32,"column":4403}},"2815":{"start":{"line":32,"column":3887},"end":{"line":32,"column":3898}},"2816":{"start":{"line":32,"column":3914},"end":{"line":32,"column":3926}},"2817":{"start":{"line":32,"column":3944},"end":{"line":32,"column":3967}},"2818":{"start":{"line":32,"column":3978},"end":{"line":32,"column":4003}},"2819":{"start":{"line":32,"column":4014},"end":{"line":32,"column":4047}},"2820":{"start":{"line":32,"column":4072},"end":{"line":32,"column":4113}},"2821":{"start":{"line":32,"column":4139},"end":{"line":32,"column":4181}},"2822":{"start":{"line":32,"column":4207},"end":{"line":32,"column":4249}},"2823":{"start":{"line":32,"column":4276},"end":{"line":32,"column":4323}},"2824":{"start":{"line":32,"column":4352},"end":{"line":32,"column":4401}},"2825":{"start":{"line":32,"column":4411},"end":{"line":32,"column":4445}},"2826":{"start":{"line":32,"column":4432},"end":{"line":32,"column":4443}},"2827":{"start":{"line":32,"column":4461},"end":{"line":32,"column":4483}},"2828":{"start":{"line":32,"column":4499},"end":{"line":32,"column":4515}},"2829":{"start":{"line":32,"column":4523},"end":{"line":32,"column":4531}},"2830":{"start":{"line":32,"column":4535},"end":{"line":32,"column":4670}},"2831":{"start":{"line":32,"column":4556},"end":{"line":32,"column":4630}},"2832":{"start":{"line":32,"column":4566},"end":{"line":32,"column":4630}},"2833":{"start":{"line":32,"column":4646},"end":{"line":32,"column":4668}},"2834":{"start":{"line":32,"column":4674},"end":{"line":32,"column":4684}},"2835":{"start":{"line":32,"column":4700},"end":{"line":32,"column":4722}},"2836":{"start":{"line":32,"column":4730},"end":{"line":32,"column":5281}},"2837":{"start":{"line":32,"column":5285},"end":{"line":32,"column":5332}},"2838":{"start":{"line":32,"column":5512},"end":{"line":32,"column":5707}},"2839":{"start":{"line":32,"column":5708},"end":{"line":32,"column":5754}},"2840":{"start":{"line":32,"column":5805},"end":{"line":32,"column":5811}},"2841":{"start":{"line":32,"column":5812},"end":{"line":32,"column":5874}},"2842":{"start":{"line":32,"column":5896},"end":{"line":32,"column":6194}},"2843":{"start":{"line":32,"column":6220},"end":{"line":32,"column":6222}},"2844":{"start":{"line":32,"column":6223},"end":{"line":32,"column":6320}},"2845":{"start":{"line":32,"column":6340},"end":{"line":32,"column":6721}},"2846":{"start":{"line":32,"column":6374},"end":{"line":32,"column":6392}},"2847":{"start":{"line":32,"column":6383},"end":{"line":32,"column":6392}},"2848":{"start":{"line":32,"column":6398},"end":{"line":32,"column":6416}},"2849":{"start":{"line":32,"column":6417},"end":{"line":32,"column":6465}},"2850":{"start":{"line":32,"column":6448},"end":{"line":32,"column":6456}},"2851":{"start":{"line":32,"column":6456},"end":{"line":32,"column":6464}},"2852":{"start":{"line":32,"column":6471},"end":{"line":32,"column":6485}},"2853":{"start":{"line":32,"column":6486},"end":{"line":32,"column":6680}},"2854":{"start":{"line":32,"column":6648},"end":{"line":32,"column":6671}},"2855":{"start":{"line":32,"column":6671},"end":{"line":32,"column":6679}},"2856":{"start":{"line":32,"column":6680},"end":{"line":32,"column":6708}},"2857":{"start":{"line":32,"column":6691},"end":{"line":32,"column":6699}},"2858":{"start":{"line":32,"column":6699},"end":{"line":32,"column":6707}},"2859":{"start":{"line":32,"column":6708},"end":{"line":32,"column":6720}},"2860":{"start":{"line":32,"column":6747},"end":{"line":32,"column":6768}},"2861":{"start":{"line":32,"column":6771},"end":{"line":32,"column":6798}},"2862":{"start":{"line":32,"column":6801},"end":{"line":32,"column":6808}},"2863":{"start":{"line":32,"column":6809},"end":{"line":32,"column":6929}},"2864":{"start":{"line":32,"column":6843},"end":{"line":32,"column":6861}},"2865":{"start":{"line":32,"column":6852},"end":{"line":32,"column":6861}},"2866":{"start":{"line":32,"column":6861},"end":{"line":32,"column":6886}},"2867":{"start":{"line":32,"column":6892},"end":{"line":32,"column":6906}},"2868":{"start":{"line":32,"column":6907},"end":{"line":32,"column":6928}},"2869":{"start":{"line":32,"column":6953},"end":{"line":32,"column":6955}},"2870":{"start":{"line":32,"column":6958},"end":{"line":32,"column":6979}},"2871":{"start":{"line":32,"column":6982},"end":{"line":32,"column":6989}},"2872":{"start":{"line":32,"column":6990},"end":{"line":32,"column":7236}},"2873":{"start":{"line":32,"column":7024},"end":{"line":32,"column":7042}},"2874":{"start":{"line":32,"column":7033},"end":{"line":32,"column":7042}},"2875":{"start":{"line":32,"column":7048},"end":{"line":32,"column":7066}},"2876":{"start":{"line":32,"column":7067},"end":{"line":32,"column":7075}},"2877":{"start":{"line":32,"column":7081},"end":{"line":32,"column":7095}},"2878":{"start":{"line":32,"column":7096},"end":{"line":32,"column":7235}},"2879":{"start":{"line":32,"column":7114},"end":{"line":32,"column":7161}},"2880":{"start":{"line":32,"column":7144},"end":{"line":32,"column":7152}},"2881":{"start":{"line":32,"column":7152},"end":{"line":32,"column":7160}},"2882":{"start":{"line":32,"column":7161},"end":{"line":32,"column":7222}},"2883":{"start":{"line":32,"column":7172},"end":{"line":32,"column":7213}},"2884":{"start":{"line":32,"column":7213},"end":{"line":32,"column":7221}},"2885":{"start":{"line":32,"column":7222},"end":{"line":32,"column":7234}},"2886":{"start":{"line":32,"column":7236},"end":{"line":32,"column":7244}},"2887":{"start":{"line":32,"column":7262},"end":{"line":32,"column":7286}},"2888":{"start":{"line":32,"column":7274},"end":{"line":32,"column":7286}},"2889":{"start":{"line":32,"column":7286},"end":{"line":32,"column":7358}},"2890":{"start":{"line":32,"column":7349},"end":{"line":32,"column":7358}},"2891":{"start":{"line":32,"column":7358},"end":{"line":32,"column":7419}},"2892":{"start":{"line":32,"column":7380},"end":{"line":32,"column":7419}},"2893":{"start":{"line":32,"column":7419},"end":{"line":32,"column":7712}},"2894":{"start":{"line":32,"column":7429},"end":{"line":32,"column":7485}},"2895":{"start":{"line":32,"column":7438},"end":{"line":32,"column":7485}},"2896":{"start":{"line":32,"column":7485},"end":{"line":32,"column":7711}},"2897":{"start":{"line":32,"column":7712},"end":{"line":32,"column":7756}},"2898":{"start":{"line":32,"column":7721},"end":{"line":32,"column":7756}},"2899":{"start":{"line":32,"column":7756},"end":{"line":32,"column":7833}},"2900":{"start":{"line":32,"column":7765},"end":{"line":32,"column":7833}},"2901":{"start":{"line":32,"column":7833},"end":{"line":32,"column":7868}},"2902":{"start":{"line":32,"column":7853},"end":{"line":32,"column":7868}},"2903":{"start":{"line":32,"column":7868},"end":{"line":32,"column":8002}},"2904":{"start":{"line":32,"column":7934},"end":{"line":32,"column":7935}},"2905":{"start":{"line":32,"column":7936},"end":{"line":32,"column":8001}},"2906":{"start":{"line":32,"column":8002},"end":{"line":32,"column":8027}},"2907":{"start":{"line":32,"column":8011},"end":{"line":32,"column":8027}},"2908":{"start":{"line":32,"column":8027},"end":{"line":32,"column":8078}},"2909":{"start":{"line":32,"column":8036},"end":{"line":32,"column":8078}},"2910":{"start":{"line":32,"column":8078},"end":{"line":32,"column":8215}},"2911":{"start":{"line":32,"column":8098},"end":{"line":32,"column":8175}},"2912":{"start":{"line":32,"column":8132},"end":{"line":32,"column":8175}},"2913":{"start":{"line":32,"column":8175},"end":{"line":32,"column":8214}},"2914":{"start":{"line":32,"column":8215},"end":{"line":32,"column":8242}},"2915":{"start":{"line":32,"column":8224},"end":{"line":32,"column":8242}},"2916":{"start":{"line":32,"column":8242},"end":{"line":32,"column":8279}},"2917":{"start":{"line":32,"column":8264},"end":{"line":32,"column":8279}},"2918":{"start":{"line":32,"column":8279},"end":{"line":32,"column":8603}},"2919":{"start":{"line":32,"column":8621},"end":{"line":32,"column":8660}},"2920":{"start":{"line":32,"column":8632},"end":{"line":32,"column":8660}},"2921":{"start":{"line":32,"column":8666},"end":{"line":32,"column":8668}},"2922":{"start":{"line":32,"column":8669},"end":{"line":32,"column":8986}},"2923":{"start":{"line":32,"column":8691},"end":{"line":32,"column":8695}},"2924":{"start":{"line":32,"column":8698},"end":{"line":32,"column":8715}},"2925":{"start":{"line":32,"column":8716},"end":{"line":32,"column":8985}},"2926":{"start":{"line":32,"column":8986},"end":{"line":32,"column":8994}},"2927":{"start":{"line":32,"column":9018},"end":{"line":32,"column":9020}},"2928":{"start":{"line":32,"column":9021},"end":{"line":32,"column":9453}},"2929":{"start":{"line":32,"column":9031},"end":{"line":32,"column":9032}},"2930":{"start":{"line":32,"column":9055},"end":{"line":32,"column":9080}},"2931":{"start":{"line":32,"column":9083},"end":{"line":32,"column":9087}},"2932":{"start":{"line":32,"column":9088},"end":{"line":32,"column":9437}},"2933":{"start":{"line":32,"column":9116},"end":{"line":32,"column":9152}},"2934":{"start":{"line":32,"column":9153},"end":{"line":32,"column":9436}},"2935":{"start":{"line":32,"column":9437},"end":{"line":32,"column":9452}},"2936":{"start":{"line":32,"column":9453},"end":{"line":32,"column":9461}},"2937":{"start":{"line":32,"column":9477},"end":{"line":32,"column":9544}},"2938":{"start":{"line":32,"column":9560},"end":{"line":32,"column":9624}},"2939":{"start":{"line":32,"column":9642},"end":{"line":32,"column":9809}},"2940":{"start":{"line":32,"column":9817},"end":{"line":32,"column":11942}},"2941":{"start":{"line":32,"column":9840},"end":{"line":32,"column":9854}},"2942":{"start":{"line":32,"column":9854},"end":{"line":32,"column":10013}},"2943":{"start":{"line":32,"column":10050},"end":{"line":32,"column":10278}},"2944":{"start":{"line":32,"column":10298},"end":{"line":32,"column":10330}},"2945":{"start":{"line":32,"column":10349},"end":{"line":32,"column":10380}},"2946":{"start":{"line":32,"column":10399},"end":{"line":32,"column":10465}},"2947":{"start":{"line":32,"column":10493},"end":{"line":32,"column":10678}},"2948":{"start":{"line":32,"column":10541},"end":{"line":32,"column":10678}},"2949":{"start":{"line":32,"column":10614},"end":{"line":32,"column":10675}},"2950":{"start":{"line":32,"column":10693},"end":{"line":32,"column":10794}},"2951":{"start":{"line":32,"column":10817},"end":{"line":32,"column":10863}},"2952":{"start":{"line":32,"column":10884},"end":{"line":32,"column":10982}},"2953":{"start":{"line":32,"column":10909},"end":{"line":32,"column":10982}},"2954":{"start":{"line":32,"column":10996},"end":{"line":32,"column":11047}},"2955":{"start":{"line":32,"column":11036},"end":{"line":32,"column":11046}},"2956":{"start":{"line":32,"column":11071},"end":{"line":32,"column":11088}},"2957":{"start":{"line":32,"column":11091},"end":{"line":32,"column":11123}},"2958":{"start":{"line":32,"column":11124},"end":{"line":32,"column":11216}},"2959":{"start":{"line":32,"column":11233},"end":{"line":32,"column":11350}},"2960":{"start":{"line":32,"column":11375},"end":{"line":32,"column":11845}},"2961":{"start":{"line":32,"column":11601},"end":{"line":32,"column":11610}},"2962":{"start":{"line":32,"column":11788},"end":{"line":32,"column":11797}},"2963":{"start":{"line":32,"column":11805},"end":{"line":32,"column":11844}},"2964":{"start":{"line":32,"column":11862},"end":{"line":32,"column":11940}},"2965":{"start":{"line":32,"column":11958},"end":{"line":32,"column":12111}},"2966":{"start":{"line":32,"column":11991},"end":{"line":32,"column":12111}},"2967":{"start":{"line":32,"column":12119},"end":{"line":32,"column":12342}},"2968":{"start":{"line":32,"column":12148},"end":{"line":32,"column":12162}},"2969":{"start":{"line":32,"column":12177},"end":{"line":32,"column":12257}},"2970":{"start":{"line":32,"column":12266},"end":{"line":32,"column":12340}},"2971":{"start":{"line":32,"column":12366},"end":{"line":32,"column":12379}},"2972":{"start":{"line":32,"column":12373},"end":{"line":32,"column":12378}},"2973":{"start":{"line":32,"column":12380},"end":{"line":32,"column":12429}},"2974":{"start":{"line":32,"column":12420},"end":{"line":32,"column":12427}},"2975":{"start":{"line":32,"column":12445},"end":{"line":32,"column":12520}},"2976":{"start":{"line":32,"column":12536},"end":{"line":32,"column":12590}},"2977":{"start":{"line":32,"column":12575},"end":{"line":32,"column":12588}},"2978":{"start":{"line":32,"column":12598},"end":{"line":32,"column":12609}},"2979":{"start":{"line":32,"column":12613},"end":{"line":32,"column":12631}},"2980":{"start":{"line":32,"column":12635},"end":{"line":32,"column":12805}},"2981":{"start":{"line":32,"column":12658},"end":{"line":32,"column":12729}},"2982":{"start":{"line":32,"column":12740},"end":{"line":32,"column":12763}},"2983":{"start":{"line":32,"column":12777},"end":{"line":32,"column":12803}},"2984":{"start":{"line":32,"column":12821},"end":{"line":32,"column":12846}},"2985":{"start":{"line":32,"column":12835},"end":{"line":32,"column":12846}},"2986":{"start":{"line":32,"column":12862},"end":{"line":32,"column":12888}},"2987":{"start":{"line":32,"column":12896},"end":{"line":32,"column":12903}},"2988":{"start":{"line":32,"column":12911},"end":{"line":32,"column":12938}},"2989":{"start":{"line":32,"column":12942},"end":{"line":32,"column":12964}},"2990":{"start":{"line":32,"column":12968},"end":{"line":32,"column":12989}},"2991":{"start":{"line":32,"column":12993},"end":{"line":32,"column":13016}},"2992":{"start":{"line":32,"column":13024},"end":{"line":32,"column":14019}},"2993":{"start":{"line":32,"column":13049},"end":{"line":32,"column":13212}},"2994":{"start":{"line":32,"column":13074},"end":{"line":32,"column":13212}},"2995":{"start":{"line":32,"column":13218},"end":{"line":32,"column":13273}},"2996":{"start":{"line":32,"column":13234},"end":{"line":32,"column":13270}},"2997":{"start":{"line":32,"column":13274},"end":{"line":32,"column":13348}},"2998":{"start":{"line":32,"column":13354},"end":{"line":32,"column":13355}},"2999":{"start":{"line":32,"column":13358},"end":{"line":32,"column":13359}},"3000":{"start":{"line":32,"column":13360},"end":{"line":32,"column":13600}},"3001":{"start":{"line":32,"column":13384},"end":{"line":32,"column":13390}},"3002":{"start":{"line":32,"column":13393},"end":{"line":32,"column":13397}},"3003":{"start":{"line":32,"column":13398},"end":{"line":32,"column":13599}},"3004":{"start":{"line":32,"column":13417},"end":{"line":32,"column":13447}},"3005":{"start":{"line":32,"column":13453},"end":{"line":32,"column":13454}},"3006":{"start":{"line":32,"column":13455},"end":{"line":32,"column":13539}},"3007":{"start":{"line":32,"column":13479},"end":{"line":32,"column":13539}},"3008":{"start":{"line":32,"column":13539},"end":{"line":32,"column":13557}},"3009":{"start":{"line":32,"column":13563},"end":{"line":32,"column":13599}},"3010":{"start":{"line":32,"column":13617},"end":{"line":32,"column":13636}},"3011":{"start":{"line":32,"column":13639},"end":{"line":32,"column":13640}},"3012":{"start":{"line":32,"column":13643},"end":{"line":32,"column":13658}},"3013":{"start":{"line":32,"column":13659},"end":{"line":32,"column":13696}},"3014":{"start":{"line":32,"column":13669},"end":{"line":32,"column":13696}},"3015":{"start":{"line":32,"column":13696},"end":{"line":32,"column":13704}},"3016":{"start":{"line":32,"column":13727},"end":{"line":32,"column":13746}},"3017":{"start":{"line":32,"column":13749},"end":{"line":32,"column":13750}},"3018":{"start":{"line":32,"column":13753},"end":{"line":32,"column":13768}},"3019":{"start":{"line":32,"column":13769},"end":{"line":32,"column":13810}},"3020":{"start":{"line":32,"column":13779},"end":{"line":32,"column":13810}},"3021":{"start":{"line":32,"column":13810},"end":{"line":32,"column":13818}},"3022":{"start":{"line":32,"column":13836},"end":{"line":32,"column":13855}},"3023":{"start":{"line":32,"column":13858},"end":{"line":32,"column":13859}},"3024":{"start":{"line":32,"column":13862},"end":{"line":32,"column":13877}},"3025":{"start":{"line":32,"column":13878},"end":{"line":32,"column":13919}},"3026":{"start":{"line":32,"column":13888},"end":{"line":32,"column":13919}},"3027":{"start":{"line":32,"column":13919},"end":{"line":32,"column":13927}},"3028":{"start":{"line":32,"column":13938},"end":{"line":32,"column":14017}},"3029":{"start":{"line":32,"column":14051},"end":{"line":32,"column":14182}},"3030":{"start":{"line":32,"column":14067},"end":{"line":32,"column":14182}},"3031":{"start":{"line":32,"column":14182},"end":{"line":32,"column":14233}},"3032":{"start":{"line":32,"column":14249},"end":{"line":32,"column":14270}},"3033":{"start":{"line":32,"column":14278},"end":{"line":32,"column":14284}},"3034":{"start":{"line":32,"column":14305},"end":{"line":32,"column":14323}},"3035":{"start":{"line":32,"column":14339},"end":{"line":32,"column":14412}},"3036":{"start":{"line":32,"column":14356},"end":{"line":32,"column":14377}},"3037":{"start":{"line":32,"column":14399},"end":{"line":32,"column":14410}},"3038":{"start":{"line":32,"column":14430},"end":{"line":32,"column":14489}},"3039":{"start":{"line":32,"column":14447},"end":{"line":32,"column":14456}},"3040":{"start":{"line":32,"column":14477},"end":{"line":32,"column":14487}},"3041":{"start":{"line":32,"column":14511},"end":{"line":32,"column":14517}},"3042":{"start":{"line":32,"column":14518},"end":{"line":32,"column":14688}},"3043":{"start":{"line":32,"column":14535},"end":{"line":32,"column":14553}},"3044":{"start":{"line":32,"column":14575},"end":{"line":32,"column":14624}},"3045":{"start":{"line":32,"column":14602},"end":{"line":32,"column":14623}},"3046":{"start":{"line":32,"column":14651},"end":{"line":32,"column":14686}},"3047":{"start":{"line":32,"column":14696},"end":{"line":32,"column":14739}},"3048":{"start":{"line":32,"column":14761},"end":{"line":32,"column":14771}},"3049":{"start":{"line":32,"column":14772},"end":{"line":32,"column":14928}},"3050":{"start":{"line":32,"column":14798},"end":{"line":32,"column":14814}},"3051":{"start":{"line":32,"column":14844},"end":{"line":32,"column":14846}},"3052":{"start":{"line":32,"column":14858},"end":{"line":32,"column":14866}},"3053":{"start":{"line":32,"column":14880},"end":{"line":32,"column":14908}},"3054":{"start":{"line":32,"column":14921},"end":{"line":32,"column":14927}},"3055":{"start":{"line":32,"column":14936},"end":{"line":32,"column":14976}},"3056":{"start":{"line":32,"column":15000},"end":{"line":32,"column":15005}},"3057":{"start":{"line":32,"column":15008},"end":{"line":32,"column":15015}},"3058":{"start":{"line":32,"column":15018},"end":{"line":32,"column":15720}},"3059":{"start":{"line":32,"column":15040},"end":{"line":32,"column":15064}},"3060":{"start":{"line":32,"column":15052},"end":{"line":32,"column":15064}},"3061":{"start":{"line":32,"column":15070},"end":{"line":32,"column":15078}},"3062":{"start":{"line":32,"column":15079},"end":{"line":32,"column":15114}},"3063":{"start":{"line":32,"column":15125},"end":{"line":32,"column":15146}},"3064":{"start":{"line":32,"column":15137},"end":{"line":32,"column":15146}},"3065":{"start":{"line":32,"column":15152},"end":{"line":32,"column":15160}},"3066":{"start":{"line":32,"column":15161},"end":{"line":32,"column":15201}},"3067":{"start":{"line":32,"column":15220},"end":{"line":32,"column":15244}},"3068":{"start":{"line":32,"column":15247},"end":{"line":32,"column":15273}},"3069":{"start":{"line":32,"column":15274},"end":{"line":32,"column":15310}},"3070":{"start":{"line":32,"column":15323},"end":{"line":32,"column":15414}},"3071":{"start":{"line":32,"column":15452},"end":{"line":32,"column":15489}},"3072":{"start":{"line":32,"column":15490},"end":{"line":32,"column":15521}},"3073":{"start":{"line":32,"column":15512},"end":{"line":32,"column":15521}},"3074":{"start":{"line":32,"column":15527},"end":{"line":32,"column":15535}},"3075":{"start":{"line":32,"column":15536},"end":{"line":32,"column":15612}},"3076":{"start":{"line":32,"column":15636},"end":{"line":32,"column":15681}},"3077":{"start":{"line":32,"column":15702},"end":{"line":32,"column":15718}},"3078":{"start":{"line":32,"column":15721},"end":{"line":32,"column":15785}},"3079":{"start":{"line":32,"column":15751},"end":{"line":32,"column":15760}},"3080":{"start":{"line":32,"column":15761},"end":{"line":32,"column":15782}},"3081":{"start":{"line":32,"column":15807},"end":{"line":32,"column":15814}},"3082":{"start":{"line":32,"column":15815},"end":{"line":32,"column":15875}},"3083":{"start":{"line":32,"column":15837},"end":{"line":32,"column":15848}},"3084":{"start":{"line":32,"column":15849},"end":{"line":32,"column":15874}},"3085":{"start":{"line":32,"column":15864},"end":{"line":32,"column":15874}},"3086":{"start":{"line":32,"column":15875},"end":{"line":32,"column":15883}},"3087":{"start":{"line":32,"column":15901},"end":{"line":32,"column":15943}},"3088":{"start":{"line":32,"column":15920},"end":{"line":32,"column":15942}},"3089":{"start":{"line":32,"column":15959},"end":{"line":32,"column":16023}},"3090":{"start":{"line":32,"column":15976},"end":{"line":32,"column":15984}},"3091":{"start":{"line":32,"column":15992},"end":{"line":32,"column":16000}},"3092":{"start":{"line":32,"column":16041},"end":{"line":32,"column":16135}},"3093":{"start":{"line":32,"column":16151},"end":{"line":32,"column":16174}},"3094":{"start":{"line":32,"column":16165},"end":{"line":32,"column":16174}},"3095":{"start":{"line":32,"column":16180},"end":{"line":32,"column":16185}},"3096":{"start":{"line":32,"column":16186},"end":{"line":32,"column":16234}},"3097":{"start":{"line":32,"column":16242},"end":{"line":32,"column":16249}},"3098":{"start":{"line":32,"column":16297},"end":{"line":32,"column":16478}},"3099":{"start":{"line":32,"column":16502},"end":{"line":32,"column":16511}},"3100":{"start":{"line":32,"column":16512},"end":{"line":33,"column":117}},"3101":{"start":{"line":33,"column":125},"end":{"line":33,"column":136}},"3102":{"start":{"line":33,"column":158},"end":{"line":34,"column":2}},"3103":{"start":{"line":34,"column":3},"end":{"line":34,"column":99}},"3104":{"start":{"line":34,"column":39},"end":{"line":34,"column":72}},"3105":{"start":{"line":34,"column":73},"end":{"line":34,"column":94}},"3106":{"start":{"line":34,"column":107},"end":{"line":34,"column":250}},"3107":{"start":{"line":34,"column":254},"end":{"line":34,"column":285}},"3108":{"start":{"line":34,"column":307},"end":{"line":34,"column":317}},"3109":{"start":{"line":34,"column":318},"end":{"line":34,"column":336}},"3110":{"start":{"line":34,"column":324},"end":{"line":34,"column":336}},"3111":{"start":{"line":34,"column":342},"end":{"line":34,"column":374}},"3112":{"start":{"line":34,"column":377},"end":{"line":34,"column":407}},"3113":{"start":{"line":34,"column":410},"end":{"line":34,"column":423}},"3114":{"start":{"line":34,"column":424},"end":{"line":34,"column":585}},"3115":{"start":{"line":34,"column":593},"end":{"line":34,"column":708}},"3116":{"start":{"line":34,"column":730},"end":{"line":34,"column":740}},"3117":{"start":{"line":34,"column":741},"end":{"line":34,"column":839}},"3118":{"start":{"line":34,"column":847},"end":{"line":34,"column":980}},"3119":{"start":{"line":34,"column":984},"end":{"line":34,"column":1031}},"3120":{"start":{"line":34,"column":1053},"end":{"line":34,"column":1063}},"3121":{"start":{"line":34,"column":1064},"end":{"line":34,"column":1082}},"3122":{"start":{"line":34,"column":1070},"end":{"line":34,"column":1082}},"3123":{"start":{"line":34,"column":1088},"end":{"line":34,"column":1120}},"3124":{"start":{"line":34,"column":1123},"end":{"line":34,"column":1136}},"3125":{"start":{"line":34,"column":1137},"end":{"line":34,"column":1303}},"3126":{"start":{"line":34,"column":1311},"end":{"line":34,"column":1373}},"3127":{"start":{"line":34,"column":1395},"end":{"line":34,"column":1405}},"3128":{"start":{"line":34,"column":1406},"end":{"line":34,"column":1504}},"3129":{"start":{"line":34,"column":1512},"end":{"line":34,"column":1607}},"3130":{"start":{"line":34,"column":1629},"end":{"line":34,"column":1639}},"3131":{"start":{"line":34,"column":1640},"end":{"line":34,"column":1738}},"3132":{"start":{"line":34,"column":1746},"end":{"line":34,"column":1779}},"3133":{"start":{"line":34,"column":1766},"end":{"line":34,"column":1777}},"3134":{"start":{"line":34,"column":1783},"end":{"line":34,"column":2439}},"3135":{"start":{"line":34,"column":1810},"end":{"line":34,"column":1831}},"3136":{"start":{"line":34,"column":1852},"end":{"line":34,"column":1869}},"3137":{"start":{"line":34,"column":1870},"end":{"line":34,"column":1888}},"3138":{"start":{"line":34,"column":1876},"end":{"line":34,"column":1888}},"3139":{"start":{"line":34,"column":1894},"end":{"line":34,"column":2350}},"3140":{"start":{"line":34,"column":1909},"end":{"line":34,"column":1929}},"3141":{"start":{"line":34,"column":1920},"end":{"line":34,"column":1929}},"3142":{"start":{"line":34,"column":1935},"end":{"line":34,"column":1945}},"3143":{"start":{"line":34,"column":1946},"end":{"line":34,"column":2348}},"3144":{"start":{"line":34,"column":2351},"end":{"line":34,"column":2437}},"3145":{"start":{"line":34,"column":2455},"end":{"line":34,"column":2561}},"3146":{"start":{"line":34,"column":2569},"end":{"line":34,"column":2612}},"3147":{"start":{"line":34,"column":2637},"end":{"line":34,"column":2642}},"3148":{"start":{"line":34,"column":2643},"end":{"line":34,"column":2747}},"3149":{"start":{"line":34,"column":2687},"end":{"line":34,"column":2733}},"3150":{"start":{"line":34,"column":2766},"end":{"line":34,"column":2831}},"3151":{"start":{"line":34,"column":2850},"end":{"line":34,"column":2916}},"3152":{"start":{"line":34,"column":2861},"end":{"line":34,"column":2915}},"3153":{"start":{"line":34,"column":2940},"end":{"line":34,"column":2945}},"3154":{"start":{"line":34,"column":2946},"end":{"line":34,"column":3004}},"3155":{"start":{"line":34,"column":3042},"end":{"line":34,"column":3043}},"3156":{"start":{"line":34,"column":3044},"end":{"line":34,"column":3117}},"3157":{"start":{"line":34,"column":3136},"end":{"line":34,"column":3211}},"3158":{"start":{"line":34,"column":3172},"end":{"line":34,"column":3187}},"3159":{"start":{"line":34,"column":3191},"end":{"line":34,"column":3211}},"3160":{"start":{"line":34,"column":3229},"end":{"line":34,"column":3287}},"3161":{"start":{"line":34,"column":3312},"end":{"line":34,"column":3317}},"3162":{"start":{"line":34,"column":3318},"end":{"line":34,"column":3444}},"3163":{"start":{"line":34,"column":3341},"end":{"line":34,"column":3396}},"3164":{"start":{"line":34,"column":3359},"end":{"line":34,"column":3396}},"3165":{"start":{"line":34,"column":3401},"end":{"line":34,"column":3444}},"3166":{"start":{"line":34,"column":3444},"end":{"line":34,"column":3452}},"3167":{"start":{"line":34,"column":3471},"end":{"line":34,"column":3552}},"3168":{"start":{"line":34,"column":3482},"end":{"line":34,"column":3551}},"3169":{"start":{"line":34,"column":3525},"end":{"line":34,"column":3547}},"3170":{"start":{"line":34,"column":3570},"end":{"line":34,"column":3630}},"3171":{"start":{"line":34,"column":3650},"end":{"line":34,"column":3687}},"3172":{"start":{"line":34,"column":3669},"end":{"line":34,"column":3687}},"3173":{"start":{"line":34,"column":3679},"end":{"line":34,"column":3686}},"3174":{"start":{"line":34,"column":3687},"end":{"line":34,"column":3720}},"3175":{"start":{"line":34,"column":3702},"end":{"line":34,"column":3720}},"3176":{"start":{"line":34,"column":3712},"end":{"line":34,"column":3719}},"3177":{"start":{"line":34,"column":3720},"end":{"line":34,"column":3754}},"3178":{"start":{"line":34,"column":3737},"end":{"line":34,"column":3754}},"3179":{"start":{"line":34,"column":3747},"end":{"line":34,"column":3754}},"3180":{"start":{"line":34,"column":3778},"end":{"line":34,"column":3813}},"3181":{"start":{"line":34,"column":3797},"end":{"line":34,"column":3812}},"3182":{"start":{"line":34,"column":3816},"end":{"line":34,"column":3828}},"3183":{"start":{"line":34,"column":3829},"end":{"line":34,"column":3992}},"3184":{"start":{"line":34,"column":3859},"end":{"line":34,"column":3901}},"3185":{"start":{"line":34,"column":3889},"end":{"line":34,"column":3901}},"3186":{"start":{"line":34,"column":3907},"end":{"line":34,"column":3911}},"3187":{"start":{"line":34,"column":3912},"end":{"line":34,"column":3967}},"3188":{"start":{"line":34,"column":3917},"end":{"line":34,"column":3967}},"3189":{"start":{"line":34,"column":4000},"end":{"line":34,"column":4034}},"3190":{"start":{"line":34,"column":4003},"end":{"line":34,"column":4034}},"3191":{"start":{"line":34,"column":4038},"end":{"line":34,"column":4075}},"3192":{"start":{"line":34,"column":4045},"end":{"line":34,"column":4075}},"3193":{"start":{"line":34,"column":4065},"end":{"line":34,"column":4072}},"3194":{"start":{"line":34,"column":4079},"end":{"line":34,"column":4164}},"3195":{"start":{"line":34,"column":4088},"end":{"line":34,"column":4164}},"3196":{"start":{"line":34,"column":4117},"end":{"line":34,"column":4161}},"3197":{"start":{"line":34,"column":4182},"end":{"line":34,"column":4232}},"3198":{"start":{"line":34,"column":4252},"end":{"line":34,"column":4289}},"3199":{"start":{"line":34,"column":4321},"end":{"line":34,"column":4395}},"3200":{"start":{"line":34,"column":4373},"end":{"line":34,"column":4390}},"3201":{"start":{"line":34,"column":4396},"end":{"line":34,"column":4658}},"3202":{"start":{"line":34,"column":4413},"end":{"line":34,"column":4431}},"3203":{"start":{"line":34,"column":4434},"end":{"line":34,"column":4441}},"3204":{"start":{"line":34,"column":4444},"end":{"line":34,"column":4453}},"3205":{"start":{"line":34,"column":4456},"end":{"line":34,"column":4485}},"3206":{"start":{"line":34,"column":4488},"end":{"line":34,"column":4495}},"3207":{"start":{"line":34,"column":4496},"end":{"line":34,"column":4657}},"3208":{"start":{"line":34,"column":4525},"end":{"line":34,"column":4555}},"3209":{"start":{"line":34,"column":4543},"end":{"line":34,"column":4555}},"3210":{"start":{"line":34,"column":4561},"end":{"line":34,"column":4576}},"3211":{"start":{"line":34,"column":4579},"end":{"line":34,"column":4584}},"3212":{"start":{"line":34,"column":4585},"end":{"line":34,"column":4607}},"3213":{"start":{"line":34,"column":4676},"end":{"line":34,"column":4763}},"3214":{"start":{"line":34,"column":4730},"end":{"line":34,"column":4747}},"3215":{"start":{"line":34,"column":4756},"end":{"line":34,"column":4762}},"3216":{"start":{"line":34,"column":4771},"end":{"line":34,"column":4872}},"3217":{"start":{"line":34,"column":4876},"end":{"line":34,"column":4907}},"3218":{"start":{"line":34,"column":4931},"end":{"line":34,"column":4973}},"3219":{"start":{"line":34,"column":4976},"end":{"line":34,"column":5069}},"3220":{"start":{"line":34,"column":5013},"end":{"line":34,"column":5014}},"3221":{"start":{"line":34,"column":5031},"end":{"line":34,"column":5032}},"3222":{"start":{"line":34,"column":5051},"end":{"line":34,"column":5067}},"3223":{"start":{"line":34,"column":5070},"end":{"line":34,"column":5085}},"3224":{"start":{"line":34,"column":5109},"end":{"line":34,"column":5114}},"3225":{"start":{"line":34,"column":5117},"end":{"line":34,"column":5148}},"3226":{"start":{"line":34,"column":5149},"end":{"line":34,"column":5495}},"3227":{"start":{"line":34,"column":5166},"end":{"line":34,"column":5174}},"3228":{"start":{"line":34,"column":5202},"end":{"line":34,"column":5203}},"3229":{"start":{"line":34,"column":5206},"end":{"line":34,"column":5439}},"3230":{"start":{"line":34,"column":5209},"end":{"line":34,"column":5439}},"3231":{"start":{"line":34,"column":5219},"end":{"line":34,"column":5237}},"3232":{"start":{"line":34,"column":5238},"end":{"line":34,"column":5438}},"3233":{"start":{"line":34,"column":5278},"end":{"line":34,"column":5379}},"3234":{"start":{"line":34,"column":5380},"end":{"line":34,"column":5410}},"3235":{"start":{"line":34,"column":5440},"end":{"line":34,"column":5493}},"3236":{"start":{"line":34,"column":5511},"end":{"line":34,"column":5532}},"3237":{"start":{"line":34,"column":5550},"end":{"line":34,"column":5630}},"3238":{"start":{"line":34,"column":5583},"end":{"line":34,"column":5612}},"3239":{"start":{"line":34,"column":5613},"end":{"line":34,"column":5627}},"3240":{"start":{"line":34,"column":5646},"end":{"line":34,"column":5687}},"3241":{"start":{"line":34,"column":5671},"end":{"line":34,"column":5686}},"3242":{"start":{"line":34,"column":5695},"end":{"line":34,"column":5703}},"3243":{"start":{"line":34,"column":5725},"end":{"line":34,"column":5786}},"3244":{"start":{"line":34,"column":5748},"end":{"line":34,"column":5749}},"3245":{"start":{"line":34,"column":5768},"end":{"line":34,"column":5784}},"3246":{"start":{"line":34,"column":5789},"end":{"line":34,"column":5827}},"3247":{"start":{"line":34,"column":5828},"end":{"line":34,"column":5859}},"3248":{"start":{"line":34,"column":5881},"end":{"line":34,"column":5921}},"3249":{"start":{"line":34,"column":5924},"end":{"line":34,"column":5967}},"3250":{"start":{"line":34,"column":5968},"end":{"line":34,"column":6028}},"3251":{"start":{"line":34,"column":5985},"end":{"line":34,"column":5993}},"3252":{"start":{"line":34,"column":6015},"end":{"line":34,"column":6026}},"3253":{"start":{"line":34,"column":6050},"end":{"line":34,"column":6089}},"3254":{"start":{"line":34,"column":6092},"end":{"line":34,"column":6101}},"3255":{"start":{"line":34,"column":6104},"end":{"line":34,"column":6129}},"3256":{"start":{"line":34,"column":6130},"end":{"line":34,"column":6375}},"3257":{"start":{"line":34,"column":6151},"end":{"line":34,"column":6159}},"3258":{"start":{"line":34,"column":6187},"end":{"line":34,"column":6192}},"3259":{"start":{"line":34,"column":6193},"end":{"line":34,"column":6250}},"3260":{"start":{"line":34,"column":6235},"end":{"line":34,"column":6250}},"3261":{"start":{"line":34,"column":6250},"end":{"line":34,"column":6306}},"3262":{"start":{"line":34,"column":6292},"end":{"line":34,"column":6306}},"3263":{"start":{"line":34,"column":6333},"end":{"line":34,"column":6372}},"3264":{"start":{"line":34,"column":6351},"end":{"line":34,"column":6372}},"3265":{"start":{"line":34,"column":6391},"end":{"line":34,"column":6411}},"3266":{"start":{"line":34,"column":6427},"end":{"line":34,"column":6466}},"3267":{"start":{"line":34,"column":6451},"end":{"line":34,"column":6466}},"3268":{"start":{"line":34,"column":6466},"end":{"line":34,"column":6614}},"3269":{"start":{"line":34,"column":6505},"end":{"line":34,"column":6532}},"3270":{"start":{"line":34,"column":6533},"end":{"line":34,"column":6613}},"3271":{"start":{"line":34,"column":6620},"end":{"line":34,"column":6787}},"3272":{"start":{"line":34,"column":6788},"end":{"line":34,"column":6800}},"3273":{"start":{"line":34,"column":6872},"end":{"line":34,"column":6897}},"3274":{"start":{"line":34,"column":6898},"end":{"line":34,"column":6913}},"3275":{"start":{"line":34,"column":6904},"end":{"line":34,"column":6913}},"3276":{"start":{"line":34,"column":6919},"end":{"line":34,"column":6921}},"3277":{"start":{"line":34,"column":6924},"end":{"line":34,"column":6926}},"3278":{"start":{"line":34,"column":6927},"end":{"line":34,"column":7170}},"3279":{"start":{"line":34,"column":6958},"end":{"line":34,"column":7133}},"3280":{"start":{"line":34,"column":6964},"end":{"line":34,"column":6986}},"3281":{"start":{"line":34,"column":6977},"end":{"line":34,"column":6986}},"3282":{"start":{"line":34,"column":6992},"end":{"line":34,"column":7015}},"3283":{"start":{"line":34,"column":7010},"end":{"line":34,"column":7014}},"3284":{"start":{"line":34,"column":7016},"end":{"line":34,"column":7041}},"3285":{"start":{"line":34,"column":7047},"end":{"line":34,"column":7133}},"3286":{"start":{"line":34,"column":7053},"end":{"line":34,"column":7076}},"3287":{"start":{"line":34,"column":7067},"end":{"line":34,"column":7076}},"3288":{"start":{"line":34,"column":7082},"end":{"line":34,"column":7106}},"3289":{"start":{"line":34,"column":7100},"end":{"line":34,"column":7105}},"3290":{"start":{"line":34,"column":7107},"end":{"line":34,"column":7132}},"3291":{"start":{"line":34,"column":7133},"end":{"line":34,"column":7169}},"3292":{"start":{"line":34,"column":7170},"end":{"line":34,"column":7219}},"3293":{"start":{"line":34,"column":7237},"end":{"line":34,"column":7263}},"3294":{"start":{"line":34,"column":7255},"end":{"line":34,"column":7262}},"3295":{"start":{"line":34,"column":7281},"end":{"line":34,"column":7319}},"3296":{"start":{"line":34,"column":7305},"end":{"line":34,"column":7317}},"3297":{"start":{"line":34,"column":7392},"end":{"line":34,"column":7520}},"3298":{"start":{"line":34,"column":7413},"end":{"line":34,"column":7511}},"3299":{"start":{"line":34,"column":7423},"end":{"line":34,"column":7424}},"3300":{"start":{"line":34,"column":7440},"end":{"line":34,"column":7511}},"3301":{"start":{"line":34,"column":7511},"end":{"line":34,"column":7519}},"3302":{"start":{"line":34,"column":7526},"end":{"line":34,"column":7537}},"3303":{"start":{"line":34,"column":7538},"end":{"line":34,"column":7742}},"3304":{"start":{"line":34,"column":7832},"end":{"line":34,"column":8102}},"3305":{"start":{"line":34,"column":7866},"end":{"line":34,"column":7900}},"3306":{"start":{"line":34,"column":7891},"end":{"line":34,"column":7900}},"3307":{"start":{"line":34,"column":7906},"end":{"line":34,"column":7944}},"3308":{"start":{"line":34,"column":7933},"end":{"line":34,"column":7943}},"3309":{"start":{"line":34,"column":7945},"end":{"line":34,"column":7996}},"3310":{"start":{"line":34,"column":7987},"end":{"line":34,"column":7996}},"3311":{"start":{"line":34,"column":8002},"end":{"line":34,"column":8025}},"3312":{"start":{"line":34,"column":8026},"end":{"line":34,"column":8101}},"3313":{"start":{"line":34,"column":8191},"end":{"line":34,"column":8448}},"3314":{"start":{"line":34,"column":8334},"end":{"line":34,"column":8339}},"3315":{"start":{"line":34,"column":8340},"end":{"line":34,"column":8445}},"3316":{"start":{"line":34,"column":8456},"end":{"line":34,"column":8521}},"3317":{"start":{"line":34,"column":8525},"end":{"line":34,"column":8527}},"3318":{"start":{"line":34,"column":8543},"end":{"line":34,"column":8575}},"3319":{"start":{"line":34,"column":8562},"end":{"line":34,"column":8575}},"3320":{"start":{"line":34,"column":8575},"end":{"line":34,"column":8597}},"3321":{"start":{"line":34,"column":8584},"end":{"line":34,"column":8597}},"3322":{"start":{"line":34,"column":8597},"end":{"line":34,"column":8681}},"3323":{"start":{"line":34,"column":8624},"end":{"line":34,"column":8630}},"3324":{"start":{"line":34,"column":8631},"end":{"line":34,"column":8672}},"3325":{"start":{"line":34,"column":8641},"end":{"line":34,"column":8642}},"3326":{"start":{"line":34,"column":8658},"end":{"line":34,"column":8672}},"3327":{"start":{"line":34,"column":8672},"end":{"line":34,"column":8680}},"3328":{"start":{"line":34,"column":8687},"end":{"line":34,"column":8689}},"3329":{"start":{"line":34,"column":8690},"end":{"line":34,"column":8719}},"3330":{"start":{"line":34,"column":8705},"end":{"line":34,"column":8719}},"3331":{"start":{"line":34,"column":8719},"end":{"line":34,"column":8727}},"3332":{"start":{"line":34,"column":8743},"end":{"line":34,"column":8776}},"3333":{"start":{"line":34,"column":8792},"end":{"line":34,"column":8821}},"3334":{"start":{"line":34,"column":8837},"end":{"line":34,"column":8901}},"3335":{"start":{"line":34,"column":8892},"end":{"line":34,"column":8901}},"3336":{"start":{"line":34,"column":8901},"end":{"line":34,"column":8937}},"3337":{"start":{"line":34,"column":8910},"end":{"line":34,"column":8937}},"3338":{"start":{"line":34,"column":8937},"end":{"line":34,"column":8966}},"3339":{"start":{"line":34,"column":8946},"end":{"line":34,"column":8966}},"3340":{"start":{"line":34,"column":8966},"end":{"line":34,"column":9009}},"3341":{"start":{"line":34,"column":8991},"end":{"line":34,"column":9009}},"3342":{"start":{"line":34,"column":9009},"end":{"line":34,"column":9090}},"3343":{"start":{"line":34,"column":9036},"end":{"line":34,"column":9044}},"3344":{"start":{"line":34,"column":9047},"end":{"line":34,"column":9081}},"3345":{"start":{"line":34,"column":9067},"end":{"line":34,"column":9081}},"3346":{"start":{"line":34,"column":9081},"end":{"line":34,"column":9089}},"3347":{"start":{"line":34,"column":9090},"end":{"line":34,"column":9262}},"3348":{"start":{"line":34,"column":9119},"end":{"line":34,"column":9121}},"3349":{"start":{"line":34,"column":9122},"end":{"line":34,"column":9253}},"3350":{"start":{"line":34,"column":9137},"end":{"line":34,"column":9253}},"3351":{"start":{"line":34,"column":9253},"end":{"line":34,"column":9261}},"3352":{"start":{"line":34,"column":9262},"end":{"line":34,"column":9283}},"3353":{"start":{"line":34,"column":9307},"end":{"line":34,"column":9727}},"3354":{"start":{"line":34,"column":9347},"end":{"line":34,"column":9369}},"3355":{"start":{"line":34,"column":9370},"end":{"line":34,"column":9725}},"3356":{"start":{"line":34,"column":9639},"end":{"line":34,"column":9661}},"3357":{"start":{"line":34,"column":9662},"end":{"line":34,"column":9722}},"3358":{"start":{"line":34,"column":9788},"end":{"line":34,"column":9789}},"3359":{"start":{"line":34,"column":9792},"end":{"line":34,"column":9797}},"3360":{"start":{"line":34,"column":9798},"end":{"line":34,"column":9853}},"3361":{"start":{"line":34,"column":9825},"end":{"line":34,"column":9853}},"3362":{"start":{"line":34,"column":9859},"end":{"line":34,"column":9907}},"3363":{"start":{"line":34,"column":9908},"end":{"line":34,"column":9924}},"3364":{"start":{"line":34,"column":9940},"end":{"line":34,"column":10049}},"3365":{"start":{"line":34,"column":9957},"end":{"line":34,"column":9969}},"3366":{"start":{"line":34,"column":9972},"end":{"line":34,"column":10015}},"3367":{"start":{"line":34,"column":10016},"end":{"line":34,"column":10048}},"3368":{"start":{"line":34,"column":10071},"end":{"line":34,"column":10099}},"3369":{"start":{"line":34,"column":10087},"end":{"line":34,"column":10099}},"3370":{"start":{"line":34,"column":10105},"end":{"line":34,"column":10127}},"3371":{"start":{"line":34,"column":10130},"end":{"line":34,"column":10155}},"3372":{"start":{"line":34,"column":10156},"end":{"line":34,"column":10450}},"3373":{"start":{"line":34,"column":10202},"end":{"line":34,"column":10252}},"3374":{"start":{"line":34,"column":10373},"end":{"line":34,"column":10395}},"3375":{"start":{"line":34,"column":10396},"end":{"line":34,"column":10447}},"3376":{"start":{"line":34,"column":10458},"end":{"line":34,"column":10462}},"3377":{"start":{"line":34,"column":10461},"end":{"line":34,"column":10462}},"3378":{"start":{"line":34,"column":10486},"end":{"line":34,"column":10503}},"3379":{"start":{"line":34,"column":10496},"end":{"line":34,"column":10503}},"3380":{"start":{"line":34,"column":10511},"end":{"line":34,"column":10529}},"3381":{"start":{"line":34,"column":10533},"end":{"line":34,"column":10573}},"3382":{"start":{"line":34,"column":10628},"end":{"line":36,"column":79}},"3383":{"start":{"line":34,"column":10734},"end":{"line":36,"column":44}},"3384":{"start":{"line":36,"column":45},"end":{"line":36,"column":78}},"3385":{"start":{"line":36,"column":97},"end":{"line":36,"column":186}},"3386":{"start":{"line":36,"column":194},"end":{"line":36,"column":240}},"3387":{"start":{"line":36,"column":198},"end":{"line":36,"column":240}},"3388":{"start":{"line":36,"column":244},"end":{"line":36,"column":301}},"3389":{"start":{"line":36,"column":248},"end":{"line":36,"column":301}},"3390":{"start":{"line":36,"column":305},"end":{"line":36,"column":326}},"3391":{"start":{"line":36,"column":309},"end":{"line":36,"column":326}},"3392":{"start":{"line":36,"column":330},"end":{"line":36,"column":369}},"3393":{"start":{"line":36,"column":334},"end":{"line":36,"column":369}},"3394":{"start":{"line":36,"column":373},"end":{"line":36,"column":416}},"3395":{"start":{"line":36,"column":377},"end":{"line":36,"column":416}},"3396":{"start":{"line":36,"column":420},"end":{"line":36,"column":478}},"3397":{"start":{"line":36,"column":424},"end":{"line":36,"column":478}},"3398":{"start":{"line":36,"column":493},"end":{"line":36,"column":622}},"3399":{"start":{"line":36,"column":595},"end":{"line":36,"column":611}},"3400":{"start":{"line":36,"column":630},"end":{"line":36,"column":916}},"3401":{"start":{"line":36,"column":937},"end":{"line":36,"column":941}},"3402":{"start":{"line":36,"column":942},"end":{"line":36,"column":1035}},"3403":{"start":{"line":36,"column":1043},"end":{"line":36,"column":1064}},"3404":{"start":{"line":36,"column":1068},"end":{"line":36,"column":1091}},"3405":{"start":{"line":36,"column":1134},"end":{"line":36,"column":1135}},"3406":{"start":{"line":36,"column":1136},"end":{"line":38,"column":9}},"3407":{"start":{"line":38,"column":89},"end":{"line":38,"column":90}},"3408":{"start":{"line":38,"column":93},"end":{"line":38,"column":118}},"3409":{"start":{"line":38,"column":121},"end":{"line":38,"column":129}},"3410":{"start":{"line":38,"column":130},"end":{"line":38,"column":163}},"3411":{"start":{"line":38,"column":206},"end":{"line":38,"column":207}},"3412":{"start":{"line":38,"column":208},"end":{"line":38,"column":283}},"3413":{"start":{"line":38,"column":324},"end":{"line":38,"column":325}},"3414":{"start":{"line":38,"column":326},"end":{"line":40,"column":4}},"3415":{"start":{"line":39,"column":25},"end":{"line":39,"column":33}},"3416":{"start":{"line":40,"column":47},"end":{"line":40,"column":48}},"3417":{"start":{"line":40,"column":49},"end":{"line":45,"column":9}},"3418":{"start":{"line":45,"column":25},"end":{"line":46,"column":66}},"3419":{"start":{"line":46,"column":100},"end":{"line":46,"column":101}},"3420":{"start":{"line":46,"column":102},"end":{"line":48,"column":109}},"3421":{"start":{"line":48,"column":148},"end":{"line":48,"column":149}},"3422":{"start":{"line":48,"column":150},"end":{"line":55,"column":9}},"3423":{"start":{"line":55,"column":77},"end":{"line":55,"column":78}},"3424":{"start":{"line":55,"column":81},"end":{"line":55,"column":100}},"3425":{"start":{"line":55,"column":91},"end":{"line":55,"column":99}},"3426":{"start":{"line":55,"column":101},"end":{"line":60,"column":9}},"3427":{"start":{"line":60,"column":48},"end":{"line":60,"column":49}},"3428":{"start":{"line":60,"column":50},"end":{"line":67,"column":9}},"3429":{"start":{"line":67,"column":17},"end":{"line":67,"column":61}},"3430":{"start":{"line":67,"column":65},"end":{"line":67,"column":112}},"3431":{"start":{"line":67,"column":69},"end":{"line":67,"column":112}},"3432":{"start":{"line":67,"column":142},"end":{"line":67,"column":254}},"3433":{"start":{"line":67,"column":255},"end":{"line":67,"column":278}},"3434":{"start":{"line":67,"column":269},"end":{"line":67,"column":278}},"3435":{"start":{"line":67,"column":316},"end":{"line":67,"column":329}},"3436":{"start":{"line":67,"column":330},"end":{"line":67,"column":417}},"3437":{"start":{"line":67,"column":395},"end":{"line":67,"column":417}},"3438":{"start":{"line":67,"column":423},"end":{"line":67,"column":433}},"3439":{"start":{"line":67,"column":436},"end":{"line":67,"column":466}},"3440":{"start":{"line":67,"column":469},"end":{"line":67,"column":488}},"3441":{"start":{"line":67,"column":479},"end":{"line":67,"column":487}},"3442":{"start":{"line":67,"column":491},"end":{"line":67,"column":514}},"3443":{"start":{"line":67,"column":502},"end":{"line":67,"column":513}},"3444":{"start":{"line":67,"column":517},"end":{"line":67,"column":546}},"3445":{"start":{"line":67,"column":549},"end":{"line":67,"column":754}},"3446":{"start":{"line":67,"column":757},"end":{"line":67,"column":828}},"3447":{"start":{"line":67,"column":858},"end":{"line":67,"column":868}},"3448":{"start":{"line":67,"column":871},"end":{"line":67,"column":873}},"3449":{"start":{"line":67,"column":876},"end":{"line":67,"column":1044}},"3450":{"start":{"line":67,"column":1045},"end":{"line":67,"column":1100}},"3451":{"start":{"line":67,"column":1100},"end":{"line":67,"column":1232}},"3452":{"start":{"line":67,"column":1122},"end":{"line":67,"column":1129}},"3453":{"start":{"line":67,"column":1132},"end":{"line":67,"column":1152}},"3454":{"start":{"line":67,"column":1153},"end":{"line":67,"column":1231}},"3455":{"start":{"line":67,"column":1191},"end":{"line":67,"column":1231}},"3456":{"start":{"line":67,"column":1232},"end":{"line":67,"column":1277}},"3457":{"start":{"line":67,"column":1295},"end":{"line":67,"column":1372}},"3458":{"start":{"line":67,"column":1380},"end":{"line":67,"column":1387}},"3459":{"start":{"line":67,"column":1403},"end":{"line":67,"column":1498}},"3460":{"start":{"line":67,"column":1484},"end":{"line":67,"column":1494}},"3461":{"start":{"line":67,"column":1514},"end":{"line":69,"column":2}},"3462":{"start":{"line":68,"column":10},"end":{"line":68,"column":128}},"3463":{"start":{"line":69,"column":10},"end":{"line":69,"column":17}},"3464":{"start":{"line":69,"column":108},"end":{"line":69,"column":171}},"3465":{"start":{"line":69,"column":275},"end":{"line":69,"column":297}},"3466":{"start":{"line":69,"column":300},"end":{"line":69,"column":321}},"3467":{"start":{"line":69,"column":324},"end":{"line":72,"column":10}},"3468":{"start":{"line":72,"column":13},"end":{"line":104,"column":2}},"3469":{"start":{"line":104,"column":5},"end":{"line":104,"column":25}},"3470":{"start":{"line":104,"column":26},"end":{"line":113,"column":1}},"3471":{"start":{"line":113,"column":17},"end":{"line":113,"column":79}},"3472":{"start":{"line":113,"column":95},"end":{"line":113,"column":164}},"3473":{"start":{"line":113,"column":123},"end":{"line":113,"column":138}},"3474":{"start":{"line":113,"column":151},"end":{"line":113,"column":162}},"3475":{"start":{"line":113,"column":180},"end":{"line":113,"column":245}},"3476":{"start":{"line":113,"column":207},"end":{"line":113,"column":219}},"3477":{"start":{"line":113,"column":231},"end":{"line":113,"column":243}},"3478":{"start":{"line":113,"column":253},"end":{"line":113,"column":278}},"3479":{"start":{"line":113,"column":282},"end":{"line":113,"column":473}},"3480":{"start":{"line":113,"column":305},"end":{"line":113,"column":307}},"3481":{"start":{"line":113,"column":324},"end":{"line":113,"column":355}},"3482":{"start":{"line":113,"column":382},"end":{"line":113,"column":383}},"3483":{"start":{"line":113,"column":384},"end":{"line":113,"column":428}},"3484":{"start":{"line":113,"column":424},"end":{"line":113,"column":428}},"3485":{"start":{"line":113,"column":428},"end":{"line":113,"column":471}},"3486":{"start":{"line":113,"column":481},"end":{"line":113,"column":893}},"3487":{"start":{"line":113,"column":502},"end":{"line":113,"column":806}},"3488":{"start":{"line":113,"column":743},"end":{"line":113,"column":805}},"3489":{"start":{"line":113,"column":797},"end":{"line":113,"column":804}},"3490":{"start":{"line":113,"column":807},"end":{"line":113,"column":892}},"3491":{"start":{"line":113,"column":897},"end":{"line":113,"column":1107}},"3492":{"start":{"line":113,"column":905},"end":{"line":113,"column":1106}},"3493":{"start":{"line":113,"column":1125},"end":{"line":113,"column":1302}},"3494":{"start":{"line":113,"column":1146},"end":{"line":113,"column":1301}},"3495":{"start":{"line":113,"column":1150},"end":{"line":113,"column":1174}},"3496":{"start":{"line":113,"column":1184},"end":{"line":113,"column":1238}},"3497":{"start":{"line":113,"column":1219},"end":{"line":113,"column":1238}},"3498":{"start":{"line":113,"column":1244},"end":{"line":113,"column":1265}},"3499":{"start":{"line":113,"column":1266},"end":{"line":113,"column":1300}},"3500":{"start":{"line":113,"column":1320},"end":{"line":113,"column":1484}},"3501":{"start":{"line":113,"column":1335},"end":{"line":113,"column":1483}},"3502":{"start":{"line":113,"column":1339},"end":{"line":113,"column":1357}},"3503":{"start":{"line":113,"column":1367},"end":{"line":113,"column":1420}},"3504":{"start":{"line":113,"column":1401},"end":{"line":113,"column":1420}},"3505":{"start":{"line":113,"column":1426},"end":{"line":113,"column":1447}},"3506":{"start":{"line":113,"column":1448},"end":{"line":113,"column":1482}},"3507":{"start":{"line":113,"column":1572},"end":{"line":113,"column":1589}},"3508":{"start":{"line":113,"column":1592},"end":{"line":113,"column":1601}},"3509":{"start":{"line":113,"column":1604},"end":{"line":113,"column":1613}},"3510":{"start":{"line":113,"column":1614},"end":{"line":113,"column":1805}},"3511":{"start":{"line":113,"column":1732},"end":{"line":113,"column":1805}},"3512":{"start":{"line":113,"column":1805},"end":{"line":113,"column":1897}},"3513":{"start":{"line":113,"column":1819},"end":{"line":113,"column":1897}},"3514":{"start":{"line":113,"column":1897},"end":{"line":113,"column":1905}},"3515":{"start":{"line":113,"column":1913},"end":{"line":113,"column":2077}},"3516":{"start":{"line":113,"column":1970},"end":{"line":113,"column":2032}},"3517":{"start":{"line":113,"column":2059},"end":{"line":113,"column":2075}},"3518":{"start":{"line":113,"column":2085},"end":{"line":113,"column":2178}},"3519":{"start":{"line":113,"column":2131},"end":{"line":113,"column":2176}},"3520":{"start":{"line":113,"column":2195},"end":{"line":113,"column":2221}},"3521":{"start":{"line":113,"column":2229},"end":{"line":113,"column":2345}},"3522":{"start":{"line":113,"column":2251},"end":{"line":113,"column":2269}},"3523":{"start":{"line":113,"column":2275},"end":{"line":113,"column":2282}},"3524":{"start":{"line":113,"column":2298},"end":{"line":113,"column":2343}},"3525":{"start":{"line":113,"column":2346},"end":{"line":113,"column":2371}},"3526":{"start":{"line":113,"column":2378},"end":{"line":113,"column":2473}},"3527":{"start":{"line":113,"column":2400},"end":{"line":113,"column":2424}},"3528":{"start":{"line":113,"column":2430},"end":{"line":113,"column":2437}},"3529":{"start":{"line":113,"column":2455},"end":{"line":113,"column":2471}},"3530":{"start":{"line":113,"column":2474},"end":{"line":113,"column":2505}},"3531":{"start":{"line":113,"column":2512},"end":{"line":113,"column":2607}},"3532":{"start":{"line":113,"column":2534},"end":{"line":113,"column":2558}},"3533":{"start":{"line":113,"column":2564},"end":{"line":113,"column":2571}},"3534":{"start":{"line":113,"column":2589},"end":{"line":113,"column":2605}},"3535":{"start":{"line":113,"column":2608},"end":{"line":113,"column":2639}},"3536":{"start":{"line":113,"column":2645},"end":{"line":113,"column":2852}},"3537":{"start":{"line":113,"column":2688},"end":{"line":113,"column":2724}},"3538":{"start":{"line":113,"column":2730},"end":{"line":113,"column":2776}},"3539":{"start":{"line":113,"column":2777},"end":{"line":113,"column":2850}},"3540":{"start":{"line":113,"column":2789},"end":{"line":113,"column":2817}},"3541":{"start":{"line":113,"column":2818},"end":{"line":113,"column":2849}},"3542":{"start":{"line":113,"column":2860},"end":{"line":113,"column":2976}},"3543":{"start":{"line":113,"column":2881},"end":{"line":113,"column":2901}},"3544":{"start":{"line":113,"column":2907},"end":{"line":113,"column":2914}},"3545":{"start":{"line":113,"column":2930},"end":{"line":113,"column":2974}},"3546":{"start":{"line":113,"column":2977},"end":{"line":113,"column":3004}},"3547":{"start":{"line":113,"column":3011},"end":{"line":113,"column":3063}},"3548":{"start":{"line":113,"column":3067},"end":{"line":113,"column":3177}},"3549":{"start":{"line":113,"column":3088},"end":{"line":113,"column":3105}},"3550":{"start":{"line":113,"column":3111},"end":{"line":113,"column":3118}},"3551":{"start":{"line":113,"column":3138},"end":{"line":113,"column":3175}},"3552":{"start":{"line":113,"column":3178},"end":{"line":113,"column":3202}},"3553":{"start":{"line":113,"column":3209},"end":{"line":113,"column":3361}},"3554":{"start":{"line":113,"column":3230},"end":{"line":113,"column":3255}},"3555":{"start":{"line":113,"column":3261},"end":{"line":113,"column":3268}},"3556":{"start":{"line":113,"column":3291},"end":{"line":113,"column":3359}},"3557":{"start":{"line":113,"column":3362},"end":{"line":113,"column":3394}},"3558":{"start":{"line":113,"column":3401},"end":{"line":113,"column":3510}},"3559":{"start":{"line":113,"column":3422},"end":{"line":113,"column":3442}},"3560":{"start":{"line":113,"column":3448},"end":{"line":113,"column":3455}},"3561":{"start":{"line":113,"column":3480},"end":{"line":113,"column":3508}},"3562":{"start":{"line":113,"column":3511},"end":{"line":113,"column":3538}},"3563":{"start":{"line":113,"column":3545},"end":{"line":113,"column":3677}},"3564":{"start":{"line":113,"column":3566},"end":{"line":113,"column":3598}},"3565":{"start":{"line":113,"column":3604},"end":{"line":113,"column":3611}},"3566":{"start":{"line":113,"column":3627},"end":{"line":113,"column":3675}},"3567":{"start":{"line":113,"column":3678},"end":{"line":113,"column":3717}},"3568":{"start":{"line":113,"column":3724},"end":{"line":113,"column":3743}},"3569":{"start":{"line":113,"column":3747},"end":{"line":113,"column":3841}},"3570":{"start":{"line":113,"column":3768},"end":{"line":113,"column":3789}},"3571":{"start":{"line":113,"column":3795},"end":{"line":113,"column":3802}},"3572":{"start":{"line":113,"column":3823},"end":{"line":113,"column":3839}},"3573":{"start":{"line":113,"column":3842},"end":{"line":113,"column":3870}},"3574":{"start":{"line":113,"column":3877},"end":{"line":113,"column":3908}},"3575":{"start":{"line":113,"column":3912},"end":{"line":113,"column":4014}},"3576":{"start":{"line":113,"column":3933},"end":{"line":113,"column":3962}},"3577":{"start":{"line":113,"column":3968},"end":{"line":113,"column":3975}},"3578":{"start":{"line":113,"column":3996},"end":{"line":113,"column":4012}},"3579":{"start":{"line":113,"column":4015},"end":{"line":113,"column":4051}},"3580":{"start":{"line":113,"column":4058},"end":{"line":113,"column":4090}},"3581":{"start":{"line":113,"column":4094},"end":{"line":113,"column":4188}},"3582":{"start":{"line":113,"column":4115},"end":{"line":113,"column":4136}},"3583":{"start":{"line":113,"column":4142},"end":{"line":113,"column":4149}},"3584":{"start":{"line":113,"column":4170},"end":{"line":113,"column":4186}},"3585":{"start":{"line":113,"column":4189},"end":{"line":113,"column":4217}},"3586":{"start":{"line":113,"column":4224},"end":{"line":113,"column":4259}},"3587":{"start":{"line":113,"column":4263},"end":{"line":113,"column":4351}},"3588":{"start":{"line":113,"column":4284},"end":{"line":113,"column":4299}},"3589":{"start":{"line":113,"column":4305},"end":{"line":113,"column":4312}},"3590":{"start":{"line":113,"column":4333},"end":{"line":113,"column":4349}},"3591":{"start":{"line":113,"column":4352},"end":{"line":113,"column":4374}},"3592":{"start":{"line":113,"column":4381},"end":{"line":113,"column":4403}},"3593":{"start":{"line":113,"column":4407},"end":{"line":113,"column":4513}},"3594":{"start":{"line":113,"column":4428},"end":{"line":113,"column":4441}},"3595":{"start":{"line":113,"column":4447},"end":{"line":113,"column":4454}},"3596":{"start":{"line":113,"column":4479},"end":{"line":113,"column":4511}},"3597":{"start":{"line":113,"column":4514},"end":{"line":113,"column":4534}},"3598":{"start":{"line":113,"column":4541},"end":{"line":113,"column":4585}},"3599":{"start":{"line":113,"column":4589},"end":{"line":113,"column":4681}},"3600":{"start":{"line":113,"column":4610},"end":{"line":113,"column":4629}},"3601":{"start":{"line":113,"column":4635},"end":{"line":113,"column":4642}},"3602":{"start":{"line":113,"column":4663},"end":{"line":113,"column":4679}},"3603":{"start":{"line":113,"column":4682},"end":{"line":113,"column":4708}},"3604":{"start":{"line":113,"column":4715},"end":{"line":113,"column":4750}},"3605":{"start":{"line":113,"column":4754},"end":{"line":113,"column":4847}},"3606":{"start":{"line":113,"column":4775},"end":{"line":113,"column":4795}},"3607":{"start":{"line":113,"column":4801},"end":{"line":113,"column":4808}},"3608":{"start":{"line":113,"column":4829},"end":{"line":113,"column":4845}},"3609":{"start":{"line":113,"column":4848},"end":{"line":113,"column":4875}},"3610":{"start":{"line":113,"column":4902},"end":{"line":113,"column":4955}},"3611":{"start":{"line":113,"column":4906},"end":{"line":113,"column":4922}},"3612":{"start":{"line":113,"column":4929},"end":{"line":113,"column":4954}},"3613":{"start":{"line":113,"column":4955},"end":{"line":113,"column":5636}},"3614":{"start":{"line":113,"column":4965},"end":{"line":113,"column":4978}},"3615":{"start":{"line":113,"column":4979},"end":{"line":113,"column":5124}},"3616":{"start":{"line":113,"column":5001},"end":{"line":113,"column":5124}},"3617":{"start":{"line":113,"column":5040},"end":{"line":113,"column":5077}},"3618":{"start":{"line":113,"column":5085},"end":{"line":113,"column":5123}},"3619":{"start":{"line":113,"column":5124},"end":{"line":113,"column":5524}},"3620":{"start":{"line":113,"column":5157},"end":{"line":113,"column":5247}},"3621":{"start":{"line":113,"column":5208},"end":{"line":113,"column":5247}},"3622":{"start":{"line":113,"column":5247},"end":{"line":113,"column":5523}},"3623":{"start":{"line":113,"column":5346},"end":{"line":113,"column":5372}},"3624":{"start":{"line":113,"column":5373},"end":{"line":113,"column":5522}},"3625":{"start":{"line":113,"column":5524},"end":{"line":113,"column":5562}},"3626":{"start":{"line":113,"column":5569},"end":{"line":113,"column":5635}},"3627":{"start":{"line":113,"column":5660},"end":{"line":113,"column":5675}},"3628":{"start":{"line":113,"column":5668},"end":{"line":113,"column":5675}},"3629":{"start":{"line":113,"column":5681},"end":{"line":113,"column":5709}},"3630":{"start":{"line":113,"column":5712},"end":{"line":113,"column":5723}},"3631":{"start":{"line":113,"column":5724},"end":{"line":113,"column":5824}},"3632":{"start":{"line":113,"column":5755},"end":{"line":113,"column":5824}},"3633":{"start":{"line":113,"column":5824},"end":{"line":113,"column":6984}},"3634":{"start":{"line":113,"column":5854},"end":{"line":113,"column":5935}},"3635":{"start":{"line":113,"column":5891},"end":{"line":113,"column":5935}},"3636":{"start":{"line":113,"column":5935},"end":{"line":113,"column":6562}},"3637":{"start":{"line":113,"column":5967},"end":{"line":113,"column":6036}},"3638":{"start":{"line":113,"column":6019},"end":{"line":113,"column":6036}},"3639":{"start":{"line":113,"column":6036},"end":{"line":113,"column":6116}},"3640":{"start":{"line":113,"column":6100},"end":{"line":113,"column":6116}},"3641":{"start":{"line":113,"column":6116},"end":{"line":113,"column":6262}},"3642":{"start":{"line":113,"column":6192},"end":{"line":113,"column":6241}},"3643":{"start":{"line":113,"column":6242},"end":{"line":113,"column":6261}},"3644":{"start":{"line":113,"column":6262},"end":{"line":113,"column":6423}},"3645":{"start":{"line":113,"column":6349},"end":{"line":113,"column":6403}},"3646":{"start":{"line":113,"column":6404},"end":{"line":113,"column":6422}},"3647":{"start":{"line":113,"column":6423},"end":{"line":113,"column":6561}},"3648":{"start":{"line":113,"column":6493},"end":{"line":113,"column":6542}},"3649":{"start":{"line":113,"column":6543},"end":{"line":113,"column":6560}},"3650":{"start":{"line":113,"column":6562},"end":{"line":113,"column":6900}},"3651":{"start":{"line":113,"column":6615},"end":{"line":113,"column":6834}},"3652":{"start":{"line":113,"column":6835},"end":{"line":113,"column":6899}},"3653":{"start":{"line":113,"column":6900},"end":{"line":113,"column":6983}},"3654":{"start":{"line":113,"column":6934},"end":{"line":113,"column":6983}},"3655":{"start":{"line":113,"column":6984},"end":{"line":113,"column":7043}},"3656":{"start":{"line":113,"column":7018},"end":{"line":113,"column":7043}},"3657":{"start":{"line":113,"column":7043},"end":{"line":113,"column":7087}},"3658":{"start":{"line":113,"column":7061},"end":{"line":113,"column":7087}},"3659":{"start":{"line":113,"column":7087},"end":{"line":113,"column":7130}},"3660":{"start":{"line":113,"column":7105},"end":{"line":113,"column":7130}},"3661":{"start":{"line":113,"column":7130},"end":{"line":113,"column":7173}},"3662":{"start":{"line":113,"column":7148},"end":{"line":113,"column":7173}},"3663":{"start":{"line":113,"column":7173},"end":{"line":113,"column":7215}},"3664":{"start":{"line":113,"column":7190},"end":{"line":113,"column":7215}},"3665":{"start":{"line":113,"column":7215},"end":{"line":113,"column":7256}},"3666":{"start":{"line":113,"column":7232},"end":{"line":113,"column":7256}},"3667":{"start":{"line":113,"column":7274},"end":{"line":113,"column":7333}},"3668":{"start":{"line":113,"column":7355},"end":{"line":113,"column":7371}},"3669":{"start":{"line":113,"column":7374},"end":{"line":113,"column":7415}},"3670":{"start":{"line":113,"column":7418},"end":{"line":113,"column":7421}},"3671":{"start":{"line":113,"column":7422},"end":{"line":113,"column":7467}},"3672":{"start":{"line":113,"column":7444},"end":{"line":113,"column":7466}},"3673":{"start":{"line":113,"column":7459},"end":{"line":113,"column":7463}},"3674":{"start":{"line":113,"column":7475},"end":{"line":113,"column":7541}},"3675":{"start":{"line":113,"column":7563},"end":{"line":113,"column":7590}},"3676":{"start":{"line":113,"column":7593},"end":{"line":113,"column":7595}},"3677":{"start":{"line":113,"column":7598},"end":{"line":113,"column":7610}},"3678":{"start":{"line":113,"column":7613},"end":{"line":113,"column":7616}},"3679":{"start":{"line":113,"column":7619},"end":{"line":113,"column":7622}},"3680":{"start":{"line":113,"column":7633},"end":{"line":113,"column":7767}},"3681":{"start":{"line":113,"column":7643},"end":{"line":113,"column":7644}},"3682":{"start":{"line":113,"column":7655},"end":{"line":113,"column":7767}},"3683":{"start":{"line":113,"column":7767},"end":{"line":113,"column":7925}},"3684":{"start":{"line":113,"column":7941},"end":{"line":113,"column":8253}},"3685":{"start":{"line":113,"column":7983},"end":{"line":113,"column":8018}},"3686":{"start":{"line":113,"column":8020},"end":{"line":113,"column":8253}},"3687":{"start":{"line":113,"column":8269},"end":{"line":113,"column":8293}},"3688":{"start":{"line":113,"column":8309},"end":{"line":113,"column":8331}},"3689":{"start":{"line":113,"column":8339},"end":{"line":113,"column":8522}},"3690":{"start":{"line":113,"column":8530},"end":{"line":114,"column":16}},"3691":{"start":{"line":113,"column":8552},"end":{"line":113,"column":8566}},"3692":{"start":{"line":113,"column":8572},"end":{"line":113,"column":8579}},"3693":{"start":{"line":113,"column":8597},"end":{"line":114,"column":14}},"3694":{"start":{"line":114,"column":17},"end":{"line":114,"column":38}},"3695":{"start":{"line":114,"column":65},"end":{"line":114,"column":66}},"3696":{"start":{"line":114,"column":94},"end":{"line":114,"column":95}},"3697":{"start":{"line":114,"column":98},"end":{"line":114,"column":106}},"3698":{"start":{"line":114,"column":107},"end":{"line":114,"column":215}},"3699":{"start":{"line":114,"column":111},"end":{"line":114,"column":130}},"3700":{"start":{"line":114,"column":146},"end":{"line":114,"column":172}},"3701":{"start":{"line":114,"column":173},"end":{"line":114,"column":214}},"3702":{"start":{"line":114,"column":223},"end":{"line":114,"column":254}},"3703":{"start":{"line":114,"column":258},"end":{"line":114,"column":292}},"3704":{"start":{"line":114,"column":322},"end":{"line":114,"column":351}},"3705":{"start":{"line":114,"column":354},"end":{"line":114,"column":380}},"3706":{"start":{"line":114,"column":381},"end":{"line":114,"column":495}},"3707":{"start":{"line":114,"column":436},"end":{"line":114,"column":495}},"3708":{"start":{"line":114,"column":495},"end":{"line":114,"column":562}},"3709":{"start":{"line":114,"column":553},"end":{"line":114,"column":562}},"3710":{"start":{"line":114,"column":571},"end":{"line":114,"column":588}},"3711":{"start":{"line":114,"column":589},"end":{"line":114,"column":624}},"3712":{"start":{"line":114,"column":615},"end":{"line":114,"column":624}},"3713":{"start":{"line":114,"column":624},"end":{"line":114,"column":1204}},"3714":{"start":{"line":114,"column":669},"end":{"line":114,"column":739}},"3715":{"start":{"line":114,"column":725},"end":{"line":114,"column":739}},"3716":{"start":{"line":114,"column":746},"end":{"line":114,"column":762}},"3717":{"start":{"line":114,"column":771},"end":{"line":114,"column":783}},"3718":{"start":{"line":114,"column":786},"end":{"line":114,"column":808}},"3719":{"start":{"line":114,"column":811},"end":{"line":114,"column":840}},"3720":{"start":{"line":114,"column":841},"end":{"line":114,"column":1003}},"3721":{"start":{"line":114,"column":850},"end":{"line":114,"column":1003}},"3722":{"start":{"line":114,"column":1009},"end":{"line":114,"column":1023}},"3723":{"start":{"line":114,"column":1024},"end":{"line":114,"column":1077}},"3724":{"start":{"line":114,"column":1083},"end":{"line":114,"column":1187}},"3725":{"start":{"line":114,"column":1087},"end":{"line":114,"column":1102}},"3726":{"start":{"line":114,"column":1112},"end":{"line":114,"column":1186}},"3727":{"start":{"line":114,"column":1187},"end":{"line":114,"column":1203}},"3728":{"start":{"line":114,"column":1204},"end":{"line":114,"column":1300}},"3729":{"start":{"line":114,"column":1330},"end":{"line":114,"column":1343}},"3730":{"start":{"line":114,"column":1344},"end":{"line":114,"column":1368}},"3731":{"start":{"line":114,"column":1384},"end":{"line":114,"column":1446}},"3732":{"start":{"line":114,"column":1454},"end":{"line":114,"column":1455}},"3733":{"start":{"line":114,"column":1459},"end":{"line":114,"column":1493}},"3734":{"start":{"line":114,"column":1497},"end":{"line":114,"column":2229}},"3735":{"start":{"line":114,"column":1632},"end":{"line":114,"column":1718}},"3736":{"start":{"line":114,"column":1776},"end":{"line":114,"column":1852}},"3737":{"start":{"line":114,"column":1853},"end":{"line":114,"column":1972}},"3738":{"start":{"line":114,"column":1978},"end":{"line":114,"column":2005}},"3739":{"start":{"line":114,"column":2006},"end":{"line":114,"column":2066}},"3740":{"start":{"line":114,"column":2096},"end":{"line":114,"column":2098}},"3741":{"start":{"line":114,"column":2099},"end":{"line":114,"column":2227}},"3742":{"start":{"line":114,"column":2233},"end":{"line":114,"column":8602}},"3743":{"start":{"line":114,"column":2244},"end":{"line":114,"column":2261}},"3744":{"start":{"line":114,"column":2438},"end":{"line":114,"column":2766}},"3745":{"start":{"line":114,"column":2776},"end":{"line":114,"column":2808}},"3746":{"start":{"line":114,"column":2819},"end":{"line":114,"column":2841}},"3747":{"start":{"line":114,"column":2856},"end":{"line":114,"column":3245}},"3748":{"start":{"line":114,"column":2946},"end":{"line":114,"column":2973}},"3749":{"start":{"line":114,"column":2974},"end":{"line":114,"column":3217}},"3750":{"start":{"line":114,"column":3291},"end":{"line":114,"column":3803}},"3751":{"start":{"line":114,"column":3327},"end":{"line":114,"column":3733}},"3752":{"start":{"line":114,"column":3367},"end":{"line":114,"column":3373}},"3753":{"start":{"line":114,"column":3373},"end":{"line":114,"column":3379}},"3754":{"start":{"line":114,"column":3414},"end":{"line":114,"column":3521}},"3755":{"start":{"line":114,"column":3521},"end":{"line":114,"column":3526}},"3756":{"start":{"line":114,"column":3540},"end":{"line":114,"column":3711}},"3757":{"start":{"line":114,"column":3711},"end":{"line":114,"column":3716}},"3758":{"start":{"line":114,"column":3725},"end":{"line":114,"column":3732}},"3759":{"start":{"line":114,"column":3819},"end":{"line":114,"column":3900}},"3760":{"start":{"line":114,"column":3914},"end":{"line":114,"column":4020}},"3761":{"start":{"line":114,"column":4048},"end":{"line":114,"column":4081}},"3762":{"start":{"line":114,"column":4082},"end":{"line":114,"column":4613}},"3763":{"start":{"line":114,"column":4141},"end":{"line":114,"column":4281}},"3764":{"start":{"line":114,"column":4282},"end":{"line":114,"column":4326}},"3765":{"start":{"line":114,"column":4332},"end":{"line":114,"column":4362}},"3766":{"start":{"line":114,"column":4363},"end":{"line":114,"column":4489}},"3767":{"start":{"line":114,"column":4368},"end":{"line":114,"column":4489}},"3768":{"start":{"line":114,"column":4489},"end":{"line":114,"column":4611}},"3769":{"start":{"line":114,"column":4689},"end":{"line":114,"column":4788}},"3770":{"start":{"line":114,"column":4870},"end":{"line":114,"column":4902}},"3771":{"start":{"line":114,"column":4905},"end":{"line":114,"column":4912}},"3772":{"start":{"line":114,"column":4913},"end":{"line":114,"column":5155}},"3773":{"start":{"line":114,"column":5028},"end":{"line":114,"column":5153}},"3774":{"start":{"line":114,"column":5244},"end":{"line":114,"column":5859}},"3775":{"start":{"line":114,"column":5331},"end":{"line":114,"column":5390}},"3776":{"start":{"line":114,"column":5391},"end":{"line":114,"column":5396}},"3777":{"start":{"line":114,"column":5402},"end":{"line":114,"column":5562}},"3778":{"start":{"line":114,"column":5563},"end":{"line":114,"column":5663}},"3779":{"start":{"line":114,"column":5669},"end":{"line":114,"column":5683}},"3780":{"start":{"line":114,"column":5684},"end":{"line":114,"column":5817}},"3781":{"start":{"line":114,"column":5761},"end":{"line":114,"column":5817}},"3782":{"start":{"line":114,"column":5817},"end":{"line":114,"column":5856}},"3783":{"start":{"line":114,"column":5891},"end":{"line":114,"column":5953}},"3784":{"start":{"line":114,"column":5954},"end":{"line":114,"column":6855}},"3785":{"start":{"line":114,"column":6046},"end":{"line":114,"column":6852}},"3786":{"start":{"line":114,"column":6068},"end":{"line":114,"column":6155}},"3787":{"start":{"line":114,"column":6158},"end":{"line":114,"column":6193}},"3788":{"start":{"line":114,"column":6194},"end":{"line":114,"column":6199}},"3789":{"start":{"line":114,"column":6205},"end":{"line":114,"column":6334}},"3790":{"start":{"line":114,"column":6335},"end":{"line":114,"column":6390}},"3791":{"start":{"line":114,"column":6396},"end":{"line":114,"column":6410}},"3792":{"start":{"line":114,"column":6426},"end":{"line":114,"column":6427}},"3793":{"start":{"line":114,"column":6428},"end":{"line":114,"column":6467}},"3794":{"start":{"line":114,"column":6473},"end":{"line":114,"column":6477}},"3795":{"start":{"line":114,"column":6480},"end":{"line":114,"column":6504}},"3796":{"start":{"line":114,"column":6505},"end":{"line":114,"column":6538}},"3797":{"start":{"line":114,"column":6550},"end":{"line":114,"column":6578}},"3798":{"start":{"line":114,"column":6579},"end":{"line":114,"column":6584}},"3799":{"start":{"line":114,"column":6590},"end":{"line":114,"column":6712}},"3800":{"start":{"line":114,"column":6713},"end":{"line":114,"column":6768}},"3801":{"start":{"line":114,"column":6774},"end":{"line":114,"column":6788}},"3802":{"start":{"line":114,"column":6804},"end":{"line":114,"column":6805}},"3803":{"start":{"line":114,"column":6806},"end":{"line":114,"column":6845}},"3804":{"start":{"line":114,"column":6845},"end":{"line":114,"column":6851}},"3805":{"start":{"line":114,"column":6885},"end":{"line":114,"column":6919}},"3806":{"start":{"line":114,"column":6922},"end":{"line":114,"column":6960}},"3807":{"start":{"line":114,"column":6963},"end":{"line":114,"column":7107}},"3808":{"start":{"line":114,"column":7110},"end":{"line":114,"column":7240}},"3809":{"start":{"line":114,"column":7114},"end":{"line":114,"column":7126}},"3810":{"start":{"line":114,"column":7133},"end":{"line":114,"column":7239}},"3811":{"start":{"line":114,"column":7278},"end":{"line":114,"column":7279}},"3812":{"start":{"line":114,"column":7280},"end":{"line":114,"column":7412}},"3813":{"start":{"line":114,"column":7305},"end":{"line":114,"column":7412}},"3814":{"start":{"line":114,"column":7418},"end":{"line":114,"column":7434}},"3815":{"start":{"line":114,"column":7435},"end":{"line":114,"column":7552}},"3816":{"start":{"line":114,"column":7459},"end":{"line":114,"column":7552}},"3817":{"start":{"line":114,"column":7552},"end":{"line":114,"column":7563}},"3818":{"start":{"line":114,"column":7574},"end":{"line":114,"column":7669}},"3819":{"start":{"line":114,"column":7689},"end":{"line":114,"column":8209}},"3820":{"start":{"line":114,"column":7699},"end":{"line":114,"column":7700}},"3821":{"start":{"line":114,"column":7713},"end":{"line":114,"column":7809}},"3822":{"start":{"line":114,"column":7717},"end":{"line":114,"column":7808}},"3823":{"start":{"line":114,"column":7810},"end":{"line":114,"column":8208}},"3824":{"start":{"line":114,"column":7814},"end":{"line":114,"column":7854}},"3825":{"start":{"line":114,"column":7864},"end":{"line":114,"column":7910}},"3826":{"start":{"line":114,"column":7902},"end":{"line":114,"column":7910}},"3827":{"start":{"line":114,"column":7910},"end":{"line":114,"column":7951}},"3828":{"start":{"line":114,"column":7919},"end":{"line":114,"column":7951}},"3829":{"start":{"line":114,"column":7951},"end":{"line":114,"column":8098}},"3830":{"start":{"line":114,"column":8104},"end":{"line":114,"column":8115}},"3831":{"start":{"line":114,"column":8116},"end":{"line":114,"column":8207}},"3832":{"start":{"line":114,"column":8231},"end":{"line":114,"column":8333}},"3833":{"start":{"line":114,"column":8250},"end":{"line":114,"column":8333}},"3834":{"start":{"line":114,"column":8333},"end":{"line":114,"column":8345}},"3835":{"start":{"line":114,"column":8338},"end":{"line":114,"column":8345}},"3836":{"start":{"line":114,"column":8384},"end":{"line":114,"column":8532}},"3837":{"start":{"line":114,"column":8558},"end":{"line":114,"column":8600}},"3838":{"start":{"line":114,"column":8618},"end":{"line":114,"column":8656}},"3839":{"start":{"line":114,"column":8637},"end":{"line":114,"column":8656}},"3840":{"start":{"line":114,"column":8664},"end":{"line":114,"column":8685}},"3841":{"start":{"line":114,"column":8689},"end":{"line":114,"column":8712}},"3842":{"start":{"line":114,"column":8720},"end":{"line":114,"column":8754}},"3843":{"start":{"line":114,"column":8775},"end":{"line":114,"column":8785}},"3844":{"start":{"line":114,"column":8786},"end":{"line":114,"column":8825}},"3845":{"start":{"line":114,"column":8847},"end":{"line":114,"column":8851}},"3846":{"start":{"line":114,"column":8852},"end":{"line":114,"column":8881}},"3847":{"start":{"line":114,"column":8869},"end":{"line":114,"column":8881}},"3848":{"start":{"line":114,"column":8887},"end":{"line":114,"column":8917}},"3849":{"start":{"line":114,"column":8920},"end":{"line":114,"column":8932}},"3850":{"start":{"line":114,"column":8935},"end":{"line":114,"column":8936}},"3851":{"start":{"line":114,"column":8937},"end":{"line":114,"column":9102}},"3852":{"start":{"line":114,"column":9110},"end":{"line":114,"column":9337}},"3853":{"start":{"line":114,"column":9138},"end":{"line":114,"column":9148}},"3854":{"start":{"line":114,"column":9151},"end":{"line":114,"column":9172}},"3855":{"start":{"line":114,"column":9173},"end":{"line":114,"column":9335}},"3856":{"start":{"line":114,"column":9177},"end":{"line":114,"column":9258}},"3857":{"start":{"line":114,"column":9252},"end":{"line":114,"column":9257}},"3858":{"start":{"line":114,"column":9274},"end":{"line":114,"column":9303}},"3859":{"start":{"line":114,"column":9304},"end":{"line":114,"column":9334}},"3860":{"start":{"line":114,"column":9348},"end":{"line":114,"column":10129}},"3861":{"start":{"line":114,"column":9414},"end":{"line":114,"column":9415}},"3862":{"start":{"line":114,"column":9416},"end":{"line":114,"column":9540}},"3863":{"start":{"line":114,"column":9430},"end":{"line":114,"column":9540}},"3864":{"start":{"line":114,"column":9540},"end":{"line":114,"column":9612}},"3865":{"start":{"line":114,"column":9554},"end":{"line":114,"column":9612}},"3866":{"start":{"line":114,"column":9612},"end":{"line":114,"column":9958}},"3867":{"start":{"line":114,"column":9646},"end":{"line":114,"column":9666}},"3868":{"start":{"line":114,"column":9669},"end":{"line":114,"column":9703}},"3869":{"start":{"line":114,"column":9704},"end":{"line":114,"column":9806}},"3870":{"start":{"line":114,"column":9715},"end":{"line":114,"column":9806}},"3871":{"start":{"line":114,"column":9812},"end":{"line":114,"column":9838}},"3872":{"start":{"line":114,"column":9841},"end":{"line":114,"column":9870}},"3873":{"start":{"line":114,"column":9873},"end":{"line":114,"column":9899}},"3874":{"start":{"line":114,"column":9900},"end":{"line":114,"column":9952}},"3875":{"start":{"line":114,"column":9964},"end":{"line":114,"column":9972}},"3876":{"start":{"line":114,"column":9973},"end":{"line":114,"column":10127}},"3877":{"start":{"line":114,"column":9993},"end":{"line":114,"column":10020}},"3878":{"start":{"line":114,"column":10029},"end":{"line":114,"column":10057}},"3879":{"start":{"line":114,"column":10069},"end":{"line":114,"column":10111}},"3880":{"start":{"line":114,"column":10137},"end":{"line":114,"column":10144}},"3881":{"start":{"line":114,"column":10148},"end":{"line":114,"column":10180}},"3882":{"start":{"line":114,"column":10196},"end":{"line":114,"column":10237}},"3883":{"start":{"line":114,"column":10253},"end":{"line":114,"column":10312}},"3884":{"start":{"line":114,"column":10320},"end":{"line":114,"column":10336}},"3885":{"start":{"line":114,"column":10340},"end":{"line":114,"column":10359}},"3886":{"start":{"line":114,"column":10363},"end":{"line":114,"column":10365}},"3887":{"start":{"line":114,"column":10386},"end":{"line":114,"column":10390}},"3888":{"start":{"line":114,"column":10391},"end":{"line":114,"column":10414}},"3889":{"start":{"line":114,"column":10422},"end":{"line":116,"column":1466}},"3890":{"start":{"line":114,"column":10433},"end":{"line":114,"column":10448}},"3891":{"start":{"line":114,"column":10796},"end":{"line":114,"column":11112}},"3892":{"start":{"line":114,"column":11118},"end":{"line":114,"column":11155}},"3893":{"start":{"line":114,"column":11158},"end":{"line":114,"column":11187}},"3894":{"start":{"line":114,"column":11188},"end":{"line":114,"column":11305}},"3895":{"start":{"line":114,"column":11320},"end":{"line":114,"column":11804}},"3896":{"start":{"line":114,"column":11822},"end":{"line":114,"column":12046}},"3897":{"start":{"line":114,"column":11849},"end":{"line":114,"column":11864}},"3898":{"start":{"line":114,"column":11865},"end":{"line":114,"column":12045}},"3899":{"start":{"line":114,"column":11869},"end":{"line":114,"column":11891}},"3900":{"start":{"line":114,"column":11900},"end":{"line":114,"column":12044}},"3901":{"start":{"line":114,"column":11941},"end":{"line":114,"column":11968}},"3902":{"start":{"line":114,"column":11969},"end":{"line":114,"column":12043}},"3903":{"start":{"line":114,"column":11981},"end":{"line":114,"column":11994}},"3904":{"start":{"line":114,"column":11995},"end":{"line":114,"column":12042}},"3905":{"start":{"line":114,"column":12078},"end":{"line":114,"column":12154}},"3906":{"start":{"line":114,"column":12180},"end":{"line":114,"column":12199}},"3907":{"start":{"line":114,"column":12205},"end":{"line":114,"column":12230}},"3908":{"start":{"line":114,"column":12233},"end":{"line":114,"column":12250}},"3909":{"start":{"line":114,"column":12253},"end":{"line":114,"column":12538}},"3910":{"start":{"line":114,"column":12275},"end":{"line":114,"column":12362}},"3911":{"start":{"line":114,"column":12363},"end":{"line":114,"column":12405}},"3912":{"start":{"line":114,"column":12411},"end":{"line":114,"column":12538}},"3913":{"start":{"line":114,"column":12544},"end":{"line":114,"column":12571}},"3914":{"start":{"line":114,"column":12572},"end":{"line":114,"column":12842}},"3915":{"start":{"line":114,"column":12588},"end":{"line":114,"column":12636}},"3916":{"start":{"line":114,"column":12637},"end":{"line":114,"column":12741}},"3917":{"start":{"line":114,"column":12747},"end":{"line":114,"column":12842}},"3918":{"start":{"line":114,"column":12777},"end":{"line":114,"column":12842}},"3919":{"start":{"line":114,"column":12842},"end":{"line":114,"column":12850}},"3920":{"start":{"line":114,"column":12878},"end":{"line":114,"column":12974}},"3921":{"start":{"line":114,"column":12934},"end":{"line":114,"column":12974}},"3922":{"start":{"line":114,"column":12974},"end":{"line":114,"column":13124}},"3923":{"start":{"line":114,"column":13091},"end":{"line":114,"column":13108}},"3924":{"start":{"line":114,"column":13157},"end":{"line":114,"column":13203}},"3925":{"start":{"line":114,"column":13178},"end":{"line":114,"column":13203}},"3926":{"start":{"line":114,"column":13209},"end":{"line":114,"column":13276}},"3927":{"start":{"line":114,"column":13271},"end":{"line":114,"column":13275}},"3928":{"start":{"line":114,"column":13277},"end":{"line":115,"column":106}},"3929":{"start":{"line":114,"column":13296},"end":{"line":115,"column":106}},"3930":{"start":{"line":115,"column":106},"end":{"line":115,"column":114}},"3931":{"start":{"line":115,"column":139},"end":{"line":115,"column":237}},"3932":{"start":{"line":115,"column":145},"end":{"line":115,"column":237}},"3933":{"start":{"line":115,"column":237},"end":{"line":115,"column":367}},"3934":{"start":{"line":115,"column":241},"end":{"line":115,"column":261}},"3935":{"start":{"line":115,"column":268},"end":{"line":115,"column":366}},"3936":{"start":{"line":115,"column":387},"end":{"line":115,"column":1223}},"3937":{"start":{"line":115,"column":404},"end":{"line":115,"column":551}},"3938":{"start":{"line":115,"column":551},"end":{"line":115,"column":1222}},"3939":{"start":{"line":115,"column":561},"end":{"line":115,"column":578}},"3940":{"start":{"line":115,"column":579},"end":{"line":115,"column":663}},"3941":{"start":{"line":115,"column":669},"end":{"line":115,"column":694}},"3942":{"start":{"line":115,"column":695},"end":{"line":115,"column":1088}},"3943":{"start":{"line":115,"column":1063},"end":{"line":115,"column":1083}},"3944":{"start":{"line":115,"column":1104},"end":{"line":115,"column":1105}},"3945":{"start":{"line":115,"column":1108},"end":{"line":115,"column":1138}},"3946":{"start":{"line":115,"column":1139},"end":{"line":115,"column":1221}},"3947":{"start":{"line":115,"column":1240},"end":{"line":115,"column":1267}},"3948":{"start":{"line":115,"column":1268},"end":{"line":115,"column":1676}},"3949":{"start":{"line":115,"column":1695},"end":{"line":115,"column":1727}},"3950":{"start":{"line":115,"column":1699},"end":{"line":115,"column":1719}},"3951":{"start":{"line":115,"column":1727},"end":{"line":115,"column":1735}},"3952":{"start":{"line":115,"column":1757},"end":{"line":115,"column":1789}},"3953":{"start":{"line":115,"column":1761},"end":{"line":115,"column":1781}},"3954":{"start":{"line":115,"column":1789},"end":{"line":115,"column":1797}},"3955":{"start":{"line":115,"column":1813},"end":{"line":115,"column":2041}},"3956":{"start":{"line":115,"column":2056},"end":{"line":115,"column":2271}},"3957":{"start":{"line":115,"column":2160},"end":{"line":115,"column":2271}},"3958":{"start":{"line":115,"column":2271},"end":{"line":115,"column":2301}},"3959":{"start":{"line":115,"column":2294},"end":{"line":115,"column":2301}},"3960":{"start":{"line":115,"column":2307},"end":{"line":115,"column":2664}},"3961":{"start":{"line":115,"column":2317},"end":{"line":115,"column":2340}},"3962":{"start":{"line":115,"column":2340},"end":{"line":115,"column":2663}},"3963":{"start":{"line":115,"column":2350},"end":{"line":115,"column":2399}},"3964":{"start":{"line":115,"column":2400},"end":{"line":115,"column":2490}},"3965":{"start":{"line":115,"column":2506},"end":{"line":115,"column":2536}},"3966":{"start":{"line":115,"column":2537},"end":{"line":115,"column":2619}},"3967":{"start":{"line":115,"column":2628},"end":{"line":115,"column":2662}},"3968":{"start":{"line":115,"column":2665},"end":{"line":115,"column":2774}},"3969":{"start":{"line":115,"column":2788},"end":{"line":115,"column":2994}},"3970":{"start":{"line":115,"column":2925},"end":{"line":115,"column":2994}},"3971":{"start":{"line":115,"column":2994},"end":{"line":115,"column":3025}},"3972":{"start":{"line":115,"column":3018},"end":{"line":115,"column":3025}},"3973":{"start":{"line":115,"column":3031},"end":{"line":115,"column":3358}},"3974":{"start":{"line":115,"column":3041},"end":{"line":115,"column":3102}},"3975":{"start":{"line":115,"column":3062},"end":{"line":115,"column":3077}},"3976":{"start":{"line":115,"column":3108},"end":{"line":115,"column":3157}},"3977":{"start":{"line":115,"column":3158},"end":{"line":115,"column":3357}},"3978":{"start":{"line":115,"column":3359},"end":{"line":115,"column":3471}},"3979":{"start":{"line":115,"column":3482},"end":{"line":115,"column":3566}},"3980":{"start":{"line":115,"column":3581},"end":{"line":115,"column":3615}},"3981":{"start":{"line":115,"column":3674},"end":{"line":115,"column":3741}},"3982":{"start":{"line":115,"column":3747},"end":{"line":115,"column":3778}},"3983":{"start":{"line":115,"column":3781},"end":{"line":115,"column":3798}},"3984":{"start":{"line":115,"column":3799},"end":{"line":116,"column":59}},"3985":{"start":{"line":115,"column":3803},"end":{"line":115,"column":3822}},"3986":{"start":{"line":115,"column":3828},"end":{"line":115,"column":3853}},"3987":{"start":{"line":115,"column":3854},"end":{"line":115,"column":3928}},"3988":{"start":{"line":115,"column":3934},"end":{"line":115,"column":3992}},"3989":{"start":{"line":115,"column":3993},"end":{"line":115,"column":4156}},"3990":{"start":{"line":115,"column":4005},"end":{"line":115,"column":4156}},"3991":{"start":{"line":115,"column":4156},"end":{"line":115,"column":4207}},"3992":{"start":{"line":115,"column":4180},"end":{"line":115,"column":4207}},"3993":{"start":{"line":115,"column":4207},"end":{"line":115,"column":4221}},"3994":{"start":{"line":115,"column":4231},"end":{"line":115,"column":4257}},"3995":{"start":{"line":115,"column":4249},"end":{"line":115,"column":4257}},"3996":{"start":{"line":115,"column":4257},"end":{"line":115,"column":4378}},"3997":{"start":{"line":115,"column":4319},"end":{"line":115,"column":4378}},"3998":{"start":{"line":115,"column":4384},"end":{"line":115,"column":4417}},"3999":{"start":{"line":115,"column":4418},"end":{"line":116,"column":58}},"4000":{"start":{"line":116,"column":112},"end":{"line":116,"column":131}},"4001":{"start":{"line":116,"column":137},"end":{"line":116,"column":144}},"4002":{"start":{"line":116,"column":145},"end":{"line":116,"column":164}},"4003":{"start":{"line":116,"column":170},"end":{"line":116,"column":195}},"4004":{"start":{"line":116,"column":196},"end":{"line":116,"column":328}},"4005":{"start":{"line":116,"column":334},"end":{"line":116,"column":366}},"4006":{"start":{"line":116,"column":369},"end":{"line":116,"column":396}},"4007":{"start":{"line":116,"column":397},"end":{"line":116,"column":560}},"4008":{"start":{"line":116,"column":409},"end":{"line":116,"column":560}},"4009":{"start":{"line":116,"column":588},"end":{"line":116,"column":589}},"4010":{"start":{"line":116,"column":590},"end":{"line":116,"column":737}},"4011":{"start":{"line":116,"column":610},"end":{"line":116,"column":737}},"4012":{"start":{"line":116,"column":626},"end":{"line":116,"column":735}},"4013":{"start":{"line":116,"column":737},"end":{"line":116,"column":809}},"4014":{"start":{"line":116,"column":831},"end":{"line":116,"column":941}},"4015":{"start":{"line":116,"column":863},"end":{"line":116,"column":941}},"4016":{"start":{"line":116,"column":947},"end":{"line":116,"column":998}},"4017":{"start":{"line":116,"column":999},"end":{"line":116,"column":1074}},"4018":{"start":{"line":116,"column":1104},"end":{"line":116,"column":1316}},"4019":{"start":{"line":116,"column":1135},"end":{"line":116,"column":1145}},"4020":{"start":{"line":116,"column":1146},"end":{"line":116,"column":1224}},"4021":{"start":{"line":116,"column":1230},"end":{"line":116,"column":1247}},"4022":{"start":{"line":116,"column":1248},"end":{"line":116,"column":1315}},"4023":{"start":{"line":116,"column":1334},"end":{"line":116,"column":1353}},"4024":{"start":{"line":116,"column":1359},"end":{"line":116,"column":1403}},"4025":{"start":{"line":116,"column":1404},"end":{"line":116,"column":1464}},"4026":{"start":{"line":116,"column":1482},"end":{"line":116,"column":1540}},"4027":{"start":{"line":116,"column":1558},"end":{"line":116,"column":1724}},"4028":{"start":{"line":116,"column":1764},"end":{"line":116,"column":1923}},"4029":{"start":{"line":116,"column":1768},"end":{"line":116,"column":1915}},"4030":{"start":{"line":116,"column":1929},"end":{"line":116,"column":1966}},"4031":{"start":{"line":116,"column":1967},"end":{"line":116,"column":2098}},"4032":{"start":{"line":116,"column":2104},"end":{"line":116,"column":2119}},"4033":{"start":{"line":116,"column":2122},"end":{"line":116,"column":2127}},"4034":{"start":{"line":116,"column":2130},"end":{"line":116,"column":2141}},"4035":{"start":{"line":116,"column":2144},"end":{"line":116,"column":2157}},"4036":{"start":{"line":116,"column":2160},"end":{"line":116,"column":2172}},"4037":{"start":{"line":116,"column":2175},"end":{"line":116,"column":2187}},"4038":{"start":{"line":116,"column":2188},"end":{"line":117,"column":36}},"4039":{"start":{"line":116,"column":2210},"end":{"line":117,"column":35}},"4040":{"start":{"line":117,"column":36},"end":{"line":117,"column":76}},"4041":{"start":{"line":117,"column":104},"end":{"line":117,"column":133}},"4042":{"start":{"line":117,"column":141},"end":{"line":117,"column":157}},"4043":{"start":{"line":117,"column":145},"end":{"line":117,"column":156}},"4044":{"start":{"line":117,"column":165},"end":{"line":117,"column":211}},"4045":{"start":{"line":117,"column":168},"end":{"line":117,"column":211}},"4046":{"start":{"line":117,"column":194},"end":{"line":117,"column":210}},"4047":{"start":{"line":117,"column":227},"end":{"line":117,"column":277}},"4048":{"start":{"line":117,"column":231},"end":{"line":117,"column":250}},"4049":{"start":{"line":117,"column":257},"end":{"line":117,"column":276}},"4050":{"start":{"line":117,"column":295},"end":{"line":117,"column":335}},"4051":{"start":{"line":117,"column":326},"end":{"line":117,"column":333}},"4052":{"start":{"line":117,"column":353},"end":{"line":117,"column":398}},"4053":{"start":{"line":117,"column":373},"end":{"line":117,"column":398}},"4054":{"start":{"line":117,"column":389},"end":{"line":117,"column":396}},"4055":{"start":{"line":117,"column":398},"end":{"line":117,"column":477}},"4056":{"start":{"line":117,"column":420},"end":{"line":117,"column":477}},"4057":{"start":{"line":117,"column":477},"end":{"line":117,"column":539}},"4058":{"start":{"line":117,"column":486},"end":{"line":117,"column":539}},"4059":{"start":{"line":117,"column":539},"end":{"line":117,"column":614}},"4060":{"start":{"line":117,"column":558},"end":{"line":117,"column":614}},"4061":{"start":{"line":117,"column":614},"end":{"line":117,"column":700}},"4062":{"start":{"line":117,"column":636},"end":{"line":117,"column":700}},"4063":{"start":{"line":117,"column":700},"end":{"line":117,"column":786}},"4064":{"start":{"line":117,"column":709},"end":{"line":117,"column":786}},"4065":{"start":{"line":117,"column":786},"end":{"line":117,"column":935}},"4066":{"start":{"line":117,"column":852},"end":{"line":117,"column":853}},"4067":{"start":{"line":117,"column":854},"end":{"line":117,"column":934}},"4068":{"start":{"line":117,"column":935},"end":{"line":117,"column":980}},"4069":{"start":{"line":117,"column":996},"end":{"line":117,"column":1177}},"4070":{"start":{"line":117,"column":1193},"end":{"line":117,"column":1234}},"4071":{"start":{"line":117,"column":1225},"end":{"line":117,"column":1234}},"4072":{"start":{"line":117,"column":1234},"end":{"line":117,"column":1283}},"4073":{"start":{"line":117,"column":1265},"end":{"line":117,"column":1283}},"4074":{"start":{"line":117,"column":1283},"end":{"line":117,"column":1320}},"4075":{"start":{"line":117,"column":1303},"end":{"line":117,"column":1320}},"4076":{"start":{"line":117,"column":1326},"end":{"line":117,"column":1328}},"4077":{"start":{"line":117,"column":1329},"end":{"line":117,"column":1371}},"4078":{"start":{"line":117,"column":1357},"end":{"line":117,"column":1371}},"4079":{"start":{"line":117,"column":1371},"end":{"line":117,"column":1379}},"4080":{"start":{"line":117,"column":1395},"end":{"line":117,"column":1439}},"4081":{"start":{"line":117,"column":1447},"end":{"line":117,"column":1463}},"4082":{"start":{"line":117,"column":1467},"end":{"line":117,"column":1485}},"4083":{"start":{"line":117,"column":1507},"end":{"line":124,"column":2}},"4084":{"start":{"line":117,"column":1573},"end":{"line":124,"column":2}},"4085":{"start":{"line":124,"column":10},"end":{"line":124,"column":695}},"4086":{"start":{"line":124,"column":47},"end":{"line":124,"column":695}},"4087":{"start":{"line":124,"column":57},"end":{"line":124,"column":59}},"4088":{"start":{"line":124,"column":62},"end":{"line":124,"column":594}},"4089":{"start":{"line":124,"column":71},"end":{"line":124,"column":130}},"4090":{"start":{"line":124,"column":135},"end":{"line":124,"column":594}},"4091":{"start":{"line":124,"column":168},"end":{"line":124,"column":169}},"4092":{"start":{"line":124,"column":170},"end":{"line":124,"column":221}},"4093":{"start":{"line":124,"column":227},"end":{"line":124,"column":594}},"4094":{"start":{"line":124,"column":263},"end":{"line":124,"column":322}},"4095":{"start":{"line":124,"column":322},"end":{"line":124,"column":327}},"4096":{"start":{"line":124,"column":379},"end":{"line":124,"column":439}},"4097":{"start":{"line":124,"column":439},"end":{"line":124,"column":444}},"4098":{"start":{"line":124,"column":462},"end":{"line":124,"column":521}},"4099":{"start":{"line":124,"column":521},"end":{"line":124,"column":526}},"4100":{"start":{"line":124,"column":535},"end":{"line":124,"column":593}},"4101":{"start":{"line":124,"column":594},"end":{"line":124,"column":694}},"4102":{"start":{"line":124,"column":699},"end":{"line":124,"column":827}},"4103":{"start":{"line":124,"column":731},"end":{"line":124,"column":760}},"4104":{"start":{"line":124,"column":805},"end":{"line":124,"column":806}},"4105":{"start":{"line":124,"column":807},"end":{"line":124,"column":825}},"4106":{"start":{"line":124,"column":831},"end":{"line":124,"column":918}},"4107":{"start":{"line":124,"column":863},"end":{"line":124,"column":872}},"4108":{"start":{"line":124,"column":905},"end":{"line":124,"column":916}},"4109":{"start":{"line":124,"column":934},"end":{"line":124,"column":1318}},"4110":{"start":{"line":124,"column":963},"end":{"line":124,"column":1067}},"4111":{"start":{"line":124,"column":971},"end":{"line":124,"column":1066}},"4112":{"start":{"line":124,"column":975},"end":{"line":124,"column":1031}},"4113":{"start":{"line":124,"column":1041},"end":{"line":124,"column":1065}},"4114":{"start":{"line":124,"column":1068},"end":{"line":124,"column":1317}},"4115":{"start":{"line":124,"column":1086},"end":{"line":124,"column":1094}},"4116":{"start":{"line":124,"column":1106},"end":{"line":124,"column":1126}},"4117":{"start":{"line":124,"column":1137},"end":{"line":124,"column":1156}},"4118":{"start":{"line":124,"column":1169},"end":{"line":124,"column":1190}},"4119":{"start":{"line":124,"column":1220},"end":{"line":124,"column":1224}},"4120":{"start":{"line":124,"column":1225},"end":{"line":124,"column":1278}},"4121":{"start":{"line":124,"column":1334},"end":{"line":124,"column":1387}},"4122":{"start":{"line":124,"column":1395},"end":{"line":124,"column":1411}},"4123":{"start":{"line":124,"column":1415},"end":{"line":124,"column":1553}},"4124":{"start":{"line":124,"column":1428},"end":{"line":124,"column":1436}},"4125":{"start":{"line":124,"column":1455},"end":{"line":124,"column":1474}},"4126":{"start":{"line":124,"column":1541},"end":{"line":124,"column":1551}},"4127":{"start":{"line":124,"column":1557},"end":{"line":124,"column":2076}},"4128":{"start":{"line":124,"column":1575},"end":{"line":124,"column":1623}},"4129":{"start":{"line":124,"column":1642},"end":{"line":124,"column":1696}},"4130":{"start":{"line":124,"column":1720},"end":{"line":124,"column":1779}},"4131":{"start":{"line":124,"column":1799},"end":{"line":124,"column":1854}},"4132":{"start":{"line":124,"column":1875},"end":{"line":124,"column":1931}},"4133":{"start":{"line":124,"column":1963},"end":{"line":124,"column":2006}},"4134":{"start":{"line":124,"column":2009},"end":{"line":124,"column":2042}},"4135":{"start":{"line":124,"column":2043},"end":{"line":124,"column":2074}},"4136":{"start":{"line":124,"column":2091},"end":{"line":124,"column":2104}},"4137":{"start":{"line":124,"column":2137},"end":{"line":124,"column":2156}},"4138":{"start":{"line":124,"column":2152},"end":{"line":124,"column":2155}},"4139":{"start":{"line":124,"column":2157},"end":{"line":124,"column":2202}},"4140":{"start":{"line":124,"column":2172},"end":{"line":124,"column":2200}},"4141":{"start":{"line":124,"column":2218},"end":{"line":124,"column":2364}},"4142":{"start":{"line":124,"column":2269},"end":{"line":124,"column":2297}},"4143":{"start":{"line":124,"column":2298},"end":{"line":124,"column":2355}},"4144":{"start":{"line":124,"column":2372},"end":{"line":124,"column":2540}},"4145":{"start":{"line":124,"column":2391},"end":{"line":124,"column":2393}},"4146":{"start":{"line":124,"column":2401},"end":{"line":124,"column":2426}},"4147":{"start":{"line":124,"column":2434},"end":{"line":124,"column":2461}},"4148":{"start":{"line":124,"column":2469},"end":{"line":124,"column":2497}},"4149":{"start":{"line":124,"column":2507},"end":{"line":124,"column":2538}},"4150":{"start":{"line":124,"column":2548},"end":{"line":124,"column":2555}},"4151":{"start":{"line":124,"column":2571},"end":{"line":124,"column":2612}},"4152":{"start":{"line":124,"column":2628},"end":{"line":124,"column":2694}},"4153":{"start":{"line":124,"column":2687},"end":{"line":124,"column":2694}},"4154":{"start":{"line":124,"column":2700},"end":{"line":124,"column":2702}},"4155":{"start":{"line":124,"column":2703},"end":{"line":124,"column":2832}},"4156":{"start":{"line":124,"column":2848},"end":{"line":124,"column":2969}},"4157":{"start":{"line":124,"column":2894},"end":{"line":124,"column":2898}},"4158":{"start":{"line":124,"column":2899},"end":{"line":124,"column":2954}},"4159":{"start":{"line":124,"column":2977},"end":{"line":124,"column":3292}},"4160":{"start":{"line":124,"column":3308},"end":{"line":124,"column":3320}},"4161":{"start":{"line":124,"column":3328},"end":{"line":124,"column":4310}},"4162":{"start":{"line":124,"column":3349},"end":{"line":124,"column":3364}},"4163":{"start":{"line":124,"column":3364},"end":{"line":124,"column":3379}},"4164":{"start":{"line":124,"column":3399},"end":{"line":124,"column":3401}},"4165":{"start":{"line":124,"column":3419},"end":{"line":124,"column":3442}},"4166":{"start":{"line":124,"column":3443},"end":{"line":124,"column":3699}},"4167":{"start":{"line":124,"column":3549},"end":{"line":124,"column":3590}},"4168":{"start":{"line":124,"column":3615},"end":{"line":124,"column":3667}},"4169":{"start":{"line":124,"column":3718},"end":{"line":124,"column":4263}},"4170":{"start":{"line":124,"column":3751},"end":{"line":124,"column":3766}},"4171":{"start":{"line":124,"column":3767},"end":{"line":124,"column":4262}},"4172":{"start":{"line":124,"column":3852},"end":{"line":124,"column":3901}},"4173":{"start":{"line":124,"column":3914},"end":{"line":124,"column":3928}},"4174":{"start":{"line":124,"column":3946},"end":{"line":124,"column":3990}},"4175":{"start":{"line":124,"column":4026},"end":{"line":124,"column":4035}},"4176":{"start":{"line":124,"column":4047},"end":{"line":124,"column":4205}},"4177":{"start":{"line":124,"column":4069},"end":{"line":124,"column":4111}},"4178":{"start":{"line":124,"column":4079},"end":{"line":124,"column":4080}},"4179":{"start":{"line":124,"column":4096},"end":{"line":124,"column":4111}},"4180":{"start":{"line":124,"column":4116},"end":{"line":124,"column":4205}},"4181":{"start":{"line":124,"column":4126},"end":{"line":124,"column":4127}},"4182":{"start":{"line":124,"column":4150},"end":{"line":124,"column":4154}},"4183":{"start":{"line":124,"column":4155},"end":{"line":124,"column":4204}},"4184":{"start":{"line":124,"column":4218},"end":{"line":124,"column":4259}},"4185":{"start":{"line":124,"column":4228},"end":{"line":124,"column":4229}},"4186":{"start":{"line":124,"column":4245},"end":{"line":124,"column":4259}},"4187":{"start":{"line":124,"column":4290},"end":{"line":124,"column":4308}},"4188":{"start":{"line":124,"column":4328},"end":{"line":124,"column":4349}},"4189":{"start":{"line":124,"column":4340},"end":{"line":124,"column":4349}},"4190":{"start":{"line":124,"column":4349},"end":{"line":124,"column":4937}},"4191":{"start":{"line":124,"column":4372},"end":{"line":124,"column":4389}},"4192":{"start":{"line":124,"column":4442},"end":{"line":124,"column":4465}},"4193":{"start":{"line":124,"column":4466},"end":{"line":124,"column":4494}},"4194":{"start":{"line":124,"column":4509},"end":{"line":124,"column":4526}},"4195":{"start":{"line":124,"column":4552},"end":{"line":124,"column":4571}},"4196":{"start":{"line":124,"column":4582},"end":{"line":124,"column":4618}},"4197":{"start":{"line":124,"column":4637},"end":{"line":124,"column":4669}},"4198":{"start":{"line":124,"column":4653},"end":{"line":124,"column":4667}},"4199":{"start":{"line":124,"column":4687},"end":{"line":124,"column":4718}},"4200":{"start":{"line":124,"column":4703},"end":{"line":124,"column":4716}},"4201":{"start":{"line":124,"column":4738},"end":{"line":124,"column":4771}},"4202":{"start":{"line":124,"column":4754},"end":{"line":124,"column":4769}},"4203":{"start":{"line":124,"column":4792},"end":{"line":124,"column":4826}},"4204":{"start":{"line":124,"column":4808},"end":{"line":124,"column":4824}},"4205":{"start":{"line":124,"column":4843},"end":{"line":124,"column":4873}},"4206":{"start":{"line":124,"column":4859},"end":{"line":124,"column":4871}},"4207":{"start":{"line":124,"column":4890},"end":{"line":124,"column":4920}},"4208":{"start":{"line":124,"column":4906},"end":{"line":124,"column":4918}},"4209":{"start":{"line":124,"column":4928},"end":{"line":124,"column":4936}},"4210":{"start":{"line":124,"column":4959},"end":{"line":124,"column":4961}},"4211":{"start":{"line":124,"column":4964},"end":{"line":124,"column":4969}},"4212":{"start":{"line":124,"column":4970},"end":{"line":124,"column":5101}},"4213":{"start":{"line":124,"column":4980},"end":{"line":124,"column":4981}},"4214":{"start":{"line":124,"column":5009},"end":{"line":124,"column":5018}},"4215":{"start":{"line":124,"column":5021},"end":{"line":124,"column":5027}},"4216":{"start":{"line":124,"column":5028},"end":{"line":124,"column":5091}},"4217":{"start":{"line":124,"column":5038},"end":{"line":124,"column":5039}},"4218":{"start":{"line":124,"column":5055},"end":{"line":124,"column":5091}},"4219":{"start":{"line":124,"column":5091},"end":{"line":124,"column":5100}},"4220":{"start":{"line":124,"column":5101},"end":{"line":124,"column":5109}},"4221":{"start":{"line":124,"column":5131},"end":{"line":124,"column":5133}},"4222":{"start":{"line":124,"column":5134},"end":{"line":124,"column":5190}},"4223":{"start":{"line":124,"column":5144},"end":{"line":124,"column":5145}},"4224":{"start":{"line":124,"column":5169},"end":{"line":124,"column":5190}},"4225":{"start":{"line":124,"column":5190},"end":{"line":124,"column":5198}},"4226":{"start":{"line":124,"column":5206},"end":{"line":124,"column":5240}},"4227":{"start":{"line":124,"column":5244},"end":{"line":124,"column":8263}},"4228":{"start":{"line":124,"column":5296},"end":{"line":124,"column":6348}},"4229":{"start":{"line":124,"column":5447},"end":{"line":124,"column":5451}},"4230":{"start":{"line":124,"column":5454},"end":{"line":124,"column":5479}},"4231":{"start":{"line":124,"column":5463},"end":{"line":124,"column":5478}},"4232":{"start":{"line":124,"column":5482},"end":{"line":124,"column":5526}},"4233":{"start":{"line":124,"column":5529},"end":{"line":124,"column":5566}},"4234":{"start":{"line":124,"column":5539},"end":{"line":124,"column":5565}},"4235":{"start":{"line":124,"column":5567},"end":{"line":124,"column":5798}},"4236":{"start":{"line":124,"column":5702},"end":{"line":124,"column":5733}},"4237":{"start":{"line":124,"column":5724},"end":{"line":124,"column":5733}},"4238":{"start":{"line":124,"column":5733},"end":{"line":124,"column":5796}},"4239":{"start":{"line":124,"column":5737},"end":{"line":124,"column":5777}},"4240":{"start":{"line":124,"column":5787},"end":{"line":124,"column":5795}},"4241":{"start":{"line":124,"column":5830},"end":{"line":124,"column":5882}},"4242":{"start":{"line":124,"column":5885},"end":{"line":124,"column":6097}},"4243":{"start":{"line":124,"column":6098},"end":{"line":124,"column":6135}},"4244":{"start":{"line":124,"column":6148},"end":{"line":124,"column":6219}},"4245":{"start":{"line":124,"column":6236},"end":{"line":124,"column":6345}},"4246":{"start":{"line":124,"column":6366},"end":{"line":124,"column":6609}},"4247":{"start":{"line":124,"column":6370},"end":{"line":124,"column":6409}},"4248":{"start":{"line":124,"column":6483},"end":{"line":124,"column":6484}},"4249":{"start":{"line":124,"column":6485},"end":{"line":124,"column":6608}},"4250":{"start":{"line":124,"column":6664},"end":{"line":124,"column":6671}},"4251":{"start":{"line":124,"column":6674},"end":{"line":124,"column":6692}},"4252":{"start":{"line":124,"column":6693},"end":{"line":124,"column":6745}},"4253":{"start":{"line":124,"column":6774},"end":{"line":124,"column":6930}},"4254":{"start":{"line":124,"column":6778},"end":{"line":124,"column":6804}},"4255":{"start":{"line":124,"column":6814},"end":{"line":124,"column":6929}},"4256":{"start":{"line":124,"column":7033},"end":{"line":124,"column":7058}},"4257":{"start":{"line":124,"column":7050},"end":{"line":124,"column":7058}},"4258":{"start":{"line":124,"column":7058},"end":{"line":124,"column":7244}},"4259":{"start":{"line":124,"column":7090},"end":{"line":124,"column":7100}},"4260":{"start":{"line":124,"column":7101},"end":{"line":124,"column":7243}},"4261":{"start":{"line":124,"column":7250},"end":{"line":124,"column":7259}},"4262":{"start":{"line":124,"column":7260},"end":{"line":124,"column":7856}},"4263":{"start":{"line":124,"column":7419},"end":{"line":124,"column":7451}},"4264":{"start":{"line":124,"column":7452},"end":{"line":124,"column":7562}},"4265":{"start":{"line":124,"column":7568},"end":{"line":124,"column":7624}},"4266":{"start":{"line":124,"column":7581},"end":{"line":124,"column":7624}},"4267":{"start":{"line":124,"column":7624},"end":{"line":124,"column":7734}},"4268":{"start":{"line":124,"column":7642},"end":{"line":124,"column":7734}},"4269":{"start":{"line":124,"column":7734},"end":{"line":124,"column":7794}},"4270":{"start":{"line":124,"column":7752},"end":{"line":124,"column":7794}},"4271":{"start":{"line":124,"column":7794},"end":{"line":124,"column":7855}},"4272":{"start":{"line":124,"column":7813},"end":{"line":124,"column":7855}},"4273":{"start":{"line":124,"column":7856},"end":{"line":124,"column":7906}},"4274":{"start":{"line":124,"column":7926},"end":{"line":124,"column":8014}},"4275":{"start":{"line":124,"column":8029},"end":{"line":124,"column":8069}},"4276":{"start":{"line":124,"column":8060},"end":{"line":124,"column":8069}},"4277":{"start":{"line":124,"column":8075},"end":{"line":124,"column":8092}},"4278":{"start":{"line":124,"column":8095},"end":{"line":124,"column":8114}},"4279":{"start":{"line":124,"column":8117},"end":{"line":124,"column":8157}},"4280":{"start":{"line":124,"column":8129},"end":{"line":124,"column":8156}},"4281":{"start":{"line":124,"column":8160},"end":{"line":124,"column":8167}},"4282":{"start":{"line":124,"column":8170},"end":{"line":124,"column":8196}},"4283":{"start":{"line":124,"column":8197},"end":{"line":124,"column":8212}},"4284":{"start":{"line":124,"column":8239},"end":{"line":124,"column":8261}},"4285":{"start":{"line":124,"column":8279},"end":{"line":124,"column":8452}},"4286":{"start":{"line":124,"column":8285},"end":{"line":124,"column":8368}},"4287":{"start":{"line":124,"column":8305},"end":{"line":124,"column":8368}},"4288":{"start":{"line":124,"column":8368},"end":{"line":124,"column":8419}},"4289":{"start":{"line":124,"column":8386},"end":{"line":124,"column":8419}},"4290":{"start":{"line":124,"column":8419},"end":{"line":124,"column":8451}},"4291":{"start":{"line":124,"column":8468},"end":{"line":124,"column":8501}},"4292":{"start":{"line":124,"column":8519},"end":{"line":124,"column":8579}},"4293":{"start":{"line":124,"column":8595},"end":{"line":124,"column":8636}},"4294":{"start":{"line":124,"column":8652},"end":{"line":124,"column":8717}},"4295":{"start":{"line":124,"column":8672},"end":{"line":124,"column":8717}},"4296":{"start":{"line":124,"column":8717},"end":{"line":124,"column":8808}},"4297":{"start":{"line":124,"column":8763},"end":{"line":124,"column":8778}},"4298":{"start":{"line":124,"column":8779},"end":{"line":124,"column":8807}},"4299":{"start":{"line":124,"column":8808},"end":{"line":124,"column":8816}},"4300":{"start":{"line":124,"column":8824},"end":{"line":124,"column":8831}},"4301":{"start":{"line":124,"column":8839},"end":{"line":124,"column":8841}},"4302":{"start":{"line":124,"column":8849},"end":{"line":124,"column":8856}},"4303":{"start":{"line":124,"column":8863},"end":{"line":125,"column":177}},"4304":{"start":{"line":124,"column":8898},"end":{"line":125,"column":102}},"4305":{"start":{"line":125,"column":129},"end":{"line":125,"column":175}},"4306":{"start":{"line":125,"column":178},"end":{"line":125,"column":224}},"4307":{"start":{"line":125,"column":231},"end":{"line":125,"column":333}},"4308":{"start":{"line":125,"column":337},"end":{"line":125,"column":369}},"4309":{"start":{"line":125,"column":373},"end":{"line":125,"column":404}},"4310":{"start":{"line":125,"column":408},"end":{"line":129,"column":2355}},"4311":{"start":{"line":125,"column":447},"end":{"line":128,"column":59}},"4312":{"start":{"line":125,"column":453},"end":{"line":125,"column":598}},"4313":{"start":{"line":125,"column":493},"end":{"line":125,"column":598}},"4314":{"start":{"line":125,"column":598},"end":{"line":128,"column":58}},"4315":{"start":{"line":125,"column":632},"end":{"line":125,"column":789}},"4316":{"start":{"line":125,"column":657},"end":{"line":125,"column":707}},"4317":{"start":{"line":125,"column":708},"end":{"line":125,"column":788}},"4318":{"start":{"line":125,"column":789},"end":{"line":126,"column":57}},"4319":{"start":{"line":125,"column":829},"end":{"line":126,"column":57}},"4320":{"start":{"line":126,"column":57},"end":{"line":128,"column":57}},"4321":{"start":{"line":126,"column":82},"end":{"line":128,"column":57}},"4322":{"start":{"line":126,"column":116},"end":{"line":127,"column":57}},"4323":{"start":{"line":126,"column":129},"end":{"line":127,"column":57}},"4324":{"start":{"line":127,"column":57},"end":{"line":128,"column":56}},"4325":{"start":{"line":127,"column":79},"end":{"line":128,"column":56}},"4326":{"start":{"line":128,"column":77},"end":{"line":128,"column":223}},"4327":{"start":{"line":128,"column":111},"end":{"line":128,"column":223}},"4328":{"start":{"line":128,"column":223},"end":{"line":128,"column":242}},"4329":{"start":{"line":128,"column":235},"end":{"line":128,"column":242}},"4330":{"start":{"line":128,"column":242},"end":{"line":128,"column":364}},"4331":{"start":{"line":128,"column":256},"end":{"line":128,"column":364}},"4332":{"start":{"line":128,"column":364},"end":{"line":128,"column":534}},"4333":{"start":{"line":128,"column":401},"end":{"line":128,"column":534}},"4334":{"start":{"line":128,"column":534},"end":{"line":128,"column":677}},"4335":{"start":{"line":128,"column":564},"end":{"line":128,"column":677}},"4336":{"start":{"line":128,"column":697},"end":{"line":129,"column":31}},"4337":{"start":{"line":128,"column":733},"end":{"line":129,"column":31}},"4338":{"start":{"line":129,"column":49},"end":{"line":129,"column":301}},"4339":{"start":{"line":129,"column":55},"end":{"line":129,"column":183}},"4340":{"start":{"line":129,"column":77},"end":{"line":129,"column":183}},"4341":{"start":{"line":129,"column":183},"end":{"line":129,"column":300}},"4342":{"start":{"line":129,"column":209},"end":{"line":129,"column":217}},"4343":{"start":{"line":129,"column":218},"end":{"line":129,"column":299}},"4344":{"start":{"line":129,"column":311},"end":{"line":129,"column":324}},"4345":{"start":{"line":129,"column":317},"end":{"line":129,"column":324}},"4346":{"start":{"line":129,"column":324},"end":{"line":129,"column":443}},"4347":{"start":{"line":129,"column":345},"end":{"line":129,"column":443}},"4348":{"start":{"line":129,"column":457},"end":{"line":129,"column":594}},"4349":{"start":{"line":129,"column":503},"end":{"line":129,"column":511}},"4350":{"start":{"line":129,"column":512},"end":{"line":129,"column":593}},"4351":{"start":{"line":129,"column":595},"end":{"line":129,"column":979}},"4352":{"start":{"line":129,"column":611},"end":{"line":129,"column":616}},"4353":{"start":{"line":129,"column":622},"end":{"line":129,"column":815}},"4354":{"start":{"line":129,"column":646},"end":{"line":129,"column":664}},"4355":{"start":{"line":129,"column":665},"end":{"line":129,"column":813}},"4356":{"start":{"line":129,"column":690},"end":{"line":129,"column":697}},"4357":{"start":{"line":129,"column":698},"end":{"line":129,"column":812}},"4358":{"start":{"line":129,"column":816},"end":{"line":129,"column":978}},"4359":{"start":{"line":129,"column":841},"end":{"line":129,"column":978}},"4360":{"start":{"line":129,"column":874},"end":{"line":129,"column":978}},"4361":{"start":{"line":129,"column":882},"end":{"line":129,"column":890}},"4362":{"start":{"line":129,"column":895},"end":{"line":129,"column":978}},"4363":{"start":{"line":129,"column":1004},"end":{"line":129,"column":1017}},"4364":{"start":{"line":129,"column":1010},"end":{"line":129,"column":1017}},"4365":{"start":{"line":129,"column":1023},"end":{"line":129,"column":1032}},"4366":{"start":{"line":129,"column":1033},"end":{"line":129,"column":1193}},"4367":{"start":{"line":129,"column":1050},"end":{"line":129,"column":1193}},"4368":{"start":{"line":129,"column":1199},"end":{"line":129,"column":1208}},"4369":{"start":{"line":129,"column":1209},"end":{"line":129,"column":1368}},"4370":{"start":{"line":129,"column":1226},"end":{"line":129,"column":1368}},"4371":{"start":{"line":129,"column":1383},"end":{"line":129,"column":1463}},"4372":{"start":{"line":129,"column":1405},"end":{"line":129,"column":1463}},"4373":{"start":{"line":129,"column":1463},"end":{"line":129,"column":1522}},"4374":{"start":{"line":129,"column":1475},"end":{"line":129,"column":1522}},"4375":{"start":{"line":129,"column":1528},"end":{"line":129,"column":1530}},"4376":{"start":{"line":129,"column":1531},"end":{"line":129,"column":1954}},"4377":{"start":{"line":129,"column":1571},"end":{"line":129,"column":1595}},"4378":{"start":{"line":129,"column":1596},"end":{"line":129,"column":1653}},"4379":{"start":{"line":129,"column":1603},"end":{"line":129,"column":1644}},"4380":{"start":{"line":129,"column":1644},"end":{"line":129,"column":1652}},"4381":{"start":{"line":129,"column":1653},"end":{"line":129,"column":1953}},"4382":{"start":{"line":129,"column":1693},"end":{"line":129,"column":1721}},"4383":{"start":{"line":129,"column":1710},"end":{"line":129,"column":1720}},"4384":{"start":{"line":129,"column":1722},"end":{"line":129,"column":1791}},"4385":{"start":{"line":129,"column":1729},"end":{"line":129,"column":1782}},"4386":{"start":{"line":129,"column":1782},"end":{"line":129,"column":1790}},"4387":{"start":{"line":129,"column":1791},"end":{"line":129,"column":1874}},"4388":{"start":{"line":129,"column":1810},"end":{"line":129,"column":1865}},"4389":{"start":{"line":129,"column":1865},"end":{"line":129,"column":1873}},"4390":{"start":{"line":129,"column":1874},"end":{"line":129,"column":1952}},"4391":{"start":{"line":129,"column":1954},"end":{"line":129,"column":1988}},"4392":{"start":{"line":129,"column":1968},"end":{"line":129,"column":1988}},"4393":{"start":{"line":129,"column":2005},"end":{"line":129,"column":2018}},"4394":{"start":{"line":129,"column":2011},"end":{"line":129,"column":2018}},"4395":{"start":{"line":129,"column":2024},"end":{"line":129,"column":2059}},"4396":{"start":{"line":129,"column":2060},"end":{"line":129,"column":2177}},"4397":{"start":{"line":129,"column":2082},"end":{"line":129,"column":2177}},"4398":{"start":{"line":129,"column":2177},"end":{"line":129,"column":2353}},"4399":{"start":{"line":129,"column":2208},"end":{"line":129,"column":2353}},"4400":{"start":{"line":129,"column":2233},"end":{"line":129,"column":2240}},"4401":{"start":{"line":129,"column":2241},"end":{"line":129,"column":2352}},"4402":{"start":{"line":129,"column":2373},"end":{"line":129,"column":2532}},"4403":{"start":{"line":129,"column":2407},"end":{"line":129,"column":2521}},"4404":{"start":{"line":129,"column":2433},"end":{"line":129,"column":2441}},"4405":{"start":{"line":129,"column":2442},"end":{"line":129,"column":2520}},"4406":{"start":{"line":129,"column":2521},"end":{"line":129,"column":2531}},"4407":{"start":{"line":129,"column":2532},"end":{"line":129,"column":2669}},"4408":{"start":{"line":129,"column":2566},"end":{"line":129,"column":2669}},"4409":{"start":{"line":129,"column":2687},"end":{"line":129,"column":2732}},"4410":{"start":{"line":129,"column":2723},"end":{"line":129,"column":2732}},"4411":{"start":{"line":129,"column":2738},"end":{"line":129,"column":2745}},"4412":{"start":{"line":129,"column":2746},"end":{"line":129,"column":2781}},"4413":{"start":{"line":129,"column":2799},"end":{"line":129,"column":2827}},"4414":{"start":{"line":129,"column":2815},"end":{"line":129,"column":2827}},"4415":{"start":{"line":129,"column":2833},"end":{"line":129,"column":2883}},"4416":{"start":{"line":129,"column":2843},"end":{"line":129,"column":2881}},"4417":{"start":{"line":129,"column":2884},"end":{"line":129,"column":2926}},"4418":{"start":{"line":129,"column":2898},"end":{"line":129,"column":2924}},"4419":{"start":{"line":129,"column":2932},"end":{"line":129,"column":2936}},"4420":{"start":{"line":129,"column":2937},"end":{"line":129,"column":2969}},"4421":{"start":{"line":129,"column":2987},"end":{"line":129,"column":3023}},"4422":{"start":{"line":129,"column":3047},"end":{"line":129,"column":3080}},"4423":{"start":{"line":129,"column":3070},"end":{"line":129,"column":3079}},"4424":{"start":{"line":129,"column":3081},"end":{"line":129,"column":3097}},"4425":{"start":{"line":129,"column":3086},"end":{"line":129,"column":3097}},"4426":{"start":{"line":129,"column":3121},"end":{"line":129,"column":3126}},"4427":{"start":{"line":129,"column":3127},"end":{"line":129,"column":3839}},"4428":{"start":{"line":129,"column":3142},"end":{"line":129,"column":3839}},"4429":{"start":{"line":129,"column":3176},"end":{"line":129,"column":3284}},"4430":{"start":{"line":129,"column":3246},"end":{"line":129,"column":3282}},"4431":{"start":{"line":129,"column":3284},"end":{"line":129,"column":3290}},"4432":{"start":{"line":129,"column":3309},"end":{"line":129,"column":3468}},"4433":{"start":{"line":129,"column":3397},"end":{"line":129,"column":3466}},"4434":{"start":{"line":129,"column":3468},"end":{"line":129,"column":3474}},"4435":{"start":{"line":129,"column":3495},"end":{"line":129,"column":3664}},"4436":{"start":{"line":129,"column":3583},"end":{"line":129,"column":3662}},"4437":{"start":{"line":129,"column":3664},"end":{"line":129,"column":3670}},"4438":{"start":{"line":129,"column":3694},"end":{"line":129,"column":3833}},"4439":{"start":{"line":129,"column":3787},"end":{"line":129,"column":3831}},"4440":{"start":{"line":129,"column":3833},"end":{"line":129,"column":3838}},"4441":{"start":{"line":129,"column":3861},"end":{"line":129,"column":3878}},"4442":{"start":{"line":129,"column":3879},"end":{"line":133,"column":5}},"4443":{"start":{"line":133,"column":21},"end":{"line":133,"column":320}},"4444":{"start":{"line":133,"column":87},"end":{"line":133,"column":106}},"4445":{"start":{"line":133,"column":109},"end":{"line":133,"column":113}},"4446":{"start":{"line":133,"column":116},"end":{"line":133,"column":118}},"4447":{"start":{"line":133,"column":121},"end":{"line":133,"column":122}},"4448":{"start":{"line":133,"column":125},"end":{"line":133,"column":172}},"4449":{"start":{"line":133,"column":130},"end":{"line":133,"column":171}},"4450":{"start":{"line":133,"column":175},"end":{"line":133,"column":194}},"4451":{"start":{"line":133,"column":179},"end":{"line":133,"column":193}},"4452":{"start":{"line":133,"column":195},"end":{"line":133,"column":318}},"4453":{"start":{"line":133,"column":205},"end":{"line":133,"column":206}},"4454":{"start":{"line":133,"column":222},"end":{"line":133,"column":318}},"4455":{"start":{"line":133,"column":236},"end":{"line":133,"column":246}},"4456":{"start":{"line":133,"column":252},"end":{"line":133,"column":275}},"4457":{"start":{"line":133,"column":263},"end":{"line":133,"column":268}},"4458":{"start":{"line":133,"column":268},"end":{"line":133,"column":274}},"4459":{"start":{"line":133,"column":275},"end":{"line":133,"column":316}},"4460":{"start":{"line":133,"column":328},"end":{"line":133,"column":346}},"4461":{"start":{"line":133,"column":347},"end":{"line":133,"column":404}},"4462":{"start":{"line":133,"column":411},"end":{"line":133,"column":478}},"4463":{"start":{"line":133,"column":443},"end":{"line":133,"column":444}},"4464":{"start":{"line":133,"column":476},"end":{"line":133,"column":477}},"4465":{"start":{"line":133,"column":482},"end":{"line":133,"column":524}},"4466":{"start":{"line":133,"column":528},"end":{"line":133,"column":560}},"4467":{"start":{"line":133,"column":543},"end":{"line":133,"column":558}},"4468":{"start":{"line":133,"column":600},"end":{"line":133,"column":604}},"4469":{"start":{"line":133,"column":774},"end":{"line":133,"column":780}},"4470":{"start":{"line":133,"column":882},"end":{"line":133,"column":886}},"4471":{"start":{"line":133,"column":902},"end":{"line":133,"column":959}},"4472":{"start":{"line":133,"column":965},"end":{"line":133,"column":1005}},"4473":{"start":{"line":133,"column":1006},"end":{"line":133,"column":1190}},"4474":{"start":{"line":133,"column":1196},"end":{"line":133,"column":1433}},"4475":{"start":{"line":133,"column":1436},"end":{"line":133,"column":1976}},"4476":{"start":{"line":133,"column":1451},"end":{"line":133,"column":1463}},"4477":{"start":{"line":133,"column":1469},"end":{"line":133,"column":1528}},"4478":{"start":{"line":133,"column":1529},"end":{"line":133,"column":1728}},"4479":{"start":{"line":133,"column":1547},"end":{"line":133,"column":1728}},"4480":{"start":{"line":133,"column":1728},"end":{"line":133,"column":1975}},"4481":{"start":{"line":133,"column":1771},"end":{"line":133,"column":1975}},"4482":{"start":{"line":133,"column":1982},"end":{"line":133,"column":2042}},"4483":{"start":{"line":133,"column":2043},"end":{"line":133,"column":4162}},"4484":{"start":{"line":133,"column":2053},"end":{"line":133,"column":2058}},"4485":{"start":{"line":133,"column":2061},"end":{"line":133,"column":2077}},"4486":{"start":{"line":133,"column":2080},"end":{"line":133,"column":2092}},"4487":{"start":{"line":133,"column":2093},"end":{"line":133,"column":2122}},"4488":{"start":{"line":133,"column":2128},"end":{"line":133,"column":2172}},"4489":{"start":{"line":133,"column":2173},"end":{"line":133,"column":2283}},"4490":{"start":{"line":133,"column":2289},"end":{"line":133,"column":2301}},"4491":{"start":{"line":133,"column":2302},"end":{"line":133,"column":4108}},"4492":{"start":{"line":133,"column":2858},"end":{"line":133,"column":2906}},"4493":{"start":{"line":133,"column":3963},"end":{"line":133,"column":4108}},"4494":{"start":{"line":133,"column":3989},"end":{"line":133,"column":4040}},"4495":{"start":{"line":133,"column":4041},"end":{"line":133,"column":4107}},"4496":{"start":{"line":133,"column":4059},"end":{"line":133,"column":4105}},"4497":{"start":{"line":133,"column":4118},"end":{"line":133,"column":4161}},"4498":{"start":{"line":133,"column":4162},"end":{"line":133,"column":4197}},"4499":{"start":{"line":133,"column":4224},"end":{"line":133,"column":4244}},"4500":{"start":{"line":133,"column":4253},"end":{"line":133,"column":4277}},"4501":{"start":{"line":133,"column":4287},"end":{"line":133,"column":4385}},"4502":{"start":{"line":133,"column":4397},"end":{"line":133,"column":4482}},"4503":{"start":{"line":133,"column":4401},"end":{"line":133,"column":4428}},"4504":{"start":{"line":133,"column":4438},"end":{"line":133,"column":4481}},"4505":{"start":{"line":133,"column":4503},"end":{"line":133,"column":4599}},"4506":{"start":{"line":133,"column":4507},"end":{"line":133,"column":4532}},"4507":{"start":{"line":133,"column":4542},"end":{"line":133,"column":4585}},"4508":{"start":{"line":133,"column":4594},"end":{"line":133,"column":4598}},"4509":{"start":{"line":133,"column":4635},"end":{"line":133,"column":4655}},"4510":{"start":{"line":133,"column":4656},"end":{"line":133,"column":4850}},"4511":{"start":{"line":133,"column":4871},"end":{"line":133,"column":5486}},"4512":{"start":{"line":133,"column":4908},"end":{"line":133,"column":5132}},"4513":{"start":{"line":133,"column":4952},"end":{"line":133,"column":4959}},"4514":{"start":{"line":133,"column":4960},"end":{"line":133,"column":5131}},"4515":{"start":{"line":133,"column":5132},"end":{"line":133,"column":5484}},"4516":{"start":{"line":133,"column":5513},"end":{"line":133,"column":5684}},"4517":{"start":{"line":133,"column":5550},"end":{"line":133,"column":5682}},"4518":{"start":{"line":133,"column":5703},"end":{"line":133,"column":5878}},"4519":{"start":{"line":133,"column":5735},"end":{"line":133,"column":5878}},"4520":{"start":{"line":133,"column":5878},"end":{"line":133,"column":6062}},"4521":{"start":{"line":133,"column":5914},"end":{"line":133,"column":6061}},"4522":{"start":{"line":133,"column":6102},"end":{"line":133,"column":6122}},"4523":{"start":{"line":133,"column":6123},"end":{"line":133,"column":6315}},"4524":{"start":{"line":133,"column":6334},"end":{"line":133,"column":6810}},"4525":{"start":{"line":133,"column":6371},"end":{"line":133,"column":6461}},"4526":{"start":{"line":133,"column":6405},"end":{"line":133,"column":6461}},"4527":{"start":{"line":133,"column":6461},"end":{"line":133,"column":6808}},"4528":{"start":{"line":133,"column":6829},"end":{"line":133,"column":7088}},"4529":{"start":{"line":133,"column":6866},"end":{"line":133,"column":7035}},"4530":{"start":{"line":133,"column":6903},"end":{"line":133,"column":7035}},"4531":{"start":{"line":133,"column":7035},"end":{"line":133,"column":7086}},"4532":{"start":{"line":133,"column":7113},"end":{"line":133,"column":7202}},"4533":{"start":{"line":133,"column":7149},"end":{"line":133,"column":7201}},"4534":{"start":{"line":133,"column":7255},"end":{"line":133,"column":7266}},"4535":{"start":{"line":133,"column":7269},"end":{"line":133,"column":7281}},"4536":{"start":{"line":133,"column":7284},"end":{"line":133,"column":7711}},"4537":{"start":{"line":133,"column":7298},"end":{"line":133,"column":7542}},"4538":{"start":{"line":133,"column":7343},"end":{"line":133,"column":7542}},"4539":{"start":{"line":133,"column":7548},"end":{"line":133,"column":7619}},"4540":{"start":{"line":133,"column":7622},"end":{"line":133,"column":7673}},"4541":{"start":{"line":133,"column":7674},"end":{"line":133,"column":7709}},"4542":{"start":{"line":133,"column":7712},"end":{"line":133,"column":7724}},"4543":{"start":{"line":133,"column":7786},"end":{"line":133,"column":7836}},"4544":{"start":{"line":133,"column":7839},"end":{"line":133,"column":8059}},"4545":{"start":{"line":133,"column":8062},"end":{"line":133,"column":8105}},"4546":{"start":{"line":133,"column":8108},"end":{"line":133,"column":8295}},"4547":{"start":{"line":133,"column":8118},"end":{"line":133,"column":8135}},"4548":{"start":{"line":133,"column":8136},"end":{"line":133,"column":8216}},"4549":{"start":{"line":133,"column":8226},"end":{"line":133,"column":8294}},"4550":{"start":{"line":133,"column":8295},"end":{"line":133,"column":8303}},"4551":{"start":{"line":133,"column":8324},"end":{"line":133,"column":8480}},"4552":{"start":{"line":133,"column":8374},"end":{"line":133,"column":8413}},"4553":{"start":{"line":133,"column":8445},"end":{"line":133,"column":8450}},"4554":{"start":{"line":133,"column":8462},"end":{"line":133,"column":8466}},"4555":{"start":{"line":133,"column":8505},"end":{"line":133,"column":8939}},"4556":{"start":{"line":133,"column":8596},"end":{"line":133,"column":8820}},"4557":{"start":{"line":133,"column":8828},"end":{"line":133,"column":8881}},"4558":{"start":{"line":133,"column":8888},"end":{"line":133,"column":8938}},"4559":{"start":{"line":133,"column":8945},"end":{"line":133,"column":9000}},"4560":{"start":{"line":133,"column":9001},"end":{"line":133,"column":9047}},"4561":{"start":{"line":133,"column":9060},"end":{"line":133,"column":9115}},"4562":{"start":{"line":133,"column":9121},"end":{"line":133,"column":9147}},"4563":{"start":{"line":133,"column":9150},"end":{"line":133,"column":9277}},"4564":{"start":{"line":133,"column":9280},"end":{"line":133,"column":9482}},"4565":{"start":{"line":133,"column":9485},"end":{"line":133,"column":9487}},"4566":{"start":{"line":133,"column":9490},"end":{"line":133,"column":9952}},"4567":{"start":{"line":133,"column":9506},"end":{"line":133,"column":9532}},"4568":{"start":{"line":133,"column":9533},"end":{"line":133,"column":9621}},"4569":{"start":{"line":133,"column":9538},"end":{"line":133,"column":9621}},"4570":{"start":{"line":133,"column":9596},"end":{"line":133,"column":9619}},"4571":{"start":{"line":133,"column":9604},"end":{"line":133,"column":9617}},"4572":{"start":{"line":133,"column":9657},"end":{"line":133,"column":9658}},"4573":{"start":{"line":133,"column":9661},"end":{"line":133,"column":9672}},"4574":{"start":{"line":133,"column":9673},"end":{"line":133,"column":9771}},"4575":{"start":{"line":133,"column":9777},"end":{"line":133,"column":9793}},"4576":{"start":{"line":133,"column":9794},"end":{"line":133,"column":9951}},"4577":{"start":{"line":133,"column":9953},"end":{"line":133,"column":10083}},"4578":{"start":{"line":133,"column":10011},"end":{"line":133,"column":10082}},"4579":{"start":{"line":133,"column":10077},"end":{"line":133,"column":10081}},"4580":{"start":{"line":133,"column":10247},"end":{"line":134,"column":374}},"4581":{"start":{"line":133,"column":10251},"end":{"line":133,"column":10262}},"4582":{"start":{"line":133,"column":10268},"end":{"line":133,"column":10286}},"4583":{"start":{"line":133,"column":10289},"end":{"line":133,"column":10588}},"4584":{"start":{"line":133,"column":10330},"end":{"line":133,"column":10587}},"4585":{"start":{"line":133,"column":10589},"end":{"line":134,"column":320}},"4586":{"start":{"line":134,"column":330},"end":{"line":134,"column":373}},"4587":{"start":{"line":134,"column":384},"end":{"line":134,"column":396}},"4588":{"start":{"line":134,"column":416},"end":{"line":134,"column":471}},"4589":{"start":{"line":134,"column":498},"end":{"line":134,"column":542}},"4590":{"start":{"line":134,"column":552},"end":{"line":134,"column":554}},"4591":{"start":{"line":134,"column":555},"end":{"line":134,"column":563}},"4592":{"start":{"line":134,"column":581},"end":{"line":134,"column":617}},"4593":{"start":{"line":134,"column":633},"end":{"line":134,"column":678}},"4594":{"start":{"line":134,"column":686},"end":{"line":134,"column":814}},"4595":{"start":{"line":134,"column":830},"end":{"line":134,"column":953}},"4596":{"start":{"line":134,"column":859},"end":{"line":134,"column":881}},"4597":{"start":{"line":134,"column":869},"end":{"line":134,"column":881}},"4598":{"start":{"line":134,"column":881},"end":{"line":134,"column":950}},"4599":{"start":{"line":134,"column":895},"end":{"line":134,"column":950}},"4600":{"start":{"line":134,"column":969},"end":{"line":134,"column":997}},"4601":{"start":{"line":134,"column":998},"end":{"line":134,"column":1476}}},"fnMap":{"0":{"name":"(anonymous_0)","decl":{"start":{"line":4,"column":207},"end":{"line":4,"column":208}},"loc":{"start":{"line":4,"column":214},"end":{"line":4,"column":235}},"line":4},"1":{"name":"(anonymous_1)","decl":{"start":{"line":4,"column":214},"end":{"line":4,"column":215}},"loc":{"start":{"line":4,"column":219},"end":{"line":4,"column":234}},"line":4},"2":{"name":"(anonymous_2)","decl":{"start":{"line":4,"column":243},"end":{"line":4,"column":244}},"loc":{"start":{"line":4,"column":250},"end":{"line":4,"column":298}},"line":4},"3":{"name":"(anonymous_3)","decl":{"start":{"line":4,"column":250},"end":{"line":4,"column":251}},"loc":{"start":{"line":4,"column":255},"end":{"line":4,"column":297}},"line":4},"4":{"name":"(anonymous_4)","decl":{"start":{"line":4,"column":302},"end":{"line":4,"column":303}},"loc":{"start":{"line":4,"column":309},"end":{"line":4,"column":358}},"line":4},"5":{"name":"(anonymous_5)","decl":{"start":{"line":4,"column":362},"end":{"line":4,"column":363}},"loc":{"start":{"line":4,"column":373},"end":{"line":4,"column":532}},"line":4},"6":{"name":"(anonymous_6)","decl":{"start":{"line":4,"column":474},"end":{"line":4,"column":475}},"loc":{"start":{"line":4,"column":478},"end":{"line":4,"column":482}},"line":4},"7":{"name":"(anonymous_7)","decl":{"start":{"line":4,"column":539},"end":{"line":4,"column":540}},"loc":{"start":{"line":4,"column":549},"end":{"line":4,"column":640}},"line":4},"8":{"name":"(anonymous_8)","decl":{"start":{"line":4,"column":645},"end":{"line":4,"column":646}},"loc":{"start":{"line":4,"column":648},"end":{"line":4,"column":684}},"line":4},"9":{"name":"(anonymous_9)","decl":{"start":{"line":4,"column":695},"end":{"line":4,"column":696}},"loc":{"start":{"line":4,"column":704},"end":{"line":4,"column":864}},"line":4},"10":{"name":"(anonymous_10)","decl":{"start":{"line":4,"column":729},"end":{"line":4,"column":730}},"loc":{"start":{"line":4,"column":749},"end":{"line":4,"column":863}},"line":4},"11":{"name":"(anonymous_11)","decl":{"start":{"line":4,"column":876},"end":{"line":4,"column":877}},"loc":{"start":{"line":4,"column":885},"end":{"line":4,"column":2399}},"line":4},"12":{"name":"fi","decl":{"start":{"line":4,"column":1280},"end":{"line":4,"column":1282}},"loc":{"start":{"line":4,"column":1285},"end":{"line":4,"column":1348}},"line":4},"13":{"name":"gi","decl":{"start":{"line":4,"column":1357},"end":{"line":4,"column":1359}},"loc":{"start":{"line":4,"column":1364},"end":{"line":4,"column":2256}},"line":4},"14":{"name":"(anonymous_14)","decl":{"start":{"line":4,"column":1781},"end":{"line":4,"column":1782}},"loc":{"start":{"line":4,"column":1784},"end":{"line":4,"column":1790}},"line":4},"15":{"name":"Mc","decl":{"start":{"line":4,"column":2265},"end":{"line":4,"column":2267}},"loc":{"start":{"line":4,"column":2270},"end":{"line":4,"column":2307}},"line":4},"16":{"name":"(anonymous_16)","decl":{"start":{"line":4,"column":2411},"end":{"line":4,"column":2412}},"loc":{"start":{"line":4,"column":2420},"end":{"line":4,"column":3569}},"line":4},"17":{"name":"cs","decl":{"start":{"line":4,"column":2463},"end":{"line":4,"column":2465}},"loc":{"start":{"line":4,"column":2468},"end":{"line":4,"column":2683}},"line":4},"18":{"name":"(anonymous_18)","decl":{"start":{"line":4,"column":2623},"end":{"line":4,"column":2624}},"loc":{"start":{"line":4,"column":2626},"end":{"line":4,"column":2640}},"line":4},"19":{"name":"hi","decl":{"start":{"line":4,"column":2692},"end":{"line":4,"column":2694}},"loc":{"start":{"line":4,"column":2697},"end":{"line":4,"column":3483}},"line":4},"20":{"name":"(anonymous_20)","decl":{"start":{"line":4,"column":3581},"end":{"line":4,"column":3582}},"loc":{"start":{"line":4,"column":3590},"end":{"line":4,"column":5998}},"line":4},"21":{"name":"(anonymous_21)","decl":{"start":{"line":4,"column":6010},"end":{"line":4,"column":6011}},"loc":{"start":{"line":4,"column":6019},"end":{"line":4,"column":6522}},"line":4},"22":{"name":"(anonymous_22)","decl":{"start":{"line":4,"column":6534},"end":{"line":4,"column":6535}},"loc":{"start":{"line":4,"column":6538},"end":{"line":4,"column":6672}},"line":4},"23":{"name":"(anonymous_23)","decl":{"start":{"line":4,"column":6684},"end":{"line":4,"column":6685}},"loc":{"start":{"line":4,"column":6693},"end":{"line":4,"column":6809}},"line":4},"24":{"name":"(anonymous_24)","decl":{"start":{"line":4,"column":6718},"end":{"line":4,"column":6719}},"loc":{"start":{"line":4,"column":6721},"end":{"line":4,"column":6808}},"line":4},"25":{"name":"(anonymous_25)","decl":{"start":{"line":4,"column":6773},"end":{"line":4,"column":6774}},"loc":{"start":{"line":4,"column":6780},"end":{"line":4,"column":6800}},"line":4},"26":{"name":"(anonymous_26)","decl":{"start":{"line":4,"column":6821},"end":{"line":4,"column":6822}},"loc":{"start":{"line":4,"column":6830},"end":{"line":4,"column":7347}},"line":4},"27":{"name":"(anonymous_27)","decl":{"start":{"line":4,"column":6855},"end":{"line":4,"column":6856}},"loc":{"start":{"line":4,"column":6866},"end":{"line":4,"column":7346}},"line":4},"28":{"name":"(anonymous_28)","decl":{"start":{"line":4,"column":7359},"end":{"line":4,"column":7360}},"loc":{"start":{"line":4,"column":7368},"end":{"line":4,"column":7656}},"line":4},"29":{"name":"(anonymous_29)","decl":{"start":{"line":4,"column":7393},"end":{"line":4,"column":7394}},"loc":{"start":{"line":4,"column":7416},"end":{"line":4,"column":7655}},"line":4},"30":{"name":"(anonymous_30)","decl":{"start":{"line":4,"column":7668},"end":{"line":4,"column":7669}},"loc":{"start":{"line":4,"column":7677},"end":{"line":4,"column":7757}},"line":4},"31":{"name":"(anonymous_31)","decl":{"start":{"line":4,"column":7714},"end":{"line":4,"column":7715}},"loc":{"start":{"line":4,"column":7717},"end":{"line":4,"column":7756}},"line":4},"32":{"name":"(anonymous_32)","decl":{"start":{"line":4,"column":7769},"end":{"line":4,"column":7770}},"loc":{"start":{"line":4,"column":7778},"end":{"line":4,"column":9027}},"line":4},"33":{"name":"(anonymous_33)","decl":{"start":{"line":4,"column":9039},"end":{"line":4,"column":9040}},"loc":{"start":{"line":4,"column":9048},"end":{"line":6,"column":4189}},"line":4},"34":{"name":"op","decl":{"start":{"line":4,"column":9337},"end":{"line":4,"column":9339}},"loc":{"start":{"line":4,"column":9342},"end":{"line":6,"column":45}},"line":4},"35":{"name":"sp","decl":{"start":{"line":6,"column":54},"end":{"line":6,"column":56}},"loc":{"start":{"line":6,"column":59},"end":{"line":6,"column":387}},"line":6},"36":{"name":"ap","decl":{"start":{"line":6,"column":396},"end":{"line":6,"column":398}},"loc":{"start":{"line":6,"column":401},"end":{"line":6,"column":443}},"line":6},"37":{"name":"lp","decl":{"start":{"line":6,"column":452},"end":{"line":6,"column":454}},"loc":{"start":{"line":6,"column":457},"end":{"line":6,"column":499}},"line":6},"38":{"name":"tn","decl":{"start":{"line":6,"column":508},"end":{"line":6,"column":510}},"loc":{"start":{"line":6,"column":513},"end":{"line":6,"column":556}},"line":6},"39":{"name":"As","decl":{"start":{"line":6,"column":565},"end":{"line":6,"column":567}},"loc":{"start":{"line":6,"column":570},"end":{"line":6,"column":712}},"line":6},"40":{"name":"up","decl":{"start":{"line":6,"column":721},"end":{"line":6,"column":723}},"loc":{"start":{"line":6,"column":728},"end":{"line":6,"column":1496}},"line":6},"41":{"name":"Is","decl":{"start":{"line":6,"column":1505},"end":{"line":6,"column":1507}},"loc":{"start":{"line":6,"column":1510},"end":{"line":6,"column":1790}},"line":6},"42":{"name":"Cs","decl":{"start":{"line":6,"column":1799},"end":{"line":6,"column":1801}},"loc":{"start":{"line":6,"column":1804},"end":{"line":6,"column":1858}},"line":6},"43":{"name":"cp","decl":{"start":{"line":6,"column":1867},"end":{"line":6,"column":1869}},"loc":{"start":{"line":6,"column":1872},"end":{"line":6,"column":2030}},"line":6},"44":{"name":"pp","decl":{"start":{"line":6,"column":2039},"end":{"line":6,"column":2041}},"loc":{"start":{"line":6,"column":2044},"end":{"line":6,"column":2570}},"line":6},"45":{"name":"dp","decl":{"start":{"line":6,"column":2579},"end":{"line":6,"column":2581}},"loc":{"start":{"line":6,"column":2584},"end":{"line":6,"column":2789}},"line":6},"46":{"name":"mp","decl":{"start":{"line":6,"column":2798},"end":{"line":6,"column":2800}},"loc":{"start":{"line":6,"column":2805},"end":{"line":6,"column":3419}},"line":6},"47":{"name":"fp","decl":{"start":{"line":6,"column":3428},"end":{"line":6,"column":3430}},"loc":{"start":{"line":6,"column":3440},"end":{"line":6,"column":3852}},"line":6},"48":{"name":"(anonymous_48)","decl":{"start":{"line":6,"column":4201},"end":{"line":6,"column":4202}},"loc":{"start":{"line":6,"column":4210},"end":{"line":6,"column":4805}},"line":6},"49":{"name":"(anonymous_49)","decl":{"start":{"line":6,"column":4235},"end":{"line":6,"column":4236}},"loc":{"start":{"line":6,"column":4243},"end":{"line":6,"column":4774}},"line":6},"50":{"name":"(anonymous_50)","decl":{"start":{"line":6,"column":4817},"end":{"line":6,"column":4818}},"loc":{"start":{"line":6,"column":4826},"end":{"line":6,"column":5625}},"line":6},"51":{"name":"(anonymous_51)","decl":{"start":{"line":6,"column":4851},"end":{"line":6,"column":4852}},"loc":{"start":{"line":6,"column":4861},"end":{"line":6,"column":5622}},"line":6},"52":{"name":"e","decl":{"start":{"line":6,"column":4871},"end":{"line":6,"column":4872}},"loc":{"start":{"line":6,"column":4883},"end":{"line":6,"column":4924}},"line":6},"53":{"name":"(anonymous_53)","decl":{"start":{"line":6,"column":4931},"end":{"line":6,"column":4932}},"loc":{"start":{"line":6,"column":4944},"end":{"line":6,"column":5621}},"line":6},"54":{"name":"(anonymous_54)","decl":{"start":{"line":6,"column":5637},"end":{"line":6,"column":5638}},"loc":{"start":{"line":6,"column":5641},"end":{"line":6,"column":5655}},"line":6},"55":{"name":"(anonymous_55)","decl":{"start":{"line":6,"column":5667},"end":{"line":6,"column":5668}},"loc":{"start":{"line":6,"column":5671},"end":{"line":6,"column":5685}},"line":6},"56":{"name":"(anonymous_56)","decl":{"start":{"line":6,"column":5709},"end":{"line":6,"column":5710}},"loc":{"start":{"line":6,"column":5713},"end":{"line":6,"column":5715}},"line":6},"57":{"name":"(anonymous_57)","decl":{"start":{"line":6,"column":5722},"end":{"line":6,"column":5723}},"loc":{"start":{"line":6,"column":5726},"end":{"line":6,"column":5727}},"line":6},"58":{"name":"(anonymous_58)","decl":{"start":{"line":6,"column":5736},"end":{"line":6,"column":5737}},"loc":{"start":{"line":6,"column":5740},"end":{"line":6,"column":5742}},"line":6},"59":{"name":"(anonymous_59)","decl":{"start":{"line":6,"column":5754},"end":{"line":6,"column":5755}},"loc":{"start":{"line":6,"column":5758},"end":{"line":6,"column":5760}},"line":6},"60":{"name":"(anonymous_60)","decl":{"start":{"line":6,"column":5775},"end":{"line":6,"column":5776}},"loc":{"start":{"line":6,"column":5779},"end":{"line":6,"column":5781}},"line":6},"61":{"name":"(anonymous_61)","decl":{"start":{"line":6,"column":5814},"end":{"line":6,"column":5815}},"loc":{"start":{"line":6,"column":5818},"end":{"line":6,"column":5819}},"line":6},"62":{"name":"(anonymous_62)","decl":{"start":{"line":6,"column":5850},"end":{"line":6,"column":5851}},"loc":{"start":{"line":6,"column":5854},"end":{"line":6,"column":5855}},"line":6},"63":{"name":"(anonymous_63)","decl":{"start":{"line":6,"column":5883},"end":{"line":6,"column":5884}},"loc":{"start":{"line":6,"column":5887},"end":{"line":6,"column":5889}},"line":6},"64":{"name":"(anonymous_64)","decl":{"start":{"line":6,"column":5922},"end":{"line":6,"column":5923}},"loc":{"start":{"line":6,"column":5926},"end":{"line":6,"column":5927}},"line":6},"65":{"name":"(anonymous_65)","decl":{"start":{"line":6,"column":5956},"end":{"line":6,"column":5957}},"loc":{"start":{"line":6,"column":5960},"end":{"line":6,"column":5961}},"line":6},"66":{"name":"(anonymous_66)","decl":{"start":{"line":6,"column":5969},"end":{"line":6,"column":5970}},"loc":{"start":{"line":6,"column":5973},"end":{"line":6,"column":5975}},"line":6},"67":{"name":"(anonymous_67)","decl":{"start":{"line":6,"column":5980},"end":{"line":6,"column":5981}},"loc":{"start":{"line":6,"column":5984},"end":{"line":6,"column":5986}},"line":6},"68":{"name":"(anonymous_68)","decl":{"start":{"line":6,"column":5999},"end":{"line":6,"column":6000}},"loc":{"start":{"line":6,"column":6003},"end":{"line":6,"column":6005}},"line":6},"69":{"name":"(anonymous_69)","decl":{"start":{"line":6,"column":6025},"end":{"line":6,"column":6026}},"loc":{"start":{"line":6,"column":6029},"end":{"line":6,"column":6031}},"line":6},"70":{"name":"(anonymous_70)","decl":{"start":{"line":6,"column":6056},"end":{"line":6,"column":6057}},"loc":{"start":{"line":6,"column":6060},"end":{"line":6,"column":6062}},"line":6},"71":{"name":"(anonymous_71)","decl":{"start":{"line":6,"column":6084},"end":{"line":6,"column":6085}},"loc":{"start":{"line":6,"column":6088},"end":{"line":6,"column":6090}},"line":6},"72":{"name":"(anonymous_72)","decl":{"start":{"line":6,"column":6114},"end":{"line":6,"column":6115}},"loc":{"start":{"line":6,"column":6118},"end":{"line":6,"column":6120}},"line":6},"73":{"name":"(anonymous_73)","decl":{"start":{"line":6,"column":6127},"end":{"line":6,"column":6128}},"loc":{"start":{"line":6,"column":6131},"end":{"line":6,"column":6133}},"line":6},"74":{"name":"(anonymous_74)","decl":{"start":{"line":6,"column":6150},"end":{"line":6,"column":6151}},"loc":{"start":{"line":6,"column":6154},"end":{"line":6,"column":6156}},"line":6},"75":{"name":"(anonymous_75)","decl":{"start":{"line":6,"column":6168},"end":{"line":6,"column":6169}},"loc":{"start":{"line":6,"column":6172},"end":{"line":6,"column":6174}},"line":6},"76":{"name":"(anonymous_76)","decl":{"start":{"line":6,"column":6180},"end":{"line":6,"column":6181}},"loc":{"start":{"line":6,"column":6184},"end":{"line":6,"column":6186}},"line":6},"77":{"name":"(anonymous_77)","decl":{"start":{"line":6,"column":6202},"end":{"line":6,"column":6203}},"loc":{"start":{"line":6,"column":6206},"end":{"line":6,"column":6208}},"line":6},"78":{"name":"(anonymous_78)","decl":{"start":{"line":6,"column":6231},"end":{"line":6,"column":6232}},"loc":{"start":{"line":6,"column":6235},"end":{"line":6,"column":6237}},"line":6},"79":{"name":"(anonymous_79)","decl":{"start":{"line":6,"column":6255},"end":{"line":6,"column":6256}},"loc":{"start":{"line":6,"column":6259},"end":{"line":6,"column":6261}},"line":6},"80":{"name":"(anonymous_80)","decl":{"start":{"line":6,"column":6266},"end":{"line":6,"column":6267}},"loc":{"start":{"line":6,"column":6270},"end":{"line":6,"column":6272}},"line":6},"81":{"name":"(anonymous_81)","decl":{"start":{"line":6,"column":6292},"end":{"line":6,"column":6293}},"loc":{"start":{"line":6,"column":6296},"end":{"line":6,"column":6298}},"line":6},"82":{"name":"(anonymous_82)","decl":{"start":{"line":6,"column":6304},"end":{"line":6,"column":6305}},"loc":{"start":{"line":6,"column":6308},"end":{"line":6,"column":6310}},"line":6},"83":{"name":"(anonymous_83)","decl":{"start":{"line":6,"column":6318},"end":{"line":6,"column":6319}},"loc":{"start":{"line":6,"column":6322},"end":{"line":6,"column":6324}},"line":6},"84":{"name":"(anonymous_84)","decl":{"start":{"line":6,"column":6342},"end":{"line":6,"column":6343}},"loc":{"start":{"line":6,"column":6346},"end":{"line":6,"column":6348}},"line":6},"85":{"name":"(anonymous_85)","decl":{"start":{"line":6,"column":6358},"end":{"line":6,"column":6359}},"loc":{"start":{"line":6,"column":6362},"end":{"line":6,"column":6364}},"line":6},"86":{"name":"(anonymous_86)","decl":{"start":{"line":6,"column":6422},"end":{"line":6,"column":6423}},"loc":{"start":{"line":6,"column":6426},"end":{"line":6,"column":6428}},"line":6},"87":{"name":"(anonymous_87)","decl":{"start":{"line":6,"column":6449},"end":{"line":6,"column":6450}},"loc":{"start":{"line":6,"column":6453},"end":{"line":6,"column":6455}},"line":6},"88":{"name":"No","decl":{"start":{"line":6,"column":6467},"end":{"line":6,"column":6469}},"loc":{"start":{"line":6,"column":6472},"end":{"line":6,"column":6520}},"line":6},"89":{"name":"(anonymous_89)","decl":{"start":{"line":6,"column":6503},"end":{"line":6,"column":6504}},"loc":{"start":{"line":6,"column":6506},"end":{"line":6,"column":6519}},"line":6},"90":{"name":"Fo","decl":{"start":{"line":6,"column":6529},"end":{"line":6,"column":6531}},"loc":{"start":{"line":6,"column":6534},"end":{"line":6,"column":6544}},"line":6},"91":{"name":"(anonymous_91)","decl":{"start":{"line":6,"column":6571},"end":{"line":6,"column":6572}},"loc":{"start":{"line":6,"column":6575},"end":{"line":6,"column":6577}},"line":6},"92":{"name":"Lo","decl":{"start":{"line":6,"column":6589},"end":{"line":6,"column":6591}},"loc":{"start":{"line":6,"column":6597},"end":{"line":6,"column":6610}},"line":6},"93":{"name":"(anonymous_93)","decl":{"start":{"line":6,"column":6605},"end":{"line":6,"column":6606}},"loc":{"start":{"line":6,"column":6608},"end":{"line":6,"column":6609}},"line":6},"94":{"name":"(anonymous_94)","decl":{"start":{"line":6,"column":6629},"end":{"line":6,"column":6630}},"loc":{"start":{"line":6,"column":6633},"end":{"line":6,"column":6635}},"line":6},"95":{"name":"(anonymous_95)","decl":{"start":{"line":6,"column":6644},"end":{"line":6,"column":6645}},"loc":{"start":{"line":6,"column":6648},"end":{"line":6,"column":6650}},"line":6},"96":{"name":"(anonymous_96)","decl":{"start":{"line":6,"column":6658},"end":{"line":6,"column":6659}},"loc":{"start":{"line":6,"column":6662},"end":{"line":6,"column":6664}},"line":6},"97":{"name":"(anonymous_97)","decl":{"start":{"line":6,"column":6672},"end":{"line":6,"column":6673}},"loc":{"start":{"line":6,"column":6676},"end":{"line":6,"column":6678}},"line":6},"98":{"name":"(anonymous_98)","decl":{"start":{"line":6,"column":6687},"end":{"line":6,"column":6688}},"loc":{"start":{"line":6,"column":6691},"end":{"line":6,"column":6693}},"line":6},"99":{"name":"(anonymous_99)","decl":{"start":{"line":6,"column":6704},"end":{"line":6,"column":6705}},"loc":{"start":{"line":6,"column":6708},"end":{"line":6,"column":6710}},"line":6},"100":{"name":"(anonymous_100)","decl":{"start":{"line":6,"column":6717},"end":{"line":6,"column":6718}},"loc":{"start":{"line":6,"column":6721},"end":{"line":6,"column":6723}},"line":6},"101":{"name":"(anonymous_101)","decl":{"start":{"line":6,"column":6732},"end":{"line":6,"column":6733}},"loc":{"start":{"line":6,"column":6736},"end":{"line":6,"column":6738}},"line":6},"102":{"name":"(anonymous_102)","decl":{"start":{"line":6,"column":6748},"end":{"line":6,"column":6749}},"loc":{"start":{"line":6,"column":6752},"end":{"line":6,"column":6754}},"line":6},"103":{"name":"(anonymous_103)","decl":{"start":{"line":6,"column":6761},"end":{"line":6,"column":6762}},"loc":{"start":{"line":6,"column":6765},"end":{"line":6,"column":6767}},"line":6},"104":{"name":"(anonymous_104)","decl":{"start":{"line":6,"column":6773},"end":{"line":6,"column":6774}},"loc":{"start":{"line":6,"column":6777},"end":{"line":6,"column":6779}},"line":6},"105":{"name":"(anonymous_105)","decl":{"start":{"line":6,"column":6785},"end":{"line":6,"column":6786}},"loc":{"start":{"line":6,"column":6789},"end":{"line":6,"column":6790}},"line":6},"106":{"name":"(anonymous_106)","decl":{"start":{"line":6,"column":6796},"end":{"line":6,"column":6797}},"loc":{"start":{"line":6,"column":6800},"end":{"line":6,"column":6802}},"line":6},"107":{"name":"(anonymous_107)","decl":{"start":{"line":6,"column":6807},"end":{"line":6,"column":6808}},"loc":{"start":{"line":6,"column":6811},"end":{"line":6,"column":6813}},"line":6},"108":{"name":"(anonymous_108)","decl":{"start":{"line":6,"column":6819},"end":{"line":6,"column":6820}},"loc":{"start":{"line":6,"column":6823},"end":{"line":6,"column":6825}},"line":6},"109":{"name":"(anonymous_109)","decl":{"start":{"line":6,"column":6832},"end":{"line":6,"column":6833}},"loc":{"start":{"line":6,"column":6836},"end":{"line":6,"column":6838}},"line":6},"110":{"name":"(anonymous_110)","decl":{"start":{"line":6,"column":6844},"end":{"line":6,"column":6845}},"loc":{"start":{"line":6,"column":6848},"end":{"line":6,"column":6850}},"line":6},"111":{"name":"(anonymous_111)","decl":{"start":{"line":6,"column":6858},"end":{"line":6,"column":6859}},"loc":{"start":{"line":6,"column":6862},"end":{"line":6,"column":6864}},"line":6},"112":{"name":"(anonymous_112)","decl":{"start":{"line":6,"column":6873},"end":{"line":6,"column":6874}},"loc":{"start":{"line":6,"column":6877},"end":{"line":6,"column":6879}},"line":6},"113":{"name":"(anonymous_113)","decl":{"start":{"line":6,"column":6887},"end":{"line":6,"column":6888}},"loc":{"start":{"line":6,"column":6891},"end":{"line":6,"column":6893}},"line":6},"114":{"name":"(anonymous_114)","decl":{"start":{"line":6,"column":6902},"end":{"line":6,"column":6903}},"loc":{"start":{"line":6,"column":6906},"end":{"line":6,"column":6908}},"line":6},"115":{"name":"(anonymous_115)","decl":{"start":{"line":6,"column":6913},"end":{"line":6,"column":6914}},"loc":{"start":{"line":6,"column":6917},"end":{"line":6,"column":6919}},"line":6},"116":{"name":"(anonymous_116)","decl":{"start":{"line":6,"column":6926},"end":{"line":6,"column":6927}},"loc":{"start":{"line":6,"column":6930},"end":{"line":6,"column":6932}},"line":6},"117":{"name":"(anonymous_117)","decl":{"start":{"line":6,"column":6947},"end":{"line":6,"column":6948}},"loc":{"start":{"line":6,"column":6951},"end":{"line":6,"column":6953}},"line":6},"118":{"name":"(anonymous_118)","decl":{"start":{"line":6,"column":6964},"end":{"line":6,"column":6965}},"loc":{"start":{"line":6,"column":6968},"end":{"line":6,"column":6969}},"line":6},"119":{"name":"(anonymous_119)","decl":{"start":{"line":6,"column":6976},"end":{"line":6,"column":6977}},"loc":{"start":{"line":6,"column":6980},"end":{"line":6,"column":6982}},"line":6},"120":{"name":"(anonymous_120)","decl":{"start":{"line":6,"column":6990},"end":{"line":6,"column":6991}},"loc":{"start":{"line":6,"column":6994},"end":{"line":6,"column":6996}},"line":6},"121":{"name":"L","decl":{"start":{"line":6,"column":7238},"end":{"line":6,"column":7239}},"loc":{"start":{"line":6,"column":7244},"end":{"line":6,"column":7406}},"line":6},"122":{"name":"(anonymous_122)","decl":{"start":{"line":6,"column":7320},"end":{"line":6,"column":7321}},"loc":{"start":{"line":6,"column":7331},"end":{"line":6,"column":7405}},"line":6},"123":{"name":"(anonymous_123)","decl":{"start":{"line":6,"column":7946},"end":{"line":6,"column":7947}},"loc":{"start":{"line":6,"column":7955},"end":{"line":6,"column":7997}},"line":6},"124":{"name":"(anonymous_124)","decl":{"start":{"line":6,"column":7998},"end":{"line":6,"column":7999}},"loc":{"start":{"line":6,"column":8007},"end":{"line":6,"column":8060}},"line":6},"125":{"name":"(anonymous_125)","decl":{"start":{"line":6,"column":8061},"end":{"line":6,"column":8062}},"loc":{"start":{"line":6,"column":8071},"end":{"line":6,"column":8335}},"line":6},"126":{"name":"(anonymous_126)","decl":{"start":{"line":6,"column":8110},"end":{"line":6,"column":8111}},"loc":{"start":{"line":6,"column":8113},"end":{"line":6,"column":8151}},"line":6},"127":{"name":"(anonymous_127)","decl":{"start":{"line":6,"column":8162},"end":{"line":6,"column":8163}},"loc":{"start":{"line":6,"column":8165},"end":{"line":6,"column":8231}},"line":6},"128":{"name":"(anonymous_128)","decl":{"start":{"line":6,"column":8242},"end":{"line":6,"column":8243}},"loc":{"start":{"line":6,"column":8245},"end":{"line":6,"column":8320}},"line":6},"129":{"name":"(anonymous_129)","decl":{"start":{"line":6,"column":8340},"end":{"line":6,"column":8341}},"loc":{"start":{"line":6,"column":8348},"end":{"line":6,"column":8411}},"line":6},"130":{"name":"Bu","decl":{"start":{"line":6,"column":8436},"end":{"line":6,"column":8438}},"loc":{"start":{"line":6,"column":8441},"end":{"line":6,"column":8872}},"line":6},"131":{"name":"(anonymous_131)","decl":{"start":{"line":6,"column":8526},"end":{"line":6,"column":8527}},"loc":{"start":{"line":6,"column":8530},"end":{"line":6,"column":8532}},"line":6},"132":{"name":"(anonymous_132)","decl":{"start":{"line":6,"column":8536},"end":{"line":6,"column":8537}},"loc":{"start":{"line":6,"column":8544},"end":{"line":6,"column":8813}},"line":6},"133":{"name":"(anonymous_133)","decl":{"start":{"line":6,"column":8678},"end":{"line":6,"column":8679}},"loc":{"start":{"line":6,"column":8681},"end":{"line":6,"column":8707}},"line":6},"134":{"name":"(anonymous_134)","decl":{"start":{"line":6,"column":8838},"end":{"line":6,"column":8839}},"loc":{"start":{"line":6,"column":8845},"end":{"line":6,"column":8849}},"line":6},"135":{"name":"(anonymous_135)","decl":{"start":{"line":6,"column":8854},"end":{"line":6,"column":8855}},"loc":{"start":{"line":6,"column":8863},"end":{"line":6,"column":8869}},"line":6},"136":{"name":"(anonymous_136)","decl":{"start":{"line":6,"column":8896},"end":{"line":6,"column":8897}},"loc":{"start":{"line":6,"column":8903},"end":{"line":6,"column":8908}},"line":6},"137":{"name":"(anonymous_137)","decl":{"start":{"line":6,"column":8913},"end":{"line":6,"column":8914}},"loc":{"start":{"line":6,"column":8922},"end":{"line":6,"column":8929}},"line":6},"138":{"name":"Uu","decl":{"start":{"line":6,"column":8941},"end":{"line":6,"column":8943}},"loc":{"start":{"line":6,"column":8950},"end":{"line":6,"column":9132}},"line":6},"139":{"name":"(anonymous_139)","decl":{"start":{"line":6,"column":8989},"end":{"line":6,"column":8990}},"loc":{"start":{"line":6,"column":8996},"end":{"line":6,"column":9128}},"line":6},"140":{"name":"Qo","decl":{"start":{"line":6,"column":9141},"end":{"line":6,"column":9143}},"loc":{"start":{"line":6,"column":9151},"end":{"line":7,"column":35}},"line":6},"141":{"name":"(anonymous_141)","decl":{"start":{"line":6,"column":9165},"end":{"line":6,"column":9166}},"loc":{"start":{"line":6,"column":9177},"end":{"line":6,"column":9245}},"line":6},"142":{"name":"(anonymous_142)","decl":{"start":{"line":6,"column":9191},"end":{"line":6,"column":9192}},"loc":{"start":{"line":6,"column":9194},"end":{"line":6,"column":9232}},"line":6},"143":{"name":"Go","decl":{"start":{"line":7,"column":44},"end":{"line":7,"column":46}},"loc":{"start":{"line":7,"column":48},"end":{"line":7,"column":61}},"line":7},"144":{"name":"ii","decl":{"start":{"line":7,"column":108},"end":{"line":7,"column":110}},"loc":{"start":{"line":7,"column":112},"end":{"line":7,"column":535}},"line":7},"145":{"name":"Bt","decl":{"start":{"line":7,"column":1151},"end":{"line":7,"column":1153}},"loc":{"start":{"line":7,"column":1158},"end":{"line":7,"column":1364}},"line":7},"146":{"name":"(anonymous_146)","decl":{"start":{"line":7,"column":1585},"end":{"line":7,"column":1586}},"loc":{"start":{"line":7,"column":1588},"end":{"line":7,"column":1613}},"line":7},"147":{"name":"(anonymous_147)","decl":{"start":{"line":7,"column":1617},"end":{"line":7,"column":1618}},"loc":{"start":{"line":7,"column":1620},"end":{"line":7,"column":1630}},"line":7},"148":{"name":"(anonymous_148)","decl":{"start":{"line":7,"column":1634},"end":{"line":7,"column":1635}},"loc":{"start":{"line":7,"column":1643},"end":{"line":7,"column":2527}},"line":7},"149":{"name":"(anonymous_149)","decl":{"start":{"line":7,"column":1740},"end":{"line":7,"column":1741}},"loc":{"start":{"line":7,"column":1743},"end":{"line":7,"column":1752}},"line":7},"150":{"name":"(anonymous_150)","decl":{"start":{"line":7,"column":2240},"end":{"line":7,"column":2241}},"loc":{"start":{"line":7,"column":2247},"end":{"line":7,"column":2259}},"line":7},"151":{"name":"(anonymous_151)","decl":{"start":{"line":7,"column":2270},"end":{"line":7,"column":2271}},"loc":{"start":{"line":7,"column":2277},"end":{"line":7,"column":2289}},"line":7},"152":{"name":"(anonymous_152)","decl":{"start":{"line":7,"column":2357},"end":{"line":7,"column":2358}},"loc":{"start":{"line":7,"column":2364},"end":{"line":7,"column":2376}},"line":7},"153":{"name":"(anonymous_153)","decl":{"start":{"line":7,"column":2410},"end":{"line":7,"column":2411}},"loc":{"start":{"line":7,"column":2413},"end":{"line":7,"column":2503}},"line":7},"154":{"name":"(anonymous_154)","decl":{"start":{"line":7,"column":2531},"end":{"line":7,"column":2532}},"loc":{"start":{"line":7,"column":2534},"end":{"line":7,"column":2688}},"line":7},"155":{"name":"(anonymous_155)","decl":{"start":{"line":7,"column":2692},"end":{"line":7,"column":2693}},"loc":{"start":{"line":7,"column":2699},"end":{"line":7,"column":2733}},"line":7},"156":{"name":"(anonymous_156)","decl":{"start":{"line":7,"column":2708},"end":{"line":7,"column":2709}},"loc":{"start":{"line":7,"column":2715},"end":{"line":7,"column":2729}},"line":7},"157":{"name":"pe","decl":{"start":{"line":7,"column":2743},"end":{"line":7,"column":2745}},"loc":{"start":{"line":7,"column":2748},"end":{"line":7,"column":2857}},"line":7},"158":{"name":"(anonymous_158)","decl":{"start":{"line":7,"column":2782},"end":{"line":7,"column":2783}},"loc":{"start":{"line":7,"column":2786},"end":{"line":7,"column":2791}},"line":7},"159":{"name":"(anonymous_159)","decl":{"start":{"line":7,"column":2796},"end":{"line":7,"column":2797}},"loc":{"start":{"line":7,"column":2799},"end":{"line":7,"column":2805}},"line":7},"160":{"name":"(anonymous_160)","decl":{"start":{"line":7,"column":2809},"end":{"line":7,"column":2810}},"loc":{"start":{"line":7,"column":2812},"end":{"line":7,"column":2819}},"line":7},"161":{"name":"(anonymous_161)","decl":{"start":{"line":7,"column":2827},"end":{"line":7,"column":2828}},"loc":{"start":{"line":7,"column":2830},"end":{"line":7,"column":2854}},"line":7},"162":{"name":"Gu","decl":{"start":{"line":7,"column":2866},"end":{"line":7,"column":2868}},"loc":{"start":{"line":7,"column":2871},"end":{"line":7,"column":3095}},"line":7},"163":{"name":"(anonymous_163)","decl":{"start":{"line":7,"column":2888},"end":{"line":7,"column":2889}},"loc":{"start":{"line":7,"column":2893},"end":{"line":7,"column":3091}},"line":7},"164":{"name":"(anonymous_164)","decl":{"start":{"line":7,"column":2900},"end":{"line":7,"column":2901}},"loc":{"start":{"line":7,"column":2903},"end":{"line":7,"column":3040}},"line":7},"165":{"name":"(anonymous_165)","decl":{"start":{"line":7,"column":2915},"end":{"line":7,"column":2916}},"loc":{"start":{"line":7,"column":2922},"end":{"line":7,"column":2930}},"line":7},"166":{"name":"(anonymous_166)","decl":{"start":{"line":7,"column":2964},"end":{"line":7,"column":2965}},"loc":{"start":{"line":7,"column":2967},"end":{"line":7,"column":2978}},"line":7},"167":{"name":"(anonymous_167)","decl":{"start":{"line":7,"column":3058},"end":{"line":7,"column":3059}},"loc":{"start":{"line":7,"column":3062},"end":{"line":7,"column":3067}},"line":7},"168":{"name":"q","decl":{"start":{"line":7,"column":3104},"end":{"line":7,"column":3105}},"loc":{"start":{"line":7,"column":3111},"end":{"line":7,"column":3275}},"line":7},"169":{"name":"(anonymous_169)","decl":{"start":{"line":7,"column":3128},"end":{"line":7,"column":3129}},"loc":{"start":{"line":7,"column":3133},"end":{"line":7,"column":3271}},"line":7},"170":{"name":"(anonymous_170)","decl":{"start":{"line":7,"column":3140},"end":{"line":7,"column":3141}},"loc":{"start":{"line":7,"column":3143},"end":{"line":7,"column":3222}},"line":7},"171":{"name":"(anonymous_171)","decl":{"start":{"line":7,"column":3155},"end":{"line":7,"column":3156}},"loc":{"start":{"line":7,"column":3162},"end":{"line":7,"column":3170}},"line":7},"172":{"name":"(anonymous_172)","decl":{"start":{"line":7,"column":3194},"end":{"line":7,"column":3195}},"loc":{"start":{"line":7,"column":3197},"end":{"line":7,"column":3206}},"line":7},"173":{"name":"(anonymous_173)","decl":{"start":{"line":7,"column":3240},"end":{"line":7,"column":3241}},"loc":{"start":{"line":7,"column":3244},"end":{"line":7,"column":3252}},"line":7},"174":{"name":"Wu","decl":{"start":{"line":7,"column":3284},"end":{"line":7,"column":3286}},"loc":{"start":{"line":7,"column":3292},"end":{"line":7,"column":3488}},"line":7},"175":{"name":"(anonymous_175)","decl":{"start":{"line":7,"column":3309},"end":{"line":7,"column":3310}},"loc":{"start":{"line":7,"column":3314},"end":{"line":7,"column":3484}},"line":7},"176":{"name":"(anonymous_176)","decl":{"start":{"line":7,"column":3321},"end":{"line":7,"column":3322}},"loc":{"start":{"line":7,"column":3324},"end":{"line":7,"column":3436}},"line":7},"177":{"name":"(anonymous_177)","decl":{"start":{"line":7,"column":3336},"end":{"line":7,"column":3337}},"loc":{"start":{"line":7,"column":3343},"end":{"line":7,"column":3351}},"line":7},"178":{"name":"(anonymous_178)","decl":{"start":{"line":7,"column":3376},"end":{"line":7,"column":3377}},"loc":{"start":{"line":7,"column":3379},"end":{"line":7,"column":3390}},"line":7},"179":{"name":"(anonymous_179)","decl":{"start":{"line":7,"column":3408},"end":{"line":7,"column":3409}},"loc":{"start":{"line":7,"column":3411},"end":{"line":7,"column":3420}},"line":7},"180":{"name":"(anonymous_180)","decl":{"start":{"line":7,"column":3454},"end":{"line":7,"column":3455}},"loc":{"start":{"line":7,"column":3458},"end":{"line":7,"column":3466}},"line":7},"181":{"name":"C","decl":{"start":{"line":7,"column":3497},"end":{"line":7,"column":3498}},"loc":{"start":{"line":7,"column":3501},"end":{"line":7,"column":3551}},"line":7},"182":{"name":"(anonymous_182)","decl":{"start":{"line":7,"column":3514},"end":{"line":7,"column":3515}},"loc":{"start":{"line":7,"column":3519},"end":{"line":7,"column":3548}},"line":7},"183":{"name":"(anonymous_183)","decl":{"start":{"line":7,"column":3526},"end":{"line":7,"column":3527}},"loc":{"start":{"line":7,"column":3530},"end":{"line":7,"column":3546}},"line":7},"184":{"name":"Jo","decl":{"start":{"line":7,"column":3560},"end":{"line":7,"column":3562}},"loc":{"start":{"line":7,"column":3568},"end":{"line":7,"column":3840}},"line":7},"185":{"name":"(anonymous_185)","decl":{"start":{"line":7,"column":3679},"end":{"line":7,"column":3680}},"loc":{"start":{"line":7,"column":3684},"end":{"line":7,"column":3836}},"line":7},"186":{"name":"(anonymous_186)","decl":{"start":{"line":7,"column":3691},"end":{"line":7,"column":3692}},"loc":{"start":{"line":7,"column":3694},"end":{"line":7,"column":3778}},"line":7},"187":{"name":"(anonymous_187)","decl":{"start":{"line":7,"column":3747},"end":{"line":7,"column":3748}},"loc":{"start":{"line":7,"column":3754},"end":{"line":7,"column":3762}},"line":7},"188":{"name":"(anonymous_188)","decl":{"start":{"line":7,"column":3796},"end":{"line":7,"column":3797}},"loc":{"start":{"line":7,"column":3800},"end":{"line":7,"column":3835}},"line":7},"189":{"name":"ye","decl":{"start":{"line":7,"column":3849},"end":{"line":7,"column":3851}},"loc":{"start":{"line":7,"column":3854},"end":{"line":7,"column":3881}},"line":7},"190":{"name":"je","decl":{"start":{"line":7,"column":3890},"end":{"line":7,"column":3892}},"loc":{"start":{"line":7,"column":3895},"end":{"line":7,"column":3922}},"line":7},"191":{"name":"Ve","decl":{"start":{"line":7,"column":3931},"end":{"line":7,"column":3933}},"loc":{"start":{"line":7,"column":3936},"end":{"line":7,"column":3963}},"line":7},"192":{"name":"(anonymous_192)","decl":{"start":{"line":7,"column":3975},"end":{"line":7,"column":3976}},"loc":{"start":{"line":7,"column":3986},"end":{"line":7,"column":3996}},"line":7},"193":{"name":"(anonymous_193)","decl":{"start":{"line":7,"column":4006},"end":{"line":7,"column":4007}},"loc":{"start":{"line":7,"column":4009},"end":{"line":7,"column":4470}},"line":7},"194":{"name":"(anonymous_194)","decl":{"start":{"line":7,"column":4041},"end":{"line":7,"column":4042}},"loc":{"start":{"line":7,"column":4044},"end":{"line":7,"column":4102}},"line":7},"195":{"name":"(anonymous_195)","decl":{"start":{"line":7,"column":4066},"end":{"line":7,"column":4067}},"loc":{"start":{"line":7,"column":4069},"end":{"line":7,"column":4091}},"line":7},"196":{"name":"(anonymous_196)","decl":{"start":{"line":7,"column":4112},"end":{"line":7,"column":4113}},"loc":{"start":{"line":7,"column":4115},"end":{"line":7,"column":4171}},"line":7},"197":{"name":"(anonymous_197)","decl":{"start":{"line":7,"column":4137},"end":{"line":7,"column":4138}},"loc":{"start":{"line":7,"column":4140},"end":{"line":7,"column":4160}},"line":7},"198":{"name":"(anonymous_198)","decl":{"start":{"line":7,"column":4182},"end":{"line":7,"column":4183}},"loc":{"start":{"line":7,"column":4185},"end":{"line":7,"column":4226}},"line":7},"199":{"name":"(anonymous_199)","decl":{"start":{"line":7,"column":4193},"end":{"line":7,"column":4194}},"loc":{"start":{"line":7,"column":4196},"end":{"line":7,"column":4220}},"line":7},"200":{"name":"(anonymous_200)","decl":{"start":{"line":7,"column":4198},"end":{"line":7,"column":4199}},"loc":{"start":{"line":7,"column":4201},"end":{"line":7,"column":4219}},"line":7},"201":{"name":"(anonymous_201)","decl":{"start":{"line":7,"column":4234},"end":{"line":7,"column":4235}},"loc":{"start":{"line":7,"column":4237},"end":{"line":7,"column":4279}},"line":7},"202":{"name":"(anonymous_202)","decl":{"start":{"line":7,"column":4245},"end":{"line":7,"column":4246}},"loc":{"start":{"line":7,"column":4248},"end":{"line":7,"column":4273}},"line":7},"203":{"name":"(anonymous_203)","decl":{"start":{"line":7,"column":4250},"end":{"line":7,"column":4251}},"loc":{"start":{"line":7,"column":4253},"end":{"line":7,"column":4272}},"line":7},"204":{"name":"(anonymous_204)","decl":{"start":{"line":7,"column":4290},"end":{"line":7,"column":4291}},"loc":{"start":{"line":7,"column":4293},"end":{"line":7,"column":4334}},"line":7},"205":{"name":"(anonymous_205)","decl":{"start":{"line":7,"column":4301},"end":{"line":7,"column":4302}},"loc":{"start":{"line":7,"column":4304},"end":{"line":7,"column":4328}},"line":7},"206":{"name":"(anonymous_206)","decl":{"start":{"line":7,"column":4306},"end":{"line":7,"column":4307}},"loc":{"start":{"line":7,"column":4309},"end":{"line":7,"column":4327}},"line":7},"207":{"name":"(anonymous_207)","decl":{"start":{"line":7,"column":4344},"end":{"line":7,"column":4345}},"loc":{"start":{"line":7,"column":4347},"end":{"line":7,"column":4403}},"line":7},"208":{"name":"(anonymous_208)","decl":{"start":{"line":7,"column":4369},"end":{"line":7,"column":4370}},"loc":{"start":{"line":7,"column":4372},"end":{"line":7,"column":4392}},"line":7},"209":{"name":"(anonymous_209)","decl":{"start":{"line":7,"column":4410},"end":{"line":7,"column":4411}},"loc":{"start":{"line":7,"column":4413},"end":{"line":7,"column":4468}},"line":7},"210":{"name":"(anonymous_210)","decl":{"start":{"line":7,"column":4435},"end":{"line":7,"column":4436}},"loc":{"start":{"line":7,"column":4438},"end":{"line":7,"column":4457}},"line":7},"211":{"name":"(anonymous_211)","decl":{"start":{"line":7,"column":4487},"end":{"line":7,"column":4488}},"loc":{"start":{"line":7,"column":4490},"end":{"line":7,"column":4918}},"line":7},"212":{"name":"(anonymous_212)","decl":{"start":{"line":7,"column":4519},"end":{"line":7,"column":4520}},"loc":{"start":{"line":7,"column":4526},"end":{"line":7,"column":4572}},"line":7},"213":{"name":"(anonymous_213)","decl":{"start":{"line":7,"column":4534},"end":{"line":7,"column":4535}},"loc":{"start":{"line":7,"column":4541},"end":{"line":7,"column":4564}},"line":7},"214":{"name":"(anonymous_214)","decl":{"start":{"line":7,"column":4543},"end":{"line":7,"column":4544}},"loc":{"start":{"line":7,"column":4546},"end":{"line":7,"column":4563}},"line":7},"215":{"name":"(anonymous_215)","decl":{"start":{"line":7,"column":4576},"end":{"line":7,"column":4577}},"loc":{"start":{"line":7,"column":4579},"end":{"line":7,"column":4612}},"line":7},"216":{"name":"(anonymous_216)","decl":{"start":{"line":7,"column":4587},"end":{"line":7,"column":4588}},"loc":{"start":{"line":7,"column":4590},"end":{"line":7,"column":4606}},"line":7},"217":{"name":"(anonymous_217)","decl":{"start":{"line":7,"column":4592},"end":{"line":7,"column":4593}},"loc":{"start":{"line":7,"column":4595},"end":{"line":7,"column":4605}},"line":7},"218":{"name":"(anonymous_218)","decl":{"start":{"line":7,"column":4616},"end":{"line":7,"column":4617}},"loc":{"start":{"line":7,"column":4619},"end":{"line":7,"column":4652}},"line":7},"219":{"name":"(anonymous_219)","decl":{"start":{"line":7,"column":4627},"end":{"line":7,"column":4628}},"loc":{"start":{"line":7,"column":4630},"end":{"line":7,"column":4646}},"line":7},"220":{"name":"(anonymous_220)","decl":{"start":{"line":7,"column":4632},"end":{"line":7,"column":4633}},"loc":{"start":{"line":7,"column":4635},"end":{"line":7,"column":4645}},"line":7},"221":{"name":"(anonymous_221)","decl":{"start":{"line":7,"column":4657},"end":{"line":7,"column":4658}},"loc":{"start":{"line":7,"column":4660},"end":{"line":7,"column":4694}},"line":7},"222":{"name":"(anonymous_222)","decl":{"start":{"line":7,"column":4668},"end":{"line":7,"column":4669}},"loc":{"start":{"line":7,"column":4671},"end":{"line":7,"column":4688}},"line":7},"223":{"name":"(anonymous_223)","decl":{"start":{"line":7,"column":4673},"end":{"line":7,"column":4674}},"loc":{"start":{"line":7,"column":4676},"end":{"line":7,"column":4687}},"line":7},"224":{"name":"(anonymous_224)","decl":{"start":{"line":7,"column":4699},"end":{"line":7,"column":4700}},"loc":{"start":{"line":7,"column":4702},"end":{"line":7,"column":4736}},"line":7},"225":{"name":"(anonymous_225)","decl":{"start":{"line":7,"column":4710},"end":{"line":7,"column":4711}},"loc":{"start":{"line":7,"column":4713},"end":{"line":7,"column":4730}},"line":7},"226":{"name":"(anonymous_226)","decl":{"start":{"line":7,"column":4715},"end":{"line":7,"column":4716}},"loc":{"start":{"line":7,"column":4718},"end":{"line":7,"column":4729}},"line":7},"227":{"name":"(anonymous_227)","decl":{"start":{"line":7,"column":4741},"end":{"line":7,"column":4742}},"loc":{"start":{"line":7,"column":4745},"end":{"line":7,"column":4786}},"line":7},"228":{"name":"(anonymous_228)","decl":{"start":{"line":7,"column":4754},"end":{"line":7,"column":4755}},"loc":{"start":{"line":7,"column":4757},"end":{"line":7,"column":4783}},"line":7},"229":{"name":"(anonymous_229)","decl":{"start":{"line":7,"column":4794},"end":{"line":7,"column":4795}},"loc":{"start":{"line":7,"column":4798},"end":{"line":7,"column":4838}},"line":7},"230":{"name":"(anonymous_230)","decl":{"start":{"line":7,"column":4807},"end":{"line":7,"column":4808}},"loc":{"start":{"line":7,"column":4810},"end":{"line":7,"column":4835}},"line":7},"231":{"name":"(anonymous_231)","decl":{"start":{"line":7,"column":4848},"end":{"line":7,"column":4849}},"loc":{"start":{"line":7,"column":4852},"end":{"line":7,"column":4877}},"line":7},"232":{"name":"(anonymous_232)","decl":{"start":{"line":7,"column":4861},"end":{"line":7,"column":4862}},"loc":{"start":{"line":7,"column":4864},"end":{"line":7,"column":4874}},"line":7},"233":{"name":"(anonymous_233)","decl":{"start":{"line":7,"column":4887},"end":{"line":7,"column":4888}},"loc":{"start":{"line":7,"column":4891},"end":{"line":7,"column":4916}},"line":7},"234":{"name":"(anonymous_234)","decl":{"start":{"line":7,"column":4900},"end":{"line":7,"column":4901}},"loc":{"start":{"line":7,"column":4903},"end":{"line":7,"column":4913}},"line":7},"235":{"name":"(anonymous_235)","decl":{"start":{"line":7,"column":4935},"end":{"line":7,"column":4936}},"loc":{"start":{"line":7,"column":4938},"end":{"line":7,"column":5264}},"line":7},"236":{"name":"(anonymous_236)","decl":{"start":{"line":7,"column":4967},"end":{"line":7,"column":4968}},"loc":{"start":{"line":7,"column":4974},"end":{"line":7,"column":5020}},"line":7},"237":{"name":"(anonymous_237)","decl":{"start":{"line":7,"column":4982},"end":{"line":7,"column":4983}},"loc":{"start":{"line":7,"column":4989},"end":{"line":7,"column":5012}},"line":7},"238":{"name":"(anonymous_238)","decl":{"start":{"line":7,"column":4991},"end":{"line":7,"column":4992}},"loc":{"start":{"line":7,"column":4994},"end":{"line":7,"column":5011}},"line":7},"239":{"name":"(anonymous_239)","decl":{"start":{"line":7,"column":5024},"end":{"line":7,"column":5025}},"loc":{"start":{"line":7,"column":5027},"end":{"line":7,"column":5060}},"line":7},"240":{"name":"(anonymous_240)","decl":{"start":{"line":7,"column":5035},"end":{"line":7,"column":5036}},"loc":{"start":{"line":7,"column":5038},"end":{"line":7,"column":5054}},"line":7},"241":{"name":"(anonymous_241)","decl":{"start":{"line":7,"column":5040},"end":{"line":7,"column":5041}},"loc":{"start":{"line":7,"column":5043},"end":{"line":7,"column":5053}},"line":7},"242":{"name":"(anonymous_242)","decl":{"start":{"line":7,"column":5064},"end":{"line":7,"column":5065}},"loc":{"start":{"line":7,"column":5067},"end":{"line":7,"column":5100}},"line":7},"243":{"name":"(anonymous_243)","decl":{"start":{"line":7,"column":5075},"end":{"line":7,"column":5076}},"loc":{"start":{"line":7,"column":5078},"end":{"line":7,"column":5094}},"line":7},"244":{"name":"(anonymous_244)","decl":{"start":{"line":7,"column":5080},"end":{"line":7,"column":5081}},"loc":{"start":{"line":7,"column":5083},"end":{"line":7,"column":5093}},"line":7},"245":{"name":"(anonymous_245)","decl":{"start":{"line":7,"column":5105},"end":{"line":7,"column":5106}},"loc":{"start":{"line":7,"column":5108},"end":{"line":7,"column":5142}},"line":7},"246":{"name":"(anonymous_246)","decl":{"start":{"line":7,"column":5116},"end":{"line":7,"column":5117}},"loc":{"start":{"line":7,"column":5119},"end":{"line":7,"column":5136}},"line":7},"247":{"name":"(anonymous_247)","decl":{"start":{"line":7,"column":5121},"end":{"line":7,"column":5122}},"loc":{"start":{"line":7,"column":5124},"end":{"line":7,"column":5135}},"line":7},"248":{"name":"(anonymous_248)","decl":{"start":{"line":7,"column":5147},"end":{"line":7,"column":5148}},"loc":{"start":{"line":7,"column":5150},"end":{"line":7,"column":5184}},"line":7},"249":{"name":"(anonymous_249)","decl":{"start":{"line":7,"column":5158},"end":{"line":7,"column":5159}},"loc":{"start":{"line":7,"column":5161},"end":{"line":7,"column":5178}},"line":7},"250":{"name":"(anonymous_250)","decl":{"start":{"line":7,"column":5163},"end":{"line":7,"column":5164}},"loc":{"start":{"line":7,"column":5166},"end":{"line":7,"column":5177}},"line":7},"251":{"name":"(anonymous_251)","decl":{"start":{"line":7,"column":5194},"end":{"line":7,"column":5195}},"loc":{"start":{"line":7,"column":5198},"end":{"line":7,"column":5223}},"line":7},"252":{"name":"(anonymous_252)","decl":{"start":{"line":7,"column":5207},"end":{"line":7,"column":5208}},"loc":{"start":{"line":7,"column":5210},"end":{"line":7,"column":5220}},"line":7},"253":{"name":"(anonymous_253)","decl":{"start":{"line":7,"column":5233},"end":{"line":7,"column":5234}},"loc":{"start":{"line":7,"column":5237},"end":{"line":7,"column":5262}},"line":7},"254":{"name":"(anonymous_254)","decl":{"start":{"line":7,"column":5246},"end":{"line":7,"column":5247}},"loc":{"start":{"line":7,"column":5249},"end":{"line":7,"column":5259}},"line":7},"255":{"name":"(anonymous_255)","decl":{"start":{"line":7,"column":5286},"end":{"line":7,"column":5287}},"loc":{"start":{"line":7,"column":5297},"end":{"line":7,"column":5325}},"line":7},"256":{"name":"(anonymous_256)","decl":{"start":{"line":7,"column":5336},"end":{"line":7,"column":5337}},"loc":{"start":{"line":7,"column":5347},"end":{"line":7,"column":5374}},"line":7},"257":{"name":"(anonymous_257)","decl":{"start":{"line":7,"column":5385},"end":{"line":7,"column":5386}},"loc":{"start":{"line":7,"column":5396},"end":{"line":7,"column":5412}},"line":7},"258":{"name":"(anonymous_258)","decl":{"start":{"line":7,"column":5423},"end":{"line":7,"column":5424}},"loc":{"start":{"line":7,"column":5434},"end":{"line":7,"column":5450}},"line":7},"259":{"name":"(anonymous_259)","decl":{"start":{"line":7,"column":5480},"end":{"line":7,"column":5481}},"loc":{"start":{"line":7,"column":5494},"end":{"line":7,"column":5629}},"line":7},"260":{"name":"hr","decl":{"start":{"line":7,"column":5669},"end":{"line":7,"column":5671}},"loc":{"start":{"line":7,"column":5674},"end":{"line":7,"column":5695}},"line":7},"261":{"name":"(anonymous_261)","decl":{"start":{"line":7,"column":5710},"end":{"line":7,"column":5711}},"loc":{"start":{"line":7,"column":5726},"end":{"line":7,"column":5789}},"line":7},"262":{"name":"(anonymous_262)","decl":{"start":{"line":7,"column":5789},"end":{"line":7,"column":5790}},"loc":{"start":{"line":7,"column":5799},"end":{"line":7,"column":6136}},"line":7},"263":{"name":"(anonymous_263)","decl":{"start":{"line":7,"column":5971},"end":{"line":7,"column":5972}},"loc":{"start":{"line":7,"column":5978},"end":{"line":7,"column":5991}},"line":7},"264":{"name":"(anonymous_264)","decl":{"start":{"line":7,"column":6002},"end":{"line":7,"column":6003}},"loc":{"start":{"line":7,"column":6005},"end":{"line":7,"column":6023}},"line":7},"265":{"name":"(anonymous_265)","decl":{"start":{"line":7,"column":6136},"end":{"line":7,"column":6137}},"loc":{"start":{"line":7,"column":6145},"end":{"line":7,"column":6276}},"line":7},"266":{"name":"(anonymous_266)","decl":{"start":{"line":7,"column":6276},"end":{"line":7,"column":6277}},"loc":{"start":{"line":7,"column":6288},"end":{"line":7,"column":6346}},"line":7},"267":{"name":"(anonymous_267)","decl":{"start":{"line":7,"column":6346},"end":{"line":7,"column":6347}},"loc":{"start":{"line":7,"column":6358},"end":{"line":7,"column":6430}},"line":7},"268":{"name":"(anonymous_268)","decl":{"start":{"line":7,"column":6430},"end":{"line":7,"column":6431}},"loc":{"start":{"line":7,"column":6435},"end":{"line":7,"column":6461}},"line":7},"269":{"name":"(anonymous_269)","decl":{"start":{"line":7,"column":6461},"end":{"line":7,"column":6462}},"loc":{"start":{"line":7,"column":6473},"end":{"line":7,"column":6486}},"line":7},"270":{"name":"(anonymous_270)","decl":{"start":{"line":7,"column":6557},"end":{"line":7,"column":6558}},"loc":{"start":{"line":7,"column":6561},"end":{"line":7,"column":6597}},"line":7},"271":{"name":"Gt","decl":{"start":{"line":7,"column":6608},"end":{"line":7,"column":6610}},"loc":{"start":{"line":7,"column":6618},"end":{"line":7,"column":6667}},"line":7},"272":{"name":"Zo","decl":{"start":{"line":7,"column":6781},"end":{"line":7,"column":6783}},"loc":{"start":{"line":7,"column":6785},"end":{"line":7,"column":7217}},"line":7},"273":{"name":"zu","decl":{"start":{"line":7,"column":7226},"end":{"line":7,"column":7228}},"loc":{"start":{"line":7,"column":7231},"end":{"line":8,"column":32}},"line":7},"274":{"name":"(anonymous_274)","decl":{"start":{"line":7,"column":7424},"end":{"line":7,"column":7425}},"loc":{"start":{"line":7,"column":7435},"end":{"line":7,"column":7488}},"line":7},"275":{"name":"(anonymous_275)","decl":{"start":{"line":7,"column":7512},"end":{"line":7,"column":7513}},"loc":{"start":{"line":7,"column":7523},"end":{"line":7,"column":7582}},"line":7},"276":{"name":"(anonymous_276)","decl":{"start":{"line":7,"column":7603},"end":{"line":7,"column":7604}},"loc":{"start":{"line":7,"column":7614},"end":{"line":7,"column":7674}},"line":7},"277":{"name":"(anonymous_277)","decl":{"start":{"line":7,"column":7710},"end":{"line":7,"column":7711}},"loc":{"start":{"line":7,"column":7721},"end":{"line":7,"column":7783}},"line":7},"278":{"name":"(anonymous_278)","decl":{"start":{"line":7,"column":7831},"end":{"line":7,"column":7832}},"loc":{"start":{"line":7,"column":7842},"end":{"line":7,"column":7900}},"line":7},"279":{"name":"(anonymous_279)","decl":{"start":{"line":7,"column":7908},"end":{"line":7,"column":7909}},"loc":{"start":{"line":7,"column":7922},"end":{"line":7,"column":7964}},"line":7},"280":{"name":"(anonymous_280)","decl":{"start":{"line":7,"column":7965},"end":{"line":7,"column":7966}},"loc":{"start":{"line":7,"column":7976},"end":{"line":7,"column":8038}},"line":7},"281":{"name":"(anonymous_281)","decl":{"start":{"line":7,"column":8046},"end":{"line":7,"column":8047}},"loc":{"start":{"line":7,"column":8060},"end":{"line":7,"column":8090}},"line":7},"282":{"name":"(anonymous_282)","decl":{"start":{"line":7,"column":8091},"end":{"line":7,"column":8092}},"loc":{"start":{"line":7,"column":8102},"end":{"line":7,"column":8162}},"line":7},"283":{"name":"(anonymous_283)","decl":{"start":{"line":7,"column":8170},"end":{"line":7,"column":8171}},"loc":{"start":{"line":7,"column":8184},"end":{"line":7,"column":8266}},"line":7},"284":{"name":"(anonymous_284)","decl":{"start":{"line":7,"column":8267},"end":{"line":7,"column":8268}},"loc":{"start":{"line":7,"column":8278},"end":{"line":7,"column":8336}},"line":7},"285":{"name":"(anonymous_285)","decl":{"start":{"line":7,"column":8349},"end":{"line":7,"column":8350}},"loc":{"start":{"line":7,"column":8360},"end":{"line":7,"column":8418}},"line":7},"286":{"name":"Zu","decl":{"start":{"line":8,"column":47},"end":{"line":8,"column":49}},"loc":{"start":{"line":8,"column":51},"end":{"line":8,"column":224}},"line":8},"287":{"name":"Xu","decl":{"start":{"line":8,"column":233},"end":{"line":8,"column":235}},"loc":{"start":{"line":8,"column":238},"end":{"line":8,"column":319}},"line":8},"288":{"name":"Ho","decl":{"start":{"line":8,"column":328},"end":{"line":8,"column":330}},"loc":{"start":{"line":8,"column":333},"end":{"line":8,"column":425}},"line":8},"289":{"name":"Xo","decl":{"start":{"line":8,"column":434},"end":{"line":8,"column":436}},"loc":{"start":{"line":8,"column":439},"end":{"line":8,"column":548}},"line":8},"290":{"name":"(anonymous_290)","decl":{"start":{"line":8,"column":447},"end":{"line":8,"column":448}},"loc":{"start":{"line":8,"column":451},"end":{"line":8,"column":517}},"line":8},"291":{"name":"ec","decl":{"start":{"line":8,"column":557},"end":{"line":8,"column":559}},"loc":{"start":{"line":8,"column":562},"end":{"line":8,"column":1084}},"line":8},"292":{"name":"(anonymous_292)","decl":{"start":{"line":8,"column":603},"end":{"line":8,"column":604}},"loc":{"start":{"line":8,"column":608},"end":{"line":8,"column":677}},"line":8},"293":{"name":"(anonymous_293)","decl":{"start":{"line":8,"column":709},"end":{"line":8,"column":710}},"loc":{"start":{"line":8,"column":731},"end":{"line":8,"column":845}},"line":8},"294":{"name":"(anonymous_294)","decl":{"start":{"line":8,"column":875},"end":{"line":8,"column":876}},"loc":{"start":{"line":8,"column":880},"end":{"line":8,"column":951}},"line":8},"295":{"name":"(anonymous_295)","decl":{"start":{"line":8,"column":964},"end":{"line":8,"column":965}},"loc":{"start":{"line":8,"column":1008},"end":{"line":8,"column":1081}},"line":8},"296":{"name":"rc","decl":{"start":{"line":8,"column":1099},"end":{"line":8,"column":1101}},"loc":{"start":{"line":8,"column":1104},"end":{"line":8,"column":1976}},"line":8},"297":{"name":"Ko","decl":{"start":{"line":8,"column":1991},"end":{"line":8,"column":1993}},"loc":{"start":{"line":8,"column":1996},"end":{"line":8,"column":2046}},"line":8},"298":{"name":"tc","decl":{"start":{"line":8,"column":2061},"end":{"line":8,"column":2063}},"loc":{"start":{"line":8,"column":2066},"end":{"line":8,"column":2219}},"line":8},"299":{"name":"(anonymous_299)","decl":{"start":{"line":8,"column":2112},"end":{"line":8,"column":2113}},"loc":{"start":{"line":8,"column":2115},"end":{"line":8,"column":2171}},"line":8},"300":{"name":"ir","decl":{"start":{"line":8,"column":2234},"end":{"line":8,"column":2236}},"loc":{"start":{"line":8,"column":2238},"end":{"line":8,"column":2279}},"line":8},"301":{"name":"nc","decl":{"start":{"line":8,"column":2288},"end":{"line":8,"column":2290}},"loc":{"start":{"line":8,"column":2293},"end":{"line":8,"column":2325}},"line":8},"302":{"name":"pi","decl":{"start":{"line":8,"column":2340},"end":{"line":8,"column":2342}},"loc":{"start":{"line":8,"column":2344},"end":{"line":8,"column":2386}},"line":8},"303":{"name":"es","decl":{"start":{"line":8,"column":2411},"end":{"line":8,"column":2413}},"loc":{"start":{"line":8,"column":2415},"end":{"line":8,"column":2547}},"line":8},"304":{"name":"ic","decl":{"start":{"line":8,"column":2556},"end":{"line":8,"column":2558}},"loc":{"start":{"line":8,"column":2561},"end":{"line":9,"column":831}},"line":8},"305":{"name":"(anonymous_305)","decl":{"start":{"line":8,"column":3084},"end":{"line":8,"column":3085}},"loc":{"start":{"line":8,"column":3088},"end":{"line":8,"column":3339}},"line":8},"306":{"name":"(anonymous_306)","decl":{"start":{"line":8,"column":3351},"end":{"line":8,"column":3352}},"loc":{"start":{"line":8,"column":3355},"end":{"line":8,"column":3421}},"line":8},"307":{"name":"oc","decl":{"start":{"line":9,"column":846},"end":{"line":9,"column":848}},"loc":{"start":{"line":9,"column":851},"end":{"line":9,"column":887}},"line":9},"308":{"name":"Ht","decl":{"start":{"line":9,"column":896},"end":{"line":9,"column":898}},"loc":{"start":{"line":9,"column":901},"end":{"line":9,"column":1015}},"line":9},"309":{"name":"(anonymous_309)","decl":{"start":{"line":9,"column":912},"end":{"line":9,"column":913}},"loc":{"start":{"line":9,"column":921},"end":{"line":9,"column":1013}},"line":9},"310":{"name":"sc","decl":{"start":{"line":9,"column":1030},"end":{"line":9,"column":1032}},"loc":{"start":{"line":9,"column":1034},"end":{"line":9,"column":1132}},"line":9},"311":{"name":"rs","decl":{"start":{"line":9,"column":1141},"end":{"line":9,"column":1143}},"loc":{"start":{"line":9,"column":1146},"end":{"line":9,"column":1173}},"line":9},"312":{"name":"(anonymous_312)","decl":{"start":{"line":9,"column":1195},"end":{"line":9,"column":1196}},"loc":{"start":{"line":9,"column":1199},"end":{"line":9,"column":1201}},"line":9},"313":{"name":"(anonymous_313)","decl":{"start":{"line":9,"column":1214},"end":{"line":9,"column":1215}},"loc":{"start":{"line":9,"column":1218},"end":{"line":9,"column":1220}},"line":9},"314":{"name":"(anonymous_314)","decl":{"start":{"line":9,"column":1235},"end":{"line":9,"column":1236}},"loc":{"start":{"line":9,"column":1239},"end":{"line":9,"column":1241}},"line":9},"315":{"name":"(anonymous_315)","decl":{"start":{"line":9,"column":1257},"end":{"line":9,"column":1258}},"loc":{"start":{"line":9,"column":1261},"end":{"line":9,"column":1263}},"line":9},"316":{"name":"(anonymous_316)","decl":{"start":{"line":9,"column":1275},"end":{"line":9,"column":1276}},"loc":{"start":{"line":9,"column":1279},"end":{"line":9,"column":1281}},"line":9},"317":{"name":"(anonymous_317)","decl":{"start":{"line":9,"column":1296},"end":{"line":9,"column":1297}},"loc":{"start":{"line":9,"column":1300},"end":{"line":9,"column":1302}},"line":9},"318":{"name":"(anonymous_318)","decl":{"start":{"line":9,"column":1321},"end":{"line":9,"column":1322}},"loc":{"start":{"line":9,"column":1325},"end":{"line":9,"column":1327}},"line":9},"319":{"name":"(anonymous_319)","decl":{"start":{"line":9,"column":1339},"end":{"line":9,"column":1340}},"loc":{"start":{"line":9,"column":1343},"end":{"line":9,"column":1345}},"line":9},"320":{"name":"(anonymous_320)","decl":{"start":{"line":9,"column":1357},"end":{"line":9,"column":1358}},"loc":{"start":{"line":9,"column":1361},"end":{"line":9,"column":1363}},"line":9},"321":{"name":"(anonymous_321)","decl":{"start":{"line":9,"column":1375},"end":{"line":9,"column":1376}},"loc":{"start":{"line":9,"column":1379},"end":{"line":9,"column":1381}},"line":9},"322":{"name":"(anonymous_322)","decl":{"start":{"line":9,"column":1397},"end":{"line":9,"column":1398}},"loc":{"start":{"line":9,"column":1401},"end":{"line":9,"column":1403}},"line":9},"323":{"name":"(anonymous_323)","decl":{"start":{"line":9,"column":1419},"end":{"line":9,"column":1420}},"loc":{"start":{"line":9,"column":1423},"end":{"line":9,"column":1425}},"line":9},"324":{"name":"(anonymous_324)","decl":{"start":{"line":9,"column":1448},"end":{"line":9,"column":1449}},"loc":{"start":{"line":9,"column":1452},"end":{"line":9,"column":1454}},"line":9},"325":{"name":"(anonymous_325)","decl":{"start":{"line":9,"column":1474},"end":{"line":9,"column":1475}},"loc":{"start":{"line":9,"column":1478},"end":{"line":9,"column":1480}},"line":9},"326":{"name":"(anonymous_326)","decl":{"start":{"line":9,"column":1492},"end":{"line":9,"column":1493}},"loc":{"start":{"line":9,"column":1496},"end":{"line":9,"column":1498}},"line":9},"327":{"name":"(anonymous_327)","decl":{"start":{"line":9,"column":1508},"end":{"line":9,"column":1509}},"loc":{"start":{"line":9,"column":1512},"end":{"line":9,"column":1514}},"line":9},"328":{"name":"(anonymous_328)","decl":{"start":{"line":9,"column":1524},"end":{"line":9,"column":1525}},"loc":{"start":{"line":9,"column":1528},"end":{"line":9,"column":1530}},"line":9},"329":{"name":"(anonymous_329)","decl":{"start":{"line":9,"column":1554},"end":{"line":9,"column":1555}},"loc":{"start":{"line":9,"column":1558},"end":{"line":9,"column":1560}},"line":9},"330":{"name":"(anonymous_330)","decl":{"start":{"line":9,"column":1571},"end":{"line":9,"column":1572}},"loc":{"start":{"line":9,"column":1575},"end":{"line":9,"column":1577}},"line":9},"331":{"name":"(anonymous_331)","decl":{"start":{"line":9,"column":1591},"end":{"line":9,"column":1592}},"loc":{"start":{"line":9,"column":1595},"end":{"line":9,"column":1597}},"line":9},"332":{"name":"(anonymous_332)","decl":{"start":{"line":9,"column":1608},"end":{"line":9,"column":1609}},"loc":{"start":{"line":9,"column":1612},"end":{"line":9,"column":1614}},"line":9},"333":{"name":"(anonymous_333)","decl":{"start":{"line":9,"column":1626},"end":{"line":9,"column":1627}},"loc":{"start":{"line":9,"column":1630},"end":{"line":9,"column":1632}},"line":9},"334":{"name":"(anonymous_334)","decl":{"start":{"line":9,"column":1645},"end":{"line":9,"column":1646}},"loc":{"start":{"line":9,"column":1649},"end":{"line":9,"column":1651}},"line":9},"335":{"name":"(anonymous_335)","decl":{"start":{"line":9,"column":1667},"end":{"line":9,"column":1668}},"loc":{"start":{"line":9,"column":1671},"end":{"line":9,"column":1673}},"line":9},"336":{"name":"(anonymous_336)","decl":{"start":{"line":9,"column":1682},"end":{"line":9,"column":1683}},"loc":{"start":{"line":9,"column":1686},"end":{"line":9,"column":1688}},"line":9},"337":{"name":"(anonymous_337)","decl":{"start":{"line":9,"column":1711},"end":{"line":9,"column":1712}},"loc":{"start":{"line":9,"column":1715},"end":{"line":9,"column":1717}},"line":9},"338":{"name":"(anonymous_338)","decl":{"start":{"line":9,"column":1724},"end":{"line":9,"column":1725}},"loc":{"start":{"line":9,"column":1728},"end":{"line":9,"column":1730}},"line":9},"339":{"name":"(anonymous_339)","decl":{"start":{"line":9,"column":1737},"end":{"line":9,"column":1738}},"loc":{"start":{"line":9,"column":1741},"end":{"line":9,"column":1743}},"line":9},"340":{"name":"(anonymous_340)","decl":{"start":{"line":9,"column":1749},"end":{"line":9,"column":1750}},"loc":{"start":{"line":9,"column":1753},"end":{"line":9,"column":1755}},"line":9},"341":{"name":"(anonymous_341)","decl":{"start":{"line":9,"column":1767},"end":{"line":9,"column":1768}},"loc":{"start":{"line":9,"column":1771},"end":{"line":9,"column":1773}},"line":9},"342":{"name":"(anonymous_342)","decl":{"start":{"line":9,"column":1783},"end":{"line":9,"column":1784}},"loc":{"start":{"line":9,"column":1787},"end":{"line":9,"column":1789}},"line":9},"343":{"name":"(anonymous_343)","decl":{"start":{"line":9,"column":3397},"end":{"line":9,"column":3398}},"loc":{"start":{"line":9,"column":3401},"end":{"line":9,"column":3477}},"line":9},"344":{"name":"(anonymous_344)","decl":{"start":{"line":9,"column":3496},"end":{"line":9,"column":3497}},"loc":{"start":{"line":9,"column":3503},"end":{"line":9,"column":3637}},"line":9},"345":{"name":"(anonymous_345)","decl":{"start":{"line":9,"column":3641},"end":{"line":9,"column":3642}},"loc":{"start":{"line":9,"column":3648},"end":{"line":9,"column":3809}},"line":9},"346":{"name":"(anonymous_346)","decl":{"start":{"line":9,"column":3813},"end":{"line":9,"column":3814}},"loc":{"start":{"line":9,"column":3820},"end":{"line":9,"column":3827}},"line":9},"347":{"name":"(anonymous_347)","decl":{"start":{"line":9,"column":3831},"end":{"line":9,"column":3832}},"loc":{"start":{"line":9,"column":3838},"end":{"line":9,"column":3845}},"line":9},"348":{"name":"(anonymous_348)","decl":{"start":{"line":9,"column":3849},"end":{"line":9,"column":3850}},"loc":{"start":{"line":9,"column":3856},"end":{"line":9,"column":3863}},"line":9},"349":{"name":"(anonymous_349)","decl":{"start":{"line":9,"column":3867},"end":{"line":9,"column":3868}},"loc":{"start":{"line":9,"column":3874},"end":{"line":9,"column":3881}},"line":9},"350":{"name":"(anonymous_350)","decl":{"start":{"line":9,"column":3986},"end":{"line":9,"column":3987}},"loc":{"start":{"line":9,"column":3989},"end":{"line":9,"column":4061}},"line":9},"351":{"name":"(anonymous_351)","decl":{"start":{"line":9,"column":4225},"end":{"line":9,"column":4226}},"loc":{"start":{"line":9,"column":4232},"end":{"line":9,"column":4278}},"line":9},"352":{"name":"(anonymous_352)","decl":{"start":{"line":9,"column":4282},"end":{"line":9,"column":4283}},"loc":{"start":{"line":9,"column":4292},"end":{"line":9,"column":4504}},"line":9},"353":{"name":"(anonymous_353)","decl":{"start":{"line":9,"column":4516},"end":{"line":9,"column":4517}},"loc":{"start":{"line":9,"column":4526},"end":{"line":9,"column":4556}},"line":9},"354":{"name":"(anonymous_354)","decl":{"start":{"line":9,"column":4557},"end":{"line":9,"column":4558}},"loc":{"start":{"line":9,"column":4575},"end":{"line":9,"column":4903}},"line":9},"355":{"name":"or","decl":{"start":{"line":9,"column":4931},"end":{"line":9,"column":4933}},"loc":{"start":{"line":9,"column":4966},"end":{"line":9,"column":5091}},"line":9},"356":{"name":"(anonymous_356)","decl":{"start":{"line":9,"column":5134},"end":{"line":9,"column":5135}},"loc":{"start":{"line":9,"column":5146},"end":{"line":9,"column":5176}},"line":9},"357":{"name":"yi","decl":{"start":{"line":9,"column":5226},"end":{"line":9,"column":5228}},"loc":{"start":{"line":9,"column":5231},"end":{"line":9,"column":5260}},"line":9},"358":{"name":"Er","decl":{"start":{"line":9,"column":5295},"end":{"line":9,"column":5297}},"loc":{"start":{"line":9,"column":5300},"end":{"line":9,"column":5455}},"line":9},"359":{"name":"Vc","decl":{"start":{"line":9,"column":5464},"end":{"line":9,"column":5466}},"loc":{"start":{"line":9,"column":5468},"end":{"line":9,"column":5595}},"line":9},"360":{"name":"Bc","decl":{"start":{"line":9,"column":5604},"end":{"line":9,"column":5606}},"loc":{"start":{"line":9,"column":5609},"end":{"line":9,"column":5681}},"line":9},"361":{"name":"fs","decl":{"start":{"line":9,"column":5769},"end":{"line":9,"column":5771}},"loc":{"start":{"line":9,"column":5773},"end":{"line":9,"column":5813}},"line":9},"362":{"name":"vi","decl":{"start":{"line":9,"column":7548},"end":{"line":9,"column":7550}},"loc":{"start":{"line":9,"column":7553},"end":{"line":9,"column":7797}},"line":9},"363":{"name":"Pi","decl":{"start":{"line":9,"column":7806},"end":{"line":9,"column":7808}},"loc":{"start":{"line":9,"column":7811},"end":{"line":12,"column":23}},"line":9},"364":{"name":"(anonymous_364)","decl":{"start":{"line":9,"column":7824},"end":{"line":9,"column":7825}},"loc":{"start":{"line":9,"column":7827},"end":{"line":9,"column":7899}},"line":9},"365":{"name":"(anonymous_365)","decl":{"start":{"line":9,"column":8175},"end":{"line":9,"column":8176}},"loc":{"start":{"line":9,"column":8179},"end":{"line":9,"column":8201}},"line":9},"366":{"name":"(anonymous_366)","decl":{"start":{"line":9,"column":8208},"end":{"line":9,"column":8209}},"loc":{"start":{"line":9,"column":8223},"end":{"line":9,"column":8244}},"line":9},"367":{"name":"(anonymous_367)","decl":{"start":{"line":9,"column":8245},"end":{"line":9,"column":8246}},"loc":{"start":{"line":9,"column":8249},"end":{"line":9,"column":8297}},"line":9},"368":{"name":"(anonymous_368)","decl":{"start":{"line":9,"column":8304},"end":{"line":9,"column":8305}},"loc":{"start":{"line":9,"column":8319},"end":{"line":9,"column":8344}},"line":9},"369":{"name":"(anonymous_369)","decl":{"start":{"line":9,"column":8345},"end":{"line":9,"column":8346}},"loc":{"start":{"line":9,"column":8349},"end":{"line":9,"column":8401}},"line":9},"370":{"name":"(anonymous_370)","decl":{"start":{"line":9,"column":8408},"end":{"line":9,"column":8409}},"loc":{"start":{"line":9,"column":8423},"end":{"line":9,"column":8446}},"line":9},"371":{"name":"(anonymous_371)","decl":{"start":{"line":9,"column":8447},"end":{"line":9,"column":8448}},"loc":{"start":{"line":9,"column":8451},"end":{"line":9,"column":8584}},"line":9},"372":{"name":"(anonymous_372)","decl":{"start":{"line":9,"column":8591},"end":{"line":9,"column":8592}},"loc":{"start":{"line":9,"column":8606},"end":{"line":9,"column":8625}},"line":9},"373":{"name":"(anonymous_373)","decl":{"start":{"line":9,"column":8626},"end":{"line":9,"column":8627}},"loc":{"start":{"line":9,"column":8630},"end":{"line":9,"column":8804}},"line":9},"374":{"name":"(anonymous_374)","decl":{"start":{"line":9,"column":8811},"end":{"line":9,"column":8812}},"loc":{"start":{"line":9,"column":8826},"end":{"line":9,"column":8891}},"line":9},"375":{"name":"(anonymous_375)","decl":{"start":{"line":9,"column":8892},"end":{"line":9,"column":8893}},"loc":{"start":{"line":9,"column":8896},"end":{"line":9,"column":9102}},"line":9},"376":{"name":"(anonymous_376)","decl":{"start":{"line":9,"column":9114},"end":{"line":9,"column":9115}},"loc":{"start":{"line":9,"column":9118},"end":{"line":9,"column":9190}},"line":9},"377":{"name":"Ti","decl":{"start":{"line":12,"column":49},"end":{"line":12,"column":51}},"loc":{"start":{"line":12,"column":54},"end":{"line":12,"column":159}},"line":12},"378":{"name":"Si","decl":{"start":{"line":12,"column":205},"end":{"line":12,"column":207}},"loc":{"start":{"line":12,"column":210},"end":{"line":12,"column":247}},"line":12},"379":{"name":"Ai","decl":{"start":{"line":12,"column":271},"end":{"line":12,"column":273}},"loc":{"start":{"line":12,"column":276},"end":{"line":12,"column":302}},"line":12},"380":{"name":"(anonymous_380)","decl":{"start":{"line":12,"column":315},"end":{"line":12,"column":316}},"loc":{"start":{"line":12,"column":329},"end":{"line":12,"column":344}},"line":12},"381":{"name":"(anonymous_381)","decl":{"start":{"line":12,"column":344},"end":{"line":12,"column":345}},"loc":{"start":{"line":12,"column":354},"end":{"line":14,"column":3}},"line":12},"382":{"name":"Wc","decl":{"start":{"line":14,"column":14},"end":{"line":14,"column":16}},"loc":{"start":{"line":14,"column":19},"end":{"line":14,"column":168}},"line":14},"383":{"name":"(anonymous_383)","decl":{"start":{"line":14,"column":54},"end":{"line":14,"column":55}},"loc":{"start":{"line":14,"column":57},"end":{"line":14,"column":76}},"line":14},"384":{"name":"(anonymous_384)","decl":{"start":{"line":14,"column":115},"end":{"line":14,"column":116}},"loc":{"start":{"line":14,"column":118},"end":{"line":14,"column":143}},"line":14},"385":{"name":"Jc","decl":{"start":{"line":14,"column":177},"end":{"line":14,"column":179}},"loc":{"start":{"line":14,"column":182},"end":{"line":15,"column":3}},"line":14},"386":{"name":"(anonymous_386)","decl":{"start":{"line":14,"column":211},"end":{"line":14,"column":212}},"loc":{"start":{"line":14,"column":218},"end":{"line":14,"column":238}},"line":14},"387":{"name":"(anonymous_387)","decl":{"start":{"line":14,"column":271},"end":{"line":14,"column":272}},"loc":{"start":{"line":14,"column":280},"end":{"line":14,"column":307}},"line":14},"388":{"name":"Hc","decl":{"start":{"line":15,"column":12},"end":{"line":15,"column":14}},"loc":{"start":{"line":15,"column":17},"end":{"line":15,"column":143}},"line":15},"389":{"name":"(anonymous_389)","decl":{"start":{"line":15,"column":53},"end":{"line":15,"column":54}},"loc":{"start":{"line":15,"column":60},"end":{"line":15,"column":140}},"line":15},"390":{"name":"(anonymous_390)","decl":{"start":{"line":15,"column":87},"end":{"line":15,"column":88}},"loc":{"start":{"line":15,"column":90},"end":{"line":15,"column":107}},"line":15},"391":{"name":"(anonymous_391)","decl":{"start":{"line":15,"column":166},"end":{"line":15,"column":167}},"loc":{"start":{"line":15,"column":170},"end":{"line":15,"column":172}},"line":15},"392":{"name":"(anonymous_392)","decl":{"start":{"line":15,"column":178},"end":{"line":15,"column":179}},"loc":{"start":{"line":15,"column":182},"end":{"line":15,"column":184}},"line":15},"393":{"name":"(anonymous_393)","decl":{"start":{"line":15,"column":189},"end":{"line":15,"column":190}},"loc":{"start":{"line":15,"column":193},"end":{"line":15,"column":195}},"line":15},"394":{"name":"(anonymous_394)","decl":{"start":{"line":15,"column":202},"end":{"line":15,"column":203}},"loc":{"start":{"line":15,"column":206},"end":{"line":15,"column":208}},"line":15},"395":{"name":"(anonymous_395)","decl":{"start":{"line":15,"column":216},"end":{"line":15,"column":217}},"loc":{"start":{"line":15,"column":220},"end":{"line":15,"column":222}},"line":15},"396":{"name":"(anonymous_396)","decl":{"start":{"line":15,"column":228},"end":{"line":15,"column":229}},"loc":{"start":{"line":15,"column":232},"end":{"line":15,"column":234}},"line":15},"397":{"name":"(anonymous_397)","decl":{"start":{"line":15,"column":240},"end":{"line":15,"column":241}},"loc":{"start":{"line":15,"column":244},"end":{"line":15,"column":246}},"line":15},"398":{"name":"(anonymous_398)","decl":{"start":{"line":15,"column":363},"end":{"line":15,"column":364}},"loc":{"start":{"line":15,"column":367},"end":{"line":15,"column":403}},"line":15},"399":{"name":"Kc","decl":{"start":{"line":15,"column":414},"end":{"line":15,"column":416}},"loc":{"start":{"line":15,"column":422},"end":{"line":15,"column":441}},"line":15},"400":{"name":"Ii","decl":{"start":{"line":15,"column":450},"end":{"line":15,"column":452}},"loc":{"start":{"line":15,"column":460},"end":{"line":15,"column":509}},"line":15},"401":{"name":"Yc","decl":{"start":{"line":15,"column":518},"end":{"line":15,"column":520}},"loc":{"start":{"line":15,"column":528},"end":{"line":15,"column":566}},"line":15},"402":{"name":"zc","decl":{"start":{"line":15,"column":575},"end":{"line":15,"column":577}},"loc":{"start":{"line":15,"column":585},"end":{"line":15,"column":625}},"line":15},"403":{"name":"Zc","decl":{"start":{"line":15,"column":634},"end":{"line":15,"column":636}},"loc":{"start":{"line":15,"column":644},"end":{"line":15,"column":682}},"line":15},"404":{"name":"rn","decl":{"start":{"line":15,"column":691},"end":{"line":15,"column":693}},"loc":{"start":{"line":15,"column":698},"end":{"line":15,"column":845}},"line":15},"405":{"name":"_e","decl":{"start":{"line":15,"column":854},"end":{"line":15,"column":856}},"loc":{"start":{"line":15,"column":861},"end":{"line":15,"column":881}},"line":15},"406":{"name":"Oi","decl":{"start":{"line":15,"column":921},"end":{"line":15,"column":923}},"loc":{"start":{"line":15,"column":926},"end":{"line":15,"column":1025}},"line":15},"407":{"name":"Os","decl":{"start":{"line":15,"column":1105},"end":{"line":15,"column":1107}},"loc":{"start":{"line":15,"column":1110},"end":{"line":15,"column":1608}},"line":15},"408":{"name":"(anonymous_408)","decl":{"start":{"line":15,"column":1153},"end":{"line":15,"column":1154}},"loc":{"start":{"line":15,"column":1156},"end":{"line":15,"column":1464}},"line":15},"409":{"name":"(anonymous_409)","decl":{"start":{"line":15,"column":1203},"end":{"line":15,"column":1204}},"loc":{"start":{"line":15,"column":1216},"end":{"line":15,"column":1458}},"line":15},"410":{"name":"it","decl":{"start":{"line":15,"column":1648},"end":{"line":15,"column":1650}},"loc":{"start":{"line":15,"column":1708},"end":{"line":16,"column":67}},"line":15},"411":{"name":"gp","decl":{"start":{"line":16,"column":76},"end":{"line":16,"column":78}},"loc":{"start":{"line":16,"column":85},"end":{"line":24,"column":54}},"line":16},"412":{"name":"(anonymous_412)","decl":{"start":{"line":18,"column":8},"end":{"line":18,"column":9}},"loc":{"start":{"line":18,"column":11},"end":{"line":18,"column":22}},"line":18},"413":{"name":"(anonymous_413)","decl":{"start":{"line":22,"column":97},"end":{"line":22,"column":98}},"loc":{"start":{"line":22,"column":100},"end":{"line":22,"column":104}},"line":22},"414":{"name":"Ds","decl":{"start":{"line":24,"column":63},"end":{"line":24,"column":65}},"loc":{"start":{"line":24,"column":68},"end":{"line":24,"column":391}},"line":24},"415":{"name":"_s","decl":{"start":{"line":24,"column":400},"end":{"line":24,"column":402}},"loc":{"start":{"line":24,"column":407},"end":{"line":24,"column":467}},"line":24},"416":{"name":"hp","decl":{"start":{"line":24,"column":476},"end":{"line":24,"column":478}},"loc":{"start":{"line":24,"column":481},"end":{"line":24,"column":520}},"line":24},"417":{"name":"Mi","decl":{"start":{"line":24,"column":529},"end":{"line":24,"column":531}},"loc":{"start":{"line":24,"column":536},"end":{"line":24,"column":586}},"line":24},"418":{"name":"xr","decl":{"start":{"line":24,"column":595},"end":{"line":24,"column":597}},"loc":{"start":{"line":24,"column":602},"end":{"line":24,"column":664}},"line":24},"419":{"name":"$i","decl":{"start":{"line":24,"column":673},"end":{"line":24,"column":675}},"loc":{"start":{"line":24,"column":680},"end":{"line":24,"column":773}},"line":24},"420":{"name":"x","decl":{"start":{"line":24,"column":782},"end":{"line":24,"column":783}},"loc":{"start":{"line":24,"column":788},"end":{"line":24,"column":847}},"line":24},"421":{"name":"(anonymous_421)","decl":{"start":{"line":24,"column":865},"end":{"line":24,"column":866}},"loc":{"start":{"line":24,"column":877},"end":{"line":24,"column":912}},"line":24},"422":{"name":"(anonymous_422)","decl":{"start":{"line":24,"column":975},"end":{"line":24,"column":976}},"loc":{"start":{"line":24,"column":993},"end":{"line":24,"column":1112}},"line":24},"423":{"name":"(anonymous_423)","decl":{"start":{"line":24,"column":1112},"end":{"line":24,"column":1113}},"loc":{"start":{"line":24,"column":1137},"end":{"line":24,"column":1178}},"line":24},"424":{"name":"(anonymous_424)","decl":{"start":{"line":24,"column":1285},"end":{"line":24,"column":1286}},"loc":{"start":{"line":24,"column":1349},"end":{"line":24,"column":1528}},"line":24},"425":{"name":"(anonymous_425)","decl":{"start":{"line":24,"column":1528},"end":{"line":24,"column":1529}},"loc":{"start":{"line":24,"column":1553},"end":{"line":24,"column":1592}},"line":24},"426":{"name":"(anonymous_426)","decl":{"start":{"line":24,"column":1672},"end":{"line":24,"column":1673}},"loc":{"start":{"line":24,"column":1688},"end":{"line":24,"column":1758}},"line":24},"427":{"name":"(anonymous_427)","decl":{"start":{"line":24,"column":1758},"end":{"line":24,"column":1759}},"loc":{"start":{"line":24,"column":1783},"end":{"line":24,"column":1819}},"line":24},"428":{"name":"(anonymous_428)","decl":{"start":{"line":24,"column":1912},"end":{"line":24,"column":1913}},"loc":{"start":{"line":24,"column":1962},"end":{"line":24,"column":2119}},"line":24},"429":{"name":"(anonymous_429)","decl":{"start":{"line":24,"column":2119},"end":{"line":24,"column":2120}},"loc":{"start":{"line":24,"column":2144},"end":{"line":24,"column":2185}},"line":24},"430":{"name":"(anonymous_430)","decl":{"start":{"line":24,"column":2301},"end":{"line":24,"column":2302}},"loc":{"start":{"line":24,"column":2333},"end":{"line":24,"column":2364}},"line":24},"431":{"name":"(anonymous_431)","decl":{"start":{"line":24,"column":2364},"end":{"line":24,"column":2365}},"loc":{"start":{"line":24,"column":2389},"end":{"line":24,"column":2426}},"line":24},"432":{"name":"(anonymous_432)","decl":{"start":{"line":24,"column":5123},"end":{"line":24,"column":5124}},"loc":{"start":{"line":24,"column":5133},"end":{"line":24,"column":5194}},"line":24},"433":{"name":"(anonymous_433)","decl":{"start":{"line":24,"column":5202},"end":{"line":24,"column":5203}},"loc":{"start":{"line":24,"column":5212},"end":{"line":24,"column":5261}},"line":24},"434":{"name":"(anonymous_434)","decl":{"start":{"line":24,"column":5282},"end":{"line":24,"column":5283}},"loc":{"start":{"line":24,"column":5295},"end":{"line":24,"column":5454}},"line":24},"435":{"name":"(anonymous_435)","decl":{"start":{"line":24,"column":5474},"end":{"line":24,"column":5475}},"loc":{"start":{"line":24,"column":5485},"end":{"line":24,"column":5819}},"line":24},"436":{"name":"(anonymous_436)","decl":{"start":{"line":24,"column":5835},"end":{"line":24,"column":5836}},"loc":{"start":{"line":24,"column":5845},"end":{"line":24,"column":6070}},"line":24},"437":{"name":"(anonymous_437)","decl":{"start":{"line":24,"column":6089},"end":{"line":24,"column":6090}},"loc":{"start":{"line":24,"column":6099},"end":{"line":24,"column":6842}},"line":24},"438":{"name":"(anonymous_438)","decl":{"start":{"line":24,"column":6864},"end":{"line":24,"column":6865}},"loc":{"start":{"line":24,"column":6874},"end":{"line":24,"column":6990}},"line":24},"439":{"name":"(anonymous_439)","decl":{"start":{"line":24,"column":7009},"end":{"line":24,"column":7010}},"loc":{"start":{"line":24,"column":7020},"end":{"line":24,"column":7060}},"line":24},"440":{"name":"(anonymous_440)","decl":{"start":{"line":24,"column":7093},"end":{"line":24,"column":7094}},"loc":{"start":{"line":24,"column":7104},"end":{"line":24,"column":7185}},"line":24},"441":{"name":"(anonymous_441)","decl":{"start":{"line":24,"column":7200},"end":{"line":24,"column":7201}},"loc":{"start":{"line":24,"column":7211},"end":{"line":24,"column":7235}},"line":24},"442":{"name":"(anonymous_442)","decl":{"start":{"line":24,"column":7244},"end":{"line":24,"column":7245}},"loc":{"start":{"line":24,"column":7254},"end":{"line":24,"column":7303}},"line":24},"443":{"name":"(anonymous_443)","decl":{"start":{"line":24,"column":7323},"end":{"line":24,"column":7324}},"loc":{"start":{"line":24,"column":7334},"end":{"line":24,"column":7356}},"line":24},"444":{"name":"(anonymous_444)","decl":{"start":{"line":24,"column":7386},"end":{"line":24,"column":7387}},"loc":{"start":{"line":24,"column":7397},"end":{"line":24,"column":7435}},"line":24},"445":{"name":"(anonymous_445)","decl":{"start":{"line":24,"column":7462},"end":{"line":24,"column":7463}},"loc":{"start":{"line":24,"column":7472},"end":{"line":24,"column":7924}},"line":24},"446":{"name":"(anonymous_446)","decl":{"start":{"line":24,"column":7949},"end":{"line":24,"column":7950}},"loc":{"start":{"line":24,"column":7959},"end":{"line":24,"column":8386}},"line":24},"447":{"name":"(anonymous_447)","decl":{"start":{"line":24,"column":8414},"end":{"line":24,"column":8415}},"loc":{"start":{"line":24,"column":8424},"end":{"line":24,"column":8613}},"line":24},"448":{"name":"(anonymous_448)","decl":{"start":{"line":24,"column":8637},"end":{"line":24,"column":8638}},"loc":{"start":{"line":24,"column":8647},"end":{"line":24,"column":8930}},"line":24},"449":{"name":"(anonymous_449)","decl":{"start":{"line":24,"column":8965},"end":{"line":24,"column":8966}},"loc":{"start":{"line":24,"column":8975},"end":{"line":24,"column":9236}},"line":24},"450":{"name":"(anonymous_450)","decl":{"start":{"line":24,"column":9269},"end":{"line":24,"column":9270}},"loc":{"start":{"line":24,"column":9279},"end":{"line":24,"column":9523}},"line":24},"451":{"name":"(anonymous_451)","decl":{"start":{"line":24,"column":9559},"end":{"line":24,"column":9560}},"loc":{"start":{"line":24,"column":9569},"end":{"line":24,"column":9905}},"line":24},"452":{"name":"(anonymous_452)","decl":{"start":{"line":24,"column":9927},"end":{"line":24,"column":9928}},"loc":{"start":{"line":24,"column":9937},"end":{"line":24,"column":10233}},"line":24},"453":{"name":"(anonymous_453)","decl":{"start":{"line":24,"column":10258},"end":{"line":24,"column":10259}},"loc":{"start":{"line":24,"column":10268},"end":{"line":24,"column":10908}},"line":24},"454":{"name":"(anonymous_454)","decl":{"start":{"line":24,"column":10920},"end":{"line":24,"column":10921}},"loc":{"start":{"line":24,"column":10930},"end":{"line":24,"column":10946}},"line":24},"455":{"name":"(anonymous_455)","decl":{"start":{"line":24,"column":10967},"end":{"line":24,"column":10968}},"loc":{"start":{"line":24,"column":10977},"end":{"line":24,"column":11022}},"line":24},"456":{"name":"(anonymous_456)","decl":{"start":{"line":24,"column":11031},"end":{"line":24,"column":11032}},"loc":{"start":{"line":24,"column":11041},"end":{"line":24,"column":11056}},"line":24},"457":{"name":"(anonymous_457)","decl":{"start":{"line":24,"column":11078},"end":{"line":24,"column":11079}},"loc":{"start":{"line":24,"column":11088},"end":{"line":24,"column":11105}},"line":24},"458":{"name":"(anonymous_458)","decl":{"start":{"line":24,"column":11127},"end":{"line":24,"column":11128}},"loc":{"start":{"line":24,"column":11137},"end":{"line":24,"column":11154}},"line":24},"459":{"name":"(anonymous_459)","decl":{"start":{"line":24,"column":11164},"end":{"line":24,"column":11165}},"loc":{"start":{"line":24,"column":11174},"end":{"line":24,"column":11205}},"line":24},"460":{"name":"(anonymous_460)","decl":{"start":{"line":24,"column":11222},"end":{"line":24,"column":11223}},"loc":{"start":{"line":24,"column":11233},"end":{"line":24,"column":11255}},"line":24},"461":{"name":"(anonymous_461)","decl":{"start":{"line":24,"column":11282},"end":{"line":24,"column":11283}},"loc":{"start":{"line":24,"column":11293},"end":{"line":24,"column":11315}},"line":24},"462":{"name":"(anonymous_462)","decl":{"start":{"line":24,"column":11334},"end":{"line":24,"column":11335}},"loc":{"start":{"line":24,"column":11345},"end":{"line":24,"column":11908}},"line":24},"463":{"name":"(anonymous_463)","decl":{"start":{"line":24,"column":11923},"end":{"line":24,"column":11924}},"loc":{"start":{"line":24,"column":11934},"end":{"line":24,"column":12847}},"line":24},"464":{"name":"(anonymous_464)","decl":{"start":{"line":24,"column":12863},"end":{"line":24,"column":12864}},"loc":{"start":{"line":24,"column":12874},"end":{"line":24,"column":13114}},"line":24},"465":{"name":"(anonymous_465)","decl":{"start":{"line":24,"column":13142},"end":{"line":24,"column":13143}},"loc":{"start":{"line":24,"column":13152},"end":{"line":24,"column":13169}},"line":24},"466":{"name":"(anonymous_466)","decl":{"start":{"line":24,"column":13194},"end":{"line":24,"column":13195}},"loc":{"start":{"line":24,"column":13204},"end":{"line":24,"column":13221}},"line":24},"467":{"name":"(anonymous_467)","decl":{"start":{"line":24,"column":13238},"end":{"line":24,"column":13239}},"loc":{"start":{"line":24,"column":13248},"end":{"line":24,"column":13303}},"line":24},"468":{"name":"(anonymous_468)","decl":{"start":{"line":24,"column":13317},"end":{"line":24,"column":13318}},"loc":{"start":{"line":24,"column":13328},"end":{"line":24,"column":13981}},"line":24},"469":{"name":"(anonymous_469)","decl":{"start":{"line":24,"column":13999},"end":{"line":24,"column":14000}},"loc":{"start":{"line":24,"column":14010},"end":{"line":24,"column":14132}},"line":24},"470":{"name":"(anonymous_470)","decl":{"start":{"line":24,"column":14141},"end":{"line":24,"column":14142}},"loc":{"start":{"line":24,"column":14151},"end":{"line":24,"column":14215}},"line":24},"471":{"name":"(anonymous_471)","decl":{"start":{"line":24,"column":14229},"end":{"line":24,"column":14230}},"loc":{"start":{"line":24,"column":14239},"end":{"line":24,"column":14469}},"line":24},"472":{"name":"(anonymous_472)","decl":{"start":{"line":24,"column":14490},"end":{"line":24,"column":14491}},"loc":{"start":{"line":24,"column":14500},"end":{"line":24,"column":15165}},"line":24},"473":{"name":"(anonymous_473)","decl":{"start":{"line":24,"column":15182},"end":{"line":24,"column":15183}},"loc":{"start":{"line":24,"column":15192},"end":{"line":24,"column":15458}},"line":24},"474":{"name":"(anonymous_474)","decl":{"start":{"line":24,"column":15473},"end":{"line":24,"column":15474}},"loc":{"start":{"line":24,"column":15484},"end":{"line":24,"column":15959}},"line":24},"475":{"name":"(anonymous_475)","decl":{"start":{"line":24,"column":15971},"end":{"line":24,"column":15972}},"loc":{"start":{"line":24,"column":15984},"end":{"line":24,"column":16007}},"line":24},"476":{"name":"(anonymous_476)","decl":{"start":{"line":24,"column":16033},"end":{"line":24,"column":16034}},"loc":{"start":{"line":24,"column":16046},"end":{"line":24,"column":16167}},"line":24},"477":{"name":"(anonymous_477)","decl":{"start":{"line":24,"column":16184},"end":{"line":24,"column":16185}},"loc":{"start":{"line":24,"column":16197},"end":{"line":24,"column":16369}},"line":24},"478":{"name":"(anonymous_478)","decl":{"start":{"line":24,"column":16380},"end":{"line":24,"column":16381}},"loc":{"start":{"line":24,"column":16393},"end":{"line":24,"column":16572}},"line":24},"479":{"name":"(anonymous_479)","decl":{"start":{"line":24,"column":16586},"end":{"line":24,"column":16587}},"loc":{"start":{"line":24,"column":16597},"end":{"line":24,"column":17218}},"line":24},"480":{"name":"(anonymous_480)","decl":{"start":{"line":24,"column":17243},"end":{"line":24,"column":17244}},"loc":{"start":{"line":24,"column":17256},"end":{"line":24,"column":17280}},"line":24},"481":{"name":"(anonymous_481)","decl":{"start":{"line":24,"column":17293},"end":{"line":24,"column":17294}},"loc":{"start":{"line":24,"column":17306},"end":{"line":24,"column":17574}},"line":24},"482":{"name":"(anonymous_482)","decl":{"start":{"line":24,"column":17586},"end":{"line":24,"column":17587}},"loc":{"start":{"line":24,"column":17596},"end":{"line":24,"column":17609}},"line":24},"483":{"name":"(anonymous_483)","decl":{"start":{"line":24,"column":17620},"end":{"line":24,"column":17621}},"loc":{"start":{"line":24,"column":17633},"end":{"line":24,"column":17656}},"line":24},"484":{"name":"(anonymous_484)","decl":{"start":{"line":24,"column":17673},"end":{"line":24,"column":17674}},"loc":{"start":{"line":24,"column":17684},"end":{"line":24,"column":18477}},"line":24},"485":{"name":"(anonymous_485)","decl":{"start":{"line":24,"column":18492},"end":{"line":24,"column":18493}},"loc":{"start":{"line":24,"column":18505},"end":{"line":24,"column":18724}},"line":24},"486":{"name":"(anonymous_486)","decl":{"start":{"line":24,"column":18754},"end":{"line":24,"column":18755}},"loc":{"start":{"line":24,"column":18767},"end":{"line":24,"column":18905}},"line":24},"487":{"name":"(anonymous_487)","decl":{"start":{"line":24,"column":18917},"end":{"line":24,"column":18918}},"loc":{"start":{"line":24,"column":18927},"end":{"line":24,"column":19034}},"line":24},"488":{"name":"(anonymous_488)","decl":{"start":{"line":24,"column":19055},"end":{"line":24,"column":19056}},"loc":{"start":{"line":24,"column":19065},"end":{"line":24,"column":19114}},"line":24},"489":{"name":"(anonymous_489)","decl":{"start":{"line":24,"column":19134},"end":{"line":24,"column":19135}},"loc":{"start":{"line":24,"column":19144},"end":{"line":24,"column":19238}},"line":24},"490":{"name":"J","decl":{"start":{"line":24,"column":19248},"end":{"line":24,"column":19249}},"loc":{"start":{"line":24,"column":19252},"end":{"line":24,"column":19456}},"line":24},"491":{"name":"ie","decl":{"start":{"line":24,"column":19465},"end":{"line":24,"column":19467}},"loc":{"start":{"line":24,"column":19474},"end":{"line":24,"column":19514}},"line":24},"492":{"name":"st","decl":{"start":{"line":24,"column":19523},"end":{"line":24,"column":19525}},"loc":{"start":{"line":24,"column":19534},"end":{"line":24,"column":20002}},"line":24},"493":{"name":"an","decl":{"start":{"line":24,"column":20011},"end":{"line":24,"column":20013}},"loc":{"start":{"line":24,"column":20020},"end":{"line":24,"column":20227}},"line":24},"494":{"name":"vp","decl":{"start":{"line":24,"column":20236},"end":{"line":24,"column":20238}},"loc":{"start":{"line":24,"column":20243},"end":{"line":24,"column":20522}},"line":24},"495":{"name":"(anonymous_495)","decl":{"start":{"line":24,"column":20528},"end":{"line":24,"column":20529}},"loc":{"start":{"line":24,"column":20538},"end":{"line":24,"column":22172}},"line":24},"496":{"name":"e","decl":{"start":{"line":24,"column":20548},"end":{"line":24,"column":20549}},"loc":{"start":{"line":24,"column":20556},"end":{"line":24,"column":20654}},"line":24},"497":{"name":"r","decl":{"start":{"line":24,"column":20663},"end":{"line":24,"column":20664}},"loc":{"start":{"line":24,"column":20673},"end":{"line":24,"column":20771}},"line":24},"498":{"name":"t","decl":{"start":{"line":24,"column":20780},"end":{"line":24,"column":20781}},"loc":{"start":{"line":24,"column":20790},"end":{"line":24,"column":20885}},"line":24},"499":{"name":"(anonymous_499)","decl":{"start":{"line":24,"column":20892},"end":{"line":24,"column":20893}},"loc":{"start":{"line":24,"column":20913},"end":{"line":24,"column":22171}},"line":24},"500":{"name":"y","decl":{"start":{"line":24,"column":22184},"end":{"line":24,"column":22185}},"loc":{"start":{"line":24,"column":22194},"end":{"line":24,"column":23160}},"line":24},"501":{"name":"xe","decl":{"start":{"line":24,"column":23169},"end":{"line":24,"column":23171}},"loc":{"start":{"line":24,"column":23178},"end":{"line":24,"column":23552}},"line":24},"502":{"name":"mn","decl":{"start":{"line":24,"column":23561},"end":{"line":24,"column":23563}},"loc":{"start":{"line":24,"column":23568},"end":{"line":24,"column":23614}},"line":24},"503":{"name":"pn","decl":{"start":{"line":24,"column":23623},"end":{"line":24,"column":23625}},"loc":{"start":{"line":24,"column":23632},"end":{"line":24,"column":23708}},"line":24},"504":{"name":"we","decl":{"start":{"line":24,"column":23717},"end":{"line":24,"column":23719}},"loc":{"start":{"line":24,"column":23726},"end":{"line":24,"column":23778}},"line":24},"505":{"name":"Qs","decl":{"start":{"line":24,"column":23787},"end":{"line":24,"column":23789}},"loc":{"start":{"line":24,"column":23792},"end":{"line":24,"column":23890}},"line":24},"506":{"name":"We","decl":{"start":{"line":24,"column":23899},"end":{"line":24,"column":23901}},"loc":{"start":{"line":24,"column":23904},"end":{"line":24,"column":23939}},"line":24},"507":{"name":"Gs","decl":{"start":{"line":24,"column":23948},"end":{"line":24,"column":23950}},"loc":{"start":{"line":24,"column":23959},"end":{"line":24,"column":24147}},"line":24},"508":{"name":"Ls","decl":{"start":{"line":24,"column":24156},"end":{"line":24,"column":24158}},"loc":{"start":{"line":24,"column":24161},"end":{"line":24,"column":24189}},"line":24},"509":{"name":"Ws","decl":{"start":{"line":24,"column":24198},"end":{"line":24,"column":24200}},"loc":{"start":{"line":24,"column":24207},"end":{"line":24,"column":24337}},"line":24},"510":{"name":"Bi","decl":{"start":{"line":24,"column":24346},"end":{"line":24,"column":24348}},"loc":{"start":{"line":24,"column":24353},"end":{"line":24,"column":24932}},"line":24},"511":{"name":"Je","decl":{"start":{"line":24,"column":24941},"end":{"line":24,"column":24943}},"loc":{"start":{"line":24,"column":24948},"end":{"line":24,"column":25887}},"line":24},"512":{"name":"Js","decl":{"start":{"line":24,"column":25896},"end":{"line":24,"column":25898}},"loc":{"start":{"line":24,"column":25901},"end":{"line":24,"column":25927}},"line":24},"513":{"name":"ln","decl":{"start":{"line":24,"column":25936},"end":{"line":24,"column":25938}},"loc":{"start":{"line":24,"column":25943},"end":{"line":24,"column":26488}},"line":24},"514":{"name":"Pp","decl":{"start":{"line":24,"column":26497},"end":{"line":24,"column":26499}},"loc":{"start":{"line":24,"column":26504},"end":{"line":24,"column":27145}},"line":24},"515":{"name":"Tp","decl":{"start":{"line":24,"column":27154},"end":{"line":24,"column":27156}},"loc":{"start":{"line":24,"column":27161},"end":{"line":24,"column":27408}},"line":24},"516":{"name":"Pr","decl":{"start":{"line":24,"column":27417},"end":{"line":24,"column":27419}},"loc":{"start":{"line":24,"column":27430},"end":{"line":24,"column":27736}},"line":24},"517":{"name":"fn","decl":{"start":{"line":24,"column":27745},"end":{"line":24,"column":27747}},"loc":{"start":{"line":24,"column":27752},"end":{"line":24,"column":27784}},"line":24},"518":{"name":"Hs","decl":{"start":{"line":24,"column":27793},"end":{"line":24,"column":27795}},"loc":{"start":{"line":24,"column":27800},"end":{"line":24,"column":28044}},"line":24},"519":{"name":"Ui","decl":{"start":{"line":24,"column":28053},"end":{"line":24,"column":28055}},"loc":{"start":{"line":24,"column":28064},"end":{"line":24,"column":29174}},"line":24},"520":{"name":"Ms","decl":{"start":{"line":24,"column":29183},"end":{"line":24,"column":29185}},"loc":{"start":{"line":24,"column":29190},"end":{"line":24,"column":29226}},"line":24},"521":{"name":"Sp","decl":{"start":{"line":24,"column":29235},"end":{"line":24,"column":29237}},"loc":{"start":{"line":24,"column":29240},"end":{"line":24,"column":29266}},"line":24},"522":{"name":"Rp","decl":{"start":{"line":24,"column":29275},"end":{"line":24,"column":29277}},"loc":{"start":{"line":24,"column":29280},"end":{"line":24,"column":29307}},"line":24},"523":{"name":"Cp","decl":{"start":{"line":24,"column":29316},"end":{"line":24,"column":29318}},"loc":{"start":{"line":24,"column":29321},"end":{"line":24,"column":29349}},"line":24},"524":{"name":"Ap","decl":{"start":{"line":24,"column":29358},"end":{"line":24,"column":29360}},"loc":{"start":{"line":24,"column":29365},"end":{"line":24,"column":29393}},"line":24},"525":{"name":"Ip","decl":{"start":{"line":24,"column":29402},"end":{"line":24,"column":29404}},"loc":{"start":{"line":24,"column":29407},"end":{"line":24,"column":29434}},"line":24},"526":{"name":"kp","decl":{"start":{"line":24,"column":29443},"end":{"line":24,"column":29445}},"loc":{"start":{"line":24,"column":29448},"end":{"line":24,"column":29476}},"line":24},"527":{"name":"Op","decl":{"start":{"line":24,"column":29485},"end":{"line":24,"column":29487}},"loc":{"start":{"line":24,"column":29490},"end":{"line":24,"column":29517}},"line":24},"528":{"name":"Dp","decl":{"start":{"line":24,"column":29526},"end":{"line":24,"column":29528}},"loc":{"start":{"line":24,"column":29531},"end":{"line":24,"column":29559}},"line":24},"529":{"name":"_p","decl":{"start":{"line":24,"column":29568},"end":{"line":24,"column":29570}},"loc":{"start":{"line":24,"column":29575},"end":{"line":24,"column":30019}},"line":24},"530":{"name":"Np","decl":{"start":{"line":24,"column":30028},"end":{"line":24,"column":30030}},"loc":{"start":{"line":24,"column":30033},"end":{"line":24,"column":30060}},"line":24},"531":{"name":"Fp","decl":{"start":{"line":24,"column":30069},"end":{"line":24,"column":30071}},"loc":{"start":{"line":24,"column":30074},"end":{"line":24,"column":30107}},"line":24},"532":{"name":"Lp","decl":{"start":{"line":24,"column":30116},"end":{"line":24,"column":30118}},"loc":{"start":{"line":24,"column":30125},"end":{"line":24,"column":30156}},"line":24},"533":{"name":"Mp","decl":{"start":{"line":24,"column":30165},"end":{"line":24,"column":30167}},"loc":{"start":{"line":24,"column":30170},"end":{"line":24,"column":30764}},"line":24},"534":{"name":"$p","decl":{"start":{"line":24,"column":30773},"end":{"line":24,"column":30775}},"loc":{"start":{"line":24,"column":30778},"end":{"line":24,"column":30804}},"line":24},"535":{"name":"qp","decl":{"start":{"line":24,"column":30813},"end":{"line":24,"column":30815}},"loc":{"start":{"line":24,"column":30818},"end":{"line":24,"column":30845}},"line":24},"536":{"name":"Ks","decl":{"start":{"line":24,"column":30854},"end":{"line":24,"column":30856}},"loc":{"start":{"line":24,"column":30859},"end":{"line":24,"column":32437}},"line":24},"537":{"name":"i","decl":{"start":{"line":24,"column":30879},"end":{"line":24,"column":30880}},"loc":{"start":{"line":24,"column":30883},"end":{"line":24,"column":31629}},"line":24},"538":{"name":"jp","decl":{"start":{"line":24,"column":32446},"end":{"line":24,"column":32448}},"loc":{"start":{"line":24,"column":32453},"end":{"line":24,"column":32480}},"line":24},"539":{"name":"Vp","decl":{"start":{"line":24,"column":32489},"end":{"line":24,"column":32491}},"loc":{"start":{"line":24,"column":32494},"end":{"line":24,"column":32520}},"line":24},"540":{"name":"Bp","decl":{"start":{"line":24,"column":32529},"end":{"line":24,"column":32531}},"loc":{"start":{"line":24,"column":32534},"end":{"line":24,"column":32567}},"line":24},"541":{"name":"Up","decl":{"start":{"line":24,"column":32576},"end":{"line":24,"column":32578}},"loc":{"start":{"line":24,"column":32580},"end":{"line":24,"column":32761}},"line":24},"542":{"name":"$s","decl":{"start":{"line":24,"column":32770},"end":{"line":24,"column":32772}},"loc":{"start":{"line":24,"column":32775},"end":{"line":24,"column":32826}},"line":24},"543":{"name":"Qp","decl":{"start":{"line":24,"column":32835},"end":{"line":24,"column":32837}},"loc":{"start":{"line":24,"column":32840},"end":{"line":24,"column":32865}},"line":24},"544":{"name":"Gp","decl":{"start":{"line":24,"column":32874},"end":{"line":24,"column":32876}},"loc":{"start":{"line":24,"column":32881},"end":{"line":24,"column":32908}},"line":24},"545":{"name":"Wp","decl":{"start":{"line":24,"column":32917},"end":{"line":24,"column":32919}},"loc":{"start":{"line":24,"column":32922},"end":{"line":24,"column":32949}},"line":24},"546":{"name":"Jp","decl":{"start":{"line":24,"column":32958},"end":{"line":24,"column":32960}},"loc":{"start":{"line":24,"column":32963},"end":{"line":24,"column":32991}},"line":24},"547":{"name":"Hp","decl":{"start":{"line":24,"column":33000},"end":{"line":24,"column":33002}},"loc":{"start":{"line":24,"column":33004},"end":{"line":24,"column":33034}},"line":24},"548":{"name":"Kp","decl":{"start":{"line":24,"column":33043},"end":{"line":24,"column":33045}},"loc":{"start":{"line":24,"column":33047},"end":{"line":24,"column":33076}},"line":24},"549":{"name":"Yp","decl":{"start":{"line":24,"column":33085},"end":{"line":24,"column":33087}},"loc":{"start":{"line":24,"column":33092},"end":{"line":24,"column":33119}},"line":24},"550":{"name":"zp","decl":{"start":{"line":24,"column":33128},"end":{"line":24,"column":33130}},"loc":{"start":{"line":24,"column":33135},"end":{"line":24,"column":33162}},"line":24},"551":{"name":"Zp","decl":{"start":{"line":24,"column":33171},"end":{"line":24,"column":33173}},"loc":{"start":{"line":24,"column":33178},"end":{"line":24,"column":33205}},"line":24},"552":{"name":"Xp","decl":{"start":{"line":24,"column":33214},"end":{"line":24,"column":33216}},"loc":{"start":{"line":24,"column":33219},"end":{"line":24,"column":33927}},"line":24},"553":{"name":"ed","decl":{"start":{"line":24,"column":33936},"end":{"line":24,"column":33938}},"loc":{"start":{"line":24,"column":33941},"end":{"line":24,"column":33986}},"line":24},"554":{"name":"rd","decl":{"start":{"line":24,"column":33995},"end":{"line":24,"column":33997}},"loc":{"start":{"line":24,"column":34000},"end":{"line":24,"column":34052}},"line":24},"555":{"name":"td","decl":{"start":{"line":24,"column":34061},"end":{"line":24,"column":34063}},"loc":{"start":{"line":24,"column":34066},"end":{"line":24,"column":34092}},"line":24},"556":{"name":"nd","decl":{"start":{"line":24,"column":34101},"end":{"line":24,"column":34103}},"loc":{"start":{"line":24,"column":34106},"end":{"line":24,"column":34133}},"line":24},"557":{"name":"id","decl":{"start":{"line":24,"column":34142},"end":{"line":24,"column":34144}},"loc":{"start":{"line":24,"column":34147},"end":{"line":24,"column":34174}},"line":24},"558":{"name":"od","decl":{"start":{"line":24,"column":34183},"end":{"line":24,"column":34185}},"loc":{"start":{"line":24,"column":34190},"end":{"line":24,"column":34217}},"line":24},"559":{"name":"sd","decl":{"start":{"line":24,"column":34226},"end":{"line":24,"column":34228}},"loc":{"start":{"line":24,"column":34230},"end":{"line":24,"column":34357}},"line":24},"560":{"name":"ad","decl":{"start":{"line":24,"column":34366},"end":{"line":24,"column":34368}},"loc":{"start":{"line":24,"column":34371},"end":{"line":24,"column":34397}},"line":24},"561":{"name":"ld","decl":{"start":{"line":24,"column":34406},"end":{"line":24,"column":34408}},"loc":{"start":{"line":24,"column":34411},"end":{"line":24,"column":34438}},"line":24},"562":{"name":"ud","decl":{"start":{"line":24,"column":34447},"end":{"line":24,"column":34449}},"loc":{"start":{"line":24,"column":34452},"end":{"line":24,"column":34485}},"line":24},"563":{"name":"Tr","decl":{"start":{"line":24,"column":34647},"end":{"line":24,"column":34649}},"loc":{"start":{"line":24,"column":34652},"end":{"line":24,"column":34740}},"line":24},"564":{"name":"cd","decl":{"start":{"line":24,"column":34749},"end":{"line":24,"column":34751}},"loc":{"start":{"line":24,"column":34754},"end":{"line":24,"column":34817}},"line":24},"565":{"name":"pd","decl":{"start":{"line":24,"column":34826},"end":{"line":24,"column":34828}},"loc":{"start":{"line":24,"column":34847},"end":{"line":24,"column":35129}},"line":24},"566":{"name":"(anonymous_566)","decl":{"start":{"line":24,"column":35155},"end":{"line":24,"column":35156}},"loc":{"start":{"line":24,"column":35161},"end":{"line":24,"column":35193}},"line":24},"567":{"name":"(anonymous_567)","decl":{"start":{"line":24,"column":35193},"end":{"line":24,"column":35194}},"loc":{"start":{"line":24,"column":35201},"end":{"line":24,"column":35229}},"line":24},"568":{"name":"(anonymous_568)","decl":{"start":{"line":24,"column":35229},"end":{"line":24,"column":35230}},"loc":{"start":{"line":24,"column":35245},"end":{"line":24,"column":35322}},"line":24},"569":{"name":"Ye","decl":{"start":{"line":24,"column":35333},"end":{"line":24,"column":35335}},"loc":{"start":{"line":24,"column":35338},"end":{"line":24,"column":35392}},"line":24},"570":{"name":"Ys","decl":{"start":{"line":24,"column":35401},"end":{"line":24,"column":35403}},"loc":{"start":{"line":24,"column":35408},"end":{"line":24,"column":35461}},"line":24},"571":{"name":"at","decl":{"start":{"line":24,"column":35470},"end":{"line":24,"column":35472}},"loc":{"start":{"line":24,"column":35475},"end":{"line":24,"column":35531}},"line":24},"572":{"name":"(anonymous_572)","decl":{"start":{"line":24,"column":35489},"end":{"line":24,"column":35490}},"loc":{"start":{"line":24,"column":35494},"end":{"line":24,"column":35529}},"line":24},"573":{"name":"zs","decl":{"start":{"line":24,"column":35540},"end":{"line":24,"column":35542}},"loc":{"start":{"line":24,"column":35545},"end":{"line":24,"column":35610}},"line":24},"574":{"name":"Qi","decl":{"start":{"line":24,"column":35619},"end":{"line":24,"column":35621}},"loc":{"start":{"line":24,"column":35624},"end":{"line":24,"column":35675}},"line":24},"575":{"name":"Sr","decl":{"start":{"line":24,"column":35684},"end":{"line":24,"column":35686}},"loc":{"start":{"line":24,"column":35689},"end":{"line":24,"column":35768}},"line":24},"576":{"name":"gn","decl":{"start":{"line":24,"column":35777},"end":{"line":24,"column":35779}},"loc":{"start":{"line":24,"column":35782},"end":{"line":24,"column":35820}},"line":24},"577":{"name":"Rr","decl":{"start":{"line":24,"column":35829},"end":{"line":24,"column":35831}},"loc":{"start":{"line":24,"column":35834},"end":{"line":24,"column":35984}},"line":24},"578":{"name":"(anonymous_578)","decl":{"start":{"line":24,"column":36013},"end":{"line":24,"column":36014}},"loc":{"start":{"line":24,"column":36017},"end":{"line":24,"column":36019}},"line":24},"579":{"name":"(anonymous_579)","decl":{"start":{"line":24,"column":36046},"end":{"line":24,"column":36047}},"loc":{"start":{"line":24,"column":36050},"end":{"line":24,"column":36052}},"line":24},"580":{"name":"dd","decl":{"start":{"line":24,"column":36064},"end":{"line":24,"column":36066}},"loc":{"start":{"line":24,"column":36069},"end":{"line":24,"column":36121}},"line":24},"581":{"name":"(anonymous_581)","decl":{"start":{"line":24,"column":36109},"end":{"line":24,"column":36110}},"loc":{"start":{"line":24,"column":36112},"end":{"line":24,"column":36118}},"line":24},"582":{"name":"(anonymous_582)","decl":{"start":{"line":24,"column":36129},"end":{"line":24,"column":36130}},"loc":{"start":{"line":24,"column":36133},"end":{"line":24,"column":36632}},"line":24},"583":{"name":"(anonymous_583)","decl":{"start":{"line":24,"column":36722},"end":{"line":24,"column":36723}},"loc":{"start":{"line":24,"column":36725},"end":{"line":24,"column":36733}},"line":24},"584":{"name":"(anonymous_584)","decl":{"start":{"line":24,"column":36783},"end":{"line":24,"column":36784}},"loc":{"start":{"line":24,"column":36786},"end":{"line":24,"column":36794}},"line":24},"585":{"name":"(anonymous_585)","decl":{"start":{"line":24,"column":36802},"end":{"line":24,"column":36803}},"loc":{"start":{"line":24,"column":36805},"end":{"line":24,"column":36813}},"line":24},"586":{"name":"(anonymous_586)","decl":{"start":{"line":24,"column":36854},"end":{"line":24,"column":36855}},"loc":{"start":{"line":24,"column":36857},"end":{"line":24,"column":36858}},"line":24},"587":{"name":"(anonymous_587)","decl":{"start":{"line":24,"column":36994},"end":{"line":24,"column":36995}},"loc":{"start":{"line":24,"column":37005},"end":{"line":24,"column":37207}},"line":24},"588":{"name":"(anonymous_588)","decl":{"start":{"line":24,"column":37213},"end":{"line":24,"column":37214}},"loc":{"start":{"line":24,"column":37224},"end":{"line":24,"column":37278}},"line":24},"589":{"name":"(anonymous_589)","decl":{"start":{"line":24,"column":37285},"end":{"line":24,"column":37286}},"loc":{"start":{"line":24,"column":37296},"end":{"line":24,"column":37364}},"line":24},"590":{"name":"e","decl":{"start":{"line":24,"column":37380},"end":{"line":24,"column":37381}},"loc":{"start":{"line":24,"column":37386},"end":{"line":24,"column":37674}},"line":24},"591":{"name":"(anonymous_591)","decl":{"start":{"line":24,"column":37625},"end":{"line":24,"column":37626}},"loc":{"start":{"line":24,"column":37638},"end":{"line":24,"column":37651}},"line":24},"592":{"name":"(anonymous_592)","decl":{"start":{"line":24,"column":37694},"end":{"line":24,"column":37695}},"loc":{"start":{"line":24,"column":37707},"end":{"line":24,"column":37777}},"line":24},"593":{"name":"(anonymous_593)","decl":{"start":{"line":24,"column":37791},"end":{"line":24,"column":37792}},"loc":{"start":{"line":24,"column":37808},"end":{"line":24,"column":38066}},"line":24},"594":{"name":"(anonymous_594)","decl":{"start":{"line":24,"column":38023},"end":{"line":24,"column":38024}},"loc":{"start":{"line":24,"column":38036},"end":{"line":24,"column":38062}},"line":24},"595":{"name":"e","decl":{"start":{"line":24,"column":38080},"end":{"line":24,"column":38081}},"loc":{"start":{"line":24,"column":38090},"end":{"line":24,"column":38305}},"line":24},"596":{"name":"(anonymous_596)","decl":{"start":{"line":24,"column":38328},"end":{"line":24,"column":38329}},"loc":{"start":{"line":24,"column":38343},"end":{"line":24,"column":38539}},"line":24},"597":{"name":"(anonymous_597)","decl":{"start":{"line":24,"column":38553},"end":{"line":24,"column":38554}},"loc":{"start":{"line":24,"column":38576},"end":{"line":24,"column":39694}},"line":24},"598":{"name":"(anonymous_598)","decl":{"start":{"line":24,"column":39704},"end":{"line":24,"column":39705}},"loc":{"start":{"line":24,"column":39717},"end":{"line":24,"column":39820}},"line":24},"599":{"name":"(anonymous_599)","decl":{"start":{"line":24,"column":39839},"end":{"line":24,"column":39840}},"loc":{"start":{"line":24,"column":39852},"end":{"line":24,"column":39898}},"line":24},"600":{"name":"(anonymous_600)","decl":{"start":{"line":24,"column":39903},"end":{"line":24,"column":39904}},"loc":{"start":{"line":24,"column":39916},"end":{"line":24,"column":39987}},"line":24},"601":{"name":"ge","decl":{"start":{"line":24,"column":43968},"end":{"line":24,"column":43970}},"loc":{"start":{"line":24,"column":43981},"end":{"line":24,"column":44067}},"line":24},"602":{"name":"(anonymous_602)","decl":{"start":{"line":24,"column":44080},"end":{"line":24,"column":44081}},"loc":{"start":{"line":24,"column":44093},"end":{"line":24,"column":44215}},"line":24},"603":{"name":"(anonymous_603)","decl":{"start":{"line":24,"column":44145},"end":{"line":24,"column":44146}},"loc":{"start":{"line":24,"column":44156},"end":{"line":24,"column":44182}},"line":24},"604":{"name":"gd","decl":{"start":{"line":24,"column":44225},"end":{"line":24,"column":44227}},"loc":{"start":{"line":24,"column":44230},"end":{"line":24,"column":44248}},"line":24},"605":{"name":"Xs","decl":{"start":{"line":24,"column":44257},"end":{"line":24,"column":44259}},"loc":{"start":{"line":24,"column":44262},"end":{"line":24,"column":44299}},"line":24},"606":{"name":"hd","decl":{"start":{"line":24,"column":44308},"end":{"line":24,"column":44310}},"loc":{"start":{"line":24,"column":44315},"end":{"line":24,"column":44372}},"line":24},"607":{"name":"(anonymous_607)","decl":{"start":{"line":24,"column":44343},"end":{"line":24,"column":44344}},"loc":{"start":{"line":24,"column":44346},"end":{"line":24,"column":44361}},"line":24},"608":{"name":"ea","decl":{"start":{"line":24,"column":44381},"end":{"line":24,"column":44383}},"loc":{"start":{"line":24,"column":44386},"end":{"line":24,"column":44400}},"line":24},"609":{"name":"(anonymous_609)","decl":{"start":{"line":24,"column":44437},"end":{"line":24,"column":44438}},"loc":{"start":{"line":24,"column":44451},"end":{"line":24,"column":44541}},"line":24},"610":{"name":"(anonymous_610)","decl":{"start":{"line":24,"column":44541},"end":{"line":24,"column":44542}},"loc":{"start":{"line":24,"column":44562},"end":{"line":24,"column":44604}},"line":24},"611":{"name":"(anonymous_611)","decl":{"start":{"line":24,"column":44604},"end":{"line":24,"column":44605}},"loc":{"start":{"line":24,"column":44620},"end":{"line":24,"column":44657}},"line":24},"612":{"name":"(anonymous_612)","decl":{"start":{"line":24,"column":44657},"end":{"line":24,"column":44658}},"loc":{"start":{"line":24,"column":44677},"end":{"line":24,"column":44726}},"line":24},"613":{"name":"(anonymous_613)","decl":{"start":{"line":24,"column":44726},"end":{"line":24,"column":44727}},"loc":{"start":{"line":24,"column":44740},"end":{"line":24,"column":44918}},"line":24},"614":{"name":"(anonymous_614)","decl":{"start":{"line":24,"column":44918},"end":{"line":24,"column":44919}},"loc":{"start":{"line":24,"column":44929},"end":{"line":24,"column":45016}},"line":24},"615":{"name":"(anonymous_615)","decl":{"start":{"line":24,"column":44979},"end":{"line":24,"column":44980}},"loc":{"start":{"line":24,"column":44986},"end":{"line":24,"column":45013}},"line":24},"616":{"name":"(anonymous_616)","decl":{"start":{"line":24,"column":45016},"end":{"line":24,"column":45017}},"loc":{"start":{"line":24,"column":45025},"end":{"line":24,"column":45068}},"line":24},"617":{"name":"(anonymous_617)","decl":{"start":{"line":24,"column":45068},"end":{"line":24,"column":45069}},"loc":{"start":{"line":24,"column":45088},"end":{"line":24,"column":45145}},"line":24},"618":{"name":"(anonymous_618)","decl":{"start":{"line":24,"column":45110},"end":{"line":24,"column":45111}},"loc":{"start":{"line":24,"column":45117},"end":{"line":24,"column":45143}},"line":24},"619":{"name":"(anonymous_619)","decl":{"start":{"line":24,"column":45145},"end":{"line":24,"column":45146}},"loc":{"start":{"line":24,"column":45155},"end":{"line":26,"column":4}},"line":24},"620":{"name":"(anonymous_620)","decl":{"start":{"line":26,"column":4},"end":{"line":26,"column":5}},"loc":{"start":{"line":26,"column":15},"end":{"line":27,"column":4}},"line":26},"621":{"name":"(anonymous_621)","decl":{"start":{"line":27,"column":4},"end":{"line":27,"column":5}},"loc":{"start":{"line":27,"column":14},"end":{"line":28,"column":3}},"line":27},"622":{"name":"(anonymous_622)","decl":{"start":{"line":28,"column":70},"end":{"line":28,"column":71}},"loc":{"start":{"line":28,"column":73},"end":{"line":28,"column":86}},"line":28},"623":{"name":"(anonymous_623)","decl":{"start":{"line":28,"column":96},"end":{"line":28,"column":97}},"loc":{"start":{"line":28,"column":99},"end":{"line":28,"column":100}},"line":28},"624":{"name":"(anonymous_624)","decl":{"start":{"line":28,"column":106},"end":{"line":28,"column":107}},"loc":{"start":{"line":28,"column":109},"end":{"line":28,"column":110}},"line":28},"625":{"name":"(anonymous_625)","decl":{"start":{"line":28,"column":115},"end":{"line":28,"column":116}},"loc":{"start":{"line":28,"column":118},"end":{"line":28,"column":119}},"line":28},"626":{"name":"(anonymous_626)","decl":{"start":{"line":28,"column":125},"end":{"line":28,"column":126}},"loc":{"start":{"line":28,"column":128},"end":{"line":28,"column":129}},"line":28},"627":{"name":"(anonymous_627)","decl":{"start":{"line":28,"column":140},"end":{"line":28,"column":141}},"loc":{"start":{"line":28,"column":143},"end":{"line":28,"column":144}},"line":28},"628":{"name":"(anonymous_628)","decl":{"start":{"line":28,"column":161},"end":{"line":28,"column":162}},"loc":{"start":{"line":28,"column":164},"end":{"line":28,"column":165}},"line":28},"629":{"name":"Ed","decl":{"start":{"line":28,"column":176},"end":{"line":28,"column":178}},"loc":{"start":{"line":28,"column":234},"end":{"line":28,"column":312}},"line":28},"630":{"name":"wd","decl":{"start":{"line":28,"column":321},"end":{"line":28,"column":323}},"loc":{"start":{"line":28,"column":392},"end":{"line":28,"column":1139}},"line":28},"631":{"name":"(anonymous_631)","decl":{"start":{"line":28,"column":818},"end":{"line":28,"column":819}},"loc":{"start":{"line":28,"column":821},"end":{"line":28,"column":851}},"line":28},"632":{"name":"(anonymous_632)","decl":{"start":{"line":28,"column":944},"end":{"line":28,"column":945}},"loc":{"start":{"line":28,"column":951},"end":{"line":28,"column":986}},"line":28},"633":{"name":"(anonymous_633)","decl":{"start":{"line":28,"column":997},"end":{"line":28,"column":998}},"loc":{"start":{"line":28,"column":1000},"end":{"line":28,"column":1008}},"line":28},"634":{"name":"xd","decl":{"start":{"line":28,"column":1148},"end":{"line":28,"column":1150}},"loc":{"start":{"line":28,"column":1153},"end":{"line":28,"column":1352}},"line":28},"635":{"name":"vd","decl":{"start":{"line":28,"column":1361},"end":{"line":28,"column":1363}},"loc":{"start":{"line":28,"column":1366},"end":{"line":28,"column":1446}},"line":28},"636":{"name":"Pd","decl":{"start":{"line":28,"column":1455},"end":{"line":28,"column":1457}},"loc":{"start":{"line":28,"column":1539},"end":{"line":29,"column":3}},"line":28},"637":{"name":"Td","decl":{"start":{"line":29,"column":12},"end":{"line":29,"column":14}},"loc":{"start":{"line":29,"column":17},"end":{"line":29,"column":146}},"line":29},"638":{"name":"bn","decl":{"start":{"line":29,"column":155},"end":{"line":29,"column":157}},"loc":{"start":{"line":29,"column":160},"end":{"line":29,"column":213}},"line":29},"639":{"name":"sa","decl":{"start":{"line":29,"column":237},"end":{"line":29,"column":239}},"loc":{"start":{"line":29,"column":246},"end":{"line":29,"column":326}},"line":29},"640":{"name":"(anonymous_640)","decl":{"start":{"line":29,"column":305},"end":{"line":29,"column":306}},"loc":{"start":{"line":29,"column":309},"end":{"line":29,"column":324}},"line":29},"641":{"name":"aa","decl":{"start":{"line":29,"column":335},"end":{"line":29,"column":337}},"loc":{"start":{"line":29,"column":340},"end":{"line":29,"column":396}},"line":29},"642":{"name":"(anonymous_642)","decl":{"start":{"line":29,"column":365},"end":{"line":29,"column":366}},"loc":{"start":{"line":29,"column":368},"end":{"line":29,"column":394}},"line":29},"643":{"name":"Sd","decl":{"start":{"line":29,"column":405},"end":{"line":29,"column":407}},"loc":{"start":{"line":29,"column":410},"end":{"line":29,"column":717}},"line":29},"644":{"name":"Rd","decl":{"start":{"line":29,"column":726},"end":{"line":29,"column":728}},"loc":{"start":{"line":29,"column":733},"end":{"line":29,"column":766}},"line":29},"645":{"name":"Cd","decl":{"start":{"line":29,"column":775},"end":{"line":29,"column":777}},"loc":{"start":{"line":29,"column":780},"end":{"line":29,"column":852}},"line":29},"646":{"name":"(anonymous_646)","decl":{"start":{"line":29,"column":793},"end":{"line":29,"column":794}},"loc":{"start":{"line":29,"column":800},"end":{"line":29,"column":850}},"line":29},"647":{"name":"ia","decl":{"start":{"line":29,"column":861},"end":{"line":29,"column":863}},"loc":{"start":{"line":29,"column":866},"end":{"line":29,"column":1002}},"line":29},"648":{"name":"oa","decl":{"start":{"line":29,"column":1011},"end":{"line":29,"column":1013}},"loc":{"start":{"line":29,"column":1016},"end":{"line":29,"column":1183}},"line":29},"649":{"name":"(anonymous_649)","decl":{"start":{"line":29,"column":1196},"end":{"line":29,"column":1197}},"loc":{"start":{"line":29,"column":1212},"end":{"line":29,"column":1238}},"line":29},"650":{"name":"(anonymous_650)","decl":{"start":{"line":29,"column":1252},"end":{"line":29,"column":1253}},"loc":{"start":{"line":29,"column":1266},"end":{"line":29,"column":1298}},"line":29},"651":{"name":"(anonymous_651)","decl":{"start":{"line":29,"column":1298},"end":{"line":29,"column":1299}},"loc":{"start":{"line":29,"column":1306},"end":{"line":29,"column":1528}},"line":29},"652":{"name":"(anonymous_652)","decl":{"start":{"line":29,"column":1548},"end":{"line":29,"column":1549}},"loc":{"start":{"line":29,"column":1566},"end":{"line":29,"column":1603}},"line":29},"653":{"name":"(anonymous_653)","decl":{"start":{"line":29,"column":1681},"end":{"line":29,"column":1682}},"loc":{"start":{"line":29,"column":1689},"end":{"line":29,"column":1755}},"line":29},"654":{"name":"(anonymous_654)","decl":{"start":{"line":29,"column":1755},"end":{"line":29,"column":1756}},"loc":{"start":{"line":29,"column":1791},"end":{"line":29,"column":1882}},"line":29},"655":{"name":"(anonymous_655)","decl":{"start":{"line":29,"column":1773},"end":{"line":29,"column":1774}},"loc":{"start":{"line":29,"column":1780},"end":{"line":29,"column":1790}},"line":29},"656":{"name":"(anonymous_656)","decl":{"start":{"line":29,"column":1882},"end":{"line":29,"column":1883}},"loc":{"start":{"line":29,"column":1894},"end":{"line":29,"column":1926}},"line":29},"657":{"name":"(anonymous_657)","decl":{"start":{"line":29,"column":1926},"end":{"line":29,"column":1927}},"loc":{"start":{"line":29,"column":1935},"end":{"line":29,"column":2116}},"line":29},"658":{"name":"(anonymous_658)","decl":{"start":{"line":29,"column":2116},"end":{"line":29,"column":2117}},"loc":{"start":{"line":29,"column":2129},"end":{"line":29,"column":2180}},"line":29},"659":{"name":"(anonymous_659)","decl":{"start":{"line":29,"column":2180},"end":{"line":29,"column":2181}},"loc":{"start":{"line":29,"column":2199},"end":{"line":29,"column":2244}},"line":29},"660":{"name":"(anonymous_660)","decl":{"start":{"line":29,"column":2244},"end":{"line":29,"column":2245}},"loc":{"start":{"line":29,"column":2252},"end":{"line":29,"column":2286}},"line":29},"661":{"name":"(anonymous_661)","decl":{"start":{"line":29,"column":2286},"end":{"line":29,"column":2287}},"loc":{"start":{"line":29,"column":2296},"end":{"line":29,"column":2352}},"line":29},"662":{"name":"(anonymous_662)","decl":{"start":{"line":29,"column":2352},"end":{"line":29,"column":2353}},"loc":{"start":{"line":29,"column":2370},"end":{"line":29,"column":2403}},"line":29},"663":{"name":"(anonymous_663)","decl":{"start":{"line":29,"column":2403},"end":{"line":29,"column":2404}},"loc":{"start":{"line":29,"column":2413},"end":{"line":30,"column":3}},"line":29},"664":{"name":"(anonymous_664)","decl":{"start":{"line":30,"column":3},"end":{"line":30,"column":4}},"loc":{"start":{"line":30,"column":25},"end":{"line":30,"column":57}},"line":30},"665":{"name":"(anonymous_665)","decl":{"start":{"line":30,"column":57},"end":{"line":30,"column":58}},"loc":{"start":{"line":30,"column":78},"end":{"line":30,"column":213}},"line":30},"666":{"name":"(anonymous_666)","decl":{"start":{"line":30,"column":233},"end":{"line":30,"column":234}},"loc":{"start":{"line":30,"column":247},"end":{"line":30,"column":261}},"line":30},"667":{"name":"(anonymous_667)","decl":{"start":{"line":30,"column":261},"end":{"line":30,"column":262}},"loc":{"start":{"line":30,"column":269},"end":{"line":30,"column":290}},"line":30},"668":{"name":"(anonymous_668)","decl":{"start":{"line":30,"column":290},"end":{"line":30,"column":291}},"loc":{"start":{"line":30,"column":303},"end":{"line":30,"column":329}},"line":30},"669":{"name":"(anonymous_669)","decl":{"start":{"line":30,"column":338},"end":{"line":30,"column":339}},"loc":{"start":{"line":30,"column":341},"end":{"line":30,"column":342}},"line":30},"670":{"name":"(anonymous_670)","decl":{"start":{"line":30,"column":440},"end":{"line":30,"column":441}},"loc":{"start":{"line":30,"column":448},"end":{"line":30,"column":466}},"line":30},"671":{"name":"(anonymous_671)","decl":{"start":{"line":30,"column":481},"end":{"line":30,"column":482}},"loc":{"start":{"line":30,"column":495},"end":{"line":30,"column":512}},"line":30},"672":{"name":"(anonymous_672)","decl":{"start":{"line":30,"column":534},"end":{"line":30,"column":535}},"loc":{"start":{"line":30,"column":537},"end":{"line":30,"column":538}},"line":30},"673":{"name":"(anonymous_673)","decl":{"start":{"line":30,"column":539},"end":{"line":30,"column":540}},"loc":{"start":{"line":30,"column":550},"end":{"line":30,"column":584}},"line":30},"674":{"name":"(anonymous_674)","decl":{"start":{"line":30,"column":584},"end":{"line":30,"column":585}},"loc":{"start":{"line":30,"column":595},"end":{"line":30,"column":621}},"line":30},"675":{"name":"(anonymous_675)","decl":{"start":{"line":30,"column":621},"end":{"line":30,"column":622}},"loc":{"start":{"line":30,"column":629},"end":{"line":30,"column":820}},"line":30},"676":{"name":"(anonymous_676)","decl":{"start":{"line":30,"column":734},"end":{"line":30,"column":735}},"loc":{"start":{"line":30,"column":738},"end":{"line":30,"column":818}},"line":30},"677":{"name":"(anonymous_677)","decl":{"start":{"line":30,"column":847},"end":{"line":30,"column":848}},"loc":{"start":{"line":30,"column":860},"end":{"line":30,"column":890}},"line":30},"678":{"name":"(anonymous_678)","decl":{"start":{"line":30,"column":925},"end":{"line":30,"column":926}},"loc":{"start":{"line":30,"column":935},"end":{"line":30,"column":975}},"line":30},"679":{"name":"(anonymous_679)","decl":{"start":{"line":30,"column":975},"end":{"line":30,"column":976}},"loc":{"start":{"line":30,"column":986},"end":{"line":30,"column":1008}},"line":30},"680":{"name":"(anonymous_680)","decl":{"start":{"line":30,"column":1008},"end":{"line":30,"column":1009}},"loc":{"start":{"line":30,"column":1023},"end":{"line":30,"column":1113}},"line":30},"681":{"name":"(anonymous_681)","decl":{"start":{"line":30,"column":1082},"end":{"line":30,"column":1083}},"loc":{"start":{"line":30,"column":1085},"end":{"line":30,"column":1108}},"line":30},"682":{"name":"(anonymous_682)","decl":{"start":{"line":30,"column":1113},"end":{"line":30,"column":1114}},"loc":{"start":{"line":30,"column":1121},"end":{"line":30,"column":1197}},"line":30},"683":{"name":"(anonymous_683)","decl":{"start":{"line":30,"column":1197},"end":{"line":30,"column":1198}},"loc":{"start":{"line":30,"column":1210},"end":{"line":30,"column":1301}},"line":30},"684":{"name":"(anonymous_684)","decl":{"start":{"line":30,"column":1301},"end":{"line":30,"column":1302}},"loc":{"start":{"line":30,"column":1318},"end":{"line":30,"column":1520}},"line":30},"685":{"name":"(anonymous_685)","decl":{"start":{"line":30,"column":1371},"end":{"line":30,"column":1372}},"loc":{"start":{"line":30,"column":1375},"end":{"line":30,"column":1413}},"line":30},"686":{"name":"(anonymous_686)","decl":{"start":{"line":30,"column":1460},"end":{"line":30,"column":1461}},"loc":{"start":{"line":30,"column":1464},"end":{"line":30,"column":1518}},"line":30},"687":{"name":"(anonymous_687)","decl":{"start":{"line":30,"column":1520},"end":{"line":30,"column":1521}},"loc":{"start":{"line":30,"column":1530},"end":{"line":30,"column":1532}},"line":30},"688":{"name":"(anonymous_688)","decl":{"start":{"line":30,"column":1585},"end":{"line":30,"column":1586}},"loc":{"start":{"line":30,"column":1596},"end":{"line":30,"column":1619}},"line":30},"689":{"name":"(anonymous_689)","decl":{"start":{"line":30,"column":1619},"end":{"line":30,"column":1620}},"loc":{"start":{"line":30,"column":1635},"end":{"line":30,"column":1661}},"line":30},"690":{"name":"(anonymous_690)","decl":{"start":{"line":30,"column":1661},"end":{"line":30,"column":1662}},"loc":{"start":{"line":30,"column":1672},"end":{"line":30,"column":1695}},"line":30},"691":{"name":"(anonymous_691)","decl":{"start":{"line":30,"column":1695},"end":{"line":30,"column":1696}},"loc":{"start":{"line":30,"column":1710},"end":{"line":30,"column":1911}},"line":30},"692":{"name":"(anonymous_692)","decl":{"start":{"line":30,"column":1911},"end":{"line":30,"column":1912}},"loc":{"start":{"line":30,"column":1931},"end":{"line":30,"column":1985}},"line":30},"693":{"name":"(anonymous_693)","decl":{"start":{"line":30,"column":1985},"end":{"line":30,"column":1986}},"loc":{"start":{"line":30,"column":1996},"end":{"line":30,"column":2022}},"line":30},"694":{"name":"(anonymous_694)","decl":{"start":{"line":30,"column":2022},"end":{"line":30,"column":2023}},"loc":{"start":{"line":30,"column":2039},"end":{"line":30,"column":2055}},"line":30},"695":{"name":"(anonymous_695)","decl":{"start":{"line":30,"column":2055},"end":{"line":30,"column":2056}},"loc":{"start":{"line":30,"column":2069},"end":{"line":30,"column":2092}},"line":30},"696":{"name":"(anonymous_696)","decl":{"start":{"line":30,"column":2092},"end":{"line":30,"column":2093}},"loc":{"start":{"line":30,"column":2103},"end":{"line":30,"column":2123}},"line":30},"697":{"name":"(anonymous_697)","decl":{"start":{"line":30,"column":2123},"end":{"line":30,"column":2124}},"loc":{"start":{"line":30,"column":2132},"end":{"line":30,"column":2176}},"line":30},"698":{"name":"(anonymous_698)","decl":{"start":{"line":30,"column":2176},"end":{"line":30,"column":2177}},"loc":{"start":{"line":30,"column":2192},"end":{"line":30,"column":2224}},"line":30},"699":{"name":"(anonymous_699)","decl":{"start":{"line":30,"column":2224},"end":{"line":30,"column":2225}},"loc":{"start":{"line":30,"column":2251},"end":{"line":30,"column":2365}},"line":30},"700":{"name":"(anonymous_700)","decl":{"start":{"line":30,"column":2365},"end":{"line":30,"column":2366}},"loc":{"start":{"line":30,"column":2390},"end":{"line":30,"column":2578}},"line":30},"701":{"name":"(anonymous_701)","decl":{"start":{"line":30,"column":2578},"end":{"line":30,"column":2579}},"loc":{"start":{"line":30,"column":2598},"end":{"line":30,"column":2767}},"line":30},"702":{"name":"(anonymous_702)","decl":{"start":{"line":30,"column":2767},"end":{"line":30,"column":2768}},"loc":{"start":{"line":30,"column":2790},"end":{"line":30,"column":2847}},"line":30},"703":{"name":"(anonymous_703)","decl":{"start":{"line":30,"column":2847},"end":{"line":30,"column":2848}},"loc":{"start":{"line":30,"column":2862},"end":{"line":30,"column":2960}},"line":30},"704":{"name":"(anonymous_704)","decl":{"start":{"line":30,"column":2935},"end":{"line":30,"column":2936}},"loc":{"start":{"line":30,"column":2938},"end":{"line":30,"column":2955}},"line":30},"705":{"name":"(anonymous_705)","decl":{"start":{"line":30,"column":2960},"end":{"line":30,"column":2961}},"loc":{"start":{"line":30,"column":2968},"end":{"line":30,"column":3102}},"line":30},"706":{"name":"(anonymous_706)","decl":{"start":{"line":30,"column":3102},"end":{"line":30,"column":3103}},"loc":{"start":{"line":30,"column":3112},"end":{"line":30,"column":3125}},"line":30},"707":{"name":"(anonymous_707)","decl":{"start":{"line":30,"column":3125},"end":{"line":30,"column":3126}},"loc":{"start":{"line":30,"column":3138},"end":{"line":30,"column":3229}},"line":30},"708":{"name":"(anonymous_708)","decl":{"start":{"line":30,"column":3229},"end":{"line":30,"column":3230}},"loc":{"start":{"line":30,"column":3251},"end":{"line":30,"column":3464}},"line":30},"709":{"name":"(anonymous_709)","decl":{"start":{"line":30,"column":3280},"end":{"line":30,"column":3281}},"loc":{"start":{"line":30,"column":3284},"end":{"line":30,"column":3340}},"line":30},"710":{"name":"(anonymous_710)","decl":{"start":{"line":30,"column":3389},"end":{"line":30,"column":3390}},"loc":{"start":{"line":30,"column":3393},"end":{"line":30,"column":3462}},"line":30},"711":{"name":"(anonymous_711)","decl":{"start":{"line":30,"column":3489},"end":{"line":30,"column":3490}},"loc":{"start":{"line":30,"column":3503},"end":{"line":30,"column":3524}},"line":30},"712":{"name":"(anonymous_712)","decl":{"start":{"line":30,"column":3524},"end":{"line":30,"column":3525}},"loc":{"start":{"line":30,"column":3539},"end":{"line":30,"column":3564}},"line":30},"713":{"name":"(anonymous_713)","decl":{"start":{"line":30,"column":3564},"end":{"line":30,"column":3565}},"loc":{"start":{"line":30,"column":3572},"end":{"line":30,"column":3668}},"line":30},"714":{"name":"(anonymous_714)","decl":{"start":{"line":30,"column":3668},"end":{"line":30,"column":3669}},"loc":{"start":{"line":30,"column":3678},"end":{"line":30,"column":3680}},"line":30},"715":{"name":"(anonymous_715)","decl":{"start":{"line":30,"column":3705},"end":{"line":30,"column":3706}},"loc":{"start":{"line":30,"column":3718},"end":{"line":30,"column":3852}},"line":30},"716":{"name":"(anonymous_716)","decl":{"start":{"line":30,"column":3744},"end":{"line":30,"column":3745}},"loc":{"start":{"line":30,"column":3752},"end":{"line":30,"column":3844}},"line":30},"717":{"name":"(anonymous_717)","decl":{"start":{"line":30,"column":3852},"end":{"line":30,"column":3853}},"loc":{"start":{"line":30,"column":3860},"end":{"line":30,"column":4009}},"line":30},"718":{"name":"(anonymous_718)","decl":{"start":{"line":30,"column":3924},"end":{"line":30,"column":3925}},"loc":{"start":{"line":30,"column":3928},"end":{"line":30,"column":3969}},"line":30},"719":{"name":"En","decl":{"start":{"line":30,"column":4020},"end":{"line":30,"column":4022}},"loc":{"start":{"line":30,"column":4029},"end":{"line":30,"column":4637}},"line":30},"720":{"name":"Ad","decl":{"start":{"line":30,"column":4646},"end":{"line":30,"column":4648}},"loc":{"start":{"line":30,"column":4653},"end":{"line":30,"column":4983}},"line":30},"721":{"name":"(anonymous_721)","decl":{"start":{"line":30,"column":4830},"end":{"line":30,"column":4831}},"loc":{"start":{"line":30,"column":4833},"end":{"line":30,"column":4981}},"line":30},"722":{"name":"Id","decl":{"start":{"line":30,"column":4992},"end":{"line":30,"column":4994}},"loc":{"start":{"line":30,"column":4999},"end":{"line":31,"column":76}},"line":30},"723":{"name":"(anonymous_723)","decl":{"start":{"line":30,"column":5223},"end":{"line":30,"column":5224}},"loc":{"start":{"line":30,"column":5226},"end":{"line":31,"column":74}},"line":30},"724":{"name":"kd","decl":{"start":{"line":31,"column":85},"end":{"line":31,"column":87}},"loc":{"start":{"line":31,"column":94},"end":{"line":31,"column":409}},"line":31},"725":{"name":"(anonymous_725)","decl":{"start":{"line":31,"column":344},"end":{"line":31,"column":345}},"loc":{"start":{"line":31,"column":348},"end":{"line":31,"column":407}},"line":31},"726":{"name":"Od","decl":{"start":{"line":31,"column":418},"end":{"line":31,"column":420}},"loc":{"start":{"line":31,"column":427},"end":{"line":31,"column":690}},"line":31},"727":{"name":"(anonymous_727)","decl":{"start":{"line":31,"column":539},"end":{"line":31,"column":540}},"loc":{"start":{"line":31,"column":542},"end":{"line":31,"column":688}},"line":31},"728":{"name":"Dd","decl":{"start":{"line":31,"column":699},"end":{"line":31,"column":701}},"loc":{"start":{"line":31,"column":706},"end":{"line":31,"column":1065}},"line":31},"729":{"name":"(anonymous_729)","decl":{"start":{"line":31,"column":857},"end":{"line":31,"column":858}},"loc":{"start":{"line":31,"column":860},"end":{"line":31,"column":1063}},"line":31},"730":{"name":"_d","decl":{"start":{"line":31,"column":1074},"end":{"line":31,"column":1076}},"loc":{"start":{"line":31,"column":1081},"end":{"line":31,"column":1621}},"line":31},"731":{"name":"(anonymous_731)","decl":{"start":{"line":31,"column":1459},"end":{"line":31,"column":1460}},"loc":{"start":{"line":31,"column":1462},"end":{"line":31,"column":1619}},"line":31},"732":{"name":"Nd","decl":{"start":{"line":31,"column":1630},"end":{"line":31,"column":1632}},"loc":{"start":{"line":31,"column":1637},"end":{"line":31,"column":2111}},"line":31},"733":{"name":"(anonymous_733)","decl":{"start":{"line":31,"column":1885},"end":{"line":31,"column":1886}},"loc":{"start":{"line":31,"column":1888},"end":{"line":31,"column":2109}},"line":31},"734":{"name":"Fd","decl":{"start":{"line":31,"column":2120},"end":{"line":31,"column":2122}},"loc":{"start":{"line":31,"column":2127},"end":{"line":31,"column":2316}},"line":31},"735":{"name":"(anonymous_735)","decl":{"start":{"line":31,"column":2228},"end":{"line":31,"column":2229}},"loc":{"start":{"line":31,"column":2231},"end":{"line":31,"column":2314}},"line":31},"736":{"name":"Ld","decl":{"start":{"line":31,"column":2325},"end":{"line":31,"column":2327}},"loc":{"start":{"line":31,"column":2332},"end":{"line":31,"column":2534}},"line":31},"737":{"name":"(anonymous_737)","decl":{"start":{"line":31,"column":2495},"end":{"line":31,"column":2496}},"loc":{"start":{"line":31,"column":2498},"end":{"line":31,"column":2532}},"line":31},"738":{"name":"(anonymous_738)","decl":{"start":{"line":31,"column":2521},"end":{"line":31,"column":2522}},"loc":{"start":{"line":31,"column":2524},"end":{"line":31,"column":2530}},"line":31},"739":{"name":"Md","decl":{"start":{"line":31,"column":2543},"end":{"line":31,"column":2545}},"loc":{"start":{"line":31,"column":2550},"end":{"line":31,"column":2825}},"line":31},"740":{"name":"(anonymous_740)","decl":{"start":{"line":31,"column":2779},"end":{"line":31,"column":2780}},"loc":{"start":{"line":31,"column":2782},"end":{"line":31,"column":2823}},"line":31},"741":{"name":"(anonymous_741)","decl":{"start":{"line":31,"column":2812},"end":{"line":31,"column":2813}},"loc":{"start":{"line":31,"column":2815},"end":{"line":31,"column":2821}},"line":31},"742":{"name":"da","decl":{"start":{"line":31,"column":2834},"end":{"line":31,"column":2836}},"loc":{"start":{"line":31,"column":2843},"end":{"line":31,"column":2988}},"line":31},"743":{"name":"$d","decl":{"start":{"line":31,"column":2997},"end":{"line":31,"column":2999}},"loc":{"start":{"line":31,"column":3004},"end":{"line":31,"column":3651}},"line":31},"744":{"name":"(anonymous_744)","decl":{"start":{"line":31,"column":3029},"end":{"line":31,"column":3030}},"loc":{"start":{"line":31,"column":3032},"end":{"line":31,"column":3176}},"line":31},"745":{"name":"ma","decl":{"start":{"line":31,"column":3660},"end":{"line":31,"column":3662}},"loc":{"start":{"line":31,"column":3665},"end":{"line":31,"column":3721}},"line":31},"746":{"name":"qd","decl":{"start":{"line":31,"column":3730},"end":{"line":31,"column":3732}},"loc":{"start":{"line":31,"column":3737},"end":{"line":31,"column":4070}},"line":31},"747":{"name":"(anonymous_747)","decl":{"start":{"line":31,"column":3900},"end":{"line":31,"column":3901}},"loc":{"start":{"line":31,"column":3903},"end":{"line":31,"column":4068}},"line":31},"748":{"name":"(anonymous_748)","decl":{"start":{"line":31,"column":3943},"end":{"line":31,"column":3944}},"loc":{"start":{"line":31,"column":3946},"end":{"line":31,"column":3956}},"line":31},"749":{"name":"jd","decl":{"start":{"line":31,"column":4079},"end":{"line":31,"column":4081}},"loc":{"start":{"line":31,"column":4086},"end":{"line":31,"column":4506}},"line":31},"750":{"name":"(anonymous_750)","decl":{"start":{"line":31,"column":4249},"end":{"line":31,"column":4250}},"loc":{"start":{"line":31,"column":4252},"end":{"line":31,"column":4504}},"line":31},"751":{"name":"(anonymous_751)","decl":{"start":{"line":31,"column":4444},"end":{"line":31,"column":4445}},"loc":{"start":{"line":31,"column":4447},"end":{"line":31,"column":4457}},"line":31},"752":{"name":"Vd","decl":{"start":{"line":31,"column":4515},"end":{"line":31,"column":4517}},"loc":{"start":{"line":31,"column":4522},"end":{"line":31,"column":4868}},"line":31},"753":{"name":"(anonymous_753)","decl":{"start":{"line":31,"column":4727},"end":{"line":31,"column":4728}},"loc":{"start":{"line":31,"column":4730},"end":{"line":31,"column":4866}},"line":31},"754":{"name":"Bd","decl":{"start":{"line":31,"column":4877},"end":{"line":31,"column":4879}},"loc":{"start":{"line":31,"column":4884},"end":{"line":31,"column":5517}},"line":31},"755":{"name":"(anonymous_755)","decl":{"start":{"line":31,"column":5098},"end":{"line":31,"column":5099}},"loc":{"start":{"line":31,"column":5101},"end":{"line":31,"column":5515}},"line":31},"756":{"name":"(anonymous_756)","decl":{"start":{"line":31,"column":5329},"end":{"line":31,"column":5330}},"loc":{"start":{"line":31,"column":5332},"end":{"line":31,"column":5350}},"line":31},"757":{"name":"Ud","decl":{"start":{"line":31,"column":5526},"end":{"line":31,"column":5528}},"loc":{"start":{"line":31,"column":5533},"end":{"line":31,"column":6308}},"line":31},"758":{"name":"(anonymous_758)","decl":{"start":{"line":31,"column":5781},"end":{"line":31,"column":5782}},"loc":{"start":{"line":31,"column":5784},"end":{"line":31,"column":6306}},"line":31},"759":{"name":"(anonymous_759)","decl":{"start":{"line":31,"column":6173},"end":{"line":31,"column":6174}},"loc":{"start":{"line":31,"column":6176},"end":{"line":31,"column":6184}},"line":31},"760":{"name":"fa","decl":{"start":{"line":31,"column":6317},"end":{"line":31,"column":6319}},"loc":{"start":{"line":31,"column":6324},"end":{"line":31,"column":6406}},"line":31},"761":{"name":"Qd","decl":{"start":{"line":31,"column":6415},"end":{"line":31,"column":6417}},"loc":{"start":{"line":31,"column":6422},"end":{"line":31,"column":6519}},"line":31},"762":{"name":"Gd","decl":{"start":{"line":31,"column":6528},"end":{"line":31,"column":6530}},"loc":{"start":{"line":31,"column":6535},"end":{"line":31,"column":6633}},"line":31},"763":{"name":"Wd","decl":{"start":{"line":31,"column":6642},"end":{"line":31,"column":6644}},"loc":{"start":{"line":31,"column":6649},"end":{"line":31,"column":6741}},"line":31},"764":{"name":"ga","decl":{"start":{"line":31,"column":6750},"end":{"line":31,"column":6752}},"loc":{"start":{"line":31,"column":6757},"end":{"line":31,"column":7261}},"line":31},"765":{"name":"ha","decl":{"start":{"line":31,"column":7270},"end":{"line":31,"column":7272}},"loc":{"start":{"line":31,"column":7277},"end":{"line":31,"column":7397}},"line":31},"766":{"name":"ct","decl":{"start":{"line":31,"column":7406},"end":{"line":31,"column":7408}},"loc":{"start":{"line":31,"column":7411},"end":{"line":31,"column":7494}},"line":31},"767":{"name":"pt","decl":{"start":{"line":31,"column":7503},"end":{"line":31,"column":7505}},"loc":{"start":{"line":31,"column":7526},"end":{"line":31,"column":7608}},"line":31},"768":{"name":"Pn","decl":{"start":{"line":31,"column":7617},"end":{"line":31,"column":7619}},"loc":{"start":{"line":31,"column":7624},"end":{"line":31,"column":7710}},"line":31},"769":{"name":"Hd","decl":{"start":{"line":31,"column":7728},"end":{"line":31,"column":7730}},"loc":{"start":{"line":31,"column":7735},"end":{"line":31,"column":7820}},"line":31},"770":{"name":"(anonymous_770)","decl":{"start":{"line":31,"column":7871},"end":{"line":31,"column":7872}},"loc":{"start":{"line":31,"column":7893},"end":{"line":31,"column":7967}},"line":31},"771":{"name":"(anonymous_771)","decl":{"start":{"line":31,"column":7967},"end":{"line":31,"column":7968}},"loc":{"start":{"line":31,"column":7988},"end":{"line":31,"column":8106}},"line":31},"772":{"name":"Dr","decl":{"start":{"line":31,"column":8117},"end":{"line":31,"column":8119}},"loc":{"start":{"line":31,"column":8122},"end":{"line":31,"column":8146}},"line":31},"773":{"name":"(anonymous_773)","decl":{"start":{"line":31,"column":8186},"end":{"line":31,"column":8187}},"loc":{"start":{"line":31,"column":8200},"end":{"line":31,"column":8320}},"line":31},"774":{"name":"(anonymous_774)","decl":{"start":{"line":31,"column":8320},"end":{"line":31,"column":8321}},"loc":{"start":{"line":31,"column":8330},"end":{"line":31,"column":8360}},"line":31},"775":{"name":"(anonymous_775)","decl":{"start":{"line":31,"column":8360},"end":{"line":31,"column":8361}},"loc":{"start":{"line":31,"column":8370},"end":{"line":31,"column":8391}},"line":31},"776":{"name":"(anonymous_776)","decl":{"start":{"line":31,"column":8413},"end":{"line":31,"column":8414}},"loc":{"start":{"line":31,"column":8428},"end":{"line":31,"column":8447}},"line":31},"777":{"name":"Hi","decl":{"start":{"line":31,"column":8710},"end":{"line":31,"column":8712}},"loc":{"start":{"line":31,"column":8717},"end":{"line":31,"column":8776}},"line":31},"778":{"name":"(anonymous_778)","decl":{"start":{"line":31,"column":8797},"end":{"line":31,"column":8798}},"loc":{"start":{"line":31,"column":8813},"end":{"line":31,"column":8839}},"line":31},"779":{"name":"(anonymous_779)","decl":{"start":{"line":31,"column":8851},"end":{"line":31,"column":8852}},"loc":{"start":{"line":31,"column":8864},"end":{"line":31,"column":8882}},"line":31},"780":{"name":"(anonymous_780)","decl":{"start":{"line":31,"column":8882},"end":{"line":31,"column":8883}},"loc":{"start":{"line":31,"column":8897},"end":{"line":31,"column":8959}},"line":31},"781":{"name":"(anonymous_781)","decl":{"start":{"line":31,"column":8959},"end":{"line":31,"column":8960}},"loc":{"start":{"line":31,"column":8967},"end":{"line":31,"column":9091}},"line":31},"782":{"name":"(anonymous_782)","decl":{"start":{"line":31,"column":9133},"end":{"line":31,"column":9134}},"loc":{"start":{"line":31,"column":9147},"end":{"line":31,"column":9165}},"line":31},"783":{"name":"(anonymous_783)","decl":{"start":{"line":31,"column":9165},"end":{"line":31,"column":9166}},"loc":{"start":{"line":31,"column":9173},"end":{"line":31,"column":9198}},"line":31},"784":{"name":"(anonymous_784)","decl":{"start":{"line":31,"column":9198},"end":{"line":31,"column":9199}},"loc":{"start":{"line":31,"column":9216},"end":{"line":31,"column":9244}},"line":31},"785":{"name":"(anonymous_785)","decl":{"start":{"line":31,"column":9244},"end":{"line":31,"column":9245}},"loc":{"start":{"line":31,"column":9264},"end":{"line":32,"column":3}},"line":31},"786":{"name":"(anonymous_786)","decl":{"start":{"line":31,"column":9295},"end":{"line":31,"column":9296}},"loc":{"start":{"line":31,"column":9298},"end":{"line":31,"column":9302}},"line":31},"787":{"name":"_r","decl":{"start":{"line":32,"column":14},"end":{"line":32,"column":16}},"loc":{"start":{"line":32,"column":19},"end":{"line":32,"column":41}},"line":32},"788":{"name":"ba","decl":{"start":{"line":32,"column":50},"end":{"line":32,"column":52}},"loc":{"start":{"line":32,"column":55},"end":{"line":32,"column":148}},"line":32},"789":{"name":"Ea","decl":{"start":{"line":32,"column":157},"end":{"line":32,"column":159}},"loc":{"start":{"line":32,"column":162},"end":{"line":32,"column":897}},"line":32},"790":{"name":"Kd","decl":{"start":{"line":32,"column":906},"end":{"line":32,"column":908}},"loc":{"start":{"line":32,"column":911},"end":{"line":32,"column":966}},"line":32},"791":{"name":"Cn","decl":{"start":{"line":32,"column":975},"end":{"line":32,"column":977}},"loc":{"start":{"line":32,"column":982},"end":{"line":32,"column":1101}},"line":32},"792":{"name":"An","decl":{"start":{"line":32,"column":1110},"end":{"line":32,"column":1112}},"loc":{"start":{"line":32,"column":1202},"end":{"line":32,"column":1389}},"line":32},"793":{"name":"Se","decl":{"start":{"line":32,"column":1398},"end":{"line":32,"column":1400}},"loc":{"start":{"line":32,"column":1403},"end":{"line":32,"column":1446}},"line":32},"794":{"name":"(anonymous_794)","decl":{"start":{"line":32,"column":1426},"end":{"line":32,"column":1427}},"loc":{"start":{"line":32,"column":1429},"end":{"line":32,"column":1444}},"line":32},"795":{"name":"xa","decl":{"start":{"line":32,"column":1455},"end":{"line":32,"column":1457}},"loc":{"start":{"line":32,"column":1464},"end":{"line":32,"column":1607}},"line":32},"796":{"name":"Yd","decl":{"start":{"line":32,"column":1616},"end":{"line":32,"column":1618}},"loc":{"start":{"line":32,"column":1621},"end":{"line":32,"column":1777}},"line":32},"797":{"name":"(anonymous_797)","decl":{"start":{"line":32,"column":1637},"end":{"line":32,"column":1638}},"loc":{"start":{"line":32,"column":1644},"end":{"line":32,"column":1727}},"line":32},"798":{"name":"(anonymous_798)","decl":{"start":{"line":32,"column":1660},"end":{"line":32,"column":1661}},"loc":{"start":{"line":32,"column":1664},"end":{"line":32,"column":1726}},"line":32},"799":{"name":"(anonymous_799)","decl":{"start":{"line":32,"column":1711},"end":{"line":32,"column":1712}},"loc":{"start":{"line":32,"column":1714},"end":{"line":32,"column":1720}},"line":32},"800":{"name":"(anonymous_800)","decl":{"start":{"line":32,"column":1740},"end":{"line":32,"column":1741}},"loc":{"start":{"line":32,"column":1744},"end":{"line":32,"column":1774}},"line":32},"801":{"name":"wa","decl":{"start":{"line":32,"column":1786},"end":{"line":32,"column":1788}},"loc":{"start":{"line":32,"column":1795},"end":{"line":32,"column":1910}},"line":32},"802":{"name":"(anonymous_802)","decl":{"start":{"line":32,"column":1810},"end":{"line":32,"column":1811}},"loc":{"start":{"line":32,"column":1836},"end":{"line":32,"column":1904}},"line":32},"803":{"name":"(anonymous_803)","decl":{"start":{"line":32,"column":1874},"end":{"line":32,"column":1875}},"loc":{"start":{"line":32,"column":1877},"end":{"line":32,"column":1881}},"line":32},"804":{"name":"zd","decl":{"start":{"line":32,"column":1919},"end":{"line":32,"column":1921}},"loc":{"start":{"line":32,"column":1928},"end":{"line":32,"column":1984}},"line":32},"805":{"name":"(anonymous_805)","decl":{"start":{"line":32,"column":1960},"end":{"line":32,"column":1961}},"loc":{"start":{"line":32,"column":1963},"end":{"line":32,"column":1981}},"line":32},"806":{"name":"va","decl":{"start":{"line":32,"column":1993},"end":{"line":32,"column":1995}},"loc":{"start":{"line":32,"column":2000},"end":{"line":32,"column":2110}},"line":32},"807":{"name":"Pa","decl":{"start":{"line":32,"column":2119},"end":{"line":32,"column":2121}},"loc":{"start":{"line":32,"column":2126},"end":{"line":32,"column":2241}},"line":32},"808":{"name":"(anonymous_808)","decl":{"start":{"line":32,"column":2254},"end":{"line":32,"column":2255}},"loc":{"start":{"line":32,"column":2270},"end":{"line":32,"column":2304}},"line":32},"809":{"name":"(anonymous_809)","decl":{"start":{"line":32,"column":2406},"end":{"line":32,"column":2407}},"loc":{"start":{"line":32,"column":2410},"end":{"line":32,"column":2541}},"line":32},"810":{"name":"(anonymous_810)","decl":{"start":{"line":32,"column":2561},"end":{"line":32,"column":2562}},"loc":{"start":{"line":32,"column":2565},"end":{"line":32,"column":2683}},"line":32},"811":{"name":"(anonymous_811)","decl":{"start":{"line":32,"column":2685},"end":{"line":32,"column":2686}},"loc":{"start":{"line":32,"column":2708},"end":{"line":32,"column":2820}},"line":32},"812":{"name":"(anonymous_812)","decl":{"start":{"line":32,"column":2755},"end":{"line":32,"column":2756}},"loc":{"start":{"line":32,"column":2759},"end":{"line":32,"column":2818}},"line":32},"813":{"name":"(anonymous_813)","decl":{"start":{"line":32,"column":2820},"end":{"line":32,"column":2821}},"loc":{"start":{"line":32,"column":2844},"end":{"line":32,"column":2880}},"line":32},"814":{"name":"(anonymous_814)","decl":{"start":{"line":32,"column":2880},"end":{"line":32,"column":2881}},"loc":{"start":{"line":32,"column":2904},"end":{"line":32,"column":3207}},"line":32},"815":{"name":"(anonymous_815)","decl":{"start":{"line":32,"column":2952},"end":{"line":32,"column":2953}},"loc":{"start":{"line":32,"column":2956},"end":{"line":32,"column":3205}},"line":32},"816":{"name":"(anonymous_816)","decl":{"start":{"line":32,"column":3207},"end":{"line":32,"column":3208}},"loc":{"start":{"line":32,"column":3232},"end":{"line":32,"column":3798}},"line":32},"817":{"name":"(anonymous_817)","decl":{"start":{"line":32,"column":3289},"end":{"line":32,"column":3290}},"loc":{"start":{"line":32,"column":3293},"end":{"line":32,"column":3796}},"line":32},"818":{"name":"(anonymous_818)","decl":{"start":{"line":32,"column":3798},"end":{"line":32,"column":3799}},"loc":{"start":{"line":32,"column":3825},"end":{"line":32,"column":3859}},"line":32},"819":{"name":"(anonymous_819)","decl":{"start":{"line":32,"column":3872},"end":{"line":32,"column":3873}},"loc":{"start":{"line":32,"column":3886},"end":{"line":32,"column":3899}},"line":32},"820":{"name":"(anonymous_820)","decl":{"start":{"line":32,"column":3899},"end":{"line":32,"column":3900}},"loc":{"start":{"line":32,"column":3913},"end":{"line":32,"column":3927}},"line":32},"821":{"name":"(anonymous_821)","decl":{"start":{"line":32,"column":3927},"end":{"line":32,"column":3928}},"loc":{"start":{"line":32,"column":3943},"end":{"line":32,"column":3968}},"line":32},"822":{"name":"(anonymous_822)","decl":{"start":{"line":32,"column":3968},"end":{"line":32,"column":3969}},"loc":{"start":{"line":32,"column":3977},"end":{"line":32,"column":4004}},"line":32},"823":{"name":"(anonymous_823)","decl":{"start":{"line":32,"column":4004},"end":{"line":32,"column":4005}},"loc":{"start":{"line":32,"column":4013},"end":{"line":32,"column":4048}},"line":32},"824":{"name":"(anonymous_824)","decl":{"start":{"line":32,"column":4048},"end":{"line":32,"column":4049}},"loc":{"start":{"line":32,"column":4071},"end":{"line":32,"column":4114}},"line":32},"825":{"name":"(anonymous_825)","decl":{"start":{"line":32,"column":4114},"end":{"line":32,"column":4115}},"loc":{"start":{"line":32,"column":4138},"end":{"line":32,"column":4182}},"line":32},"826":{"name":"(anonymous_826)","decl":{"start":{"line":32,"column":4182},"end":{"line":32,"column":4183}},"loc":{"start":{"line":32,"column":4206},"end":{"line":32,"column":4250}},"line":32},"827":{"name":"(anonymous_827)","decl":{"start":{"line":32,"column":4250},"end":{"line":32,"column":4251}},"loc":{"start":{"line":32,"column":4275},"end":{"line":32,"column":4324}},"line":32},"828":{"name":"(anonymous_828)","decl":{"start":{"line":32,"column":4324},"end":{"line":32,"column":4325}},"loc":{"start":{"line":32,"column":4351},"end":{"line":32,"column":4402}},"line":32},"829":{"name":"(anonymous_829)","decl":{"start":{"line":32,"column":4417},"end":{"line":32,"column":4418}},"loc":{"start":{"line":32,"column":4431},"end":{"line":32,"column":4444}},"line":32},"830":{"name":"Ta","decl":{"start":{"line":32,"column":4455},"end":{"line":32,"column":4457}},"loc":{"start":{"line":32,"column":4460},"end":{"line":32,"column":4484}},"line":32},"831":{"name":"Sa","decl":{"start":{"line":32,"column":4493},"end":{"line":32,"column":4495}},"loc":{"start":{"line":32,"column":4498},"end":{"line":32,"column":4516}},"line":32},"832":{"name":"(anonymous_832)","decl":{"start":{"line":32,"column":4541},"end":{"line":32,"column":4542}},"loc":{"start":{"line":32,"column":4555},"end":{"line":32,"column":4631}},"line":32},"833":{"name":"(anonymous_833)","decl":{"start":{"line":32,"column":4631},"end":{"line":32,"column":4632}},"loc":{"start":{"line":32,"column":4645},"end":{"line":32,"column":4669}},"line":32},"834":{"name":"Re","decl":{"start":{"line":32,"column":4694},"end":{"line":32,"column":4696}},"loc":{"start":{"line":32,"column":4699},"end":{"line":32,"column":4723}},"line":32},"835":{"name":"Dn","decl":{"start":{"line":32,"column":5342},"end":{"line":32,"column":5344}},"loc":{"start":{"line":32,"column":5505},"end":{"line":32,"column":5755}},"line":32},"836":{"name":"bt","decl":{"start":{"line":32,"column":5764},"end":{"line":32,"column":5766}},"loc":{"start":{"line":32,"column":5798},"end":{"line":32,"column":5875}},"line":32},"837":{"name":"Xd","decl":{"start":{"line":32,"column":5884},"end":{"line":32,"column":5886}},"loc":{"start":{"line":32,"column":5895},"end":{"line":32,"column":6195}},"line":32},"838":{"name":"em","decl":{"start":{"line":32,"column":6204},"end":{"line":32,"column":6206}},"loc":{"start":{"line":32,"column":6213},"end":{"line":32,"column":6321}},"line":32},"839":{"name":"rm","decl":{"start":{"line":32,"column":6330},"end":{"line":32,"column":6332}},"loc":{"start":{"line":32,"column":6339},"end":{"line":32,"column":6722}},"line":32},"840":{"name":"tm","decl":{"start":{"line":32,"column":6731},"end":{"line":32,"column":6733}},"loc":{"start":{"line":32,"column":6740},"end":{"line":32,"column":6930}},"line":32},"841":{"name":"nm","decl":{"start":{"line":32,"column":6939},"end":{"line":32,"column":6941}},"loc":{"start":{"line":32,"column":6946},"end":{"line":32,"column":7245}},"line":32},"842":{"name":"Aa","decl":{"start":{"line":32,"column":7254},"end":{"line":32,"column":7256}},"loc":{"start":{"line":32,"column":7261},"end":{"line":32,"column":8604}},"line":32},"843":{"name":"Ia","decl":{"start":{"line":32,"column":8613},"end":{"line":32,"column":8615}},"loc":{"start":{"line":32,"column":8620},"end":{"line":32,"column":8995}},"line":32},"844":{"name":"im","decl":{"start":{"line":32,"column":9004},"end":{"line":32,"column":9006}},"loc":{"start":{"line":32,"column":9011},"end":{"line":32,"column":9462}},"line":32},"845":{"name":"om","decl":{"start":{"line":32,"column":9471},"end":{"line":32,"column":9473}},"loc":{"start":{"line":32,"column":9476},"end":{"line":32,"column":9545}},"line":32},"846":{"name":"sm","decl":{"start":{"line":32,"column":9554},"end":{"line":32,"column":9556}},"loc":{"start":{"line":32,"column":9559},"end":{"line":32,"column":9625}},"line":32},"847":{"name":"zi","decl":{"start":{"line":32,"column":9634},"end":{"line":32,"column":9636}},"loc":{"start":{"line":32,"column":9641},"end":{"line":32,"column":9810}},"line":32},"848":{"name":"(anonymous_848)","decl":{"start":{"line":32,"column":9825},"end":{"line":32,"column":9826}},"loc":{"start":{"line":32,"column":9839},"end":{"line":32,"column":10014}},"line":32},"849":{"name":"(anonymous_849)","decl":{"start":{"line":32,"column":10026},"end":{"line":32,"column":10027}},"loc":{"start":{"line":32,"column":10049},"end":{"line":32,"column":10279}},"line":32},"850":{"name":"(anonymous_850)","decl":{"start":{"line":32,"column":10279},"end":{"line":32,"column":10280}},"loc":{"start":{"line":32,"column":10297},"end":{"line":32,"column":10331}},"line":32},"851":{"name":"(anonymous_851)","decl":{"start":{"line":32,"column":10331},"end":{"line":32,"column":10332}},"loc":{"start":{"line":32,"column":10348},"end":{"line":32,"column":10381}},"line":32},"852":{"name":"(anonymous_852)","decl":{"start":{"line":32,"column":10381},"end":{"line":32,"column":10382}},"loc":{"start":{"line":32,"column":10398},"end":{"line":32,"column":10466}},"line":32},"853":{"name":"(anonymous_853)","decl":{"start":{"line":32,"column":10466},"end":{"line":32,"column":10467}},"loc":{"start":{"line":32,"column":10492},"end":{"line":32,"column":10679}},"line":32},"854":{"name":"(anonymous_854)","decl":{"start":{"line":32,"column":10610},"end":{"line":32,"column":10611}},"loc":{"start":{"line":32,"column":10614},"end":{"line":32,"column":10675}},"line":32},"855":{"name":"(anonymous_855)","decl":{"start":{"line":32,"column":10679},"end":{"line":32,"column":10680}},"loc":{"start":{"line":32,"column":10692},"end":{"line":32,"column":10795}},"line":32},"856":{"name":"(anonymous_856)","decl":{"start":{"line":32,"column":10795},"end":{"line":32,"column":10796}},"loc":{"start":{"line":32,"column":10816},"end":{"line":32,"column":10864}},"line":32},"857":{"name":"(anonymous_857)","decl":{"start":{"line":32,"column":10864},"end":{"line":32,"column":10865}},"loc":{"start":{"line":32,"column":10883},"end":{"line":32,"column":10983}},"line":32},"858":{"name":"(anonymous_858)","decl":{"start":{"line":32,"column":10983},"end":{"line":32,"column":10984}},"loc":{"start":{"line":32,"column":10995},"end":{"line":32,"column":11048}},"line":32},"859":{"name":"(anonymous_859)","decl":{"start":{"line":32,"column":11033},"end":{"line":32,"column":11034}},"loc":{"start":{"line":32,"column":11036},"end":{"line":32,"column":11046}},"line":32},"860":{"name":"(anonymous_860)","decl":{"start":{"line":32,"column":11048},"end":{"line":32,"column":11049}},"loc":{"start":{"line":32,"column":11064},"end":{"line":32,"column":11217}},"line":32},"861":{"name":"(anonymous_861)","decl":{"start":{"line":32,"column":11217},"end":{"line":32,"column":11218}},"loc":{"start":{"line":32,"column":11232},"end":{"line":32,"column":11351}},"line":32},"862":{"name":"(anonymous_862)","decl":{"start":{"line":32,"column":11351},"end":{"line":32,"column":11352}},"loc":{"start":{"line":32,"column":11374},"end":{"line":32,"column":11846}},"line":32},"863":{"name":"(anonymous_863)","decl":{"start":{"line":32,"column":11846},"end":{"line":32,"column":11847}},"loc":{"start":{"line":32,"column":11861},"end":{"line":32,"column":11941}},"line":32},"864":{"name":"ka","decl":{"start":{"line":32,"column":11952},"end":{"line":32,"column":11954}},"loc":{"start":{"line":32,"column":11957},"end":{"line":32,"column":12112}},"line":32},"865":{"name":"(anonymous_865)","decl":{"start":{"line":32,"column":12133},"end":{"line":32,"column":12134}},"loc":{"start":{"line":32,"column":12147},"end":{"line":32,"column":12163}},"line":32},"866":{"name":"(anonymous_866)","decl":{"start":{"line":32,"column":12163},"end":{"line":32,"column":12164}},"loc":{"start":{"line":32,"column":12176},"end":{"line":32,"column":12258}},"line":32},"867":{"name":"(anonymous_867)","decl":{"start":{"line":32,"column":12258},"end":{"line":32,"column":12259}},"loc":{"start":{"line":32,"column":12265},"end":{"line":32,"column":12341}},"line":32},"868":{"name":"Oa","decl":{"start":{"line":32,"column":12352},"end":{"line":32,"column":12354}},"loc":{"start":{"line":32,"column":12359},"end":{"line":32,"column":12430}},"line":32},"869":{"name":"(anonymous_869)","decl":{"start":{"line":32,"column":12369},"end":{"line":32,"column":12370}},"loc":{"start":{"line":32,"column":12373},"end":{"line":32,"column":12378}},"line":32},"870":{"name":"(anonymous_870)","decl":{"start":{"line":32,"column":12416},"end":{"line":32,"column":12417}},"loc":{"start":{"line":32,"column":12420},"end":{"line":32,"column":12427}},"line":32},"871":{"name":"am","decl":{"start":{"line":32,"column":12439},"end":{"line":32,"column":12441}},"loc":{"start":{"line":32,"column":12444},"end":{"line":32,"column":12521}},"line":32},"872":{"name":"Zi","decl":{"start":{"line":32,"column":12530},"end":{"line":32,"column":12532}},"loc":{"start":{"line":32,"column":12535},"end":{"line":32,"column":12591}},"line":32},"873":{"name":"(anonymous_873)","decl":{"start":{"line":32,"column":12565},"end":{"line":32,"column":12566}},"loc":{"start":{"line":32,"column":12575},"end":{"line":32,"column":12588}},"line":32},"874":{"name":"(anonymous_874)","decl":{"start":{"line":32,"column":12641},"end":{"line":32,"column":12642}},"loc":{"start":{"line":32,"column":12657},"end":{"line":32,"column":12730}},"line":32},"875":{"name":"(anonymous_875)","decl":{"start":{"line":32,"column":12730},"end":{"line":32,"column":12731}},"loc":{"start":{"line":32,"column":12739},"end":{"line":32,"column":12764}},"line":32},"876":{"name":"(anonymous_876)","decl":{"start":{"line":32,"column":12764},"end":{"line":32,"column":12765}},"loc":{"start":{"line":32,"column":12776},"end":{"line":32,"column":12804}},"line":32},"877":{"name":"Da","decl":{"start":{"line":32,"column":12815},"end":{"line":32,"column":12817}},"loc":{"start":{"line":32,"column":12820},"end":{"line":32,"column":12847}},"line":32},"878":{"name":"(anonymous_878)","decl":{"start":{"line":32,"column":12827},"end":{"line":32,"column":12828}},"loc":{"start":{"line":32,"column":12835},"end":{"line":32,"column":12846}},"line":32},"879":{"name":"Nn","decl":{"start":{"line":32,"column":12856},"end":{"line":32,"column":12858}},"loc":{"start":{"line":32,"column":12861},"end":{"line":32,"column":12889}},"line":32},"880":{"name":"(anonymous_880)","decl":{"start":{"line":32,"column":13032},"end":{"line":32,"column":13033}},"loc":{"start":{"line":32,"column":13048},"end":{"line":32,"column":13601}},"line":32},"881":{"name":"(anonymous_881)","decl":{"start":{"line":32,"column":13227},"end":{"line":32,"column":13228}},"loc":{"start":{"line":32,"column":13234},"end":{"line":32,"column":13270}},"line":32},"882":{"name":"(anonymous_882)","decl":{"start":{"line":32,"column":13601},"end":{"line":32,"column":13602}},"loc":{"start":{"line":32,"column":13610},"end":{"line":32,"column":13705}},"line":32},"883":{"name":"(anonymous_883)","decl":{"start":{"line":32,"column":13705},"end":{"line":32,"column":13706}},"loc":{"start":{"line":32,"column":13720},"end":{"line":32,"column":13819}},"line":32},"884":{"name":"(anonymous_884)","decl":{"start":{"line":32,"column":13819},"end":{"line":32,"column":13820}},"loc":{"start":{"line":32,"column":13829},"end":{"line":32,"column":13928}},"line":32},"885":{"name":"(anonymous_885)","decl":{"start":{"line":32,"column":13928},"end":{"line":32,"column":13929}},"loc":{"start":{"line":32,"column":13937},"end":{"line":32,"column":14018}},"line":32},"886":{"name":"_a","decl":{"start":{"line":32,"column":14029},"end":{"line":32,"column":14031}},"loc":{"start":{"line":32,"column":14050},"end":{"line":32,"column":14234}},"line":32},"887":{"name":"eo","decl":{"start":{"line":32,"column":14243},"end":{"line":32,"column":14245}},"loc":{"start":{"line":32,"column":14248},"end":{"line":32,"column":14271}},"line":32},"888":{"name":"ro","decl":{"start":{"line":32,"column":14294},"end":{"line":32,"column":14296}},"loc":{"start":{"line":32,"column":14304},"end":{"line":32,"column":14324}},"line":32},"889":{"name":"wt","decl":{"start":{"line":32,"column":14333},"end":{"line":32,"column":14335}},"loc":{"start":{"line":32,"column":14338},"end":{"line":32,"column":14413}},"line":32},"890":{"name":"(anonymous_890)","decl":{"start":{"line":32,"column":14346},"end":{"line":32,"column":14347}},"loc":{"start":{"line":32,"column":14355},"end":{"line":32,"column":14378}},"line":32},"891":{"name":"(anonymous_891)","decl":{"start":{"line":32,"column":14379},"end":{"line":32,"column":14380}},"loc":{"start":{"line":32,"column":14398},"end":{"line":32,"column":14411}},"line":32},"892":{"name":"re","decl":{"start":{"line":32,"column":14422},"end":{"line":32,"column":14424}},"loc":{"start":{"line":32,"column":14429},"end":{"line":32,"column":14490}},"line":32},"893":{"name":"(anonymous_893)","decl":{"start":{"line":32,"column":14437},"end":{"line":32,"column":14438}},"loc":{"start":{"line":32,"column":14446},"end":{"line":32,"column":14457}},"line":32},"894":{"name":"(anonymous_894)","decl":{"start":{"line":32,"column":14458},"end":{"line":32,"column":14459}},"loc":{"start":{"line":32,"column":14476},"end":{"line":32,"column":14488}},"line":32},"895":{"name":"ar","decl":{"start":{"line":32,"column":14499},"end":{"line":32,"column":14501}},"loc":{"start":{"line":32,"column":14504},"end":{"line":32,"column":14689}},"line":32},"896":{"name":"(anonymous_896)","decl":{"start":{"line":32,"column":14525},"end":{"line":32,"column":14526}},"loc":{"start":{"line":32,"column":14534},"end":{"line":32,"column":14554}},"line":32},"897":{"name":"(anonymous_897)","decl":{"start":{"line":32,"column":14555},"end":{"line":32,"column":14556}},"loc":{"start":{"line":32,"column":14574},"end":{"line":32,"column":14625}},"line":32},"898":{"name":"(anonymous_898)","decl":{"start":{"line":32,"column":14598},"end":{"line":32,"column":14599}},"loc":{"start":{"line":32,"column":14602},"end":{"line":32,"column":14623}},"line":32},"899":{"name":"(anonymous_899)","decl":{"start":{"line":32,"column":14626},"end":{"line":32,"column":14627}},"loc":{"start":{"line":32,"column":14650},"end":{"line":32,"column":14687}},"line":32},"900":{"name":"Ln","decl":{"start":{"line":32,"column":14749},"end":{"line":32,"column":14751}},"loc":{"start":{"line":32,"column":14754},"end":{"line":32,"column":14929}},"line":32},"901":{"name":"(anonymous_901)","decl":{"start":{"line":32,"column":14794},"end":{"line":32,"column":14795}},"loc":{"start":{"line":32,"column":14798},"end":{"line":32,"column":14814}},"line":32},"902":{"name":"(anonymous_902)","decl":{"start":{"line":32,"column":14840},"end":{"line":32,"column":14841}},"loc":{"start":{"line":32,"column":14844},"end":{"line":32,"column":14846}},"line":32},"903":{"name":"(anonymous_903)","decl":{"start":{"line":32,"column":14851},"end":{"line":32,"column":14852}},"loc":{"start":{"line":32,"column":14858},"end":{"line":32,"column":14866}},"line":32},"904":{"name":"(anonymous_904)","decl":{"start":{"line":32,"column":14871},"end":{"line":32,"column":14872}},"loc":{"start":{"line":32,"column":14880},"end":{"line":32,"column":14908}},"line":32},"905":{"name":"(anonymous_905)","decl":{"start":{"line":32,"column":14917},"end":{"line":32,"column":14918}},"loc":{"start":{"line":32,"column":14921},"end":{"line":32,"column":14927}},"line":32},"906":{"name":"he","decl":{"start":{"line":32,"column":14986},"end":{"line":32,"column":14988}},"loc":{"start":{"line":32,"column":14993},"end":{"line":32,"column":15786}},"line":32},"907":{"name":"(anonymous_907)","decl":{"start":{"line":32,"column":15031},"end":{"line":32,"column":15032}},"loc":{"start":{"line":32,"column":15039},"end":{"line":32,"column":15115}},"line":32},"908":{"name":"(anonymous_908)","decl":{"start":{"line":32,"column":15116},"end":{"line":32,"column":15117}},"loc":{"start":{"line":32,"column":15124},"end":{"line":32,"column":15202}},"line":32},"909":{"name":"(anonymous_909)","decl":{"start":{"line":32,"column":15203},"end":{"line":32,"column":15204}},"loc":{"start":{"line":32,"column":15213},"end":{"line":32,"column":15311}},"line":32},"910":{"name":"(anonymous_910)","decl":{"start":{"line":32,"column":15312},"end":{"line":32,"column":15313}},"loc":{"start":{"line":32,"column":15322},"end":{"line":32,"column":15415}},"line":32},"911":{"name":"(anonymous_911)","decl":{"start":{"line":32,"column":15416},"end":{"line":32,"column":15417}},"loc":{"start":{"line":32,"column":15445},"end":{"line":32,"column":15613}},"line":32},"912":{"name":"(anonymous_912)","decl":{"start":{"line":32,"column":15614},"end":{"line":32,"column":15615}},"loc":{"start":{"line":32,"column":15635},"end":{"line":32,"column":15682}},"line":32},"913":{"name":"(anonymous_913)","decl":{"start":{"line":32,"column":15698},"end":{"line":32,"column":15699}},"loc":{"start":{"line":32,"column":15702},"end":{"line":32,"column":15718}},"line":32},"914":{"name":"(anonymous_914)","decl":{"start":{"line":32,"column":15734},"end":{"line":32,"column":15735}},"loc":{"start":{"line":32,"column":15744},"end":{"line":32,"column":15783}},"line":32},"915":{"name":"lm","decl":{"start":{"line":32,"column":15795},"end":{"line":32,"column":15797}},"loc":{"start":{"line":32,"column":15800},"end":{"line":32,"column":15884}},"line":32},"916":{"name":"La","decl":{"start":{"line":32,"column":15893},"end":{"line":32,"column":15895}},"loc":{"start":{"line":32,"column":15900},"end":{"line":32,"column":15944}},"line":32},"917":{"name":"(anonymous_917)","decl":{"start":{"line":32,"column":15917},"end":{"line":32,"column":15918}},"loc":{"start":{"line":32,"column":15920},"end":{"line":32,"column":15942}},"line":32},"918":{"name":"Lr","decl":{"start":{"line":32,"column":15953},"end":{"line":32,"column":15955}},"loc":{"start":{"line":32,"column":15958},"end":{"line":32,"column":16024}},"line":32},"919":{"name":"(anonymous_919)","decl":{"start":{"line":32,"column":15966},"end":{"line":32,"column":15967}},"loc":{"start":{"line":32,"column":15975},"end":{"line":32,"column":15985}},"line":32},"920":{"name":"(anonymous_920)","decl":{"start":{"line":32,"column":15986},"end":{"line":32,"column":15987}},"loc":{"start":{"line":32,"column":15991},"end":{"line":32,"column":16001}},"line":32},"921":{"name":"(anonymous_921)","decl":{"start":{"line":32,"column":16002},"end":{"line":32,"column":16003}},"loc":{"start":{"line":32,"column":16020},"end":{"line":32,"column":16022}},"line":32},"922":{"name":"Mr","decl":{"start":{"line":32,"column":16033},"end":{"line":32,"column":16035}},"loc":{"start":{"line":32,"column":16040},"end":{"line":32,"column":16136}},"line":32},"923":{"name":"Ma","decl":{"start":{"line":32,"column":16145},"end":{"line":32,"column":16147}},"loc":{"start":{"line":32,"column":16150},"end":{"line":32,"column":16235}},"line":32},"924":{"name":"$r","decl":{"start":{"line":32,"column":16259},"end":{"line":32,"column":16261}},"loc":{"start":{"line":32,"column":16296},"end":{"line":32,"column":16479}},"line":32},"925":{"name":"cm","decl":{"start":{"line":32,"column":16488},"end":{"line":32,"column":16490}},"loc":{"start":{"line":32,"column":16495},"end":{"line":33,"column":118}},"line":32},"926":{"name":"$a","decl":{"start":{"line":33,"column":146},"end":{"line":33,"column":148}},"loc":{"start":{"line":33,"column":151},"end":{"line":34,"column":100}},"line":33},"927":{"name":"(anonymous_927)","decl":{"start":{"line":34,"column":19},"end":{"line":34,"column":20}},"loc":{"start":{"line":34,"column":32},"end":{"line":34,"column":95}},"line":34},"928":{"name":"mm","decl":{"start":{"line":34,"column":295},"end":{"line":34,"column":297}},"loc":{"start":{"line":34,"column":300},"end":{"line":34,"column":586}},"line":34},"929":{"name":"gm","decl":{"start":{"line":34,"column":718},"end":{"line":34,"column":720}},"loc":{"start":{"line":34,"column":723},"end":{"line":34,"column":840}},"line":34},"930":{"name":"bm","decl":{"start":{"line":34,"column":1041},"end":{"line":34,"column":1043}},"loc":{"start":{"line":34,"column":1046},"end":{"line":34,"column":1304}},"line":34},"931":{"name":"wm","decl":{"start":{"line":34,"column":1383},"end":{"line":34,"column":1385}},"loc":{"start":{"line":34,"column":1388},"end":{"line":34,"column":1505}},"line":34},"932":{"name":"vm","decl":{"start":{"line":34,"column":1617},"end":{"line":34,"column":1619}},"loc":{"start":{"line":34,"column":1622},"end":{"line":34,"column":1739}},"line":34},"933":{"name":"(anonymous_933)","decl":{"start":{"line":34,"column":1752},"end":{"line":34,"column":1753}},"loc":{"start":{"line":34,"column":1765},"end":{"line":34,"column":1778}},"line":34},"934":{"name":"(anonymous_934)","decl":{"start":{"line":34,"column":1796},"end":{"line":34,"column":1797}},"loc":{"start":{"line":34,"column":1809},"end":{"line":34,"column":1832}},"line":34},"935":{"name":"(anonymous_935)","decl":{"start":{"line":34,"column":1832},"end":{"line":34,"column":1833}},"loc":{"start":{"line":34,"column":1845},"end":{"line":34,"column":2438}},"line":34},"936":{"name":"(anonymous_936)","decl":{"start":{"line":34,"column":1905},"end":{"line":34,"column":1906}},"loc":{"start":{"line":34,"column":1908},"end":{"line":34,"column":2349}},"line":34},"937":{"name":"Ze","decl":{"start":{"line":34,"column":2449},"end":{"line":34,"column":2451}},"loc":{"start":{"line":34,"column":2454},"end":{"line":34,"column":2562}},"line":34},"938":{"name":"qr","decl":{"start":{"line":34,"column":2622},"end":{"line":34,"column":2624}},"loc":{"start":{"line":34,"column":2630},"end":{"line":34,"column":2748}},"line":34},"939":{"name":"(anonymous_939)","decl":{"start":{"line":34,"column":2675},"end":{"line":34,"column":2676}},"loc":{"start":{"line":34,"column":2687},"end":{"line":34,"column":2733}},"line":34},"940":{"name":"Tm","decl":{"start":{"line":34,"column":2757},"end":{"line":34,"column":2759}},"loc":{"start":{"line":34,"column":2765},"end":{"line":34,"column":2832}},"line":34},"941":{"name":"Mn","decl":{"start":{"line":34,"column":2841},"end":{"line":34,"column":2843}},"loc":{"start":{"line":34,"column":2849},"end":{"line":34,"column":2917}},"line":34},"942":{"name":"(anonymous_942)","decl":{"start":{"line":34,"column":2857},"end":{"line":34,"column":2858}},"loc":{"start":{"line":34,"column":2861},"end":{"line":34,"column":2915}},"line":34},"943":{"name":"ja","decl":{"start":{"line":34,"column":2926},"end":{"line":34,"column":2928}},"loc":{"start":{"line":34,"column":2933},"end":{"line":34,"column":3005}},"line":34},"944":{"name":"Sm","decl":{"start":{"line":34,"column":3014},"end":{"line":34,"column":3016}},"loc":{"start":{"line":34,"column":3022},"end":{"line":34,"column":3118}},"line":34},"945":{"name":"Rm","decl":{"start":{"line":34,"column":3127},"end":{"line":34,"column":3129}},"loc":{"start":{"line":34,"column":3135},"end":{"line":34,"column":3212}},"line":34},"946":{"name":"(anonymous_946)","decl":{"start":{"line":34,"column":3169},"end":{"line":34,"column":3170}},"loc":{"start":{"line":34,"column":3172},"end":{"line":34,"column":3187}},"line":34},"947":{"name":"(anonymous_947)","decl":{"start":{"line":34,"column":3188},"end":{"line":34,"column":3189}},"loc":{"start":{"line":34,"column":3191},"end":{"line":34,"column":3211}},"line":34},"948":{"name":"Va","decl":{"start":{"line":34,"column":3221},"end":{"line":34,"column":3223}},"loc":{"start":{"line":34,"column":3228},"end":{"line":34,"column":3288}},"line":34},"949":{"name":"Cm","decl":{"start":{"line":34,"column":3297},"end":{"line":34,"column":3299}},"loc":{"start":{"line":34,"column":3305},"end":{"line":34,"column":3453}},"line":34},"950":{"name":"Am","decl":{"start":{"line":34,"column":3462},"end":{"line":34,"column":3464}},"loc":{"start":{"line":34,"column":3470},"end":{"line":34,"column":3553}},"line":34},"951":{"name":"(anonymous_951)","decl":{"start":{"line":34,"column":3478},"end":{"line":34,"column":3479}},"loc":{"start":{"line":34,"column":3482},"end":{"line":34,"column":3551}},"line":34},"952":{"name":"(anonymous_952)","decl":{"start":{"line":34,"column":3521},"end":{"line":34,"column":3522}},"loc":{"start":{"line":34,"column":3524},"end":{"line":34,"column":3548}},"line":34},"953":{"name":"Ba","decl":{"start":{"line":34,"column":3562},"end":{"line":34,"column":3564}},"loc":{"start":{"line":34,"column":3569},"end":{"line":34,"column":3631}},"line":34},"954":{"name":"Ua","decl":{"start":{"line":34,"column":3640},"end":{"line":34,"column":3642}},"loc":{"start":{"line":34,"column":3649},"end":{"line":34,"column":3755}},"line":34},"955":{"name":"(anonymous_955)","decl":{"start":{"line":34,"column":3676},"end":{"line":34,"column":3677}},"loc":{"start":{"line":34,"column":3679},"end":{"line":34,"column":3686}},"line":34},"956":{"name":"(anonymous_956)","decl":{"start":{"line":34,"column":3709},"end":{"line":34,"column":3710}},"loc":{"start":{"line":34,"column":3712},"end":{"line":34,"column":3719}},"line":34},"957":{"name":"(anonymous_957)","decl":{"start":{"line":34,"column":3744},"end":{"line":34,"column":3745}},"loc":{"start":{"line":34,"column":3747},"end":{"line":34,"column":3754}},"line":34},"958":{"name":"Qa","decl":{"start":{"line":34,"column":3764},"end":{"line":34,"column":3766}},"loc":{"start":{"line":34,"column":3771},"end":{"line":34,"column":3993}},"line":34},"959":{"name":"(anonymous_959)","decl":{"start":{"line":34,"column":3794},"end":{"line":34,"column":3795}},"loc":{"start":{"line":34,"column":3797},"end":{"line":34,"column":3812}},"line":34},"960":{"name":"(anonymous_960)","decl":{"start":{"line":34,"column":3850},"end":{"line":34,"column":3851}},"loc":{"start":{"line":34,"column":3858},"end":{"line":34,"column":3968}},"line":34},"961":{"name":"(anonymous_961)","decl":{"start":{"line":34,"column":4000},"end":{"line":34,"column":4001}},"loc":{"start":{"line":34,"column":4003},"end":{"line":34,"column":4034}},"line":34},"962":{"name":"(anonymous_962)","decl":{"start":{"line":34,"column":4038},"end":{"line":34,"column":4039}},"loc":{"start":{"line":34,"column":4045},"end":{"line":34,"column":4075}},"line":34},"963":{"name":"(anonymous_963)","decl":{"start":{"line":34,"column":4058},"end":{"line":34,"column":4059}},"loc":{"start":{"line":34,"column":4065},"end":{"line":34,"column":4072}},"line":34},"964":{"name":"(anonymous_964)","decl":{"start":{"line":34,"column":4079},"end":{"line":34,"column":4080}},"loc":{"start":{"line":34,"column":4088},"end":{"line":34,"column":4164}},"line":34},"965":{"name":"(anonymous_965)","decl":{"start":{"line":34,"column":4106},"end":{"line":34,"column":4107}},"loc":{"start":{"line":34,"column":4117},"end":{"line":34,"column":4161}},"line":34},"966":{"name":"Im","decl":{"start":{"line":34,"column":4174},"end":{"line":34,"column":4176}},"loc":{"start":{"line":34,"column":4181},"end":{"line":34,"column":4233}},"line":34},"967":{"name":"km","decl":{"start":{"line":34,"column":4242},"end":{"line":34,"column":4244}},"loc":{"start":{"line":34,"column":4251},"end":{"line":34,"column":4290}},"line":34},"968":{"name":"oo","decl":{"start":{"line":34,"column":4299},"end":{"line":34,"column":4301}},"loc":{"start":{"line":34,"column":4314},"end":{"line":34,"column":4659}},"line":34},"969":{"name":"(anonymous_969)","decl":{"start":{"line":34,"column":4365},"end":{"line":34,"column":4366}},"loc":{"start":{"line":34,"column":4373},"end":{"line":34,"column":4390}},"line":34},"970":{"name":"(anonymous_970)","decl":{"start":{"line":34,"column":4403},"end":{"line":34,"column":4404}},"loc":{"start":{"line":34,"column":4406},"end":{"line":34,"column":4658}},"line":34},"971":{"name":"(anonymous_971)","decl":{"start":{"line":34,"column":4516},"end":{"line":34,"column":4517}},"loc":{"start":{"line":34,"column":4524},"end":{"line":34,"column":4608}},"line":34},"972":{"name":"Om","decl":{"start":{"line":34,"column":4668},"end":{"line":34,"column":4670}},"loc":{"start":{"line":34,"column":4675},"end":{"line":34,"column":4764}},"line":34},"973":{"name":"(anonymous_973)","decl":{"start":{"line":34,"column":4727},"end":{"line":34,"column":4728}},"loc":{"start":{"line":34,"column":4730},"end":{"line":34,"column":4747}},"line":34},"974":{"name":"(anonymous_974)","decl":{"start":{"line":34,"column":4753},"end":{"line":34,"column":4754}},"loc":{"start":{"line":34,"column":4756},"end":{"line":34,"column":4762}},"line":34},"975":{"name":"so","decl":{"start":{"line":34,"column":4917},"end":{"line":34,"column":4919}},"loc":{"start":{"line":34,"column":4924},"end":{"line":34,"column":5086}},"line":34},"976":{"name":"(anonymous_976)","decl":{"start":{"line":34,"column":5009},"end":{"line":34,"column":5010}},"loc":{"start":{"line":34,"column":5013},"end":{"line":34,"column":5014}},"line":34},"977":{"name":"(anonymous_977)","decl":{"start":{"line":34,"column":5027},"end":{"line":34,"column":5028}},"loc":{"start":{"line":34,"column":5031},"end":{"line":34,"column":5032}},"line":34},"978":{"name":"(anonymous_978)","decl":{"start":{"line":34,"column":5047},"end":{"line":34,"column":5048}},"loc":{"start":{"line":34,"column":5051},"end":{"line":34,"column":5067}},"line":34},"979":{"name":"Nm","decl":{"start":{"line":34,"column":5095},"end":{"line":34,"column":5097}},"loc":{"start":{"line":34,"column":5102},"end":{"line":34,"column":5496}},"line":34},"980":{"name":"(anonymous_980)","decl":{"start":{"line":34,"column":5156},"end":{"line":34,"column":5157}},"loc":{"start":{"line":34,"column":5165},"end":{"line":34,"column":5175}},"line":34},"981":{"name":"(anonymous_981)","decl":{"start":{"line":34,"column":5176},"end":{"line":34,"column":5177}},"loc":{"start":{"line":34,"column":5195},"end":{"line":34,"column":5494}},"line":34},"982":{"name":"(anonymous_982)","decl":{"start":{"line":34,"column":5206},"end":{"line":34,"column":5207}},"loc":{"start":{"line":34,"column":5209},"end":{"line":34,"column":5439}},"line":34},"983":{"name":"(anonymous_983)","decl":{"start":{"line":34,"column":5209},"end":{"line":34,"column":5210}},"loc":{"start":{"line":34,"column":5212},"end":{"line":34,"column":5439}},"line":34},"984":{"name":"(anonymous_984)","decl":{"start":{"line":34,"column":5268},"end":{"line":34,"column":5269}},"loc":{"start":{"line":34,"column":5271},"end":{"line":34,"column":5411}},"line":34},"985":{"name":"Fm","decl":{"start":{"line":34,"column":5505},"end":{"line":34,"column":5507}},"loc":{"start":{"line":34,"column":5510},"end":{"line":34,"column":5533}},"line":34},"986":{"name":"Lm","decl":{"start":{"line":34,"column":5542},"end":{"line":34,"column":5544}},"loc":{"start":{"line":34,"column":5549},"end":{"line":34,"column":5631}},"line":34},"987":{"name":"(anonymous_987)","decl":{"start":{"line":34,"column":5572},"end":{"line":34,"column":5573}},"loc":{"start":{"line":34,"column":5576},"end":{"line":34,"column":5628}},"line":34},"988":{"name":"Ja","decl":{"start":{"line":34,"column":5640},"end":{"line":34,"column":5642}},"loc":{"start":{"line":34,"column":5645},"end":{"line":34,"column":5688}},"line":34},"989":{"name":"(anonymous_989)","decl":{"start":{"line":34,"column":5668},"end":{"line":34,"column":5669}},"loc":{"start":{"line":34,"column":5671},"end":{"line":34,"column":5686}},"line":34},"990":{"name":"vt","decl":{"start":{"line":34,"column":5713},"end":{"line":34,"column":5715}},"loc":{"start":{"line":34,"column":5718},"end":{"line":34,"column":5860}},"line":34},"991":{"name":"(anonymous_991)","decl":{"start":{"line":34,"column":5744},"end":{"line":34,"column":5745}},"loc":{"start":{"line":34,"column":5748},"end":{"line":34,"column":5749}},"line":34},"992":{"name":"(anonymous_992)","decl":{"start":{"line":34,"column":5764},"end":{"line":34,"column":5765}},"loc":{"start":{"line":34,"column":5768},"end":{"line":34,"column":5784}},"line":34},"993":{"name":"Mm","decl":{"start":{"line":34,"column":5869},"end":{"line":34,"column":5871}},"loc":{"start":{"line":34,"column":5874},"end":{"line":34,"column":6029}},"line":34},"994":{"name":"(anonymous_994)","decl":{"start":{"line":34,"column":5975},"end":{"line":34,"column":5976}},"loc":{"start":{"line":34,"column":5984},"end":{"line":34,"column":5994}},"line":34},"995":{"name":"(anonymous_995)","decl":{"start":{"line":34,"column":5995},"end":{"line":34,"column":5996}},"loc":{"start":{"line":34,"column":6014},"end":{"line":34,"column":6027}},"line":34},"996":{"name":"$m","decl":{"start":{"line":34,"column":6038},"end":{"line":34,"column":6040}},"loc":{"start":{"line":34,"column":6043},"end":{"line":34,"column":6376}},"line":34},"997":{"name":"(anonymous_997)","decl":{"start":{"line":34,"column":6141},"end":{"line":34,"column":6142}},"loc":{"start":{"line":34,"column":6150},"end":{"line":34,"column":6160}},"line":34},"998":{"name":"(anonymous_998)","decl":{"start":{"line":34,"column":6161},"end":{"line":34,"column":6162}},"loc":{"start":{"line":34,"column":6180},"end":{"line":34,"column":6307}},"line":34},"999":{"name":"(anonymous_999)","decl":{"start":{"line":34,"column":6308},"end":{"line":34,"column":6309}},"loc":{"start":{"line":34,"column":6332},"end":{"line":34,"column":6373}},"line":34},"1000":{"name":"Ha","decl":{"start":{"line":34,"column":6385},"end":{"line":34,"column":6387}},"loc":{"start":{"line":34,"column":6390},"end":{"line":34,"column":6412}},"line":34},"1001":{"name":"Ka","decl":{"start":{"line":34,"column":6421},"end":{"line":34,"column":6423}},"loc":{"start":{"line":34,"column":6426},"end":{"line":34,"column":6801}},"line":34},"1002":{"name":"Ya","decl":{"start":{"line":34,"column":6810},"end":{"line":34,"column":6812}},"loc":{"start":{"line":34,"column":6865},"end":{"line":34,"column":7220}},"line":34},"1003":{"name":"(anonymous_1003)","decl":{"start":{"line":34,"column":7007},"end":{"line":34,"column":7008}},"loc":{"start":{"line":34,"column":7010},"end":{"line":34,"column":7014}},"line":34},"1004":{"name":"(anonymous_1004)","decl":{"start":{"line":34,"column":7097},"end":{"line":34,"column":7098}},"loc":{"start":{"line":34,"column":7100},"end":{"line":34,"column":7105}},"line":34},"1005":{"name":"qm","decl":{"start":{"line":34,"column":7229},"end":{"line":34,"column":7231}},"loc":{"start":{"line":34,"column":7236},"end":{"line":34,"column":7264}},"line":34},"1006":{"name":"(anonymous_1006)","decl":{"start":{"line":34,"column":7252},"end":{"line":34,"column":7253}},"loc":{"start":{"line":34,"column":7255},"end":{"line":34,"column":7262}},"line":34},"1007":{"name":"jm","decl":{"start":{"line":34,"column":7273},"end":{"line":34,"column":7275}},"loc":{"start":{"line":34,"column":7280},"end":{"line":34,"column":7320}},"line":34},"1008":{"name":"(anonymous_1008)","decl":{"start":{"line":34,"column":7301},"end":{"line":34,"column":7302}},"loc":{"start":{"line":34,"column":7305},"end":{"line":34,"column":7317}},"line":34},"1009":{"name":"$n","decl":{"start":{"line":34,"column":7329},"end":{"line":34,"column":7331}},"loc":{"start":{"line":34,"column":7391},"end":{"line":34,"column":7743}},"line":34},"1010":{"name":"za","decl":{"start":{"line":34,"column":7752},"end":{"line":34,"column":7754}},"loc":{"start":{"line":34,"column":7831},"end":{"line":34,"column":8103}},"line":34},"1011":{"name":"(anonymous_1011)","decl":{"start":{"line":34,"column":7930},"end":{"line":34,"column":7931}},"loc":{"start":{"line":34,"column":7933},"end":{"line":34,"column":7943}},"line":34},"1012":{"name":"Za","decl":{"start":{"line":34,"column":8112},"end":{"line":34,"column":8114}},"loc":{"start":{"line":34,"column":8190},"end":{"line":34,"column":8449}},"line":34},"1013":{"name":"(anonymous_1013)","decl":{"start":{"line":34,"column":8318},"end":{"line":34,"column":8319}},"loc":{"start":{"line":34,"column":8327},"end":{"line":34,"column":8446}},"line":34},"1014":{"name":"el","decl":{"start":{"line":34,"column":8537},"end":{"line":34,"column":8539}},"loc":{"start":{"line":34,"column":8542},"end":{"line":34,"column":8728}},"line":34},"1015":{"name":"Bm","decl":{"start":{"line":34,"column":8737},"end":{"line":34,"column":8739}},"loc":{"start":{"line":34,"column":8742},"end":{"line":34,"column":8777}},"line":34},"1016":{"name":"Um","decl":{"start":{"line":34,"column":8786},"end":{"line":34,"column":8788}},"loc":{"start":{"line":34,"column":8791},"end":{"line":34,"column":8822}},"line":34},"1017":{"name":"Pt","decl":{"start":{"line":34,"column":8831},"end":{"line":34,"column":8833}},"loc":{"start":{"line":34,"column":8836},"end":{"line":34,"column":9284}},"line":34},"1018":{"name":"tl","decl":{"start":{"line":34,"column":9293},"end":{"line":34,"column":9295}},"loc":{"start":{"line":34,"column":9306},"end":{"line":34,"column":9728}},"line":34},"1019":{"name":"(anonymous_1019)","decl":{"start":{"line":34,"column":9337},"end":{"line":34,"column":9338}},"loc":{"start":{"line":34,"column":9340},"end":{"line":34,"column":9726}},"line":34},"1020":{"name":"(anonymous_1020)","decl":{"start":{"line":34,"column":9623},"end":{"line":34,"column":9624}},"loc":{"start":{"line":34,"column":9632},"end":{"line":34,"column":9723}},"line":34},"1021":{"name":"nl","decl":{"start":{"line":34,"column":9737},"end":{"line":34,"column":9739}},"loc":{"start":{"line":34,"column":9744},"end":{"line":34,"column":9925}},"line":34},"1022":{"name":"il","decl":{"start":{"line":34,"column":9934},"end":{"line":34,"column":9936}},"loc":{"start":{"line":34,"column":9939},"end":{"line":34,"column":10050}},"line":34},"1023":{"name":"(anonymous_1023)","decl":{"start":{"line":34,"column":9947},"end":{"line":34,"column":9948}},"loc":{"start":{"line":34,"column":9950},"end":{"line":34,"column":10049}},"line":34},"1024":{"name":"ol","decl":{"start":{"line":34,"column":10059},"end":{"line":34,"column":10061}},"loc":{"start":{"line":34,"column":10070},"end":{"line":34,"column":10451}},"line":34},"1025":{"name":"(anonymous_1025)","decl":{"start":{"line":34,"column":10198},"end":{"line":34,"column":10199}},"loc":{"start":{"line":34,"column":10202},"end":{"line":34,"column":10252}},"line":34},"1026":{"name":"(anonymous_1026)","decl":{"start":{"line":34,"column":10354},"end":{"line":34,"column":10355}},"loc":{"start":{"line":34,"column":10366},"end":{"line":34,"column":10448}},"line":34},"1027":{"name":"(anonymous_1027)","decl":{"start":{"line":34,"column":10458},"end":{"line":34,"column":10459}},"loc":{"start":{"line":34,"column":10461},"end":{"line":34,"column":10462}},"line":34},"1028":{"name":"sl","decl":{"start":{"line":34,"column":10472},"end":{"line":34,"column":10474}},"loc":{"start":{"line":34,"column":10485},"end":{"line":34,"column":10504}},"line":34},"1029":{"name":"(anonymous_1029)","decl":{"start":{"line":34,"column":10493},"end":{"line":34,"column":10494}},"loc":{"start":{"line":34,"column":10496},"end":{"line":34,"column":10503}},"line":34},"1030":{"name":"ul","decl":{"start":{"line":34,"column":10583},"end":{"line":34,"column":10585}},"loc":{"start":{"line":34,"column":10627},"end":{"line":36,"column":80}},"line":34},"1031":{"name":"cl","decl":{"start":{"line":36,"column":89},"end":{"line":36,"column":91}},"loc":{"start":{"line":36,"column":96},"end":{"line":36,"column":187}},"line":36},"1032":{"name":"(anonymous_1032)","decl":{"start":{"line":36,"column":194},"end":{"line":36,"column":195}},"loc":{"start":{"line":36,"column":198},"end":{"line":36,"column":240}},"line":36},"1033":{"name":"(anonymous_1033)","decl":{"start":{"line":36,"column":244},"end":{"line":36,"column":245}},"loc":{"start":{"line":36,"column":248},"end":{"line":36,"column":301}},"line":36},"1034":{"name":"(anonymous_1034)","decl":{"start":{"line":36,"column":305},"end":{"line":36,"column":306}},"loc":{"start":{"line":36,"column":309},"end":{"line":36,"column":326}},"line":36},"1035":{"name":"(anonymous_1035)","decl":{"start":{"line":36,"column":330},"end":{"line":36,"column":331}},"loc":{"start":{"line":36,"column":334},"end":{"line":36,"column":369}},"line":36},"1036":{"name":"(anonymous_1036)","decl":{"start":{"line":36,"column":373},"end":{"line":36,"column":374}},"loc":{"start":{"line":36,"column":377},"end":{"line":36,"column":416}},"line":36},"1037":{"name":"(anonymous_1037)","decl":{"start":{"line":36,"column":420},"end":{"line":36,"column":421}},"loc":{"start":{"line":36,"column":424},"end":{"line":36,"column":478}},"line":36},"1038":{"name":"Ym","decl":{"start":{"line":36,"column":488},"end":{"line":36,"column":490}},"loc":{"start":{"line":36,"column":492},"end":{"line":36,"column":623}},"line":36},"1039":{"name":"(anonymous_1039)","decl":{"start":{"line":36,"column":592},"end":{"line":36,"column":593}},"loc":{"start":{"line":36,"column":595},"end":{"line":36,"column":611}},"line":36},"1040":{"name":"qn","decl":{"start":{"line":36,"column":926},"end":{"line":36,"column":928}},"loc":{"start":{"line":36,"column":930},"end":{"line":36,"column":1036}},"line":36},"1041":{"name":"jn","decl":{"start":{"line":36,"column":1101},"end":{"line":36,"column":1103}},"loc":{"start":{"line":36,"column":1106},"end":{"line":38,"column":10}},"line":36},"1042":{"name":"Zm","decl":{"start":{"line":38,"column":19},"end":{"line":38,"column":21}},"loc":{"start":{"line":38,"column":24},"end":{"line":38,"column":164}},"line":38},"1043":{"name":"Xe","decl":{"start":{"line":38,"column":173},"end":{"line":38,"column":175}},"loc":{"start":{"line":38,"column":178},"end":{"line":38,"column":284}},"line":38},"1044":{"name":"er","decl":{"start":{"line":38,"column":293},"end":{"line":38,"column":295}},"loc":{"start":{"line":38,"column":298},"end":{"line":40,"column":5}},"line":38},"1045":{"name":"(anonymous_1045)","decl":{"start":{"line":39,"column":22},"end":{"line":39,"column":23}},"loc":{"start":{"line":39,"column":25},"end":{"line":39,"column":33}},"line":39},"1046":{"name":"pl","decl":{"start":{"line":40,"column":14},"end":{"line":40,"column":16}},"loc":{"start":{"line":40,"column":19},"end":{"line":45,"column":10}},"line":40},"1047":{"name":"Vn","decl":{"start":{"line":45,"column":19},"end":{"line":45,"column":21}},"loc":{"start":{"line":45,"column":24},"end":{"line":46,"column":67}},"line":45},"1048":{"name":"Bn","decl":{"start":{"line":46,"column":76},"end":{"line":46,"column":78}},"loc":{"start":{"line":46,"column":81},"end":{"line":48,"column":110}},"line":46},"1049":{"name":"dl","decl":{"start":{"line":48,"column":119},"end":{"line":48,"column":121}},"loc":{"start":{"line":48,"column":124},"end":{"line":55,"column":10}},"line":48},"1050":{"name":"ml","decl":{"start":{"line":55,"column":19},"end":{"line":55,"column":21}},"loc":{"start":{"line":55,"column":24},"end":{"line":60,"column":10}},"line":55},"1051":{"name":"(anonymous_1051)","decl":{"start":{"line":55,"column":88},"end":{"line":55,"column":89}},"loc":{"start":{"line":55,"column":91},"end":{"line":55,"column":99}},"line":55},"1052":{"name":"fl","decl":{"start":{"line":60,"column":19},"end":{"line":60,"column":21}},"loc":{"start":{"line":60,"column":24},"end":{"line":67,"column":10}},"line":60},"1053":{"name":"(anonymous_1053)","decl":{"start":{"line":67,"column":65},"end":{"line":67,"column":66}},"loc":{"start":{"line":67,"column":69},"end":{"line":67,"column":112}},"line":67},"1054":{"name":"hl","decl":{"start":{"line":67,"column":128},"end":{"line":67,"column":130}},"loc":{"start":{"line":67,"column":135},"end":{"line":67,"column":829}},"line":67},"1055":{"name":"(anonymous_1055)","decl":{"start":{"line":67,"column":476},"end":{"line":67,"column":477}},"loc":{"start":{"line":67,"column":479},"end":{"line":67,"column":487}},"line":67},"1056":{"name":"(anonymous_1056)","decl":{"start":{"line":67,"column":499},"end":{"line":67,"column":500}},"loc":{"start":{"line":67,"column":502},"end":{"line":67,"column":513}},"line":67},"1057":{"name":"rf","decl":{"start":{"line":67,"column":844},"end":{"line":67,"column":846}},"loc":{"start":{"line":67,"column":851},"end":{"line":67,"column":1278}},"line":67},"1058":{"name":"yl","decl":{"start":{"line":67,"column":1287},"end":{"line":67,"column":1289}},"loc":{"start":{"line":67,"column":1294},"end":{"line":67,"column":1373}},"line":67},"1059":{"name":"bl","decl":{"start":{"line":67,"column":1397},"end":{"line":67,"column":1399}},"loc":{"start":{"line":67,"column":1402},"end":{"line":67,"column":1499}},"line":67},"1060":{"name":"(anonymous_1060)","decl":{"start":{"line":67,"column":1481},"end":{"line":67,"column":1482}},"loc":{"start":{"line":67,"column":1484},"end":{"line":67,"column":1494}},"line":67},"1061":{"name":"El","decl":{"start":{"line":67,"column":1508},"end":{"line":67,"column":1510}},"loc":{"start":{"line":67,"column":1513},"end":{"line":69,"column":3}},"line":67},"1062":{"name":"(anonymous_1062)","decl":{"start":{"line":68,"column":7},"end":{"line":68,"column":8}},"loc":{"start":{"line":68,"column":10},"end":{"line":68,"column":128}},"line":68},"1063":{"name":"xl","decl":{"start":{"line":69,"column":27},"end":{"line":69,"column":29}},"loc":{"start":{"line":69,"column":107},"end":{"line":69,"column":172}},"line":69},"1064":{"name":"vl","decl":{"start":{"line":69,"column":181},"end":{"line":69,"column":183}},"loc":{"start":{"line":69,"column":268},"end":{"line":113,"column":2}},"line":69},"1065":{"name":"uo","decl":{"start":{"line":113,"column":11},"end":{"line":113,"column":13}},"loc":{"start":{"line":113,"column":16},"end":{"line":113,"column":80}},"line":113},"1066":{"name":"Un","decl":{"start":{"line":113,"column":89},"end":{"line":113,"column":91}},"loc":{"start":{"line":113,"column":94},"end":{"line":113,"column":165}},"line":113},"1067":{"name":"(anonymous_1067)","decl":{"start":{"line":113,"column":116},"end":{"line":113,"column":117}},"loc":{"start":{"line":113,"column":122},"end":{"line":113,"column":139}},"line":113},"1068":{"name":"(anonymous_1068)","decl":{"start":{"line":113,"column":140},"end":{"line":113,"column":141}},"loc":{"start":{"line":113,"column":150},"end":{"line":113,"column":163}},"line":113},"1069":{"name":"lr","decl":{"start":{"line":113,"column":174},"end":{"line":113,"column":176}},"loc":{"start":{"line":113,"column":179},"end":{"line":113,"column":246}},"line":113},"1070":{"name":"(anonymous_1070)","decl":{"start":{"line":113,"column":201},"end":{"line":113,"column":202}},"loc":{"start":{"line":113,"column":206},"end":{"line":113,"column":220}},"line":113},"1071":{"name":"(anonymous_1071)","decl":{"start":{"line":113,"column":221},"end":{"line":113,"column":222}},"loc":{"start":{"line":113,"column":230},"end":{"line":113,"column":244}},"line":113},"1072":{"name":"(anonymous_1072)","decl":{"start":{"line":113,"column":308},"end":{"line":113,"column":309}},"loc":{"start":{"line":113,"column":323},"end":{"line":113,"column":356}},"line":113},"1073":{"name":"(anonymous_1073)","decl":{"start":{"line":113,"column":356},"end":{"line":113,"column":357}},"loc":{"start":{"line":113,"column":375},"end":{"line":113,"column":472}},"line":113},"1074":{"name":"(anonymous_1074)","decl":{"start":{"line":113,"column":481},"end":{"line":113,"column":482}},"loc":{"start":{"line":113,"column":495},"end":{"line":113,"column":893}},"line":113},"1075":{"name":"(anonymous_1075)","decl":{"start":{"line":113,"column":730},"end":{"line":113,"column":731}},"loc":{"start":{"line":113,"column":743},"end":{"line":113,"column":805}},"line":113},"1076":{"name":"(anonymous_1076)","decl":{"start":{"line":113,"column":794},"end":{"line":113,"column":795}},"loc":{"start":{"line":113,"column":797},"end":{"line":113,"column":804}},"line":113},"1077":{"name":"(anonymous_1077)","decl":{"start":{"line":113,"column":897},"end":{"line":113,"column":898}},"loc":{"start":{"line":113,"column":905},"end":{"line":113,"column":1106}},"line":113},"1078":{"name":"Me","decl":{"start":{"line":113,"column":1117},"end":{"line":113,"column":1119}},"loc":{"start":{"line":113,"column":1124},"end":{"line":113,"column":1303}},"line":113},"1079":{"name":"(anonymous_1079)","decl":{"start":{"line":113,"column":1132},"end":{"line":113,"column":1133}},"loc":{"start":{"line":113,"column":1145},"end":{"line":113,"column":1302}},"line":113},"1080":{"name":"nf","decl":{"start":{"line":113,"column":1312},"end":{"line":113,"column":1314}},"loc":{"start":{"line":113,"column":1319},"end":{"line":113,"column":1485}},"line":113},"1081":{"name":"(anonymous_1081)","decl":{"start":{"line":113,"column":1326},"end":{"line":113,"column":1327}},"loc":{"start":{"line":113,"column":1334},"end":{"line":113,"column":1484}},"line":113},"1082":{"name":"jr","decl":{"start":{"line":113,"column":1494},"end":{"line":113,"column":1496}},"loc":{"start":{"line":113,"column":1563},"end":{"line":113,"column":1906}},"line":113},"1083":{"name":"(anonymous_1083)","decl":{"start":{"line":113,"column":1953},"end":{"line":113,"column":1954}},"loc":{"start":{"line":113,"column":1969},"end":{"line":113,"column":2033}},"line":113},"1084":{"name":"(anonymous_1084)","decl":{"start":{"line":113,"column":2033},"end":{"line":113,"column":2034}},"loc":{"start":{"line":113,"column":2058},"end":{"line":113,"column":2076}},"line":113},"1085":{"name":"(anonymous_1085)","decl":{"start":{"line":113,"column":2114},"end":{"line":113,"column":2115}},"loc":{"start":{"line":113,"column":2130},"end":{"line":113,"column":2177}},"line":113},"1086":{"name":"R","decl":{"start":{"line":113,"column":2188},"end":{"line":113,"column":2189}},"loc":{"start":{"line":113,"column":2194},"end":{"line":113,"column":2222}},"line":113},"1087":{"name":"(anonymous_1087)","decl":{"start":{"line":113,"column":2283},"end":{"line":113,"column":2284}},"loc":{"start":{"line":113,"column":2297},"end":{"line":113,"column":2344}},"line":113},"1088":{"name":"(anonymous_1088)","decl":{"start":{"line":113,"column":2438},"end":{"line":113,"column":2439}},"loc":{"start":{"line":113,"column":2454},"end":{"line":113,"column":2472}},"line":113},"1089":{"name":"(anonymous_1089)","decl":{"start":{"line":113,"column":2572},"end":{"line":113,"column":2573}},"loc":{"start":{"line":113,"column":2588},"end":{"line":113,"column":2606}},"line":113},"1090":{"name":"(anonymous_1090)","decl":{"start":{"line":113,"column":2671},"end":{"line":113,"column":2672}},"loc":{"start":{"line":113,"column":2687},"end":{"line":113,"column":2851}},"line":113},"1091":{"name":"(anonymous_1091)","decl":{"start":{"line":113,"column":2915},"end":{"line":113,"column":2916}},"loc":{"start":{"line":113,"column":2929},"end":{"line":113,"column":2975}},"line":113},"1092":{"name":"(anonymous_1092)","decl":{"start":{"line":113,"column":3119},"end":{"line":113,"column":3120}},"loc":{"start":{"line":113,"column":3137},"end":{"line":113,"column":3176}},"line":113},"1093":{"name":"(anonymous_1093)","decl":{"start":{"line":113,"column":3274},"end":{"line":113,"column":3275}},"loc":{"start":{"line":113,"column":3290},"end":{"line":113,"column":3360}},"line":113},"1094":{"name":"(anonymous_1094)","decl":{"start":{"line":113,"column":3461},"end":{"line":113,"column":3462}},"loc":{"start":{"line":113,"column":3479},"end":{"line":113,"column":3509}},"line":113},"1095":{"name":"(anonymous_1095)","decl":{"start":{"line":113,"column":3612},"end":{"line":113,"column":3613}},"loc":{"start":{"line":113,"column":3626},"end":{"line":113,"column":3676}},"line":113},"1096":{"name":"(anonymous_1096)","decl":{"start":{"line":113,"column":3803},"end":{"line":113,"column":3804}},"loc":{"start":{"line":113,"column":3822},"end":{"line":113,"column":3840}},"line":113},"1097":{"name":"(anonymous_1097)","decl":{"start":{"line":113,"column":3976},"end":{"line":113,"column":3977}},"loc":{"start":{"line":113,"column":3995},"end":{"line":113,"column":4013}},"line":113},"1098":{"name":"(anonymous_1098)","decl":{"start":{"line":113,"column":4150},"end":{"line":113,"column":4151}},"loc":{"start":{"line":113,"column":4169},"end":{"line":113,"column":4187}},"line":113},"1099":{"name":"(anonymous_1099)","decl":{"start":{"line":113,"column":4313},"end":{"line":113,"column":4314}},"loc":{"start":{"line":113,"column":4332},"end":{"line":113,"column":4350}},"line":113},"1100":{"name":"(anonymous_1100)","decl":{"start":{"line":113,"column":4460},"end":{"line":113,"column":4461}},"loc":{"start":{"line":113,"column":4478},"end":{"line":113,"column":4512}},"line":113},"1101":{"name":"(anonymous_1101)","decl":{"start":{"line":113,"column":4643},"end":{"line":113,"column":4644}},"loc":{"start":{"line":113,"column":4662},"end":{"line":113,"column":4680}},"line":113},"1102":{"name":"(anonymous_1102)","decl":{"start":{"line":113,"column":4809},"end":{"line":113,"column":4810}},"loc":{"start":{"line":113,"column":4828},"end":{"line":113,"column":4846}},"line":113},"1103":{"name":"af","decl":{"start":{"line":113,"column":4890},"end":{"line":113,"column":4892}},"loc":{"start":{"line":113,"column":4895},"end":{"line":113,"column":5637}},"line":113},"1104":{"name":"Ft","decl":{"start":{"line":113,"column":5652},"end":{"line":113,"column":5654}},"loc":{"start":{"line":113,"column":5659},"end":{"line":113,"column":7257}},"line":113},"1105":{"name":"Ur","decl":{"start":{"line":113,"column":7266},"end":{"line":113,"column":7268}},"loc":{"start":{"line":113,"column":7273},"end":{"line":113,"column":7334}},"line":113},"1106":{"name":"Tl","decl":{"start":{"line":113,"column":7343},"end":{"line":113,"column":7345}},"loc":{"start":{"line":113,"column":7348},"end":{"line":113,"column":7468}},"line":113},"1107":{"name":"(anonymous_1107)","decl":{"start":{"line":113,"column":7441},"end":{"line":113,"column":7442}},"loc":{"start":{"line":113,"column":7444},"end":{"line":113,"column":7466}},"line":113},"1108":{"name":"(anonymous_1108)","decl":{"start":{"line":113,"column":7455},"end":{"line":113,"column":7456}},"loc":{"start":{"line":113,"column":7459},"end":{"line":113,"column":7463}},"line":113},"1109":{"name":"Sl","decl":{"start":{"line":113,"column":7551},"end":{"line":113,"column":7553}},"loc":{"start":{"line":113,"column":7556},"end":{"line":113,"column":7926}},"line":113},"1110":{"name":"Rl","decl":{"start":{"line":113,"column":7935},"end":{"line":113,"column":7937}},"loc":{"start":{"line":113,"column":7940},"end":{"line":113,"column":8254}},"line":113},"1111":{"name":"(anonymous_1111)","decl":{"start":{"line":113,"column":7980},"end":{"line":113,"column":7981}},"loc":{"start":{"line":113,"column":7983},"end":{"line":113,"column":8018}},"line":113},"1112":{"name":"lf","decl":{"start":{"line":113,"column":8263},"end":{"line":113,"column":8265}},"loc":{"start":{"line":113,"column":8268},"end":{"line":113,"column":8294}},"line":113},"1113":{"name":"Eo","decl":{"start":{"line":113,"column":8303},"end":{"line":113,"column":8305}},"loc":{"start":{"line":113,"column":8308},"end":{"line":113,"column":8332}},"line":113},"1114":{"name":"(anonymous_1114)","decl":{"start":{"line":113,"column":8580},"end":{"line":113,"column":8581}},"loc":{"start":{"line":113,"column":8596},"end":{"line":114,"column":15}},"line":113},"1115":{"name":"dr","decl":{"start":{"line":114,"column":53},"end":{"line":114,"column":55}},"loc":{"start":{"line":114,"column":67},"end":{"line":114,"column":216}},"line":114},"1116":{"name":"(anonymous_1116)","decl":{"start":{"line":114,"column":62},"end":{"line":114,"column":63}},"loc":{"start":{"line":114,"column":65},"end":{"line":114,"column":66}},"line":114},"1117":{"name":"pf","decl":{"start":{"line":114,"column":308},"end":{"line":114,"column":310}},"loc":{"start":{"line":114,"column":315},"end":{"line":114,"column":1301}},"line":114},"1118":{"name":"Il","decl":{"start":{"line":114,"column":1316},"end":{"line":114,"column":1318}},"loc":{"start":{"line":114,"column":1323},"end":{"line":114,"column":1369}},"line":114},"1119":{"name":"df","decl":{"start":{"line":114,"column":1378},"end":{"line":114,"column":1380}},"loc":{"start":{"line":114,"column":1383},"end":{"line":114,"column":1447}},"line":114},"1120":{"name":"(anonymous_1120)","decl":{"start":{"line":114,"column":1555},"end":{"line":114,"column":1556}},"loc":{"start":{"line":114,"column":1631},"end":{"line":114,"column":1719}},"line":114},"1121":{"name":"(anonymous_1121)","decl":{"start":{"line":114,"column":1719},"end":{"line":114,"column":1720}},"loc":{"start":{"line":114,"column":1769},"end":{"line":114,"column":2067}},"line":114},"1122":{"name":"(anonymous_1122)","decl":{"start":{"line":114,"column":2067},"end":{"line":114,"column":2068}},"loc":{"start":{"line":114,"column":2089},"end":{"line":114,"column":2228}},"line":114},"1123":{"name":"(anonymous_1123)","decl":{"start":{"line":114,"column":2423},"end":{"line":114,"column":2424}},"loc":{"start":{"line":114,"column":2437},"end":{"line":114,"column":2767}},"line":114},"1124":{"name":"(anonymous_1124)","decl":{"start":{"line":114,"column":2767},"end":{"line":114,"column":2768}},"loc":{"start":{"line":114,"column":2775},"end":{"line":114,"column":2809}},"line":114},"1125":{"name":"(anonymous_1125)","decl":{"start":{"line":114,"column":2809},"end":{"line":114,"column":2810}},"loc":{"start":{"line":114,"column":2818},"end":{"line":114,"column":2842}},"line":114},"1126":{"name":"(anonymous_1126)","decl":{"start":{"line":114,"column":2842},"end":{"line":114,"column":2843}},"loc":{"start":{"line":114,"column":2855},"end":{"line":114,"column":3246}},"line":114},"1127":{"name":"(anonymous_1127)","decl":{"start":{"line":114,"column":2927},"end":{"line":114,"column":2928}},"loc":{"start":{"line":114,"column":2936},"end":{"line":114,"column":3218}},"line":114},"1128":{"name":"(anonymous_1128)","decl":{"start":{"line":114,"column":3246},"end":{"line":114,"column":3247}},"loc":{"start":{"line":114,"column":3258},"end":{"line":114,"column":3260}},"line":114},"1129":{"name":"(anonymous_1129)","decl":{"start":{"line":114,"column":3260},"end":{"line":114,"column":3261}},"loc":{"start":{"line":114,"column":3290},"end":{"line":114,"column":3804}},"line":114},"1130":{"name":"(anonymous_1130)","decl":{"start":{"line":114,"column":3323},"end":{"line":114,"column":3324}},"loc":{"start":{"line":114,"column":3326},"end":{"line":114,"column":3734}},"line":114},"1131":{"name":"(anonymous_1131)","decl":{"start":{"line":114,"column":3804},"end":{"line":114,"column":3805}},"loc":{"start":{"line":114,"column":3818},"end":{"line":114,"column":3901}},"line":114},"1132":{"name":"(anonymous_1132)","decl":{"start":{"line":114,"column":3901},"end":{"line":114,"column":3902}},"loc":{"start":{"line":114,"column":3913},"end":{"line":114,"column":4021}},"line":114},"1133":{"name":"(anonymous_1133)","decl":{"start":{"line":114,"column":4021},"end":{"line":114,"column":4022}},"loc":{"start":{"line":114,"column":4041},"end":{"line":114,"column":4614}},"line":114},"1134":{"name":"(anonymous_1134)","decl":{"start":{"line":114,"column":4125},"end":{"line":114,"column":4126}},"loc":{"start":{"line":114,"column":4134},"end":{"line":114,"column":4612}},"line":114},"1135":{"name":"(anonymous_1135)","decl":{"start":{"line":114,"column":4614},"end":{"line":114,"column":4615}},"loc":{"start":{"line":114,"column":4688},"end":{"line":114,"column":4789}},"line":114},"1136":{"name":"(anonymous_1136)","decl":{"start":{"line":114,"column":4789},"end":{"line":114,"column":4790}},"loc":{"start":{"line":114,"column":4863},"end":{"line":114,"column":5156}},"line":114},"1137":{"name":"(anonymous_1137)","decl":{"start":{"line":114,"column":5024},"end":{"line":114,"column":5025}},"loc":{"start":{"line":114,"column":5028},"end":{"line":114,"column":5153}},"line":114},"1138":{"name":"(anonymous_1138)","decl":{"start":{"line":114,"column":5156},"end":{"line":114,"column":5157}},"loc":{"start":{"line":114,"column":5243},"end":{"line":114,"column":5860}},"line":114},"1139":{"name":"(anonymous_1139)","decl":{"start":{"line":114,"column":5300},"end":{"line":114,"column":5301}},"loc":{"start":{"line":114,"column":5324},"end":{"line":114,"column":5857}},"line":114},"1140":{"name":"(anonymous_1140)","decl":{"start":{"line":114,"column":5860},"end":{"line":114,"column":5861}},"loc":{"start":{"line":114,"column":5884},"end":{"line":114,"column":6856}},"line":114},"1141":{"name":"(anonymous_1141)","decl":{"start":{"line":114,"column":6021},"end":{"line":114,"column":6022}},"loc":{"start":{"line":114,"column":6045},"end":{"line":114,"column":6853}},"line":114},"1142":{"name":"(anonymous_1142)","decl":{"start":{"line":114,"column":6856},"end":{"line":114,"column":6857}},"loc":{"start":{"line":114,"column":6878},"end":{"line":114,"column":7564}},"line":114},"1143":{"name":"(anonymous_1143)","decl":{"start":{"line":114,"column":7564},"end":{"line":114,"column":7565}},"loc":{"start":{"line":114,"column":7573},"end":{"line":114,"column":7670}},"line":114},"1144":{"name":"(anonymous_1144)","decl":{"start":{"line":114,"column":7670},"end":{"line":114,"column":7671}},"loc":{"start":{"line":114,"column":7688},"end":{"line":114,"column":8210}},"line":114},"1145":{"name":"(anonymous_1145)","decl":{"start":{"line":114,"column":7713},"end":{"line":114,"column":7714}},"loc":{"start":{"line":114,"column":7716},"end":{"line":114,"column":7809}},"line":114},"1146":{"name":"(anonymous_1146)","decl":{"start":{"line":114,"column":8210},"end":{"line":114,"column":8211}},"loc":{"start":{"line":114,"column":8230},"end":{"line":114,"column":8346}},"line":114},"1147":{"name":"(anonymous_1147)","decl":{"start":{"line":114,"column":8346},"end":{"line":114,"column":8347}},"loc":{"start":{"line":114,"column":8383},"end":{"line":114,"column":8533}},"line":114},"1148":{"name":"(anonymous_1148)","decl":{"start":{"line":114,"column":8533},"end":{"line":114,"column":8534}},"loc":{"start":{"line":114,"column":8557},"end":{"line":114,"column":8601}},"line":114},"1149":{"name":"Ol","decl":{"start":{"line":114,"column":8612},"end":{"line":114,"column":8614}},"loc":{"start":{"line":114,"column":8617},"end":{"line":114,"column":8657}},"line":114},"1150":{"name":"mf","decl":{"start":{"line":114,"column":8764},"end":{"line":114,"column":8766}},"loc":{"start":{"line":114,"column":8768},"end":{"line":114,"column":8826}},"line":114},"1151":{"name":"ff","decl":{"start":{"line":114,"column":8835},"end":{"line":114,"column":8837}},"loc":{"start":{"line":114,"column":8840},"end":{"line":114,"column":9103}},"line":114},"1152":{"name":"(anonymous_1152)","decl":{"start":{"line":114,"column":9111},"end":{"line":114,"column":9112}},"loc":{"start":{"line":114,"column":9131},"end":{"line":114,"column":9336}},"line":114},"1153":{"name":"(anonymous_1153)","decl":{"start":{"line":114,"column":9248},"end":{"line":114,"column":9249}},"loc":{"start":{"line":114,"column":9252},"end":{"line":114,"column":9257}},"line":114},"1154":{"name":"(anonymous_1154)","decl":{"start":{"line":114,"column":9349},"end":{"line":114,"column":9350}},"loc":{"start":{"line":114,"column":9369},"end":{"line":114,"column":10128}},"line":114},"1155":{"name":"(anonymous_1155)","decl":{"start":{"line":114,"column":9630},"end":{"line":114,"column":9631}},"loc":{"start":{"line":114,"column":9639},"end":{"line":114,"column":9953}},"line":114},"1156":{"name":"(anonymous_1156)","decl":{"start":{"line":114,"column":9980},"end":{"line":114,"column":9981}},"loc":{"start":{"line":114,"column":9992},"end":{"line":114,"column":10021}},"line":114},"1157":{"name":"(anonymous_1157)","decl":{"start":{"line":114,"column":10022},"end":{"line":114,"column":10023}},"loc":{"start":{"line":114,"column":10028},"end":{"line":114,"column":10058}},"line":114},"1158":{"name":"(anonymous_1158)","decl":{"start":{"line":114,"column":10059},"end":{"line":114,"column":10060}},"loc":{"start":{"line":114,"column":10068},"end":{"line":114,"column":10112}},"line":114},"1159":{"name":"hf","decl":{"start":{"line":114,"column":10190},"end":{"line":114,"column":10192}},"loc":{"start":{"line":114,"column":10195},"end":{"line":114,"column":10238}},"line":114},"1160":{"name":"yf","decl":{"start":{"line":114,"column":10247},"end":{"line":114,"column":10249}},"loc":{"start":{"line":114,"column":10252},"end":{"line":114,"column":10313}},"line":114},"1161":{"name":"Ef","decl":{"start":{"line":114,"column":10375},"end":{"line":114,"column":10377}},"loc":{"start":{"line":114,"column":10379},"end":{"line":114,"column":10415}},"line":114},"1162":{"name":"(anonymous_1162)","decl":{"start":{"line":114,"column":10779},"end":{"line":114,"column":10780}},"loc":{"start":{"line":114,"column":10795},"end":{"line":114,"column":11306}},"line":114},"1163":{"name":"(anonymous_1163)","decl":{"start":{"line":114,"column":11306},"end":{"line":114,"column":11307}},"loc":{"start":{"line":114,"column":11319},"end":{"line":114,"column":11805}},"line":114},"1164":{"name":"(anonymous_1164)","decl":{"start":{"line":114,"column":11805},"end":{"line":114,"column":11806}},"loc":{"start":{"line":114,"column":11821},"end":{"line":114,"column":12047}},"line":114},"1165":{"name":"(anonymous_1165)","decl":{"start":{"line":114,"column":11829},"end":{"line":114,"column":11830}},"loc":{"start":{"line":114,"column":11842},"end":{"line":114,"column":12046}},"line":114},"1166":{"name":"(anonymous_1166)","decl":{"start":{"line":114,"column":12047},"end":{"line":114,"column":12048}},"loc":{"start":{"line":114,"column":12077},"end":{"line":114,"column":12155}},"line":114},"1167":{"name":"(anonymous_1167)","decl":{"start":{"line":114,"column":12155},"end":{"line":114,"column":12156}},"loc":{"start":{"line":114,"column":12179},"end":{"line":114,"column":12851}},"line":114},"1168":{"name":"(anonymous_1168)","decl":{"start":{"line":114,"column":12851},"end":{"line":114,"column":12852}},"loc":{"start":{"line":114,"column":12877},"end":{"line":114,"column":13125}},"line":114},"1169":{"name":"(anonymous_1169)","decl":{"start":{"line":114,"column":13087},"end":{"line":114,"column":13088}},"loc":{"start":{"line":114,"column":13091},"end":{"line":114,"column":13108}},"line":114},"1170":{"name":"(anonymous_1170)","decl":{"start":{"line":114,"column":13125},"end":{"line":114,"column":13126}},"loc":{"start":{"line":114,"column":13155},"end":{"line":115,"column":116}},"line":114},"1171":{"name":"(anonymous_1171)","decl":{"start":{"line":114,"column":13267},"end":{"line":114,"column":13268}},"loc":{"start":{"line":114,"column":13271},"end":{"line":114,"column":13275}},"line":114},"1172":{"name":"(anonymous_1172)","decl":{"start":{"line":115,"column":116},"end":{"line":115,"column":117}},"loc":{"start":{"line":115,"column":138},"end":{"line":115,"column":368}},"line":115},"1173":{"name":"(anonymous_1173)","decl":{"start":{"line":115,"column":368},"end":{"line":115,"column":369}},"loc":{"start":{"line":115,"column":386},"end":{"line":115,"column":1224}},"line":115},"1174":{"name":"(anonymous_1174)","decl":{"start":{"line":115,"column":1059},"end":{"line":115,"column":1060}},"loc":{"start":{"line":115,"column":1062},"end":{"line":115,"column":1084}},"line":115},"1175":{"name":"(anonymous_1175)","decl":{"start":{"line":115,"column":1224},"end":{"line":115,"column":1225}},"loc":{"start":{"line":115,"column":1233},"end":{"line":115,"column":1677}},"line":115},"1176":{"name":"(anonymous_1176)","decl":{"start":{"line":115,"column":1677},"end":{"line":115,"column":1678}},"loc":{"start":{"line":115,"column":1694},"end":{"line":115,"column":1736}},"line":115},"1177":{"name":"(anonymous_1177)","decl":{"start":{"line":115,"column":1736},"end":{"line":115,"column":1737}},"loc":{"start":{"line":115,"column":1756},"end":{"line":115,"column":1798}},"line":115},"1178":{"name":"(anonymous_1178)","decl":{"start":{"line":115,"column":1798},"end":{"line":115,"column":1799}},"loc":{"start":{"line":115,"column":1812},"end":{"line":115,"column":2042}},"line":115},"1179":{"name":"(anonymous_1179)","decl":{"start":{"line":115,"column":2042},"end":{"line":115,"column":2043}},"loc":{"start":{"line":115,"column":2055},"end":{"line":115,"column":2775}},"line":115},"1180":{"name":"(anonymous_1180)","decl":{"start":{"line":115,"column":2307},"end":{"line":115,"column":2308}},"loc":{"start":{"line":115,"column":2316},"end":{"line":115,"column":2664}},"line":115},"1181":{"name":"(anonymous_1181)","decl":{"start":{"line":115,"column":2775},"end":{"line":115,"column":2776}},"loc":{"start":{"line":115,"column":2787},"end":{"line":115,"column":3472}},"line":115},"1182":{"name":"(anonymous_1182)","decl":{"start":{"line":115,"column":3031},"end":{"line":115,"column":3032}},"loc":{"start":{"line":115,"column":3040},"end":{"line":115,"column":3358}},"line":115},"1183":{"name":"(anonymous_1183)","decl":{"start":{"line":115,"column":3059},"end":{"line":115,"column":3060}},"loc":{"start":{"line":115,"column":3062},"end":{"line":115,"column":3077}},"line":115},"1184":{"name":"(anonymous_1184)","decl":{"start":{"line":115,"column":3472},"end":{"line":115,"column":3473}},"loc":{"start":{"line":115,"column":3481},"end":{"line":115,"column":3567}},"line":115},"1185":{"name":"(anonymous_1185)","decl":{"start":{"line":115,"column":3567},"end":{"line":115,"column":3568}},"loc":{"start":{"line":115,"column":3580},"end":{"line":115,"column":3616}},"line":115},"1186":{"name":"(anonymous_1186)","decl":{"start":{"line":115,"column":3616},"end":{"line":115,"column":3617}},"loc":{"start":{"line":115,"column":3673},"end":{"line":116,"column":60}},"line":115},"1187":{"name":"(anonymous_1187)","decl":{"start":{"line":116,"column":60},"end":{"line":116,"column":61}},"loc":{"start":{"line":116,"column":111},"end":{"line":116,"column":810}},"line":116},"1188":{"name":"(anonymous_1188)","decl":{"start":{"line":116,"column":623},"end":{"line":116,"column":624}},"loc":{"start":{"line":116,"column":626},"end":{"line":116,"column":735}},"line":116},"1189":{"name":"(anonymous_1189)","decl":{"start":{"line":116,"column":810},"end":{"line":116,"column":811}},"loc":{"start":{"line":116,"column":830},"end":{"line":116,"column":1075}},"line":116},"1190":{"name":"(anonymous_1190)","decl":{"start":{"line":116,"column":1075},"end":{"line":116,"column":1076}},"loc":{"start":{"line":116,"column":1103},"end":{"line":116,"column":1317}},"line":116},"1191":{"name":"(anonymous_1191)","decl":{"start":{"line":116,"column":1317},"end":{"line":116,"column":1318}},"loc":{"start":{"line":116,"column":1333},"end":{"line":116,"column":1465}},"line":116},"1192":{"name":"wf","decl":{"start":{"line":116,"column":1476},"end":{"line":116,"column":1478}},"loc":{"start":{"line":116,"column":1481},"end":{"line":116,"column":1541}},"line":116},"1193":{"name":"So","decl":{"start":{"line":116,"column":1550},"end":{"line":116,"column":1552}},"loc":{"start":{"line":116,"column":1557},"end":{"line":116,"column":1725}},"line":116},"1194":{"name":"Ll","decl":{"start":{"line":116,"column":1734},"end":{"line":116,"column":1736}},"loc":{"start":{"line":116,"column":1757},"end":{"line":117,"column":77}},"line":116},"1195":{"name":"Wn","decl":{"start":{"line":117,"column":86},"end":{"line":117,"column":88}},"loc":{"start":{"line":117,"column":103},"end":{"line":117,"column":134}},"line":117},"1196":{"name":"(anonymous_1196)","decl":{"start":{"line":117,"column":141},"end":{"line":117,"column":142}},"loc":{"start":{"line":117,"column":145},"end":{"line":117,"column":156}},"line":117},"1197":{"name":"(anonymous_1197)","decl":{"start":{"line":117,"column":165},"end":{"line":117,"column":166}},"loc":{"start":{"line":117,"column":168},"end":{"line":117,"column":211}},"line":117},"1198":{"name":"(anonymous_1198)","decl":{"start":{"line":117,"column":185},"end":{"line":117,"column":186}},"loc":{"start":{"line":117,"column":194},"end":{"line":117,"column":210}},"line":117},"1199":{"name":"Gr","decl":{"start":{"line":117,"column":221},"end":{"line":117,"column":223}},"loc":{"start":{"line":117,"column":226},"end":{"line":117,"column":278}},"line":117},"1200":{"name":"ql","decl":{"start":{"line":117,"column":287},"end":{"line":117,"column":289}},"loc":{"start":{"line":117,"column":294},"end":{"line":117,"column":336}},"line":117},"1201":{"name":"(anonymous_1201)","decl":{"start":{"line":117,"column":323},"end":{"line":117,"column":324}},"loc":{"start":{"line":117,"column":326},"end":{"line":117,"column":333}},"line":117},"1202":{"name":"Vl","decl":{"start":{"line":117,"column":345},"end":{"line":117,"column":347}},"loc":{"start":{"line":117,"column":352},"end":{"line":117,"column":981}},"line":117},"1203":{"name":"(anonymous_1203)","decl":{"start":{"line":117,"column":386},"end":{"line":117,"column":387}},"loc":{"start":{"line":117,"column":389},"end":{"line":117,"column":396}},"line":117},"1204":{"name":"xf","decl":{"start":{"line":117,"column":990},"end":{"line":117,"column":992}},"loc":{"start":{"line":117,"column":995},"end":{"line":117,"column":1178}},"line":117},"1205":{"name":"Bl","decl":{"start":{"line":117,"column":1187},"end":{"line":117,"column":1189}},"loc":{"start":{"line":117,"column":1192},"end":{"line":117,"column":1380}},"line":117},"1206":{"name":"jl","decl":{"start":{"line":117,"column":1389},"end":{"line":117,"column":1391}},"loc":{"start":{"line":117,"column":1394},"end":{"line":117,"column":1440}},"line":117},"1207":{"name":"Ro","decl":{"start":{"line":117,"column":1495},"end":{"line":117,"column":1497}},"loc":{"start":{"line":117,"column":1506},"end":{"line":124,"column":3}},"line":117},"1208":{"name":"(anonymous_1208)","decl":{"start":{"line":124,"column":10},"end":{"line":124,"column":11}},"loc":{"start":{"line":124,"column":47},"end":{"line":124,"column":695}},"line":124},"1209":{"name":"(anonymous_1209)","decl":{"start":{"line":124,"column":47},"end":{"line":124,"column":48}},"loc":{"start":{"line":124,"column":50},"end":{"line":124,"column":695}},"line":124},"1210":{"name":"(anonymous_1210)","decl":{"start":{"line":124,"column":700},"end":{"line":124,"column":701}},"loc":{"start":{"line":124,"column":730},"end":{"line":124,"column":761}},"line":124},"1211":{"name":"(anonymous_1211)","decl":{"start":{"line":124,"column":762},"end":{"line":124,"column":763}},"loc":{"start":{"line":124,"column":792},"end":{"line":124,"column":826}},"line":124},"1212":{"name":"(anonymous_1212)","decl":{"start":{"line":124,"column":832},"end":{"line":124,"column":833}},"loc":{"start":{"line":124,"column":862},"end":{"line":124,"column":873}},"line":124},"1213":{"name":"(anonymous_1213)","decl":{"start":{"line":124,"column":874},"end":{"line":124,"column":875}},"loc":{"start":{"line":124,"column":904},"end":{"line":124,"column":917}},"line":124},"1214":{"name":"Ao","decl":{"start":{"line":124,"column":928},"end":{"line":124,"column":930}},"loc":{"start":{"line":124,"column":933},"end":{"line":124,"column":1319}},"line":124},"1215":{"name":"(anonymous_1215)","decl":{"start":{"line":124,"column":941},"end":{"line":124,"column":942}},"loc":{"start":{"line":124,"column":954},"end":{"line":124,"column":1318}},"line":124},"1216":{"name":"(anonymous_1216)","decl":{"start":{"line":124,"column":963},"end":{"line":124,"column":964}},"loc":{"start":{"line":124,"column":970},"end":{"line":124,"column":1067}},"line":124},"1217":{"name":"(anonymous_1217)","decl":{"start":{"line":124,"column":1075},"end":{"line":124,"column":1076}},"loc":{"start":{"line":124,"column":1085},"end":{"line":124,"column":1095}},"line":124},"1218":{"name":"(anonymous_1218)","decl":{"start":{"line":124,"column":1096},"end":{"line":124,"column":1097}},"loc":{"start":{"line":124,"column":1105},"end":{"line":124,"column":1127}},"line":124},"1219":{"name":"(anonymous_1219)","decl":{"start":{"line":124,"column":1128},"end":{"line":124,"column":1129}},"loc":{"start":{"line":124,"column":1136},"end":{"line":124,"column":1157}},"line":124},"1220":{"name":"(anonymous_1220)","decl":{"start":{"line":124,"column":1158},"end":{"line":124,"column":1159}},"loc":{"start":{"line":124,"column":1168},"end":{"line":124,"column":1191}},"line":124},"1221":{"name":"(anonymous_1221)","decl":{"start":{"line":124,"column":1192},"end":{"line":124,"column":1193}},"loc":{"start":{"line":124,"column":1213},"end":{"line":124,"column":1279}},"line":124},"1222":{"name":"Wl","decl":{"start":{"line":124,"column":1328},"end":{"line":124,"column":1330}},"loc":{"start":{"line":124,"column":1333},"end":{"line":124,"column":1388}},"line":124},"1223":{"name":"(anonymous_1223)","decl":{"start":{"line":124,"column":1416},"end":{"line":124,"column":1417}},"loc":{"start":{"line":124,"column":1427},"end":{"line":124,"column":1437}},"line":124},"1224":{"name":"(anonymous_1224)","decl":{"start":{"line":124,"column":1438},"end":{"line":124,"column":1439}},"loc":{"start":{"line":124,"column":1454},"end":{"line":124,"column":1475}},"line":124},"1225":{"name":"(anonymous_1225)","decl":{"start":{"line":124,"column":1476},"end":{"line":124,"column":1477}},"loc":{"start":{"line":124,"column":1497},"end":{"line":124,"column":1499}},"line":124},"1226":{"name":"(anonymous_1226)","decl":{"start":{"line":124,"column":1500},"end":{"line":124,"column":1501}},"loc":{"start":{"line":124,"column":1518},"end":{"line":124,"column":1520}},"line":124},"1227":{"name":"(anonymous_1227)","decl":{"start":{"line":124,"column":1521},"end":{"line":124,"column":1522}},"loc":{"start":{"line":124,"column":1540},"end":{"line":124,"column":1552}},"line":124},"1228":{"name":"(anonymous_1228)","decl":{"start":{"line":124,"column":1563},"end":{"line":124,"column":1564}},"loc":{"start":{"line":124,"column":1574},"end":{"line":124,"column":1624}},"line":124},"1229":{"name":"(anonymous_1229)","decl":{"start":{"line":124,"column":1624},"end":{"line":124,"column":1625}},"loc":{"start":{"line":124,"column":1641},"end":{"line":124,"column":1697}},"line":124},"1230":{"name":"(anonymous_1230)","decl":{"start":{"line":124,"column":1697},"end":{"line":124,"column":1698}},"loc":{"start":{"line":124,"column":1719},"end":{"line":124,"column":1780}},"line":124},"1231":{"name":"(anonymous_1231)","decl":{"start":{"line":124,"column":1780},"end":{"line":124,"column":1781}},"loc":{"start":{"line":124,"column":1798},"end":{"line":124,"column":1855}},"line":124},"1232":{"name":"(anonymous_1232)","decl":{"start":{"line":124,"column":1855},"end":{"line":124,"column":1856}},"loc":{"start":{"line":124,"column":1874},"end":{"line":124,"column":1932}},"line":124},"1233":{"name":"(anonymous_1233)","decl":{"start":{"line":124,"column":1932},"end":{"line":124,"column":1933}},"loc":{"start":{"line":124,"column":1956},"end":{"line":124,"column":2075}},"line":124},"1234":{"name":"Jl","decl":{"start":{"line":124,"column":2086},"end":{"line":124,"column":2088}},"loc":{"start":{"line":124,"column":2090},"end":{"line":124,"column":2105}},"line":124},"1235":{"name":"Hl","decl":{"start":{"line":124,"column":2114},"end":{"line":124,"column":2116}},"loc":{"start":{"line":124,"column":2128},"end":{"line":124,"column":2203}},"line":124},"1236":{"name":"(anonymous_1236)","decl":{"start":{"line":124,"column":2121},"end":{"line":124,"column":2122}},"loc":{"start":{"line":124,"column":2125},"end":{"line":124,"column":2127}},"line":124},"1237":{"name":"(anonymous_1237)","decl":{"start":{"line":124,"column":2149},"end":{"line":124,"column":2150}},"loc":{"start":{"line":124,"column":2152},"end":{"line":124,"column":2155}},"line":124},"1238":{"name":"(anonymous_1238)","decl":{"start":{"line":124,"column":2164},"end":{"line":124,"column":2165}},"loc":{"start":{"line":124,"column":2171},"end":{"line":124,"column":2201}},"line":124},"1239":{"name":"Kl","decl":{"start":{"line":124,"column":2212},"end":{"line":124,"column":2214}},"loc":{"start":{"line":124,"column":2217},"end":{"line":124,"column":2365}},"line":124},"1240":{"name":"(anonymous_1240)","decl":{"start":{"line":124,"column":2255},"end":{"line":124,"column":2256}},"loc":{"start":{"line":124,"column":2262},"end":{"line":124,"column":2356}},"line":124},"1241":{"name":"(anonymous_1241)","decl":{"start":{"line":124,"column":2394},"end":{"line":124,"column":2395}},"loc":{"start":{"line":124,"column":2400},"end":{"line":124,"column":2427}},"line":124},"1242":{"name":"(anonymous_1242)","decl":{"start":{"line":124,"column":2427},"end":{"line":124,"column":2428}},"loc":{"start":{"line":124,"column":2433},"end":{"line":124,"column":2462}},"line":124},"1243":{"name":"(anonymous_1243)","decl":{"start":{"line":124,"column":2462},"end":{"line":124,"column":2463}},"loc":{"start":{"line":124,"column":2468},"end":{"line":124,"column":2498}},"line":124},"1244":{"name":"(anonymous_1244)","decl":{"start":{"line":124,"column":2498},"end":{"line":124,"column":2499}},"loc":{"start":{"line":124,"column":2506},"end":{"line":124,"column":2539}},"line":124},"1245":{"name":"Hn","decl":{"start":{"line":124,"column":2565},"end":{"line":124,"column":2567}},"loc":{"start":{"line":124,"column":2570},"end":{"line":124,"column":2613}},"line":124},"1246":{"name":"Yl","decl":{"start":{"line":124,"column":2622},"end":{"line":124,"column":2624}},"loc":{"start":{"line":124,"column":2627},"end":{"line":124,"column":2833}},"line":124},"1247":{"name":"ko","decl":{"start":{"line":124,"column":2842},"end":{"line":124,"column":2844}},"loc":{"start":{"line":124,"column":2847},"end":{"line":124,"column":2970}},"line":124},"1248":{"name":"(anonymous_1248)","decl":{"start":{"line":124,"column":2884},"end":{"line":124,"column":2885}},"loc":{"start":{"line":124,"column":2887},"end":{"line":124,"column":2955}},"line":124},"1249":{"name":"Oo","decl":{"start":{"line":124,"column":3302},"end":{"line":124,"column":3304}},"loc":{"start":{"line":124,"column":3307},"end":{"line":124,"column":3321}},"line":124},"1250":{"name":"(anonymous_1250)","decl":{"start":{"line":124,"column":3334},"end":{"line":124,"column":3335}},"loc":{"start":{"line":124,"column":3348},"end":{"line":124,"column":3380}},"line":124},"1251":{"name":"(anonymous_1251)","decl":{"start":{"line":124,"column":3402},"end":{"line":124,"column":3403}},"loc":{"start":{"line":124,"column":3412},"end":{"line":124,"column":3700}},"line":124},"1252":{"name":"(anonymous_1252)","decl":{"start":{"line":124,"column":3544},"end":{"line":124,"column":3545}},"loc":{"start":{"line":124,"column":3548},"end":{"line":124,"column":3591}},"line":124},"1253":{"name":"(anonymous_1253)","decl":{"start":{"line":124,"column":3607},"end":{"line":124,"column":3608}},"loc":{"start":{"line":124,"column":3614},"end":{"line":124,"column":3668}},"line":124},"1254":{"name":"(anonymous_1254)","decl":{"start":{"line":124,"column":3700},"end":{"line":124,"column":3701}},"loc":{"start":{"line":124,"column":3717},"end":{"line":124,"column":4264}},"line":124},"1255":{"name":"(anonymous_1255)","decl":{"start":{"line":124,"column":3848},"end":{"line":124,"column":3849}},"loc":{"start":{"line":124,"column":3851},"end":{"line":124,"column":3902}},"line":124},"1256":{"name":"(anonymous_1256)","decl":{"start":{"line":124,"column":3910},"end":{"line":124,"column":3911}},"loc":{"start":{"line":124,"column":3913},"end":{"line":124,"column":3929}},"line":124},"1257":{"name":"(anonymous_1257)","decl":{"start":{"line":124,"column":3939},"end":{"line":124,"column":3940}},"loc":{"start":{"line":124,"column":3946},"end":{"line":124,"column":3990}},"line":124},"1258":{"name":"(anonymous_1258)","decl":{"start":{"line":124,"column":4023},"end":{"line":124,"column":4024}},"loc":{"start":{"line":124,"column":4026},"end":{"line":124,"column":4035}},"line":124},"1259":{"name":"(anonymous_1259)","decl":{"start":{"line":124,"column":4043},"end":{"line":124,"column":4044}},"loc":{"start":{"line":124,"column":4046},"end":{"line":124,"column":4206}},"line":124},"1260":{"name":"(anonymous_1260)","decl":{"start":{"line":124,"column":4214},"end":{"line":124,"column":4215}},"loc":{"start":{"line":124,"column":4217},"end":{"line":124,"column":4260}},"line":124},"1261":{"name":"(anonymous_1261)","decl":{"start":{"line":124,"column":4264},"end":{"line":124,"column":4265}},"loc":{"start":{"line":124,"column":4289},"end":{"line":124,"column":4309}},"line":124},"1262":{"name":"mr","decl":{"start":{"line":124,"column":4320},"end":{"line":124,"column":4322}},"loc":{"start":{"line":124,"column":4327},"end":{"line":124,"column":4938}},"line":124},"1263":{"name":"(anonymous_1263)","decl":{"start":{"line":124,"column":4650},"end":{"line":124,"column":4651}},"loc":{"start":{"line":124,"column":4653},"end":{"line":124,"column":4667}},"line":124},"1264":{"name":"(anonymous_1264)","decl":{"start":{"line":124,"column":4700},"end":{"line":124,"column":4701}},"loc":{"start":{"line":124,"column":4703},"end":{"line":124,"column":4716}},"line":124},"1265":{"name":"(anonymous_1265)","decl":{"start":{"line":124,"column":4751},"end":{"line":124,"column":4752}},"loc":{"start":{"line":124,"column":4754},"end":{"line":124,"column":4769}},"line":124},"1266":{"name":"(anonymous_1266)","decl":{"start":{"line":124,"column":4805},"end":{"line":124,"column":4806}},"loc":{"start":{"line":124,"column":4808},"end":{"line":124,"column":4824}},"line":124},"1267":{"name":"(anonymous_1267)","decl":{"start":{"line":124,"column":4856},"end":{"line":124,"column":4857}},"loc":{"start":{"line":124,"column":4859},"end":{"line":124,"column":4871}},"line":124},"1268":{"name":"(anonymous_1268)","decl":{"start":{"line":124,"column":4903},"end":{"line":124,"column":4904}},"loc":{"start":{"line":124,"column":4906},"end":{"line":124,"column":4918}},"line":124},"1269":{"name":"Yn","decl":{"start":{"line":124,"column":4947},"end":{"line":124,"column":4949}},"loc":{"start":{"line":124,"column":4952},"end":{"line":124,"column":5110}},"line":124},"1270":{"name":"Rf","decl":{"start":{"line":124,"column":5119},"end":{"line":124,"column":5121}},"loc":{"start":{"line":124,"column":5124},"end":{"line":124,"column":5199}},"line":124},"1271":{"name":"(anonymous_1271)","decl":{"start":{"line":124,"column":5279},"end":{"line":124,"column":5280}},"loc":{"start":{"line":124,"column":5295},"end":{"line":124,"column":6349}},"line":124},"1272":{"name":"(anonymous_1272)","decl":{"start":{"line":124,"column":5367},"end":{"line":124,"column":5368}},"loc":{"start":{"line":124,"column":5411},"end":{"line":124,"column":5799}},"line":124},"1273":{"name":"(anonymous_1273)","decl":{"start":{"line":124,"column":5460},"end":{"line":124,"column":5461}},"loc":{"start":{"line":124,"column":5463},"end":{"line":124,"column":5478}},"line":124},"1274":{"name":"(anonymous_1274)","decl":{"start":{"line":124,"column":5536},"end":{"line":124,"column":5537}},"loc":{"start":{"line":124,"column":5539},"end":{"line":124,"column":5565}},"line":124},"1275":{"name":"(anonymous_1275)","decl":{"start":{"line":124,"column":5694},"end":{"line":124,"column":5695}},"loc":{"start":{"line":124,"column":5701},"end":{"line":124,"column":5797}},"line":124},"1276":{"name":"(anonymous_1276)","decl":{"start":{"line":124,"column":5814},"end":{"line":124,"column":5815}},"loc":{"start":{"line":124,"column":5823},"end":{"line":124,"column":6136}},"line":124},"1277":{"name":"(anonymous_1277)","decl":{"start":{"line":124,"column":6145},"end":{"line":124,"column":6146}},"loc":{"start":{"line":124,"column":6148},"end":{"line":124,"column":6219}},"line":124},"1278":{"name":"(anonymous_1278)","decl":{"start":{"line":124,"column":6220},"end":{"line":124,"column":6221}},"loc":{"start":{"line":124,"column":6235},"end":{"line":124,"column":6346}},"line":124},"1279":{"name":"(anonymous_1279)","decl":{"start":{"line":124,"column":6349},"end":{"line":124,"column":6350}},"loc":{"start":{"line":124,"column":6365},"end":{"line":124,"column":6610}},"line":124},"1280":{"name":"(anonymous_1280)","decl":{"start":{"line":124,"column":6610},"end":{"line":124,"column":6611}},"loc":{"start":{"line":124,"column":6657},"end":{"line":124,"column":6746}},"line":124},"1281":{"name":"(anonymous_1281)","decl":{"start":{"line":124,"column":6746},"end":{"line":124,"column":6747}},"loc":{"start":{"line":124,"column":6773},"end":{"line":124,"column":6931}},"line":124},"1282":{"name":"(anonymous_1282)","decl":{"start":{"line":124,"column":6931},"end":{"line":124,"column":6932}},"loc":{"start":{"line":124,"column":7032},"end":{"line":124,"column":7907}},"line":124},"1283":{"name":"(anonymous_1283)","decl":{"start":{"line":124,"column":7907},"end":{"line":124,"column":7908}},"loc":{"start":{"line":124,"column":7925},"end":{"line":124,"column":8015}},"line":124},"1284":{"name":"(anonymous_1284)","decl":{"start":{"line":124,"column":8015},"end":{"line":124,"column":8016}},"loc":{"start":{"line":124,"column":8028},"end":{"line":124,"column":8213}},"line":124},"1285":{"name":"(anonymous_1285)","decl":{"start":{"line":124,"column":8126},"end":{"line":124,"column":8127}},"loc":{"start":{"line":124,"column":8129},"end":{"line":124,"column":8156}},"line":124},"1286":{"name":"(anonymous_1286)","decl":{"start":{"line":124,"column":8213},"end":{"line":124,"column":8214}},"loc":{"start":{"line":124,"column":8238},"end":{"line":124,"column":8262}},"line":124},"1287":{"name":"Af","decl":{"start":{"line":124,"column":8273},"end":{"line":124,"column":8275}},"loc":{"start":{"line":124,"column":8278},"end":{"line":124,"column":8453}},"line":124},"1288":{"name":"Zl","decl":{"start":{"line":124,"column":8462},"end":{"line":124,"column":8464}},"loc":{"start":{"line":124,"column":8467},"end":{"line":124,"column":8502}},"line":124},"1289":{"name":"If","decl":{"start":{"line":124,"column":8511},"end":{"line":124,"column":8513}},"loc":{"start":{"line":124,"column":8518},"end":{"line":124,"column":8580}},"line":124},"1290":{"name":"kf","decl":{"start":{"line":124,"column":8589},"end":{"line":124,"column":8591}},"loc":{"start":{"line":124,"column":8594},"end":{"line":124,"column":8637}},"line":124},"1291":{"name":"Xl","decl":{"start":{"line":124,"column":8646},"end":{"line":124,"column":8648}},"loc":{"start":{"line":124,"column":8651},"end":{"line":124,"column":8817}},"line":124},"1292":{"name":"(anonymous_1292)","decl":{"start":{"line":124,"column":8883},"end":{"line":124,"column":8884}},"loc":{"start":{"line":124,"column":8897},"end":{"line":125,"column":103}},"line":124},"1293":{"name":"(anonymous_1293)","decl":{"start":{"line":125,"column":103},"end":{"line":125,"column":104}},"loc":{"start":{"line":125,"column":128},"end":{"line":125,"column":176}},"line":125},"1294":{"name":"(anonymous_1294)","decl":{"start":{"line":125,"column":421},"end":{"line":125,"column":422}},"loc":{"start":{"line":125,"column":446},"end":{"line":128,"column":60}},"line":125},"1295":{"name":"(anonymous_1295)","decl":{"start":{"line":128,"column":69},"end":{"line":128,"column":70}},"loc":{"start":{"line":128,"column":76},"end":{"line":128,"column":678}},"line":128},"1296":{"name":"(anonymous_1296)","decl":{"start":{"line":128,"column":693},"end":{"line":128,"column":694}},"loc":{"start":{"line":128,"column":696},"end":{"line":129,"column":32}},"line":128},"1297":{"name":"(anonymous_1297)","decl":{"start":{"line":129,"column":45},"end":{"line":129,"column":46}},"loc":{"start":{"line":129,"column":48},"end":{"line":129,"column":302}},"line":129},"1298":{"name":"(anonymous_1298)","decl":{"start":{"line":129,"column":307},"end":{"line":129,"column":308}},"loc":{"start":{"line":129,"column":310},"end":{"line":129,"column":980}},"line":129},"1299":{"name":"r","decl":{"start":{"line":129,"column":452},"end":{"line":129,"column":453}},"loc":{"start":{"line":129,"column":456},"end":{"line":129,"column":595}},"line":129},"1300":{"name":"(anonymous_1300)","decl":{"start":{"line":129,"column":636},"end":{"line":129,"column":637}},"loc":{"start":{"line":129,"column":639},"end":{"line":129,"column":814}},"line":129},"1301":{"name":"(anonymous_1301)","decl":{"start":{"line":129,"column":1000},"end":{"line":129,"column":1001}},"loc":{"start":{"line":129,"column":1003},"end":{"line":129,"column":1369}},"line":129},"1302":{"name":"(anonymous_1302)","decl":{"start":{"line":129,"column":1375},"end":{"line":129,"column":1376}},"loc":{"start":{"line":129,"column":1382},"end":{"line":129,"column":1989}},"line":129},"1303":{"name":"(anonymous_1303)","decl":{"start":{"line":129,"column":1707},"end":{"line":129,"column":1708}},"loc":{"start":{"line":129,"column":1710},"end":{"line":129,"column":1720}},"line":129},"1304":{"name":"(anonymous_1304)","decl":{"start":{"line":129,"column":2001},"end":{"line":129,"column":2002}},"loc":{"start":{"line":129,"column":2004},"end":{"line":129,"column":2354}},"line":129},"1305":{"name":"au","decl":{"start":{"line":129,"column":2365},"end":{"line":129,"column":2367}},"loc":{"start":{"line":129,"column":2372},"end":{"line":129,"column":2670}},"line":129},"1306":{"name":"Wr","decl":{"start":{"line":129,"column":2679},"end":{"line":129,"column":2681}},"loc":{"start":{"line":129,"column":2686},"end":{"line":129,"column":2782}},"line":129},"1307":{"name":"_f","decl":{"start":{"line":129,"column":2791},"end":{"line":129,"column":2793}},"loc":{"start":{"line":129,"column":2798},"end":{"line":129,"column":2970}},"line":129},"1308":{"name":"(anonymous_1308)","decl":{"start":{"line":129,"column":2839},"end":{"line":129,"column":2840}},"loc":{"start":{"line":129,"column":2843},"end":{"line":129,"column":2881}},"line":129},"1309":{"name":"(anonymous_1309)","decl":{"start":{"line":129,"column":2891},"end":{"line":129,"column":2892}},"loc":{"start":{"line":129,"column":2898},"end":{"line":129,"column":2924}},"line":129},"1310":{"name":"Nf","decl":{"start":{"line":129,"column":2979},"end":{"line":129,"column":2981}},"loc":{"start":{"line":129,"column":2986},"end":{"line":129,"column":3024}},"line":129},"1311":{"name":"ou","decl":{"start":{"line":129,"column":3033},"end":{"line":129,"column":3035}},"loc":{"start":{"line":129,"column":3040},"end":{"line":129,"column":3098}},"line":129},"1312":{"name":"(anonymous_1312)","decl":{"start":{"line":129,"column":3067},"end":{"line":129,"column":3068}},"loc":{"start":{"line":129,"column":3070},"end":{"line":129,"column":3079}},"line":129},"1313":{"name":"Ff","decl":{"start":{"line":129,"column":3107},"end":{"line":129,"column":3109}},"loc":{"start":{"line":129,"column":3114},"end":{"line":133,"column":6}},"line":129},"1314":{"name":"(anonymous_1314)","decl":{"start":{"line":129,"column":3242},"end":{"line":129,"column":3243}},"loc":{"start":{"line":129,"column":3246},"end":{"line":129,"column":3282}},"line":129},"1315":{"name":"(anonymous_1315)","decl":{"start":{"line":129,"column":3393},"end":{"line":129,"column":3394}},"loc":{"start":{"line":129,"column":3397},"end":{"line":129,"column":3466}},"line":129},"1316":{"name":"(anonymous_1316)","decl":{"start":{"line":129,"column":3579},"end":{"line":129,"column":3580}},"loc":{"start":{"line":129,"column":3583},"end":{"line":129,"column":3662}},"line":129},"1317":{"name":"(anonymous_1317)","decl":{"start":{"line":129,"column":3783},"end":{"line":129,"column":3784}},"loc":{"start":{"line":129,"column":3787},"end":{"line":129,"column":3831}},"line":129},"1318":{"name":"lu","decl":{"start":{"line":133,"column":15},"end":{"line":133,"column":17}},"loc":{"start":{"line":133,"column":20},"end":{"line":133,"column":321}},"line":133},"1319":{"name":"(anonymous_1319)","decl":{"start":{"line":133,"column":73},"end":{"line":133,"column":74}},"loc":{"start":{"line":133,"column":80},"end":{"line":133,"column":319}},"line":133},"1320":{"name":"(anonymous_1320)","decl":{"start":{"line":133,"column":125},"end":{"line":133,"column":126}},"loc":{"start":{"line":133,"column":129},"end":{"line":133,"column":172}},"line":133},"1321":{"name":"(anonymous_1321)","decl":{"start":{"line":133,"column":175},"end":{"line":133,"column":176}},"loc":{"start":{"line":133,"column":178},"end":{"line":133,"column":194}},"line":133},"1322":{"name":"(anonymous_1322)","decl":{"start":{"line":133,"column":232},"end":{"line":133,"column":233}},"loc":{"start":{"line":133,"column":235},"end":{"line":133,"column":247}},"line":133},"1323":{"name":"(anonymous_1323)","decl":{"start":{"line":133,"column":248},"end":{"line":133,"column":249}},"loc":{"start":{"line":133,"column":251},"end":{"line":133,"column":317}},"line":133},"1324":{"name":"(anonymous_1324)","decl":{"start":{"line":133,"column":440},"end":{"line":133,"column":441}},"loc":{"start":{"line":133,"column":443},"end":{"line":133,"column":444}},"line":133},"1325":{"name":"(anonymous_1325)","decl":{"start":{"line":133,"column":473},"end":{"line":133,"column":474}},"loc":{"start":{"line":133,"column":476},"end":{"line":133,"column":477}},"line":133},"1326":{"name":"(anonymous_1326)","decl":{"start":{"line":133,"column":534},"end":{"line":133,"column":535}},"loc":{"start":{"line":133,"column":542},"end":{"line":133,"column":559}},"line":133},"1327":{"name":"fu","decl":{"start":{"line":133,"column":570},"end":{"line":133,"column":572}},"loc":{"start":{"line":133,"column":575},"end":{"line":134,"column":564}},"line":133},"1328":{"name":"(anonymous_1328)","decl":{"start":{"line":133,"column":887},"end":{"line":133,"column":888}},"loc":{"start":{"line":133,"column":901},"end":{"line":133,"column":4198}},"line":133},"1329":{"name":"(anonymous_1329)","decl":{"start":{"line":133,"column":998},"end":{"line":133,"column":999}},"loc":{"start":{"line":133,"column":1002},"end":{"line":133,"column":1004}},"line":133},"1330":{"name":"(anonymous_1330)","decl":{"start":{"line":133,"column":2855},"end":{"line":133,"column":2856}},"loc":{"start":{"line":133,"column":2858},"end":{"line":133,"column":2906}},"line":133},"1331":{"name":"(anonymous_1331)","decl":{"start":{"line":133,"column":4055},"end":{"line":133,"column":4056}},"loc":{"start":{"line":133,"column":4058},"end":{"line":133,"column":4106}},"line":133},"1332":{"name":"(anonymous_1332)","decl":{"start":{"line":133,"column":4198},"end":{"line":133,"column":4199}},"loc":{"start":{"line":133,"column":4223},"end":{"line":133,"column":4245}},"line":133},"1333":{"name":"(anonymous_1333)","decl":{"start":{"line":133,"column":4245},"end":{"line":133,"column":4246}},"loc":{"start":{"line":133,"column":4252},"end":{"line":133,"column":4278}},"line":133},"1334":{"name":"(anonymous_1334)","decl":{"start":{"line":133,"column":4278},"end":{"line":133,"column":4279}},"loc":{"start":{"line":133,"column":4286},"end":{"line":133,"column":4386}},"line":133},"1335":{"name":"(anonymous_1335)","decl":{"start":{"line":133,"column":4386},"end":{"line":133,"column":4387}},"loc":{"start":{"line":133,"column":4396},"end":{"line":133,"column":4483}},"line":133},"1336":{"name":"(anonymous_1336)","decl":{"start":{"line":133,"column":4483},"end":{"line":133,"column":4484}},"loc":{"start":{"line":133,"column":4502},"end":{"line":133,"column":4600}},"line":133},"1337":{"name":"(anonymous_1337)","decl":{"start":{"line":133,"column":4600},"end":{"line":133,"column":4601}},"loc":{"start":{"line":133,"column":4628},"end":{"line":133,"column":4851}},"line":133},"1338":{"name":"(anonymous_1338)","decl":{"start":{"line":133,"column":4851},"end":{"line":133,"column":4852}},"loc":{"start":{"line":133,"column":4870},"end":{"line":133,"column":5487}},"line":133},"1339":{"name":"(anonymous_1339)","decl":{"start":{"line":133,"column":4904},"end":{"line":133,"column":4905}},"loc":{"start":{"line":133,"column":4907},"end":{"line":133,"column":5485}},"line":133},"1340":{"name":"(anonymous_1340)","decl":{"start":{"line":133,"column":5487},"end":{"line":133,"column":5488}},"loc":{"start":{"line":133,"column":5512},"end":{"line":133,"column":5685}},"line":133},"1341":{"name":"(anonymous_1341)","decl":{"start":{"line":133,"column":5546},"end":{"line":133,"column":5547}},"loc":{"start":{"line":133,"column":5550},"end":{"line":133,"column":5682}},"line":133},"1342":{"name":"(anonymous_1342)","decl":{"start":{"line":133,"column":5685},"end":{"line":133,"column":5686}},"loc":{"start":{"line":133,"column":5702},"end":{"line":133,"column":6063}},"line":133},"1343":{"name":"(anonymous_1343)","decl":{"start":{"line":133,"column":5911},"end":{"line":133,"column":5912}},"loc":{"start":{"line":133,"column":5914},"end":{"line":133,"column":6061}},"line":133},"1344":{"name":"(anonymous_1344)","decl":{"start":{"line":133,"column":6063},"end":{"line":133,"column":6064}},"loc":{"start":{"line":133,"column":6095},"end":{"line":133,"column":6316}},"line":133},"1345":{"name":"(anonymous_1345)","decl":{"start":{"line":133,"column":6316},"end":{"line":133,"column":6317}},"loc":{"start":{"line":133,"column":6333},"end":{"line":133,"column":6811}},"line":133},"1346":{"name":"(anonymous_1346)","decl":{"start":{"line":133,"column":6367},"end":{"line":133,"column":6368}},"loc":{"start":{"line":133,"column":6370},"end":{"line":133,"column":6809}},"line":133},"1347":{"name":"(anonymous_1347)","decl":{"start":{"line":133,"column":6811},"end":{"line":133,"column":6812}},"loc":{"start":{"line":133,"column":6828},"end":{"line":133,"column":7089}},"line":133},"1348":{"name":"(anonymous_1348)","decl":{"start":{"line":133,"column":6862},"end":{"line":133,"column":6863}},"loc":{"start":{"line":133,"column":6865},"end":{"line":133,"column":7087}},"line":133},"1349":{"name":"(anonymous_1349)","decl":{"start":{"line":133,"column":7089},"end":{"line":133,"column":7090}},"loc":{"start":{"line":133,"column":7112},"end":{"line":133,"column":7203}},"line":133},"1350":{"name":"(anonymous_1350)","decl":{"start":{"line":133,"column":7146},"end":{"line":133,"column":7147}},"loc":{"start":{"line":133,"column":7149},"end":{"line":133,"column":7201}},"line":133},"1351":{"name":"(anonymous_1351)","decl":{"start":{"line":133,"column":7203},"end":{"line":133,"column":7204}},"loc":{"start":{"line":133,"column":7248},"end":{"line":133,"column":7725}},"line":133},"1352":{"name":"(anonymous_1352)","decl":{"start":{"line":133,"column":7290},"end":{"line":133,"column":7291}},"loc":{"start":{"line":133,"column":7297},"end":{"line":133,"column":7710}},"line":133},"1353":{"name":"(anonymous_1353)","decl":{"start":{"line":133,"column":7725},"end":{"line":133,"column":7726}},"loc":{"start":{"line":133,"column":7779},"end":{"line":133,"column":8304}},"line":133},"1354":{"name":"(anonymous_1354)","decl":{"start":{"line":133,"column":8285},"end":{"line":133,"column":8286}},"loc":{"start":{"line":133,"column":8289},"end":{"line":133,"column":8291}},"line":133},"1355":{"name":"(anonymous_1355)","decl":{"start":{"line":133,"column":8304},"end":{"line":133,"column":8305}},"loc":{"start":{"line":133,"column":8323},"end":{"line":133,"column":8481}},"line":133},"1356":{"name":"(anonymous_1356)","decl":{"start":{"line":133,"column":8370},"end":{"line":133,"column":8371}},"loc":{"start":{"line":133,"column":8374},"end":{"line":133,"column":8413}},"line":133},"1357":{"name":"(anonymous_1357)","decl":{"start":{"line":133,"column":8441},"end":{"line":133,"column":8442}},"loc":{"start":{"line":133,"column":8445},"end":{"line":133,"column":8450}},"line":133},"1358":{"name":"(anonymous_1358)","decl":{"start":{"line":133,"column":8458},"end":{"line":133,"column":8459}},"loc":{"start":{"line":133,"column":8462},"end":{"line":133,"column":8466}},"line":133},"1359":{"name":"(anonymous_1359)","decl":{"start":{"line":133,"column":8481},"end":{"line":133,"column":8482}},"loc":{"start":{"line":133,"column":8498},"end":{"line":133,"column":9048}},"line":133},"1360":{"name":"(anonymous_1360)","decl":{"start":{"line":133,"column":8591},"end":{"line":133,"column":8592}},"loc":{"start":{"line":133,"column":8595},"end":{"line":133,"column":8821}},"line":133},"1361":{"name":"(anonymous_1361)","decl":{"start":{"line":133,"column":8824},"end":{"line":133,"column":8825}},"loc":{"start":{"line":133,"column":8828},"end":{"line":133,"column":8881}},"line":133},"1362":{"name":"(anonymous_1362)","decl":{"start":{"line":133,"column":8884},"end":{"line":133,"column":8885}},"loc":{"start":{"line":133,"column":8888},"end":{"line":133,"column":8938}},"line":133},"1363":{"name":"(anonymous_1363)","decl":{"start":{"line":133,"column":9048},"end":{"line":133,"column":9049}},"loc":{"start":{"line":133,"column":9059},"end":{"line":133,"column":10084}},"line":133},"1364":{"name":"(anonymous_1364)","decl":{"start":{"line":133,"column":9490},"end":{"line":133,"column":9491}},"loc":{"start":{"line":133,"column":9499},"end":{"line":133,"column":9952}},"line":133},"1365":{"name":"(anonymous_1365)","decl":{"start":{"line":133,"column":9593},"end":{"line":133,"column":9594}},"loc":{"start":{"line":133,"column":9596},"end":{"line":133,"column":9619}},"line":133},"1366":{"name":"(anonymous_1366)","decl":{"start":{"line":133,"column":9600},"end":{"line":133,"column":9601}},"loc":{"start":{"line":133,"column":9604},"end":{"line":133,"column":9617}},"line":133},"1367":{"name":"(anonymous_1367)","decl":{"start":{"line":133,"column":10007},"end":{"line":133,"column":10008}},"loc":{"start":{"line":133,"column":10011},"end":{"line":133,"column":10082}},"line":133},"1368":{"name":"(anonymous_1368)","decl":{"start":{"line":133,"column":10073},"end":{"line":133,"column":10074}},"loc":{"start":{"line":133,"column":10077},"end":{"line":133,"column":10081}},"line":133},"1369":{"name":"(anonymous_1369)","decl":{"start":{"line":133,"column":10084},"end":{"line":133,"column":10085}},"loc":{"start":{"line":133,"column":10246},"end":{"line":134,"column":375}},"line":133},"1370":{"name":"(anonymous_1370)","decl":{"start":{"line":133,"column":10326},"end":{"line":133,"column":10327}},"loc":{"start":{"line":133,"column":10330},"end":{"line":133,"column":10587}},"line":133},"1371":{"name":"(anonymous_1371)","decl":{"start":{"line":134,"column":397},"end":{"line":134,"column":398}},"loc":{"start":{"line":134,"column":415},"end":{"line":134,"column":472}},"line":134},"1372":{"name":"(anonymous_1372)","decl":{"start":{"line":134,"column":472},"end":{"line":134,"column":473}},"loc":{"start":{"line":134,"column":497},"end":{"line":134,"column":543}},"line":134},"1373":{"name":"uu","decl":{"start":{"line":134,"column":573},"end":{"line":134,"column":575}},"loc":{"start":{"line":134,"column":580},"end":{"line":134,"column":618}},"line":134},"1374":{"name":"qf","decl":{"start":{"line":134,"column":627},"end":{"line":134,"column":629}},"loc":{"start":{"line":134,"column":632},"end":{"line":134,"column":679}},"line":134},"1375":{"name":"gu","decl":{"start":{"line":134,"column":824},"end":{"line":134,"column":826}},"loc":{"start":{"line":134,"column":829},"end":{"line":134,"column":954}},"line":134},"1376":{"name":"(anonymous_1376)","decl":{"start":{"line":134,"column":850},"end":{"line":134,"column":851}},"loc":{"start":{"line":134,"column":858},"end":{"line":134,"column":951}},"line":134},"1377":{"name":"hu","decl":{"start":{"line":134,"column":963},"end":{"line":134,"column":965}},"loc":{"start":{"line":134,"column":968},"end":{"line":134,"column":998}},"line":134}},"branchMap":{"0":{"loc":{"start":{"line":4,"column":219},"end":{"line":4,"column":232}},"type":"binary-expr","locations":[{"start":{"line":4,"column":219},"end":{"line":4,"column":220}},{"start":{"line":4,"column":223},"end":{"line":4,"column":231}}],"line":4},"1":{"loc":{"start":{"line":4,"column":255},"end":{"line":4,"column":287}},"type":"binary-expr","locations":[{"start":{"line":4,"column":255},"end":{"line":4,"column":256}},{"start":{"line":4,"column":258},"end":{"line":4,"column":287}}],"line":4},"2":{"loc":{"start":{"line":4,"column":374},"end":{"line":4,"column":523}},"type":"if","locations":[{"start":{"line":4,"column":374},"end":{"line":4,"column":523}},{"start":{},"end":{}}],"line":4},"3":{"loc":{"start":{"line":4,"column":377},"end":{"line":4,"column":420}},"type":"binary-expr","locations":[{"start":{"line":4,"column":377},"end":{"line":4,"column":378}},{"start":{"line":4,"column":380},"end":{"line":4,"column":398}},{"start":{"line":4,"column":400},"end":{"line":4,"column":420}}],"line":4},"4":{"loc":{"start":{"line":4,"column":440},"end":{"line":4,"column":522}},"type":"binary-expr","locations":[{"start":{"line":4,"column":440},"end":{"line":4,"column":453}},{"start":{"line":4,"column":455},"end":{"line":4,"column":460}},{"start":{"line":4,"column":462},"end":{"line":4,"column":522}}],"line":4},"5":{"loc":{"start":{"line":4,"column":494},"end":{"line":4,"column":520}},"type":"binary-expr","locations":[{"start":{"line":4,"column":494},"end":{"line":4,"column":506}},{"start":{"line":4,"column":508},"end":{"line":4,"column":520}}],"line":4},"6":{"loc":{"start":{"line":4,"column":551},"end":{"line":4,"column":571}},"type":"cond-expr","locations":[{"start":{"line":4,"column":559},"end":{"line":4,"column":568}},{"start":{"line":4,"column":569},"end":{"line":4,"column":571}}],"line":4},"7":{"loc":{"start":{"line":4,"column":575},"end":{"line":4,"column":637}},"type":"cond-expr","locations":[{"start":{"line":4,"column":596},"end":{"line":4,"column":635}},{"start":{"line":4,"column":636},"end":{"line":4,"column":637}}],"line":4},"8":{"loc":{"start":{"line":4,"column":575},"end":{"line":4,"column":595}},"type":"binary-expr","locations":[{"start":{"line":4,"column":575},"end":{"line":4,"column":576}},{"start":{"line":4,"column":578},"end":{"line":4,"column":580}},{"start":{"line":4,"column":582},"end":{"line":4,"column":595}}],"line":4},"9":{"loc":{"start":{"line":4,"column":732},"end":{"line":4,"column":746}},"type":"default-arg","locations":[{"start":{"line":4,"column":734},"end":{"line":4,"column":746}}],"line":4},"10":{"loc":{"start":{"line":4,"column":756},"end":{"line":4,"column":798}},"type":"cond-expr","locations":[{"start":{"line":4,"column":774},"end":{"line":4,"column":776}},{"start":{"line":4,"column":777},"end":{"line":4,"column":798}}],"line":4},"11":{"loc":{"start":{"line":4,"column":777},"end":{"line":4,"column":798}},"type":"cond-expr","locations":[{"start":{"line":4,"column":790},"end":{"line":4,"column":793}},{"start":{"line":4,"column":794},"end":{"line":4,"column":798}}],"line":4},"12":{"loc":{"start":{"line":4,"column":841},"end":{"line":4,"column":862}},"type":"binary-expr","locations":[{"start":{"line":4,"column":841},"end":{"line":4,"column":847}},{"start":{"line":4,"column":850},"end":{"line":4,"column":856}},{"start":{"line":4,"column":858},"end":{"line":4,"column":861}}],"line":4},"13":{"loc":{"start":{"line":4,"column":975},"end":{"line":4,"column":1123}},"type":"cond-expr","locations":[{"start":{"line":4,"column":1045},"end":{"line":4,"column":1049}},{"start":{"line":4,"column":1050},"end":{"line":4,"column":1123}}],"line":4},"14":{"loc":{"start":{"line":4,"column":975},"end":{"line":4,"column":1044}},"type":"binary-expr","locations":[{"start":{"line":4,"column":975},"end":{"line":4,"column":989}},{"start":{"line":4,"column":991},"end":{"line":4,"column":1006}},{"start":{"line":4,"column":1008},"end":{"line":4,"column":1025}},{"start":{"line":4,"column":1027},"end":{"line":4,"column":1044}}],"line":4},"15":{"loc":{"start":{"line":4,"column":1050},"end":{"line":4,"column":1123}},"type":"binary-expr","locations":[{"start":{"line":4,"column":1051},"end":{"line":4,"column":1062}},{"start":{"line":4,"column":1064},"end":{"line":4,"column":1076}},{"start":{"line":4,"column":1078},"end":{"line":4,"column":1094}},{"start":{"line":4,"column":1096},"end":{"line":4,"column":1114}},{"start":{"line":4,"column":1118},"end":{"line":4,"column":1122}}],"line":4},"16":{"loc":{"start":{"line":4,"column":1124},"end":{"line":4,"column":1270}},"type":"binary-expr","locations":[{"start":{"line":4,"column":1124},"end":{"line":4,"column":1141}},{"start":{"line":4,"column":1144},"end":{"line":4,"column":1269}}],"line":4},"17":{"loc":{"start":{"line":4,"column":1144},"end":{"line":4,"column":1269}},"type":"cond-expr","locations":[{"start":{"line":4,"column":1167},"end":{"line":4,"column":1171}},{"start":{"line":4,"column":1172},"end":{"line":4,"column":1269}}],"line":4},"18":{"loc":{"start":{"line":4,"column":1172},"end":{"line":4,"column":1269}},"type":"cond-expr","locations":[{"start":{"line":4,"column":1196},"end":{"line":4,"column":1200}},{"start":{"line":4,"column":1201},"end":{"line":4,"column":1269}}],"line":4},"19":{"loc":{"start":{"line":4,"column":1204},"end":{"line":4,"column":1269}},"type":"cond-expr","locations":[{"start":{"line":4,"column":1229},"end":{"line":4,"column":1230}},{"start":{"line":4,"column":1231},"end":{"line":4,"column":1269}}],"line":4},"20":{"loc":{"start":{"line":4,"column":1293},"end":{"line":4,"column":1347}},"type":"cond-expr","locations":[{"start":{"line":4,"column":1299},"end":{"line":4,"column":1301}},{"start":{"line":4,"column":1302},"end":{"line":4,"column":1347}}],"line":4},"21":{"loc":{"start":{"line":4,"column":1365},"end":{"line":4,"column":1384}},"type":"if","locations":[{"start":{"line":4,"column":1365},"end":{"line":4,"column":1384}},{"start":{},"end":{}}],"line":4},"22":{"loc":{"start":{"line":4,"column":1384},"end":{"line":4,"column":1453}},"type":"if","locations":[{"start":{"line":4,"column":1384},"end":{"line":4,"column":1453}},{"start":{},"end":{}}],"line":4},"23":{"loc":{"start":{"line":4,"column":1387},"end":{"line":4,"column":1443}},"type":"binary-expr","locations":[{"start":{"line":4,"column":1387},"end":{"line":4,"column":1402}},{"start":{"line":4,"column":1404},"end":{"line":4,"column":1420}},{"start":{"line":4,"column":1422},"end":{"line":4,"column":1443}}],"line":4},"24":{"loc":{"start":{"line":4,"column":1453},"end":{"line":4,"column":1481}},"type":"if","locations":[{"start":{"line":4,"column":1453},"end":{"line":4,"column":1481}},{"start":{},"end":{}}],"line":4},"25":{"loc":{"start":{"line":4,"column":1481},"end":{"line":4,"column":1512}},"type":"if","locations":[{"start":{"line":4,"column":1481},"end":{"line":4,"column":1512}},{"start":{},"end":{}}],"line":4},"26":{"loc":{"start":{"line":4,"column":1484},"end":{"line":4,"column":1502}},"type":"binary-expr","locations":[{"start":{"line":4,"column":1484},"end":{"line":4,"column":1485}},{"start":{"line":4,"column":1487},"end":{"line":4,"column":1489}},{"start":{"line":4,"column":1491},"end":{"line":4,"column":1502}}],"line":4},"27":{"loc":{"start":{"line":4,"column":1518},"end":{"line":4,"column":1523}},"type":"binary-expr","locations":[{"start":{"line":4,"column":1518},"end":{"line":4,"column":1520}},{"start":{"line":4,"column":1522},"end":{"line":4,"column":1523}}],"line":4},"28":{"loc":{"start":{"line":4,"column":1524},"end":{"line":4,"column":1552}},"type":"if","locations":[{"start":{"line":4,"column":1524},"end":{"line":4,"column":1552}},{"start":{},"end":{}}],"line":4},"29":{"loc":{"start":{"line":4,"column":1552},"end":{"line":4,"column":1684}},"type":"if","locations":[{"start":{"line":4,"column":1552},"end":{"line":4,"column":1684}},{"start":{},"end":{}}],"line":4},"30":{"loc":{"start":{"line":4,"column":1620},"end":{"line":4,"column":1683}},"type":"cond-expr","locations":[{"start":{"line":4,"column":1658},"end":{"line":4,"column":1681}},{"start":{"line":4,"column":1682},"end":{"line":4,"column":1683}}],"line":4},"31":{"loc":{"start":{"line":4,"column":1620},"end":{"line":4,"column":1657}},"type":"binary-expr","locations":[{"start":{"line":4,"column":1620},"end":{"line":4,"column":1636}},{"start":{"line":4,"column":1638},"end":{"line":4,"column":1657}}],"line":4},"32":{"loc":{"start":{"line":4,"column":1658},"end":{"line":4,"column":1681}},"type":"cond-expr","locations":[{"start":{"line":4,"column":1678},"end":{"line":4,"column":1679}},{"start":{"line":4,"column":1680},"end":{"line":4,"column":1681}}],"line":4},"33":{"loc":{"start":{"line":4,"column":1684},"end":{"line":4,"column":1820}},"type":"if","locations":[{"start":{"line":4,"column":1684},"end":{"line":4,"column":1820}},{"start":{},"end":{}}],"line":4},"34":{"loc":{"start":{"line":4,"column":1702},"end":{"line":4,"column":1819}},"type":"cond-expr","locations":[{"start":{"line":4,"column":1816},"end":{"line":4,"column":1817}},{"start":{"line":4,"column":1818},"end":{"line":4,"column":1819}}],"line":4},"35":{"loc":{"start":{"line":4,"column":1702},"end":{"line":4,"column":1815}},"type":"binary-expr","locations":[{"start":{"line":4,"column":1702},"end":{"line":4,"column":1791}},{"start":{"line":4,"column":1793},"end":{"line":4,"column":1815}}],"line":4},"36":{"loc":{"start":{"line":4,"column":1820},"end":{"line":4,"column":1913}},"type":"if","locations":[{"start":{"line":4,"column":1820},"end":{"line":4,"column":1913}},{"start":{},"end":{}}],"line":4},"37":{"loc":{"start":{"line":4,"column":1852},"end":{"line":4,"column":1912}},"type":"cond-expr","locations":[{"start":{"line":4,"column":1909},"end":{"line":4,"column":1910}},{"start":{"line":4,"column":1911},"end":{"line":4,"column":1912}}],"line":4},"38":{"loc":{"start":{"line":4,"column":1913},"end":{"line":4,"column":1951}},"type":"if","locations":[{"start":{"line":4,"column":1913},"end":{"line":4,"column":1951}},{"start":{},"end":{}}],"line":4},"39":{"loc":{"start":{"line":4,"column":1951},"end":{"line":4,"column":2122}},"type":"if","locations":[{"start":{"line":4,"column":1951},"end":{"line":4,"column":2122}},{"start":{},"end":{}}],"line":4},"40":{"loc":{"start":{"line":4,"column":1990},"end":{"line":4,"column":2016}},"type":"binary-expr","locations":[{"start":{"line":4,"column":1990},"end":{"line":4,"column":2012}},{"start":{"line":4,"column":2014},"end":{"line":4,"column":2016}}],"line":4},"41":{"loc":{"start":{"line":4,"column":2036},"end":{"line":4,"column":2121}},"type":"switch","locations":[{"start":{"line":4,"column":2059},"end":{"line":4,"column":2091}},{"start":{"line":4,"column":2091},"end":{"line":4,"column":2120}}],"line":4},"42":{"loc":{"start":{"line":4,"column":2082},"end":{"line":4,"column":2090}},"type":"cond-expr","locations":[{"start":{"line":4,"column":2087},"end":{"line":4,"column":2088}},{"start":{"line":4,"column":2089},"end":{"line":4,"column":2090}}],"line":4},"43":{"loc":{"start":{"line":4,"column":2128},"end":{"line":4,"column":2255}},"type":"cond-expr","locations":[{"start":{"line":4,"column":2158},"end":{"line":4,"column":2159}},{"start":{"line":4,"column":2160},"end":{"line":4,"column":2255}}],"line":4},"44":{"loc":{"start":{"line":4,"column":2160},"end":{"line":4,"column":2255}},"type":"cond-expr","locations":[{"start":{"line":4,"column":2252},"end":{"line":4,"column":2253}},{"start":{"line":4,"column":2254},"end":{"line":4,"column":2255}}],"line":4},"45":{"loc":{"start":{"line":4,"column":2160},"end":{"line":4,"column":2251}},"type":"binary-expr","locations":[{"start":{"line":4,"column":2160},"end":{"line":4,"column":2234}},{"start":{"line":4,"column":2236},"end":{"line":4,"column":2251}}],"line":4},"46":{"loc":{"start":{"line":4,"column":2282},"end":{"line":4,"column":2292}},"type":"binary-expr","locations":[{"start":{"line":4,"column":2282},"end":{"line":4,"column":2283}},{"start":{"line":4,"column":2285},"end":{"line":4,"column":2292}}],"line":4},"47":{"loc":{"start":{"line":4,"column":2469},"end":{"line":4,"column":2594}},"type":"if","locations":[{"start":{"line":4,"column":2469},"end":{"line":4,"column":2594}},{"start":{},"end":{}}],"line":4},"48":{"loc":{"start":{"line":4,"column":2499},"end":{"line":4,"column":2529}},"type":"binary-expr","locations":[{"start":{"line":4,"column":2499},"end":{"line":4,"column":2525}},{"start":{"line":4,"column":2527},"end":{"line":4,"column":2529}}],"line":4},"49":{"loc":{"start":{"line":4,"column":2601},"end":{"line":4,"column":2606}},"type":"binary-expr","locations":[{"start":{"line":4,"column":2601},"end":{"line":4,"column":2602}},{"start":{"line":4,"column":2604},"end":{"line":4,"column":2606}}],"line":4},"50":{"loc":{"start":{"line":4,"column":2826},"end":{"line":4,"column":2871}},"type":"if","locations":[{"start":{"line":4,"column":2826},"end":{"line":4,"column":2871}},{"start":{},"end":{}}],"line":4},"51":{"loc":{"start":{"line":4,"column":2839},"end":{"line":4,"column":2869}},"type":"binary-expr","locations":[{"start":{"line":4,"column":2839},"end":{"line":4,"column":2849}},{"start":{"line":4,"column":2851},"end":{"line":4,"column":2869}}],"line":4},"52":{"loc":{"start":{"line":4,"column":2871},"end":{"line":4,"column":2969}},"type":"if","locations":[{"start":{"line":4,"column":2871},"end":{"line":4,"column":2969}},{"start":{},"end":{}}],"line":4},"53":{"loc":{"start":{"line":4,"column":2874},"end":{"line":4,"column":2959}},"type":"binary-expr","locations":[{"start":{"line":4,"column":2874},"end":{"line":4,"column":2892}},{"start":{"line":4,"column":2894},"end":{"line":4,"column":2913}},{"start":{"line":4,"column":2915},"end":{"line":4,"column":2936}},{"start":{"line":4,"column":2938},"end":{"line":4,"column":2959}}],"line":4},"54":{"loc":{"start":{"line":4,"column":2969},"end":{"line":4,"column":3029}},"type":"if","locations":[{"start":{"line":4,"column":2969},"end":{"line":4,"column":3029}},{"start":{},"end":{}}],"line":4},"55":{"loc":{"start":{"line":4,"column":2972},"end":{"line":4,"column":3019}},"type":"binary-expr","locations":[{"start":{"line":4,"column":2972},"end":{"line":4,"column":2992}},{"start":{"line":4,"column":2994},"end":{"line":4,"column":3016}},{"start":{"line":4,"column":3018},"end":{"line":4,"column":3019}}],"line":4},"56":{"loc":{"start":{"line":4,"column":3029},"end":{"line":4,"column":3075}},"type":"if","locations":[{"start":{"line":4,"column":3029},"end":{"line":4,"column":3075}},{"start":{},"end":{}}],"line":4},"57":{"loc":{"start":{"line":4,"column":3032},"end":{"line":4,"column":3065}},"type":"binary-expr","locations":[{"start":{"line":4,"column":3032},"end":{"line":4,"column":3052}},{"start":{"line":4,"column":3054},"end":{"line":4,"column":3055}},{"start":{"line":4,"column":3057},"end":{"line":4,"column":3065}}],"line":4},"58":{"loc":{"start":{"line":4,"column":3075},"end":{"line":4,"column":3114}},"type":"if","locations":[{"start":{"line":4,"column":3075},"end":{"line":4,"column":3114}},{"start":{},"end":{}}],"line":4},"59":{"loc":{"start":{"line":4,"column":3114},"end":{"line":4,"column":3159}},"type":"if","locations":[{"start":{"line":4,"column":3114},"end":{"line":4,"column":3159}},{"start":{},"end":{}}],"line":4},"60":{"loc":{"start":{"line":4,"column":3117},"end":{"line":4,"column":3149}},"type":"binary-expr","locations":[{"start":{"line":4,"column":3117},"end":{"line":4,"column":3143}},{"start":{"line":4,"column":3145},"end":{"line":4,"column":3146}},{"start":{"line":4,"column":3148},"end":{"line":4,"column":3149}}],"line":4},"61":{"loc":{"start":{"line":4,"column":3159},"end":{"line":4,"column":3366}},"type":"if","locations":[{"start":{"line":4,"column":3159},"end":{"line":4,"column":3366}},{"start":{},"end":{}}],"line":4},"62":{"loc":{"start":{"line":4,"column":3174},"end":{"line":4,"column":3179}},"type":"binary-expr","locations":[{"start":{"line":4,"column":3174},"end":{"line":4,"column":3175}},{"start":{"line":4,"column":3177},"end":{"line":4,"column":3179}}],"line":4},"63":{"loc":{"start":{"line":4,"column":3181},"end":{"line":4,"column":3365}},"type":"switch","locations":[{"start":{"line":4,"column":3191},"end":{"line":4,"column":3247}},{"start":{"line":4,"column":3247},"end":{"line":4,"column":3286}},{"start":{"line":4,"column":3286},"end":{"line":4,"column":3342}},{"start":{"line":4,"column":3342},"end":{"line":4,"column":3364}}],"line":4},"64":{"loc":{"start":{"line":4,"column":3214},"end":{"line":4,"column":3246}},"type":"cond-expr","locations":[{"start":{"line":4,"column":3226},"end":{"line":4,"column":3236}},{"start":{"line":4,"column":3237},"end":{"line":4,"column":3246}}],"line":4},"65":{"loc":{"start":{"line":4,"column":3306},"end":{"line":4,"column":3341}},"type":"binary-expr","locations":[{"start":{"line":4,"column":3306},"end":{"line":4,"column":3315}},{"start":{"line":4,"column":3317},"end":{"line":4,"column":3328}},{"start":{"line":4,"column":3330},"end":{"line":4,"column":3341}}],"line":4},"66":{"loc":{"start":{"line":4,"column":3366},"end":{"line":4,"column":3439}},"type":"if","locations":[{"start":{"line":4,"column":3366},"end":{"line":4,"column":3439}},{"start":{},"end":{}}],"line":4},"67":{"loc":{"start":{"line":4,"column":3372},"end":{"line":4,"column":3397}},"type":"if","locations":[{"start":{"line":4,"column":3372},"end":{"line":4,"column":3397}},{"start":{},"end":{}}],"line":4},"68":{"loc":{"start":{"line":4,"column":3416},"end":{"line":4,"column":3438}},"type":"binary-expr","locations":[{"start":{"line":4,"column":3416},"end":{"line":4,"column":3425}},{"start":{"line":4,"column":3427},"end":{"line":4,"column":3438}}],"line":4},"69":{"loc":{"start":{"line":4,"column":3439},"end":{"line":4,"column":3474}},"type":"switch","locations":[{"start":{"line":4,"column":3449},"end":{"line":4,"column":3473}}],"line":4},"70":{"loc":{"start":{"line":4,"column":6762},"end":{"line":4,"column":6807}},"type":"cond-expr","locations":[{"start":{"line":4,"column":6764},"end":{"line":4,"column":6805}},{"start":{"line":4,"column":6806},"end":{"line":4,"column":6807}}],"line":4},"71":{"loc":{"start":{"line":4,"column":6858},"end":{"line":4,"column":6861}},"type":"default-arg","locations":[{"start":{"line":4,"column":6860},"end":{"line":4,"column":6861}}],"line":4},"72":{"loc":{"start":{"line":4,"column":6867},"end":{"line":4,"column":7012}},"type":"if","locations":[{"start":{"line":4,"column":6867},"end":{"line":4,"column":7012}},{"start":{},"end":{}}],"line":4},"73":{"loc":{"start":{"line":4,"column":7012},"end":{"line":4,"column":7116}},"type":"if","locations":[{"start":{"line":4,"column":7012},"end":{"line":4,"column":7116}},{"start":{},"end":{}}],"line":4},"74":{"loc":{"start":{"line":4,"column":7116},"end":{"line":4,"column":7243}},"type":"if","locations":[{"start":{"line":4,"column":7116},"end":{"line":4,"column":7243}},{"start":{},"end":{}}],"line":4},"75":{"loc":{"start":{"line":4,"column":7243},"end":{"line":4,"column":7261}},"type":"if","locations":[{"start":{"line":4,"column":7243},"end":{"line":4,"column":7261}},{"start":{},"end":{}}],"line":4},"76":{"loc":{"start":{"line":4,"column":7267},"end":{"line":4,"column":7306}},"type":"cond-expr","locations":[{"start":{"line":4,"column":7287},"end":{"line":4,"column":7292}},{"start":{"line":4,"column":7293},"end":{"line":4,"column":7306}}],"line":4},"77":{"loc":{"start":{"line":4,"column":7394},"end":{"line":4,"column":7413}},"type":"default-arg","locations":[{"start":{"line":4,"column":7411},"end":{"line":4,"column":7413}}],"line":4},"78":{"loc":{"start":{"line":4,"column":7405},"end":{"line":4,"column":7409}},"type":"default-arg","locations":[{"start":{"line":4,"column":7407},"end":{"line":4,"column":7409}}],"line":4},"79":{"loc":{"start":{"line":4,"column":7641},"end":{"line":4,"column":7653}},"type":"cond-expr","locations":[{"start":{"line":4,"column":7643},"end":{"line":4,"column":7649}},{"start":{"line":4,"column":7650},"end":{"line":4,"column":7653}}],"line":4},"80":{"loc":{"start":{"line":4,"column":7717},"end":{"line":4,"column":7756}},"type":"cond-expr","locations":[{"start":{"line":4,"column":7736},"end":{"line":4,"column":7754}},{"start":{"line":4,"column":7755},"end":{"line":4,"column":7756}}],"line":4},"81":{"loc":{"start":{"line":5,"column":50},"end":{"line":5,"column":58}},"type":"binary-expr","locations":[{"start":{"line":5,"column":50},"end":{"line":5,"column":54}},{"start":{"line":5,"column":56},"end":{"line":5,"column":58}}],"line":5},"82":{"loc":{"start":{"line":5,"column":124},"end":{"line":6,"column":28}},"type":"binary-expr","locations":[{"start":{"line":5,"column":124},"end":{"line":5,"column":131}},{"start":{"line":5,"column":134},"end":{"line":6,"column":27}}],"line":5},"83":{"loc":{"start":{"line":6,"column":99},"end":{"line":6,"column":216}},"type":"if","locations":[{"start":{"line":6,"column":99},"end":{"line":6,"column":216}},{"start":{},"end":{}}],"line":6},"84":{"loc":{"start":{"line":6,"column":351},"end":{"line":6,"column":368}},"type":"if","locations":[{"start":{"line":6,"column":351},"end":{"line":6,"column":368}},{"start":{},"end":{}}],"line":6},"85":{"loc":{"start":{"line":6,"column":578},"end":{"line":6,"column":711}},"type":"cond-expr","locations":[{"start":{"line":6,"column":617},"end":{"line":6,"column":629}},{"start":{"line":6,"column":630},"end":{"line":6,"column":711}}],"line":6},"86":{"loc":{"start":{"line":6,"column":578},"end":{"line":6,"column":616}},"type":"binary-expr","locations":[{"start":{"line":6,"column":578},"end":{"line":6,"column":579}},{"start":{"line":6,"column":581},"end":{"line":6,"column":593}},{"start":{"line":6,"column":595},"end":{"line":6,"column":616}}],"line":6},"87":{"loc":{"start":{"line":6,"column":630},"end":{"line":6,"column":711}},"type":"cond-expr","locations":[{"start":{"line":6,"column":686},"end":{"line":6,"column":708}},{"start":{"line":6,"column":709},"end":{"line":6,"column":711}}],"line":6},"88":{"loc":{"start":{"line":6,"column":630},"end":{"line":6,"column":685}},"type":"binary-expr","locations":[{"start":{"line":6,"column":630},"end":{"line":6,"column":652}},{"start":{"line":6,"column":654},"end":{"line":6,"column":685}}],"line":6},"89":{"loc":{"start":{"line":6,"column":761},"end":{"line":6,"column":986}},"type":"if","locations":[{"start":{"line":6,"column":761},"end":{"line":6,"column":986}},{"start":{},"end":{}}],"line":6},"90":{"loc":{"start":{"line":6,"column":1011},"end":{"line":6,"column":1110}},"type":"if","locations":[{"start":{"line":6,"column":1011},"end":{"line":6,"column":1110}},{"start":{},"end":{}}],"line":6},"91":{"loc":{"start":{"line":6,"column":1150},"end":{"line":6,"column":1257}},"type":"if","locations":[{"start":{"line":6,"column":1150},"end":{"line":6,"column":1257}},{"start":{},"end":{}}],"line":6},"92":{"loc":{"start":{"line":6,"column":1311},"end":{"line":6,"column":1469}},"type":"if","locations":[{"start":{"line":6,"column":1311},"end":{"line":6,"column":1469}},{"start":{},"end":{}}],"line":6},"93":{"loc":{"start":{"line":6,"column":1522},"end":{"line":6,"column":1759}},"type":"if","locations":[{"start":{"line":6,"column":1522},"end":{"line":6,"column":1759}},{"start":{"line":6,"column":1718},"end":{"line":6,"column":1759}}],"line":6},"94":{"loc":{"start":{"line":6,"column":1525},"end":{"line":6,"column":1551}},"type":"binary-expr","locations":[{"start":{"line":6,"column":1525},"end":{"line":6,"column":1526}},{"start":{"line":6,"column":1528},"end":{"line":6,"column":1534}},{"start":{"line":6,"column":1536},"end":{"line":6,"column":1551}}],"line":6},"95":{"loc":{"start":{"line":6,"column":1552},"end":{"line":6,"column":1713}},"type":"if","locations":[{"start":{"line":6,"column":1552},"end":{"line":6,"column":1713}},{"start":{"line":6,"column":1660},"end":{"line":6,"column":1713}}],"line":6},"96":{"loc":{"start":{"line":6,"column":1597},"end":{"line":6,"column":1654}},"type":"binary-expr","locations":[{"start":{"line":6,"column":1597},"end":{"line":6,"column":1613}},{"start":{"line":6,"column":1616},"end":{"line":6,"column":1653}}],"line":6},"97":{"loc":{"start":{"line":6,"column":1618},"end":{"line":6,"column":1653}},"type":"cond-expr","locations":[{"start":{"line":6,"column":1639},"end":{"line":6,"column":1640}},{"start":{"line":6,"column":1641},"end":{"line":6,"column":1653}}],"line":6},"98":{"loc":{"start":{"line":6,"column":1662},"end":{"line":6,"column":1712}},"type":"cond-expr","locations":[{"start":{"line":6,"column":1688},"end":{"line":6,"column":1694}},{"start":{"line":6,"column":1695},"end":{"line":6,"column":1712}}],"line":6},"99":{"loc":{"start":{"line":6,"column":1766},"end":{"line":6,"column":1789}},"type":"cond-expr","locations":[{"start":{"line":6,"column":1783},"end":{"line":6,"column":1784}},{"start":{"line":6,"column":1785},"end":{"line":6,"column":1789}}],"line":6},"100":{"loc":{"start":{"line":6,"column":1812},"end":{"line":6,"column":1857}},"type":"cond-expr","locations":[{"start":{"line":6,"column":1823},"end":{"line":6,"column":1855}},{"start":{"line":6,"column":1856},"end":{"line":6,"column":1857}}],"line":6},"101":{"loc":{"start":{"line":6,"column":1961},"end":{"line":6,"column":2000}},"type":"binary-expr","locations":[{"start":{"line":6,"column":1961},"end":{"line":6,"column":1962}},{"start":{"line":6,"column":1964},"end":{"line":6,"column":1982}},{"start":{"line":6,"column":1985},"end":{"line":6,"column":1999}}],"line":6},"102":{"loc":{"start":{"line":6,"column":2098},"end":{"line":6,"column":2108}},"type":"binary-expr","locations":[{"start":{"line":6,"column":2098},"end":{"line":6,"column":2099}},{"start":{"line":6,"column":2101},"end":{"line":6,"column":2108}}],"line":6},"103":{"loc":{"start":{"line":6,"column":2110},"end":{"line":6,"column":2196}},"type":"cond-expr","locations":[{"start":{"line":6,"column":2124},"end":{"line":6,"column":2136}},{"start":{"line":6,"column":2137},"end":{"line":6,"column":2196}}],"line":6},"104":{"loc":{"start":{"line":6,"column":2110},"end":{"line":6,"column":2123}},"type":"binary-expr","locations":[{"start":{"line":6,"column":2110},"end":{"line":6,"column":2111}},{"start":{"line":6,"column":2113},"end":{"line":6,"column":2123}}],"line":6},"105":{"loc":{"start":{"line":6,"column":2137},"end":{"line":6,"column":2196}},"type":"binary-expr","locations":[{"start":{"line":6,"column":2137},"end":{"line":6,"column":2138}},{"start":{"line":6,"column":2140},"end":{"line":6,"column":2196}}],"line":6},"106":{"loc":{"start":{"line":6,"column":2207},"end":{"line":6,"column":2305}},"type":"if","locations":[{"start":{"line":6,"column":2207},"end":{"line":6,"column":2305}},{"start":{},"end":{}}],"line":6},"107":{"loc":{"start":{"line":6,"column":2210},"end":{"line":6,"column":2219}},"type":"binary-expr","locations":[{"start":{"line":6,"column":2210},"end":{"line":6,"column":2211}},{"start":{"line":6,"column":2213},"end":{"line":6,"column":2219}}],"line":6},"108":{"loc":{"start":{"line":6,"column":2220},"end":{"line":6,"column":2305}},"type":"if","locations":[{"start":{"line":6,"column":2220},"end":{"line":6,"column":2305}},{"start":{"line":6,"column":2265},"end":{"line":6,"column":2305}}],"line":6},"109":{"loc":{"start":{"line":6,"column":2409},"end":{"line":6,"column":2450}},"type":"binary-expr","locations":[{"start":{"line":6,"column":2409},"end":{"line":6,"column":2410}},{"start":{"line":6,"column":2412},"end":{"line":6,"column":2450}}],"line":6},"110":{"loc":{"start":{"line":6,"column":2480},"end":{"line":6,"column":2519}},"type":"binary-expr","locations":[{"start":{"line":6,"column":2480},"end":{"line":6,"column":2481}},{"start":{"line":6,"column":2483},"end":{"line":6,"column":2501}},{"start":{"line":6,"column":2504},"end":{"line":6,"column":2518}}],"line":6},"111":{"loc":{"start":{"line":6,"column":2538},"end":{"line":6,"column":2569}},"type":"cond-expr","locations":[{"start":{"line":6,"column":2540},"end":{"line":6,"column":2558}},{"start":{"line":6,"column":2559},"end":{"line":6,"column":2569}}],"line":6},"112":{"loc":{"start":{"line":6,"column":2585},"end":{"line":6,"column":2630}},"type":"if","locations":[{"start":{"line":6,"column":2585},"end":{"line":6,"column":2630}},{"start":{},"end":{}}],"line":6},"113":{"loc":{"start":{"line":6,"column":2649},"end":{"line":6,"column":2788}},"type":"cond-expr","locations":[{"start":{"line":6,"column":2651},"end":{"line":6,"column":2668}},{"start":{"line":6,"column":2670},"end":{"line":6,"column":2787}}],"line":6},"114":{"loc":{"start":{"line":6,"column":3168},"end":{"line":6,"column":3417}},"type":"if","locations":[{"start":{"line":6,"column":3168},"end":{"line":6,"column":3417}},{"start":{"line":6,"column":3297},"end":{"line":6,"column":3417}}],"line":6},"115":{"loc":{"start":{"line":6,"column":3171},"end":{"line":6,"column":3175}},"type":"binary-expr","locations":[{"start":{"line":6,"column":3171},"end":{"line":6,"column":3172}},{"start":{"line":6,"column":3174},"end":{"line":6,"column":3175}}],"line":6},"116":{"loc":{"start":{"line":6,"column":3297},"end":{"line":6,"column":3417}},"type":"if","locations":[{"start":{"line":6,"column":3297},"end":{"line":6,"column":3417}},{"start":{"line":6,"column":3410},"end":{"line":6,"column":3417}}],"line":6},"117":{"loc":{"start":{"line":6,"column":3435},"end":{"line":6,"column":3439}},"type":"default-arg","locations":[{"start":{"line":6,"column":3437},"end":{"line":6,"column":3439}}],"line":6},"118":{"loc":{"start":{"line":6,"column":3450},"end":{"line":6,"column":3460}},"type":"binary-expr","locations":[{"start":{"line":6,"column":3450},"end":{"line":6,"column":3451}},{"start":{"line":6,"column":3453},"end":{"line":6,"column":3460}}],"line":6},"119":{"loc":{"start":{"line":6,"column":3467},"end":{"line":6,"column":3480}},"type":"binary-expr","locations":[{"start":{"line":6,"column":3467},"end":{"line":6,"column":3468}},{"start":{"line":6,"column":3470},"end":{"line":6,"column":3480}}],"line":6},"120":{"loc":{"start":{"line":6,"column":3482},"end":{"line":6,"column":3636}},"type":"if","locations":[{"start":{"line":6,"column":3482},"end":{"line":6,"column":3636}},{"start":{},"end":{}}],"line":6},"121":{"loc":{"start":{"line":6,"column":3664},"end":{"line":6,"column":3851}},"type":"cond-expr","locations":[{"start":{"line":6,"column":3707},"end":{"line":6,"column":3840}},{"start":{"line":6,"column":3842},"end":{"line":6,"column":3851}}],"line":6},"122":{"loc":{"start":{"line":6,"column":3707},"end":{"line":6,"column":3726}},"type":"binary-expr","locations":[{"start":{"line":6,"column":3707},"end":{"line":6,"column":3713}},{"start":{"line":6,"column":3716},"end":{"line":6,"column":3725}}],"line":6},"123":{"loc":{"start":{"line":6,"column":3727},"end":{"line":6,"column":3840}},"type":"binary-expr","locations":[{"start":{"line":6,"column":3727},"end":{"line":6,"column":3728}},{"start":{"line":6,"column":3730},"end":{"line":6,"column":3840}}],"line":6},"124":{"loc":{"start":{"line":6,"column":3733},"end":{"line":6,"column":3839}},"type":"cond-expr","locations":[{"start":{"line":6,"column":3740},"end":{"line":6,"column":3787}},{"start":{"line":6,"column":3788},"end":{"line":6,"column":3839}}],"line":6},"125":{"loc":{"start":{"line":6,"column":4236},"end":{"line":6,"column":4240}},"type":"default-arg","locations":[{"start":{"line":6,"column":4238},"end":{"line":6,"column":4240}}],"line":6},"126":{"loc":{"start":{"line":6,"column":4250},"end":{"line":6,"column":4451}},"type":"if","locations":[{"start":{"line":6,"column":4250},"end":{"line":6,"column":4451}},{"start":{"line":6,"column":4280},"end":{"line":6,"column":4451}}],"line":6},"127":{"loc":{"start":{"line":6,"column":4280},"end":{"line":6,"column":4451}},"type":"if","locations":[{"start":{"line":6,"column":4280},"end":{"line":6,"column":4451}},{"start":{"line":6,"column":4346},"end":{"line":6,"column":4451}}],"line":6},"128":{"loc":{"start":{"line":6,"column":4283},"end":{"line":6,"column":4297}},"type":"binary-expr","locations":[{"start":{"line":6,"column":4283},"end":{"line":6,"column":4289}},{"start":{"line":6,"column":4291},"end":{"line":6,"column":4297}}],"line":6},"129":{"loc":{"start":{"line":6,"column":4584},"end":{"line":6,"column":4753}},"type":"if","locations":[{"start":{"line":6,"column":4584},"end":{"line":6,"column":4753}},{"start":{},"end":{}}],"line":6},"130":{"loc":{"start":{"line":6,"column":4599},"end":{"line":6,"column":4729}},"type":"if","locations":[{"start":{"line":6,"column":4599},"end":{"line":6,"column":4729}},{"start":{},"end":{}}],"line":6},"131":{"loc":{"start":{"line":6,"column":4602},"end":{"line":6,"column":4630}},"type":"binary-expr","locations":[{"start":{"line":6,"column":4602},"end":{"line":6,"column":4614}},{"start":{"line":6,"column":4616},"end":{"line":6,"column":4630}}],"line":6},"132":{"loc":{"start":{"line":6,"column":4632},"end":{"line":6,"column":4715}},"type":"if","locations":[{"start":{"line":6,"column":4632},"end":{"line":6,"column":4715}},{"start":{},"end":{}}],"line":6},"133":{"loc":{"start":{"line":6,"column":4891},"end":{"line":6,"column":4923}},"type":"cond-expr","locations":[{"start":{"line":6,"column":4900},"end":{"line":6,"column":4911}},{"start":{"line":6,"column":4912},"end":{"line":6,"column":4923}}],"line":6},"134":{"loc":{"start":{"line":6,"column":4891},"end":{"line":6,"column":4899}},"type":"binary-expr","locations":[{"start":{"line":6,"column":4891},"end":{"line":6,"column":4894}},{"start":{"line":6,"column":4896},"end":{"line":6,"column":4899}}],"line":6},"135":{"loc":{"start":{"line":6,"column":4900},"end":{"line":6,"column":4911}},"type":"cond-expr","locations":[{"start":{"line":6,"column":4904},"end":{"line":6,"column":4907}},{"start":{"line":6,"column":4908},"end":{"line":6,"column":4911}}],"line":6},"136":{"loc":{"start":{"line":6,"column":4912},"end":{"line":6,"column":4923}},"type":"cond-expr","locations":[{"start":{"line":6,"column":4918},"end":{"line":6,"column":4919}},{"start":{"line":6,"column":4920},"end":{"line":6,"column":4923}}],"line":6},"137":{"loc":{"start":{"line":6,"column":4945},"end":{"line":6,"column":4963}},"type":"if","locations":[{"start":{"line":6,"column":4945},"end":{"line":6,"column":4963}},{"start":{},"end":{}}],"line":6},"138":{"loc":{"start":{"line":6,"column":4963},"end":{"line":6,"column":5001}},"type":"if","locations":[{"start":{"line":6,"column":4963},"end":{"line":6,"column":5001}},{"start":{},"end":{}}],"line":6},"139":{"loc":{"start":{"line":6,"column":5031},"end":{"line":6,"column":5073}},"type":"binary-expr","locations":[{"start":{"line":6,"column":5031},"end":{"line":6,"column":5034}},{"start":{"line":6,"column":5036},"end":{"line":6,"column":5073}}],"line":6},"140":{"loc":{"start":{"line":6,"column":5095},"end":{"line":6,"column":5133}},"type":"binary-expr","locations":[{"start":{"line":6,"column":5095},"end":{"line":6,"column":5098}},{"start":{"line":6,"column":5100},"end":{"line":6,"column":5133}}],"line":6},"141":{"loc":{"start":{"line":6,"column":5139},"end":{"line":6,"column":5172}},"type":"if","locations":[{"start":{"line":6,"column":5139},"end":{"line":6,"column":5172}},{"start":{},"end":{}}],"line":6},"142":{"loc":{"start":{"line":6,"column":5152},"end":{"line":6,"column":5162}},"type":"binary-expr","locations":[{"start":{"line":6,"column":5152},"end":{"line":6,"column":5157}},{"start":{"line":6,"column":5159},"end":{"line":6,"column":5162}}],"line":6},"143":{"loc":{"start":{"line":6,"column":6480},"end":{"line":6,"column":6519}},"type":"cond-expr","locations":[{"start":{"line":6,"column":6501},"end":{"line":6,"column":6502}},{"start":{"line":6,"column":6503},"end":{"line":6,"column":6519}}],"line":6},"144":{"loc":{"start":{"line":6,"column":7021},"end":{"line":6,"column":7158}},"type":"binary-expr","locations":[{"start":{"line":6,"column":7021},"end":{"line":6,"column":7039}},{"start":{"line":6,"column":7042},"end":{"line":6,"column":7157}}],"line":6},"145":{"loc":{"start":{"line":6,"column":7102},"end":{"line":6,"column":7117}},"type":"binary-expr","locations":[{"start":{"line":6,"column":7102},"end":{"line":6,"column":7113}},{"start":{"line":6,"column":7115},"end":{"line":6,"column":7117}}],"line":6},"146":{"loc":{"start":{"line":6,"column":7121},"end":{"line":6,"column":7157}},"type":"binary-expr","locations":[{"start":{"line":6,"column":7121},"end":{"line":6,"column":7135}},{"start":{"line":6,"column":7137},"end":{"line":6,"column":7157}}],"line":6},"147":{"loc":{"start":{"line":6,"column":7175},"end":{"line":6,"column":7227}},"type":"binary-expr","locations":[{"start":{"line":6,"column":7175},"end":{"line":6,"column":7178}},{"start":{"line":6,"column":7180},"end":{"line":6,"column":7188}},{"start":{"line":6,"column":7190},"end":{"line":6,"column":7201}},{"start":{"line":6,"column":7204},"end":{"line":6,"column":7212}},{"start":{"line":6,"column":7214},"end":{"line":6,"column":7222}},{"start":{"line":6,"column":7224},"end":{"line":6,"column":7226}}],"line":6},"148":{"loc":{"start":{"line":6,"column":7338},"end":{"line":6,"column":7404}},"type":"cond-expr","locations":[{"start":{"line":6,"column":7359},"end":{"line":6,"column":7360}},{"start":{"line":6,"column":7361},"end":{"line":6,"column":7404}}],"line":6},"149":{"loc":{"start":{"line":6,"column":7338},"end":{"line":6,"column":7358}},"type":"binary-expr","locations":[{"start":{"line":6,"column":7338},"end":{"line":6,"column":7349}},{"start":{"line":6,"column":7351},"end":{"line":6,"column":7358}}],"line":6},"150":{"loc":{"start":{"line":6,"column":7364},"end":{"line":6,"column":7401}},"type":"cond-expr","locations":[{"start":{"line":6,"column":7383},"end":{"line":6,"column":7399}},{"start":{"line":6,"column":7400},"end":{"line":6,"column":7401}}],"line":6},"151":{"loc":{"start":{"line":6,"column":7802},"end":{"line":6,"column":7835}},"type":"cond-expr","locations":[{"start":{"line":6,"column":7821},"end":{"line":6,"column":7832}},{"start":{"line":6,"column":7833},"end":{"line":6,"column":7835}}],"line":6},"152":{"loc":{"start":{"line":6,"column":7855},"end":{"line":6,"column":7867}},"type":"binary-expr","locations":[{"start":{"line":6,"column":7855},"end":{"line":6,"column":7863}},{"start":{"line":6,"column":7865},"end":{"line":6,"column":7867}}],"line":6},"153":{"loc":{"start":{"line":6,"column":7894},"end":{"line":6,"column":7937}},"type":"cond-expr","locations":[{"start":{"line":6,"column":7910},"end":{"line":6,"column":7934}},{"start":{"line":6,"column":7935},"end":{"line":6,"column":7937}}],"line":6},"154":{"loc":{"start":{"line":6,"column":7956},"end":{"line":6,"column":7996}},"type":"binary-expr","locations":[{"start":{"line":6,"column":7956},"end":{"line":6,"column":7974}},{"start":{"line":6,"column":7977},"end":{"line":6,"column":7995}}],"line":6},"155":{"loc":{"start":{"line":6,"column":8165},"end":{"line":6,"column":8231}},"type":"cond-expr","locations":[{"start":{"line":6,"column":8184},"end":{"line":6,"column":8186}},{"start":{"line":6,"column":8187},"end":{"line":6,"column":8231}}],"line":6},"156":{"loc":{"start":{"line":6,"column":8165},"end":{"line":6,"column":8183}},"type":"binary-expr","locations":[{"start":{"line":6,"column":8165},"end":{"line":6,"column":8171}},{"start":{"line":6,"column":8173},"end":{"line":6,"column":8183}}],"line":6},"157":{"loc":{"start":{"line":6,"column":8245},"end":{"line":6,"column":8320}},"type":"cond-expr","locations":[{"start":{"line":6,"column":8264},"end":{"line":6,"column":8266}},{"start":{"line":6,"column":8267},"end":{"line":6,"column":8320}}],"line":6},"158":{"loc":{"start":{"line":6,"column":8245},"end":{"line":6,"column":8263}},"type":"binary-expr","locations":[{"start":{"line":6,"column":8245},"end":{"line":6,"column":8251}},{"start":{"line":6,"column":8253},"end":{"line":6,"column":8263}}],"line":6},"159":{"loc":{"start":{"line":6,"column":8329},"end":{"line":6,"column":8334}},"type":"binary-expr","locations":[{"start":{"line":6,"column":8329},"end":{"line":6,"column":8330}},{"start":{"line":6,"column":8332},"end":{"line":6,"column":8334}}],"line":6},"160":{"loc":{"start":{"line":6,"column":8366},"end":{"line":6,"column":8391}},"type":"binary-expr","locations":[{"start":{"line":6,"column":8366},"end":{"line":6,"column":8378}},{"start":{"line":6,"column":8380},"end":{"line":6,"column":8391}}],"line":6},"161":{"loc":{"start":{"line":6,"column":8588},"end":{"line":6,"column":8812}},"type":"if","locations":[{"start":{"line":6,"column":8588},"end":{"line":6,"column":8812}},{"start":{},"end":{}}],"line":6},"162":{"loc":{"start":{"line":6,"column":8591},"end":{"line":6,"column":8622}},"type":"binary-expr","locations":[{"start":{"line":6,"column":8591},"end":{"line":6,"column":8603}},{"start":{"line":6,"column":8605},"end":{"line":6,"column":8622}}],"line":6},"163":{"loc":{"start":{"line":6,"column":8623},"end":{"line":6,"column":8647}},"type":"binary-expr","locations":[{"start":{"line":6,"column":8623},"end":{"line":6,"column":8635}},{"start":{"line":6,"column":8637},"end":{"line":6,"column":8647}}],"line":6},"164":{"loc":{"start":{"line":6,"column":8648},"end":{"line":6,"column":8664}},"type":"binary-expr","locations":[{"start":{"line":6,"column":8648},"end":{"line":6,"column":8661}},{"start":{"line":6,"column":8663},"end":{"line":6,"column":8664}}],"line":6},"165":{"loc":{"start":{"line":6,"column":8681},"end":{"line":6,"column":8707}},"type":"cond-expr","locations":[{"start":{"line":6,"column":8700},"end":{"line":6,"column":8701}},{"start":{"line":6,"column":8702},"end":{"line":6,"column":8707}}],"line":6},"166":{"loc":{"start":{"line":6,"column":8747},"end":{"line":6,"column":8811}},"type":"cond-expr","locations":[{"start":{"line":6,"column":8771},"end":{"line":6,"column":8799}},{"start":{"line":6,"column":8800},"end":{"line":6,"column":8811}}],"line":6},"167":{"loc":{"start":{"line":6,"column":8946},"end":{"line":6,"column":8949}},"type":"default-arg","locations":[{"start":{"line":6,"column":8948},"end":{"line":6,"column":8949}}],"line":6},"168":{"loc":{"start":{"line":6,"column":8997},"end":{"line":6,"column":9119}},"type":"if","locations":[{"start":{"line":6,"column":8997},"end":{"line":6,"column":9119}},{"start":{"line":6,"column":9077},"end":{"line":6,"column":9119}}],"line":6},"169":{"loc":{"start":{"line":6,"column":9000},"end":{"line":6,"column":9028}},"type":"binary-expr","locations":[{"start":{"line":6,"column":9000},"end":{"line":6,"column":9018}},{"start":{"line":6,"column":9020},"end":{"line":6,"column":9028}}],"line":6},"170":{"loc":{"start":{"line":6,"column":9030},"end":{"line":6,"column":9063}},"type":"if","locations":[{"start":{"line":6,"column":9030},"end":{"line":6,"column":9063}},{"start":{},"end":{}}],"line":6},"171":{"loc":{"start":{"line":6,"column":9077},"end":{"line":6,"column":9119}},"type":"if","locations":[{"start":{"line":6,"column":9077},"end":{"line":6,"column":9119}},{"start":{},"end":{}}],"line":6},"172":{"loc":{"start":{"line":6,"column":9144},"end":{"line":6,"column":9150}},"type":"default-arg","locations":[{"start":{"line":6,"column":9146},"end":{"line":6,"column":9150}}],"line":6},"173":{"loc":{"start":{"line":6,"column":9194},"end":{"line":6,"column":9232}},"type":"cond-expr","locations":[{"start":{"line":6,"column":9213},"end":{"line":6,"column":9214}},{"start":{"line":6,"column":9215},"end":{"line":6,"column":9232}}],"line":6},"174":{"loc":{"start":{"line":7,"column":10},"end":{"line":7,"column":34}},"type":"cond-expr","locations":[{"start":{"line":7,"column":21},"end":{"line":7,"column":22}},{"start":{"line":7,"column":23},"end":{"line":7,"column":34}}],"line":7},"175":{"loc":{"start":{"line":7,"column":159},"end":{"line":7,"column":534}},"type":"if","locations":[{"start":{"line":7,"column":159},"end":{"line":7,"column":534}},{"start":{},"end":{}}],"line":7},"176":{"loc":{"start":{"line":7,"column":162},"end":{"line":7,"column":215}},"type":"binary-expr","locations":[{"start":{"line":7,"column":162},"end":{"line":7,"column":192}},{"start":{"line":7,"column":194},"end":{"line":7,"column":215}}],"line":7},"177":{"loc":{"start":{"line":7,"column":164},"end":{"line":7,"column":191}},"type":"binary-expr","locations":[{"start":{"line":7,"column":164},"end":{"line":7,"column":165}},{"start":{"line":7,"column":167},"end":{"line":7,"column":191}}],"line":7},"178":{"loc":{"start":{"line":7,"column":1182},"end":{"line":7,"column":1363}},"type":"cond-expr","locations":[{"start":{"line":7,"column":1204},"end":{"line":7,"column":1258}},{"start":{"line":7,"column":1259},"end":{"line":7,"column":1363}}],"line":7},"179":{"loc":{"start":{"line":7,"column":1204},"end":{"line":7,"column":1258}},"type":"cond-expr","locations":[{"start":{"line":7,"column":1206},"end":{"line":7,"column":1229}},{"start":{"line":7,"column":1230},"end":{"line":7,"column":1258}}],"line":7},"180":{"loc":{"start":{"line":7,"column":1259},"end":{"line":7,"column":1363}},"type":"cond-expr","locations":[{"start":{"line":7,"column":1280},"end":{"line":7,"column":1324}},{"start":{"line":7,"column":1325},"end":{"line":7,"column":1363}}],"line":7},"181":{"loc":{"start":{"line":7,"column":1280},"end":{"line":7,"column":1324}},"type":"cond-expr","locations":[{"start":{"line":7,"column":1282},"end":{"line":7,"column":1300}},{"start":{"line":7,"column":1301},"end":{"line":7,"column":1324}}],"line":7},"182":{"loc":{"start":{"line":7,"column":1325},"end":{"line":7,"column":1363}},"type":"cond-expr","locations":[{"start":{"line":7,"column":1327},"end":{"line":7,"column":1342}},{"start":{"line":7,"column":1343},"end":{"line":7,"column":1363}}],"line":7},"183":{"loc":{"start":{"line":7,"column":1591},"end":{"line":7,"column":1612}},"type":"binary-expr","locations":[{"start":{"line":7,"column":1591},"end":{"line":7,"column":1592}},{"start":{"line":7,"column":1594},"end":{"line":7,"column":1612}}],"line":7},"184":{"loc":{"start":{"line":7,"column":1620},"end":{"line":7,"column":1630}},"type":"binary-expr","locations":[{"start":{"line":7,"column":1620},"end":{"line":7,"column":1621}},{"start":{"line":7,"column":1623},"end":{"line":7,"column":1630}}],"line":7},"185":{"loc":{"start":{"line":7,"column":1644},"end":{"line":7,"column":1756}},"type":"if","locations":[{"start":{"line":7,"column":1644},"end":{"line":7,"column":1756}},{"start":{},"end":{}}],"line":7},"186":{"loc":{"start":{"line":7,"column":1711},"end":{"line":7,"column":1753}},"type":"binary-expr","locations":[{"start":{"line":7,"column":1711},"end":{"line":7,"column":1712}},{"start":{"line":7,"column":1714},"end":{"line":7,"column":1715}},{"start":{"line":7,"column":1717},"end":{"line":7,"column":1753}}],"line":7},"187":{"loc":{"start":{"line":7,"column":1756},"end":{"line":7,"column":2505}},"type":"if","locations":[{"start":{"line":7,"column":1756},"end":{"line":7,"column":2505}},{"start":{},"end":{}}],"line":7},"188":{"loc":{"start":{"line":7,"column":1766},"end":{"line":7,"column":1785}},"type":"if","locations":[{"start":{"line":7,"column":1766},"end":{"line":7,"column":1785}},{"start":{},"end":{}}],"line":7},"189":{"loc":{"start":{"line":7,"column":1785},"end":{"line":7,"column":2378}},"type":"if","locations":[{"start":{"line":7,"column":1785},"end":{"line":7,"column":2378}},{"start":{},"end":{}}],"line":7},"190":{"loc":{"start":{"line":7,"column":1806},"end":{"line":7,"column":1836}},"type":"if","locations":[{"start":{"line":7,"column":1806},"end":{"line":7,"column":1836}},{"start":{},"end":{}}],"line":7},"191":{"loc":{"start":{"line":7,"column":1889},"end":{"line":7,"column":1940}},"type":"cond-expr","locations":[{"start":{"line":7,"column":1902},"end":{"line":7,"column":1911}},{"start":{"line":7,"column":1912},"end":{"line":7,"column":1940}}],"line":7},"192":{"loc":{"start":{"line":7,"column":1889},"end":{"line":7,"column":1901}},"type":"binary-expr","locations":[{"start":{"line":7,"column":1889},"end":{"line":7,"column":1894}},{"start":{"line":7,"column":1896},"end":{"line":7,"column":1901}}],"line":7},"193":{"loc":{"start":{"line":7,"column":1912},"end":{"line":7,"column":1940}},"type":"cond-expr","locations":[{"start":{"line":7,"column":1921},"end":{"line":7,"column":1930}},{"start":{"line":7,"column":1931},"end":{"line":7,"column":1940}}],"line":7},"194":{"loc":{"start":{"line":7,"column":1941},"end":{"line":7,"column":2321}},"type":"if","locations":[{"start":{"line":7,"column":1941},"end":{"line":7,"column":2321}},{"start":{},"end":{}}],"line":7},"195":{"loc":{"start":{"line":7,"column":1954},"end":{"line":7,"column":2076}},"type":"if","locations":[{"start":{"line":7,"column":1954},"end":{"line":7,"column":2076}},{"start":{},"end":{}}],"line":7},"196":{"loc":{"start":{"line":7,"column":2076},"end":{"line":7,"column":2115}},"type":"if","locations":[{"start":{"line":7,"column":2076},"end":{"line":7,"column":2115}},{"start":{},"end":{}}],"line":7},"197":{"loc":{"start":{"line":7,"column":2143},"end":{"line":7,"column":2177}},"type":"cond-expr","locations":[{"start":{"line":7,"column":2156},"end":{"line":7,"column":2158}},{"start":{"line":7,"column":2159},"end":{"line":7,"column":2177}}],"line":7},"198":{"loc":{"start":{"line":7,"column":2197},"end":{"line":7,"column":2223}},"type":"cond-expr","locations":[{"start":{"line":7,"column":2210},"end":{"line":7,"column":2213}},{"start":{"line":7,"column":2214},"end":{"line":7,"column":2223}}],"line":7},"199":{"loc":{"start":{"line":7,"column":2232},"end":{"line":7,"column":2320}},"type":"binary-expr","locations":[{"start":{"line":7,"column":2232},"end":{"line":7,"column":2260}},{"start":{"line":7,"column":2262},"end":{"line":7,"column":2290}},{"start":{"line":7,"column":2293},"end":{"line":7,"column":2305}},{"start":{"line":7,"column":2307},"end":{"line":7,"column":2319}}],"line":7},"200":{"loc":{"start":{"line":7,"column":2328},"end":{"line":7,"column":2377}},"type":"binary-expr","locations":[{"start":{"line":7,"column":2328},"end":{"line":7,"column":2347}},{"start":{"line":7,"column":2349},"end":{"line":7,"column":2377}}],"line":7},"201":{"loc":{"start":{"line":7,"column":2431},"end":{"line":7,"column":2496}},"type":"binary-expr","locations":[{"start":{"line":7,"column":2432},"end":{"line":7,"column":2438}},{"start":{"line":7,"column":2440},"end":{"line":7,"column":2447}},{"start":{"line":7,"column":2449},"end":{"line":7,"column":2481}},{"start":{"line":7,"column":2484},"end":{"line":7,"column":2496}}],"line":7},"202":{"loc":{"start":{"line":7,"column":2552},"end":{"line":7,"column":2687}},"type":"cond-expr","locations":[{"start":{"line":7,"column":2558},"end":{"line":7,"column":2684}},{"start":{"line":7,"column":2685},"end":{"line":7,"column":2687}}],"line":7},"203":{"loc":{"start":{"line":7,"column":2558},"end":{"line":7,"column":2684}},"type":"cond-expr","locations":[{"start":{"line":7,"column":2564},"end":{"line":7,"column":2634}},{"start":{"line":7,"column":2635},"end":{"line":7,"column":2684}}],"line":7},"204":{"loc":{"start":{"line":7,"column":2564},"end":{"line":7,"column":2634}},"type":"cond-expr","locations":[{"start":{"line":7,"column":2630},"end":{"line":7,"column":2631}},{"start":{"line":7,"column":2632},"end":{"line":7,"column":2634}}],"line":7},"205":{"loc":{"start":{"line":7,"column":2567},"end":{"line":7,"column":2622}},"type":"cond-expr","locations":[{"start":{"line":7,"column":2606},"end":{"line":7,"column":2612}},{"start":{"line":7,"column":2613},"end":{"line":7,"column":2622}}],"line":7},"206":{"loc":{"start":{"line":7,"column":2635},"end":{"line":7,"column":2684}},"type":"cond-expr","locations":[{"start":{"line":7,"column":2652},"end":{"line":7,"column":2660}},{"start":{"line":7,"column":2661},"end":{"line":7,"column":2684}}],"line":7},"207":{"loc":{"start":{"line":7,"column":2830},"end":{"line":7,"column":2854}},"type":"cond-expr","locations":[{"start":{"line":7,"column":2841},"end":{"line":7,"column":2846}},{"start":{"line":7,"column":2847},"end":{"line":7,"column":2854}}],"line":7},"208":{"loc":{"start":{"line":7,"column":2938},"end":{"line":7,"column":3039}},"type":"cond-expr","locations":[{"start":{"line":7,"column":2950},"end":{"line":7,"column":3005}},{"start":{"line":7,"column":3007},"end":{"line":7,"column":3039}}],"line":7},"209":{"loc":{"start":{"line":7,"column":3575},"end":{"line":7,"column":3608}},"type":"cond-expr","locations":[{"start":{"line":7,"column":3597},"end":{"line":7,"column":3601}},{"start":{"line":7,"column":3602},"end":{"line":7,"column":3608}}],"line":7},"210":{"loc":{"start":{"line":7,"column":3611},"end":{"line":7,"column":3662}},"type":"cond-expr","locations":[{"start":{"line":7,"column":3624},"end":{"line":7,"column":3628}},{"start":{"line":7,"column":3629},"end":{"line":7,"column":3662}}],"line":7},"211":{"loc":{"start":{"line":7,"column":3629},"end":{"line":7,"column":3662}},"type":"cond-expr","locations":[{"start":{"line":7,"column":3651},"end":{"line":7,"column":3657}},{"start":{"line":7,"column":3658},"end":{"line":7,"column":3662}}],"line":7},"212":{"loc":{"start":{"line":7,"column":3703},"end":{"line":7,"column":3708}},"type":"binary-expr","locations":[{"start":{"line":7,"column":3703},"end":{"line":7,"column":3704}},{"start":{"line":7,"column":3706},"end":{"line":7,"column":3708}}],"line":7},"213":{"loc":{"start":{"line":7,"column":3728},"end":{"line":7,"column":3763}},"type":"binary-expr","locations":[{"start":{"line":7,"column":3728},"end":{"line":7,"column":3738}},{"start":{"line":7,"column":3740},"end":{"line":7,"column":3763}}],"line":7},"214":{"loc":{"start":{"line":7,"column":3801},"end":{"line":7,"column":3806}},"type":"binary-expr","locations":[{"start":{"line":7,"column":3801},"end":{"line":7,"column":3802}},{"start":{"line":7,"column":3804},"end":{"line":7,"column":3806}}],"line":7},"215":{"loc":{"start":{"line":7,"column":3815},"end":{"line":7,"column":3834}},"type":"cond-expr","locations":[{"start":{"line":7,"column":3826},"end":{"line":7,"column":3828}},{"start":{"line":7,"column":3829},"end":{"line":7,"column":3834}}],"line":7},"216":{"loc":{"start":{"line":7,"column":4069},"end":{"line":7,"column":4091}},"type":"binary-expr","locations":[{"start":{"line":7,"column":4069},"end":{"line":7,"column":4074}},{"start":{"line":7,"column":4076},"end":{"line":7,"column":4091}}],"line":7},"217":{"loc":{"start":{"line":7,"column":4140},"end":{"line":7,"column":4160}},"type":"binary-expr","locations":[{"start":{"line":7,"column":4140},"end":{"line":7,"column":4145}},{"start":{"line":7,"column":4147},"end":{"line":7,"column":4160}}],"line":7},"218":{"loc":{"start":{"line":7,"column":4201},"end":{"line":7,"column":4219}},"type":"binary-expr","locations":[{"start":{"line":7,"column":4201},"end":{"line":7,"column":4206}},{"start":{"line":7,"column":4208},"end":{"line":7,"column":4219}}],"line":7},"219":{"loc":{"start":{"line":7,"column":4253},"end":{"line":7,"column":4272}},"type":"binary-expr","locations":[{"start":{"line":7,"column":4253},"end":{"line":7,"column":4258}},{"start":{"line":7,"column":4260},"end":{"line":7,"column":4272}}],"line":7},"220":{"loc":{"start":{"line":7,"column":4309},"end":{"line":7,"column":4327}},"type":"binary-expr","locations":[{"start":{"line":7,"column":4309},"end":{"line":7,"column":4314}},{"start":{"line":7,"column":4316},"end":{"line":7,"column":4327}}],"line":7},"221":{"loc":{"start":{"line":7,"column":4372},"end":{"line":7,"column":4392}},"type":"binary-expr","locations":[{"start":{"line":7,"column":4372},"end":{"line":7,"column":4377}},{"start":{"line":7,"column":4379},"end":{"line":7,"column":4392}}],"line":7},"222":{"loc":{"start":{"line":7,"column":4438},"end":{"line":7,"column":4457}},"type":"binary-expr","locations":[{"start":{"line":7,"column":4438},"end":{"line":7,"column":4443}},{"start":{"line":7,"column":4445},"end":{"line":7,"column":4457}}],"line":7},"223":{"loc":{"start":{"line":7,"column":4546},"end":{"line":7,"column":4563}},"type":"binary-expr","locations":[{"start":{"line":7,"column":4546},"end":{"line":7,"column":4551}},{"start":{"line":7,"column":4553},"end":{"line":7,"column":4557}},{"start":{"line":7,"column":4559},"end":{"line":7,"column":4563}}],"line":7},"224":{"loc":{"start":{"line":7,"column":4595},"end":{"line":7,"column":4605}},"type":"binary-expr","locations":[{"start":{"line":7,"column":4595},"end":{"line":7,"column":4600}},{"start":{"line":7,"column":4602},"end":{"line":7,"column":4605}}],"line":7},"225":{"loc":{"start":{"line":7,"column":4635},"end":{"line":7,"column":4645}},"type":"binary-expr","locations":[{"start":{"line":7,"column":4635},"end":{"line":7,"column":4640}},{"start":{"line":7,"column":4642},"end":{"line":7,"column":4645}}],"line":7},"226":{"loc":{"start":{"line":7,"column":4676},"end":{"line":7,"column":4687}},"type":"binary-expr","locations":[{"start":{"line":7,"column":4676},"end":{"line":7,"column":4681}},{"start":{"line":7,"column":4683},"end":{"line":7,"column":4687}}],"line":7},"227":{"loc":{"start":{"line":7,"column":4718},"end":{"line":7,"column":4729}},"type":"binary-expr","locations":[{"start":{"line":7,"column":4718},"end":{"line":7,"column":4723}},{"start":{"line":7,"column":4725},"end":{"line":7,"column":4729}}],"line":7},"228":{"loc":{"start":{"line":7,"column":4757},"end":{"line":7,"column":4783}},"type":"binary-expr","locations":[{"start":{"line":7,"column":4757},"end":{"line":7,"column":4762}},{"start":{"line":7,"column":4764},"end":{"line":7,"column":4783}}],"line":7},"229":{"loc":{"start":{"line":7,"column":4810},"end":{"line":7,"column":4835}},"type":"binary-expr","locations":[{"start":{"line":7,"column":4810},"end":{"line":7,"column":4815}},{"start":{"line":7,"column":4817},"end":{"line":7,"column":4835}}],"line":7},"230":{"loc":{"start":{"line":7,"column":4864},"end":{"line":7,"column":4874}},"type":"binary-expr","locations":[{"start":{"line":7,"column":4864},"end":{"line":7,"column":4869}},{"start":{"line":7,"column":4871},"end":{"line":7,"column":4874}}],"line":7},"231":{"loc":{"start":{"line":7,"column":4903},"end":{"line":7,"column":4913}},"type":"binary-expr","locations":[{"start":{"line":7,"column":4903},"end":{"line":7,"column":4908}},{"start":{"line":7,"column":4910},"end":{"line":7,"column":4913}}],"line":7},"232":{"loc":{"start":{"line":7,"column":4994},"end":{"line":7,"column":5011}},"type":"binary-expr","locations":[{"start":{"line":7,"column":4994},"end":{"line":7,"column":4999}},{"start":{"line":7,"column":5001},"end":{"line":7,"column":5005}},{"start":{"line":7,"column":5007},"end":{"line":7,"column":5011}}],"line":7},"233":{"loc":{"start":{"line":7,"column":5043},"end":{"line":7,"column":5053}},"type":"binary-expr","locations":[{"start":{"line":7,"column":5043},"end":{"line":7,"column":5048}},{"start":{"line":7,"column":5050},"end":{"line":7,"column":5053}}],"line":7},"234":{"loc":{"start":{"line":7,"column":5083},"end":{"line":7,"column":5093}},"type":"binary-expr","locations":[{"start":{"line":7,"column":5083},"end":{"line":7,"column":5088}},{"start":{"line":7,"column":5090},"end":{"line":7,"column":5093}}],"line":7},"235":{"loc":{"start":{"line":7,"column":5124},"end":{"line":7,"column":5135}},"type":"binary-expr","locations":[{"start":{"line":7,"column":5124},"end":{"line":7,"column":5129}},{"start":{"line":7,"column":5131},"end":{"line":7,"column":5135}}],"line":7},"236":{"loc":{"start":{"line":7,"column":5166},"end":{"line":7,"column":5177}},"type":"binary-expr","locations":[{"start":{"line":7,"column":5166},"end":{"line":7,"column":5171}},{"start":{"line":7,"column":5173},"end":{"line":7,"column":5177}}],"line":7},"237":{"loc":{"start":{"line":7,"column":5210},"end":{"line":7,"column":5220}},"type":"binary-expr","locations":[{"start":{"line":7,"column":5210},"end":{"line":7,"column":5215}},{"start":{"line":7,"column":5217},"end":{"line":7,"column":5220}}],"line":7},"238":{"loc":{"start":{"line":7,"column":5249},"end":{"line":7,"column":5259}},"type":"binary-expr","locations":[{"start":{"line":7,"column":5249},"end":{"line":7,"column":5254}},{"start":{"line":7,"column":5256},"end":{"line":7,"column":5259}}],"line":7},"239":{"loc":{"start":{"line":7,"column":5800},"end":{"line":7,"column":5834}},"type":"if","locations":[{"start":{"line":7,"column":5800},"end":{"line":7,"column":5834}},{"start":{},"end":{}}],"line":7},"240":{"loc":{"start":{"line":7,"column":5865},"end":{"line":7,"column":5954}},"type":"cond-expr","locations":[{"start":{"line":7,"column":5903},"end":{"line":7,"column":5909}},{"start":{"line":7,"column":5910},"end":{"line":7,"column":5954}}],"line":7},"241":{"loc":{"start":{"line":7,"column":5865},"end":{"line":7,"column":5902}},"type":"binary-expr","locations":[{"start":{"line":7,"column":5865},"end":{"line":7,"column":5877}},{"start":{"line":7,"column":5879},"end":{"line":7,"column":5902}}],"line":7},"242":{"loc":{"start":{"line":7,"column":5910},"end":{"line":7,"column":5954}},"type":"binary-expr","locations":[{"start":{"line":7,"column":5910},"end":{"line":7,"column":5920}},{"start":{"line":7,"column":5922},"end":{"line":7,"column":5954}}],"line":7},"243":{"loc":{"start":{"line":7,"column":5994},"end":{"line":7,"column":6108}},"type":"cond-expr","locations":[{"start":{"line":7,"column":6044},"end":{"line":7,"column":6046}},{"start":{"line":7,"column":6047},"end":{"line":7,"column":6108}}],"line":7},"244":{"loc":{"start":{"line":7,"column":5994},"end":{"line":7,"column":6043}},"type":"binary-expr","locations":[{"start":{"line":7,"column":5994},"end":{"line":7,"column":6024}},{"start":{"line":7,"column":6026},"end":{"line":7,"column":6027}},{"start":{"line":7,"column":6029},"end":{"line":7,"column":6043}}],"line":7},"245":{"loc":{"start":{"line":7,"column":6067},"end":{"line":7,"column":6095}},"type":"cond-expr","locations":[{"start":{"line":7,"column":6069},"end":{"line":7,"column":6084}},{"start":{"line":7,"column":6085},"end":{"line":7,"column":6095}}],"line":7},"246":{"loc":{"start":{"line":7,"column":6069},"end":{"line":7,"column":6084}},"type":"cond-expr","locations":[{"start":{"line":7,"column":6077},"end":{"line":7,"column":6082}},{"start":{"line":7,"column":6083},"end":{"line":7,"column":6084}}],"line":7},"247":{"loc":{"start":{"line":7,"column":6146},"end":{"line":7,"column":6180}},"type":"if","locations":[{"start":{"line":7,"column":6146},"end":{"line":7,"column":6180}},{"start":{},"end":{}}],"line":7},"248":{"loc":{"start":{"line":7,"column":6226},"end":{"line":7,"column":6274}},"type":"cond-expr","locations":[{"start":{"line":7,"column":6228},"end":{"line":7,"column":6271}},{"start":{"line":7,"column":6272},"end":{"line":7,"column":6274}}],"line":7},"249":{"loc":{"start":{"line":7,"column":6296},"end":{"line":7,"column":6345}},"type":"cond-expr","locations":[{"start":{"line":7,"column":6315},"end":{"line":7,"column":6331}},{"start":{"line":7,"column":6332},"end":{"line":7,"column":6345}}],"line":7},"250":{"loc":{"start":{"line":7,"column":6359},"end":{"line":7,"column":6405}},"type":"if","locations":[{"start":{"line":7,"column":6359},"end":{"line":7,"column":6405}},{"start":{},"end":{}}],"line":7},"251":{"loc":{"start":{"line":7,"column":6619},"end":{"line":7,"column":6666}},"type":"binary-expr","locations":[{"start":{"line":7,"column":6619},"end":{"line":7,"column":6628}},{"start":{"line":7,"column":6630},"end":{"line":7,"column":6666}}],"line":7},"252":{"loc":{"start":{"line":7,"column":6829},"end":{"line":7,"column":7002}},"type":"if","locations":[{"start":{"line":7,"column":6829},"end":{"line":7,"column":7002}},{"start":{},"end":{}}],"line":7},"253":{"loc":{"start":{"line":7,"column":6881},"end":{"line":7,"column":7001}},"type":"if","locations":[{"start":{"line":7,"column":6881},"end":{"line":7,"column":7001}},{"start":{},"end":{}}],"line":7},"254":{"loc":{"start":{"line":7,"column":6884},"end":{"line":7,"column":6904}},"type":"binary-expr","locations":[{"start":{"line":7,"column":6884},"end":{"line":7,"column":6885}},{"start":{"line":7,"column":6887},"end":{"line":7,"column":6904}}],"line":7},"255":{"loc":{"start":{"line":7,"column":6932},"end":{"line":7,"column":7000}},"type":"if","locations":[{"start":{"line":7,"column":6932},"end":{"line":7,"column":7000}},{"start":{},"end":{}}],"line":7},"256":{"loc":{"start":{"line":7,"column":7002},"end":{"line":7,"column":7043}},"type":"if","locations":[{"start":{"line":7,"column":7002},"end":{"line":7,"column":7043}},{"start":{},"end":{}}],"line":7},"257":{"loc":{"start":{"line":7,"column":7305},"end":{"line":7,"column":7336}},"type":"binary-expr","locations":[{"start":{"line":7,"column":7305},"end":{"line":7,"column":7306}},{"start":{"line":7,"column":7308},"end":{"line":7,"column":7312}},{"start":{"line":7,"column":7314},"end":{"line":7,"column":7332}},{"start":{"line":7,"column":7334},"end":{"line":7,"column":7336}}],"line":7},"258":{"loc":{"start":{"line":7,"column":7351},"end":{"line":7,"column":7382}},"type":"binary-expr","locations":[{"start":{"line":7,"column":7351},"end":{"line":7,"column":7352}},{"start":{"line":7,"column":7354},"end":{"line":7,"column":7358}},{"start":{"line":7,"column":7360},"end":{"line":7,"column":7378}},{"start":{"line":7,"column":7380},"end":{"line":7,"column":7382}}],"line":7},"259":{"loc":{"start":{"line":7,"column":7922},"end":{"line":7,"column":7964}},"type":"binary-expr","locations":[{"start":{"line":7,"column":7922},"end":{"line":7,"column":7942}},{"start":{"line":7,"column":7944},"end":{"line":7,"column":7964}}],"line":7},"260":{"loc":{"start":{"line":7,"column":8060},"end":{"line":7,"column":8090}},"type":"binary-expr","locations":[{"start":{"line":7,"column":8060},"end":{"line":7,"column":8070}},{"start":{"line":7,"column":8072},"end":{"line":7,"column":8090}}],"line":7},"261":{"loc":{"start":{"line":7,"column":8184},"end":{"line":7,"column":8266}},"type":"binary-expr","locations":[{"start":{"line":7,"column":8184},"end":{"line":7,"column":8204}},{"start":{"line":7,"column":8206},"end":{"line":7,"column":8226}},{"start":{"line":7,"column":8228},"end":{"line":7,"column":8246}},{"start":{"line":7,"column":8248},"end":{"line":7,"column":8266}}],"line":7},"262":{"loc":{"start":{"line":8,"column":281},"end":{"line":8,"column":318}},"type":"if","locations":[{"start":{"line":8,"column":281},"end":{"line":8,"column":318}},{"start":{},"end":{}}],"line":8},"263":{"loc":{"start":{"line":8,"column":374},"end":{"line":8,"column":424}},"type":"if","locations":[{"start":{"line":8,"column":374},"end":{"line":8,"column":424}},{"start":{},"end":{}}],"line":8},"264":{"loc":{"start":{"line":8,"column":396},"end":{"line":8,"column":406}},"type":"binary-expr","locations":[{"start":{"line":8,"column":396},"end":{"line":8,"column":400}},{"start":{"line":8,"column":402},"end":{"line":8,"column":406}}],"line":8},"265":{"loc":{"start":{"line":8,"column":452},"end":{"line":8,"column":470}},"type":"if","locations":[{"start":{"line":8,"column":452},"end":{"line":8,"column":470}},{"start":{},"end":{}}],"line":8},"266":{"loc":{"start":{"line":8,"column":521},"end":{"line":8,"column":547}},"type":"if","locations":[{"start":{"line":8,"column":521},"end":{"line":8,"column":547}},{"start":{},"end":{}}],"line":8},"267":{"loc":{"start":{"line":8,"column":1149},"end":{"line":8,"column":1325}},"type":"if","locations":[{"start":{"line":8,"column":1149},"end":{"line":8,"column":1325}},{"start":{},"end":{}}],"line":8},"268":{"loc":{"start":{"line":8,"column":1230},"end":{"line":8,"column":1324}},"type":"if","locations":[{"start":{"line":8,"column":1230},"end":{"line":8,"column":1324}},{"start":{},"end":{}}],"line":8},"269":{"loc":{"start":{"line":8,"column":1475},"end":{"line":8,"column":1708}},"type":"if","locations":[{"start":{"line":8,"column":1475},"end":{"line":8,"column":1708}},{"start":{},"end":{}}],"line":8},"270":{"loc":{"start":{"line":8,"column":1478},"end":{"line":8,"column":1536}},"type":"binary-expr","locations":[{"start":{"line":8,"column":1478},"end":{"line":8,"column":1479}},{"start":{"line":8,"column":1482},"end":{"line":8,"column":1535}}],"line":8},"271":{"loc":{"start":{"line":8,"column":1625},"end":{"line":8,"column":1707}},"type":"if","locations":[{"start":{"line":8,"column":1625},"end":{"line":8,"column":1707}},{"start":{},"end":{}}],"line":8},"272":{"loc":{"start":{"line":8,"column":1745},"end":{"line":8,"column":1899}},"type":"if","locations":[{"start":{"line":8,"column":1745},"end":{"line":8,"column":1899}},{"start":{},"end":{}}],"line":8},"273":{"loc":{"start":{"line":8,"column":1809},"end":{"line":8,"column":1898}},"type":"if","locations":[{"start":{"line":8,"column":1809},"end":{"line":8,"column":1898}},{"start":{},"end":{}}],"line":8},"274":{"loc":{"start":{"line":8,"column":2031},"end":{"line":8,"column":2044}},"type":"if","locations":[{"start":{"line":8,"column":2031},"end":{"line":8,"column":2044}},{"start":{},"end":{}}],"line":8},"275":{"loc":{"start":{"line":8,"column":2115},"end":{"line":8,"column":2171}},"type":"binary-expr","locations":[{"start":{"line":8,"column":2115},"end":{"line":8,"column":2141}},{"start":{"line":8,"column":2143},"end":{"line":8,"column":2171}}],"line":8},"276":{"loc":{"start":{"line":8,"column":2182},"end":{"line":8,"column":2210}},"type":"if","locations":[{"start":{"line":8,"column":2182},"end":{"line":8,"column":2210}},{"start":{},"end":{}}],"line":8},"277":{"loc":{"start":{"line":8,"column":2416},"end":{"line":8,"column":2470}},"type":"if","locations":[{"start":{"line":8,"column":2416},"end":{"line":8,"column":2470}},{"start":{},"end":{}}],"line":8},"278":{"loc":{"start":{"line":8,"column":2659},"end":{"line":8,"column":2985}},"type":"binary-expr","locations":[{"start":{"line":8,"column":2659},"end":{"line":8,"column":2670}},{"start":{"line":8,"column":2672},"end":{"line":8,"column":2700}},{"start":{"line":8,"column":2702},"end":{"line":8,"column":2985}}],"line":8},"279":{"loc":{"start":{"line":8,"column":3000},"end":{"line":9,"column":7}},"type":"if","locations":[{"start":{"line":8,"column":3000},"end":{"line":9,"column":7}},{"start":{},"end":{}}],"line":8},"280":{"loc":{"start":{"line":8,"column":3003},"end":{"line":8,"column":3026}},"type":"binary-expr","locations":[{"start":{"line":8,"column":3003},"end":{"line":8,"column":3014}},{"start":{"line":8,"column":3016},"end":{"line":8,"column":3026}}],"line":8},"281":{"loc":{"start":{"line":9,"column":22},"end":{"line":9,"column":170}},"type":"if","locations":[{"start":{"line":9,"column":22},"end":{"line":9,"column":170}},{"start":{},"end":{}}],"line":9},"282":{"loc":{"start":{"line":9,"column":25},"end":{"line":9,"column":122}},"type":"binary-expr","locations":[{"start":{"line":9,"column":25},"end":{"line":9,"column":36}},{"start":{"line":9,"column":38},"end":{"line":9,"column":48}},{"start":{"line":9,"column":50},"end":{"line":9,"column":122}}],"line":9},"283":{"loc":{"start":{"line":9,"column":123},"end":{"line":9,"column":148}},"type":"binary-expr","locations":[{"start":{"line":9,"column":123},"end":{"line":9,"column":135}},{"start":{"line":9,"column":137},"end":{"line":9,"column":148}}],"line":9},"284":{"loc":{"start":{"line":9,"column":170},"end":{"line":9,"column":201}},"type":"if","locations":[{"start":{"line":9,"column":170},"end":{"line":9,"column":201}},{"start":{},"end":{}}],"line":9},"285":{"loc":{"start":{"line":9,"column":201},"end":{"line":9,"column":232}},"type":"if","locations":[{"start":{"line":9,"column":201},"end":{"line":9,"column":232}},{"start":{},"end":{}}],"line":9},"286":{"loc":{"start":{"line":9,"column":232},"end":{"line":9,"column":258}},"type":"if","locations":[{"start":{"line":9,"column":232},"end":{"line":9,"column":258}},{"start":{},"end":{}}],"line":9},"287":{"loc":{"start":{"line":9,"column":258},"end":{"line":9,"column":291}},"type":"if","locations":[{"start":{"line":9,"column":258},"end":{"line":9,"column":291}},{"start":{},"end":{}}],"line":9},"288":{"loc":{"start":{"line":9,"column":291},"end":{"line":9,"column":322}},"type":"if","locations":[{"start":{"line":9,"column":291},"end":{"line":9,"column":322}},{"start":{},"end":{}}],"line":9},"289":{"loc":{"start":{"line":9,"column":322},"end":{"line":9,"column":370}},"type":"if","locations":[{"start":{"line":9,"column":322},"end":{"line":9,"column":370}},{"start":{},"end":{}}],"line":9},"290":{"loc":{"start":{"line":9,"column":325},"end":{"line":9,"column":349}},"type":"binary-expr","locations":[{"start":{"line":9,"column":325},"end":{"line":9,"column":336}},{"start":{"line":9,"column":338},"end":{"line":9,"column":349}}],"line":9},"291":{"loc":{"start":{"line":9,"column":370},"end":{"line":9,"column":469}},"type":"if","locations":[{"start":{"line":9,"column":370},"end":{"line":9,"column":469}},{"start":{},"end":{}}],"line":9},"292":{"loc":{"start":{"line":9,"column":373},"end":{"line":9,"column":397}},"type":"binary-expr","locations":[{"start":{"line":9,"column":373},"end":{"line":9,"column":384}},{"start":{"line":9,"column":386},"end":{"line":9,"column":397}}],"line":9},"293":{"loc":{"start":{"line":9,"column":407},"end":{"line":9,"column":450}},"type":"cond-expr","locations":[{"start":{"line":9,"column":418},"end":{"line":9,"column":436}},{"start":{"line":9,"column":437},"end":{"line":9,"column":450}}],"line":9},"294":{"loc":{"start":{"line":9,"column":462},"end":{"line":9,"column":466}},"type":"binary-expr","locations":[{"start":{"line":9,"column":462},"end":{"line":9,"column":463}},{"start":{"line":9,"column":465},"end":{"line":9,"column":466}}],"line":9},"295":{"loc":{"start":{"line":9,"column":469},"end":{"line":9,"column":529}},"type":"if","locations":[{"start":{"line":9,"column":469},"end":{"line":9,"column":529}},{"start":{},"end":{}}],"line":9},"296":{"loc":{"start":{"line":9,"column":472},"end":{"line":9,"column":494}},"type":"binary-expr","locations":[{"start":{"line":9,"column":472},"end":{"line":9,"column":483}},{"start":{"line":9,"column":485},"end":{"line":9,"column":494}}],"line":9},"297":{"loc":{"start":{"line":9,"column":522},"end":{"line":9,"column":526}},"type":"binary-expr","locations":[{"start":{"line":9,"column":522},"end":{"line":9,"column":523}},{"start":{"line":9,"column":525},"end":{"line":9,"column":526}}],"line":9},"298":{"loc":{"start":{"line":9,"column":529},"end":{"line":9,"column":614}},"type":"if","locations":[{"start":{"line":9,"column":529},"end":{"line":9,"column":614}},{"start":{},"end":{}}],"line":9},"299":{"loc":{"start":{"line":9,"column":532},"end":{"line":9,"column":555}},"type":"binary-expr","locations":[{"start":{"line":9,"column":532},"end":{"line":9,"column":543}},{"start":{"line":9,"column":545},"end":{"line":9,"column":555}}],"line":9},"300":{"loc":{"start":{"line":9,"column":582},"end":{"line":9,"column":613}},"type":"cond-expr","locations":[{"start":{"line":9,"column":592},"end":{"line":9,"column":593}},{"start":{"line":9,"column":594},"end":{"line":9,"column":613}}],"line":9},"301":{"loc":{"start":{"line":9,"column":582},"end":{"line":9,"column":591}},"type":"binary-expr","locations":[{"start":{"line":9,"column":582},"end":{"line":9,"column":584}},{"start":{"line":9,"column":586},"end":{"line":9,"column":591}}],"line":9},"302":{"loc":{"start":{"line":9,"column":621},"end":{"line":9,"column":830}},"type":"cond-expr","locations":[{"start":{"line":9,"column":639},"end":{"line":9,"column":658}},{"start":{"line":9,"column":660},"end":{"line":9,"column":829}}],"line":9},"303":{"loc":{"start":{"line":9,"column":621},"end":{"line":9,"column":638}},"type":"binary-expr","locations":[{"start":{"line":9,"column":621},"end":{"line":9,"column":632}},{"start":{"line":9,"column":634},"end":{"line":9,"column":635}},{"start":{"line":9,"column":637},"end":{"line":9,"column":638}}],"line":9},"304":{"loc":{"start":{"line":9,"column":660},"end":{"line":9,"column":765}},"type":"binary-expr","locations":[{"start":{"line":9,"column":660},"end":{"line":9,"column":671}},{"start":{"line":9,"column":673},"end":{"line":9,"column":765}}],"line":9},"305":{"loc":{"start":{"line":9,"column":766},"end":{"line":9,"column":829}},"type":"cond-expr","locations":[{"start":{"line":9,"column":768},"end":{"line":9,"column":787}},{"start":{"line":9,"column":788},"end":{"line":9,"column":829}}],"line":9},"306":{"loc":{"start":{"line":9,"column":788},"end":{"line":9,"column":829}},"type":"cond-expr","locations":[{"start":{"line":9,"column":790},"end":{"line":9,"column":809}},{"start":{"line":9,"column":810},"end":{"line":9,"column":829}}],"line":9},"307":{"loc":{"start":{"line":9,"column":1042},"end":{"line":9,"column":1131}},"type":"cond-expr","locations":[{"start":{"line":9,"column":1080},"end":{"line":9,"column":1100}},{"start":{"line":9,"column":1101},"end":{"line":9,"column":1131}}],"line":9},"308":{"loc":{"start":{"line":9,"column":2121},"end":{"line":9,"column":2190}},"type":"binary-expr","locations":[{"start":{"line":9,"column":2121},"end":{"line":9,"column":2149}},{"start":{"line":9,"column":2151},"end":{"line":9,"column":2190}}],"line":9},"309":{"loc":{"start":{"line":9,"column":2194},"end":{"line":9,"column":2281}},"type":"binary-expr","locations":[{"start":{"line":9,"column":2194},"end":{"line":9,"column":2231}},{"start":{"line":9,"column":2233},"end":{"line":9,"column":2281}}],"line":9},"310":{"loc":{"start":{"line":9,"column":2285},"end":{"line":9,"column":2366}},"type":"binary-expr","locations":[{"start":{"line":9,"column":2285},"end":{"line":9,"column":2319}},{"start":{"line":9,"column":2321},"end":{"line":9,"column":2366}}],"line":9},"311":{"loc":{"start":{"line":9,"column":2370},"end":{"line":9,"column":2453}},"type":"binary-expr","locations":[{"start":{"line":9,"column":2370},"end":{"line":9,"column":2405}},{"start":{"line":9,"column":2407},"end":{"line":9,"column":2453}}],"line":9},"312":{"loc":{"start":{"line":9,"column":2506},"end":{"line":9,"column":2661}},"type":"binary-expr","locations":[{"start":{"line":9,"column":2506},"end":{"line":9,"column":2518}},{"start":{"line":9,"column":2520},"end":{"line":9,"column":2563}},{"start":{"line":9,"column":2565},"end":{"line":9,"column":2620}},{"start":{"line":9,"column":2622},"end":{"line":9,"column":2661}}],"line":9},"313":{"loc":{"start":{"line":9,"column":2665},"end":{"line":9,"column":2761}},"type":"binary-expr","locations":[{"start":{"line":9,"column":2665},"end":{"line":9,"column":2679}},{"start":{"line":9,"column":2681},"end":{"line":9,"column":2721}},{"start":{"line":9,"column":2723},"end":{"line":9,"column":2761}}],"line":9},"314":{"loc":{"start":{"line":9,"column":2765},"end":{"line":9,"column":2934}},"type":"binary-expr","locations":[{"start":{"line":9,"column":2765},"end":{"line":9,"column":2777}},{"start":{"line":9,"column":2779},"end":{"line":9,"column":2835}},{"start":{"line":9,"column":2837},"end":{"line":9,"column":2894}},{"start":{"line":9,"column":2896},"end":{"line":9,"column":2934}}],"line":9},"315":{"loc":{"start":{"line":9,"column":2938},"end":{"line":9,"column":3090}},"type":"binary-expr","locations":[{"start":{"line":9,"column":2938},"end":{"line":9,"column":2948}},{"start":{"line":9,"column":2950},"end":{"line":9,"column":2993}},{"start":{"line":9,"column":2995},"end":{"line":9,"column":3033}},{"start":{"line":9,"column":3035},"end":{"line":9,"column":3090}}],"line":9},"316":{"loc":{"start":{"line":9,"column":3094},"end":{"line":9,"column":3255}},"type":"binary-expr","locations":[{"start":{"line":9,"column":3094},"end":{"line":9,"column":3108}},{"start":{"line":9,"column":3110},"end":{"line":9,"column":3152}},{"start":{"line":9,"column":3154},"end":{"line":9,"column":3213}},{"start":{"line":9,"column":3215},"end":{"line":9,"column":3255}}],"line":9},"317":{"loc":{"start":{"line":9,"column":3301},"end":{"line":9,"column":3352}},"type":"binary-expr","locations":[{"start":{"line":9,"column":3301},"end":{"line":9,"column":3304}},{"start":{"line":9,"column":3306},"end":{"line":9,"column":3352}}],"line":9},"318":{"loc":{"start":{"line":9,"column":3356},"end":{"line":9,"column":3390}},"type":"binary-expr","locations":[{"start":{"line":9,"column":3356},"end":{"line":9,"column":3359}},{"start":{"line":9,"column":3361},"end":{"line":9,"column":3390}}],"line":9},"319":{"loc":{"start":{"line":9,"column":3394},"end":{"line":9,"column":3492}},"type":"cond-expr","locations":[{"start":{"line":9,"column":3397},"end":{"line":9,"column":3477}},{"start":{"line":9,"column":3478},"end":{"line":9,"column":3492}}],"line":9},"320":{"loc":{"start":{"line":9,"column":3504},"end":{"line":9,"column":3578}},"type":"if","locations":[{"start":{"line":9,"column":3504},"end":{"line":9,"column":3578}},{"start":{},"end":{}}],"line":9},"321":{"loc":{"start":{"line":9,"column":3585},"end":{"line":9,"column":3636}},"type":"cond-expr","locations":[{"start":{"line":9,"column":3604},"end":{"line":9,"column":3615}},{"start":{"line":9,"column":3616},"end":{"line":9,"column":3636}}],"line":9},"322":{"loc":{"start":{"line":9,"column":3649},"end":{"line":9,"column":3723}},"type":"if","locations":[{"start":{"line":9,"column":3649},"end":{"line":9,"column":3723}},{"start":{},"end":{}}],"line":9},"323":{"loc":{"start":{"line":9,"column":3739},"end":{"line":9,"column":3772}},"type":"cond-expr","locations":[{"start":{"line":9,"column":3743},"end":{"line":9,"column":3754}},{"start":{"line":9,"column":3755},"end":{"line":9,"column":3772}}],"line":9},"324":{"loc":{"start":{"line":9,"column":3755},"end":{"line":9,"column":3772}},"type":"binary-expr","locations":[{"start":{"line":9,"column":3755},"end":{"line":9,"column":3758}},{"start":{"line":9,"column":3761},"end":{"line":9,"column":3771}}],"line":9},"325":{"loc":{"start":{"line":9,"column":3773},"end":{"line":9,"column":3806}},"type":"cond-expr","locations":[{"start":{"line":9,"column":3777},"end":{"line":9,"column":3788}},{"start":{"line":9,"column":3789},"end":{"line":9,"column":3806}}],"line":9},"326":{"loc":{"start":{"line":9,"column":3789},"end":{"line":9,"column":3806}},"type":"binary-expr","locations":[{"start":{"line":9,"column":3789},"end":{"line":9,"column":3792}},{"start":{"line":9,"column":3795},"end":{"line":9,"column":3805}}],"line":9},"327":{"loc":{"start":{"line":9,"column":3814},"end":{"line":9,"column":3817}},"type":"default-arg","locations":[{"start":{"line":9,"column":3816},"end":{"line":9,"column":3817}}],"line":9},"328":{"loc":{"start":{"line":9,"column":3832},"end":{"line":9,"column":3835}},"type":"default-arg","locations":[{"start":{"line":9,"column":3834},"end":{"line":9,"column":3835}}],"line":9},"329":{"loc":{"start":{"line":9,"column":3850},"end":{"line":9,"column":3853}},"type":"default-arg","locations":[{"start":{"line":9,"column":3852},"end":{"line":9,"column":3853}}],"line":9},"330":{"loc":{"start":{"line":9,"column":3868},"end":{"line":9,"column":3871}},"type":"default-arg","locations":[{"start":{"line":9,"column":3870},"end":{"line":9,"column":3871}}],"line":9},"331":{"loc":{"start":{"line":9,"column":3894},"end":{"line":9,"column":3910}},"type":"cond-expr","locations":[{"start":{"line":9,"column":3897},"end":{"line":9,"column":3904}},{"start":{"line":9,"column":3905},"end":{"line":9,"column":3910}}],"line":9},"332":{"loc":{"start":{"line":9,"column":3914},"end":{"line":9,"column":3930}},"type":"cond-expr","locations":[{"start":{"line":9,"column":3917},"end":{"line":9,"column":3924}},{"start":{"line":9,"column":3925},"end":{"line":9,"column":3930}}],"line":9},"333":{"loc":{"start":{"line":9,"column":4026},"end":{"line":9,"column":4039}},"type":"cond-expr","locations":[{"start":{"line":9,"column":4032},"end":{"line":9,"column":4036}},{"start":{"line":9,"column":4037},"end":{"line":9,"column":4039}}],"line":9},"334":{"loc":{"start":{"line":9,"column":4048},"end":{"line":9,"column":4058}},"type":"binary-expr","locations":[{"start":{"line":9,"column":4048},"end":{"line":9,"column":4049}},{"start":{"line":9,"column":4052},"end":{"line":9,"column":4057}}],"line":9},"335":{"loc":{"start":{"line":9,"column":4152},"end":{"line":9,"column":4187}},"type":"cond-expr","locations":[{"start":{"line":9,"column":4155},"end":{"line":9,"column":4168}},{"start":{"line":9,"column":4169},"end":{"line":9,"column":4187}}],"line":9},"336":{"loc":{"start":{"line":9,"column":4285},"end":{"line":9,"column":4289}},"type":"default-arg","locations":[{"start":{"line":9,"column":4287},"end":{"line":9,"column":4289}}],"line":9},"337":{"loc":{"start":{"line":9,"column":4332},"end":{"line":9,"column":4365}},"type":"binary-expr","locations":[{"start":{"line":9,"column":4332},"end":{"line":9,"column":4339}},{"start":{"line":9,"column":4342},"end":{"line":9,"column":4364}}],"line":9},"338":{"loc":{"start":{"line":9,"column":4366},"end":{"line":9,"column":4402}},"type":"binary-expr","locations":[{"start":{"line":9,"column":4366},"end":{"line":9,"column":4374}},{"start":{"line":9,"column":4377},"end":{"line":9,"column":4401}}],"line":9},"339":{"loc":{"start":{"line":9,"column":4403},"end":{"line":9,"column":4460}},"type":"binary-expr","locations":[{"start":{"line":9,"column":4403},"end":{"line":9,"column":4429}},{"start":{"line":9,"column":4432},"end":{"line":9,"column":4459}}],"line":9},"340":{"loc":{"start":{"line":9,"column":4517},"end":{"line":9,"column":4523}},"type":"default-arg","locations":[{"start":{"line":9,"column":4519},"end":{"line":9,"column":4523}}],"line":9},"341":{"loc":{"start":{"line":9,"column":4570},"end":{"line":9,"column":4574}},"type":"default-arg","locations":[{"start":{"line":9,"column":4572},"end":{"line":9,"column":4574}}],"line":9},"342":{"loc":{"start":{"line":9,"column":4625},"end":{"line":9,"column":4747}},"type":"if","locations":[{"start":{"line":9,"column":4625},"end":{"line":9,"column":4747}},{"start":{},"end":{}}],"line":9},"343":{"loc":{"start":{"line":9,"column":4628},"end":{"line":9,"column":4662}},"type":"binary-expr","locations":[{"start":{"line":9,"column":4629},"end":{"line":9,"column":4630}},{"start":{"line":9,"column":4632},"end":{"line":9,"column":4633}},{"start":{"line":9,"column":4636},"end":{"line":9,"column":4662}}],"line":9},"344":{"loc":{"start":{"line":9,"column":4638},"end":{"line":9,"column":4661}},"type":"binary-expr","locations":[{"start":{"line":9,"column":4638},"end":{"line":9,"column":4639}},{"start":{"line":9,"column":4641},"end":{"line":9,"column":4642}},{"start":{"line":9,"column":4644},"end":{"line":9,"column":4661}}],"line":9},"345":{"loc":{"start":{"line":9,"column":4780},"end":{"line":9,"column":4830}},"type":"cond-expr","locations":[{"start":{"line":9,"column":4791},"end":{"line":9,"column":4813}},{"start":{"line":9,"column":4814},"end":{"line":9,"column":4830}}],"line":9},"346":{"loc":{"start":{"line":9,"column":4831},"end":{"line":9,"column":4897}},"type":"cond-expr","locations":[{"start":{"line":9,"column":4842},"end":{"line":9,"column":4892}},{"start":{"line":9,"column":4893},"end":{"line":9,"column":4897}}],"line":9},"347":{"loc":{"start":{"line":9,"column":4846},"end":{"line":9,"column":4881}},"type":"cond-expr","locations":[{"start":{"line":9,"column":4848},"end":{"line":9,"column":4868}},{"start":{"line":9,"column":4869},"end":{"line":9,"column":4881}}],"line":9},"348":{"loc":{"start":{"line":9,"column":4938},"end":{"line":9,"column":4965}},"type":"default-arg","locations":[{"start":{"line":9,"column":4963},"end":{"line":9,"column":4965}}],"line":9},"349":{"loc":{"start":{"line":9,"column":4946},"end":{"line":9,"column":4956}},"type":"default-arg","locations":[{"start":{"line":9,"column":4948},"end":{"line":9,"column":4956}}],"line":9},"350":{"loc":{"start":{"line":9,"column":4974},"end":{"line":9,"column":5090}},"type":"cond-expr","locations":[{"start":{"line":9,"column":4988},"end":{"line":9,"column":5000}},{"start":{"line":9,"column":5001},"end":{"line":9,"column":5090}}],"line":9},"351":{"loc":{"start":{"line":9,"column":5001},"end":{"line":9,"column":5090}},"type":"cond-expr","locations":[{"start":{"line":9,"column":5017},"end":{"line":9,"column":5018}},{"start":{"line":9,"column":5019},"end":{"line":9,"column":5090}}],"line":9},"352":{"loc":{"start":{"line":9,"column":5019},"end":{"line":9,"column":5090}},"type":"cond-expr","locations":[{"start":{"line":9,"column":5049},"end":{"line":9,"column":5064}},{"start":{"line":9,"column":5065},"end":{"line":9,"column":5090}}],"line":9},"353":{"loc":{"start":{"line":9,"column":5139},"end":{"line":9,"column":5143}},"type":"default-arg","locations":[{"start":{"line":9,"column":5141},"end":{"line":9,"column":5143}}],"line":9},"354":{"loc":{"start":{"line":9,"column":5319},"end":{"line":9,"column":5454}},"type":"binary-expr","locations":[{"start":{"line":9,"column":5319},"end":{"line":9,"column":5320}},{"start":{"line":9,"column":5323},"end":{"line":9,"column":5453}}],"line":9},"355":{"loc":{"start":{"line":9,"column":5323},"end":{"line":9,"column":5453}},"type":"cond-expr","locations":[{"start":{"line":9,"column":5356},"end":{"line":9,"column":5365}},{"start":{"line":9,"column":5366},"end":{"line":9,"column":5453}}],"line":9},"356":{"loc":{"start":{"line":9,"column":5366},"end":{"line":9,"column":5453}},"type":"cond-expr","locations":[{"start":{"line":9,"column":5398},"end":{"line":9,"column":5406}},{"start":{"line":9,"column":5407},"end":{"line":9,"column":5453}}],"line":9},"357":{"loc":{"start":{"line":9,"column":5407},"end":{"line":9,"column":5453}},"type":"cond-expr","locations":[{"start":{"line":9,"column":5439},"end":{"line":9,"column":5447}},{"start":{"line":9,"column":5448},"end":{"line":9,"column":5453}}],"line":9},"358":{"loc":{"start":{"line":9,"column":5520},"end":{"line":9,"column":5594}},"type":"cond-expr","locations":[{"start":{"line":9,"column":5534},"end":{"line":9,"column":5543}},{"start":{"line":9,"column":5544},"end":{"line":9,"column":5594}}],"line":9},"359":{"loc":{"start":{"line":9,"column":5544},"end":{"line":9,"column":5594}},"type":"cond-expr","locations":[{"start":{"line":9,"column":5557},"end":{"line":9,"column":5565}},{"start":{"line":9,"column":5566},"end":{"line":9,"column":5594}}],"line":9},"360":{"loc":{"start":{"line":9,"column":5566},"end":{"line":9,"column":5594}},"type":"cond-expr","locations":[{"start":{"line":9,"column":5579},"end":{"line":9,"column":5587}},{"start":{"line":9,"column":5588},"end":{"line":9,"column":5594}}],"line":9},"361":{"loc":{"start":{"line":9,"column":5617},"end":{"line":9,"column":5680}},"type":"cond-expr","locations":[{"start":{"line":9,"column":5662},"end":{"line":9,"column":5670}},{"start":{"line":9,"column":5671},"end":{"line":9,"column":5680}}],"line":9},"362":{"loc":{"start":{"line":9,"column":7554},"end":{"line":9,"column":7591}},"type":"if","locations":[{"start":{"line":9,"column":7554},"end":{"line":9,"column":7591}},{"start":{},"end":{}}],"line":9},"363":{"loc":{"start":{"line":9,"column":7636},"end":{"line":9,"column":7703}},"type":"if","locations":[{"start":{"line":9,"column":7636},"end":{"line":9,"column":7703}},{"start":{},"end":{}}],"line":9},"364":{"loc":{"start":{"line":9,"column":8223},"end":{"line":9,"column":8244}},"type":"binary-expr","locations":[{"start":{"line":9,"column":8223},"end":{"line":9,"column":8224}},{"start":{"line":9,"column":8226},"end":{"line":9,"column":8244}}],"line":9},"365":{"loc":{"start":{"line":9,"column":8319},"end":{"line":9,"column":8344}},"type":"binary-expr","locations":[{"start":{"line":9,"column":8319},"end":{"line":9,"column":8320}},{"start":{"line":9,"column":8322},"end":{"line":9,"column":8344}}],"line":9},"366":{"loc":{"start":{"line":9,"column":8423},"end":{"line":9,"column":8446}},"type":"binary-expr","locations":[{"start":{"line":9,"column":8423},"end":{"line":9,"column":8424}},{"start":{"line":9,"column":8426},"end":{"line":9,"column":8446}}],"line":9},"367":{"loc":{"start":{"line":9,"column":8458},"end":{"line":9,"column":8524}},"type":"cond-expr","locations":[{"start":{"line":9,"column":8480},"end":{"line":9,"column":8514}},{"start":{"line":9,"column":8515},"end":{"line":9,"column":8524}}],"line":9},"368":{"loc":{"start":{"line":9,"column":8826},"end":{"line":9,"column":8891}},"type":"binary-expr","locations":[{"start":{"line":9,"column":8826},"end":{"line":9,"column":8859}},{"start":{"line":9,"column":8861},"end":{"line":9,"column":8891}}],"line":9},"369":{"loc":{"start":{"line":12,"column":79},"end":{"line":12,"column":97}},"type":"if","locations":[{"start":{"line":12,"column":79},"end":{"line":12,"column":97}},{"start":{},"end":{}}],"line":12},"370":{"loc":{"start":{"line":12,"column":218},"end":{"line":12,"column":246}},"type":"binary-expr","locations":[{"start":{"line":12,"column":218},"end":{"line":12,"column":242}},{"start":{"line":12,"column":244},"end":{"line":12,"column":246}}],"line":12},"371":{"loc":{"start":{"line":12,"column":376},"end":{"line":12,"column":448}},"type":"cond-expr","locations":[{"start":{"line":12,"column":398},"end":{"line":12,"column":431}},{"start":{"line":12,"column":432},"end":{"line":12,"column":448}}],"line":12},"372":{"loc":{"start":{"line":14,"column":26},"end":{"line":14,"column":159}},"type":"if","locations":[{"start":{"line":14,"column":26},"end":{"line":14,"column":159}},{"start":{"line":14,"column":150},"end":{"line":14,"column":159}}],"line":14},"373":{"loc":{"start":{"line":14,"column":78},"end":{"line":14,"column":144}},"type":"cond-expr","locations":[{"start":{"line":14,"column":80},"end":{"line":14,"column":106}},{"start":{"line":14,"column":107},"end":{"line":14,"column":144}}],"line":14},"374":{"loc":{"start":{"line":14,"column":118},"end":{"line":14,"column":143}},"type":"cond-expr","locations":[{"start":{"line":14,"column":127},"end":{"line":14,"column":135}},{"start":{"line":14,"column":136},"end":{"line":14,"column":143}}],"line":14},"375":{"loc":{"start":{"line":15,"column":60},"end":{"line":15,"column":140}},"type":"cond-expr","locations":[{"start":{"line":15,"column":77},"end":{"line":15,"column":122}},{"start":{"line":15,"column":123},"end":{"line":15,"column":140}}],"line":15},"376":{"loc":{"start":{"line":15,"column":461},"end":{"line":15,"column":508}},"type":"binary-expr","locations":[{"start":{"line":15,"column":461},"end":{"line":15,"column":470}},{"start":{"line":15,"column":472},"end":{"line":15,"column":508}}],"line":15},"377":{"loc":{"start":{"line":15,"column":699},"end":{"line":15,"column":844}},"type":"if","locations":[{"start":{"line":15,"column":699},"end":{"line":15,"column":844}},{"start":{},"end":{}}],"line":15},"378":{"loc":{"start":{"line":15,"column":934},"end":{"line":15,"column":1024}},"type":"cond-expr","locations":[{"start":{"line":15,"column":972},"end":{"line":15,"column":973}},{"start":{"line":15,"column":974},"end":{"line":15,"column":1024}}],"line":15},"379":{"loc":{"start":{"line":15,"column":1117},"end":{"line":15,"column":1150}},"type":"cond-expr","locations":[{"start":{"line":15,"column":1136},"end":{"line":15,"column":1138}},{"start":{"line":15,"column":1139},"end":{"line":15,"column":1150}}],"line":15},"380":{"loc":{"start":{"line":15,"column":1156},"end":{"line":15,"column":1464}},"type":"binary-expr","locations":[{"start":{"line":15,"column":1156},"end":{"line":15,"column":1461}},{"start":{"line":15,"column":1463},"end":{"line":15,"column":1464}}],"line":15},"381":{"loc":{"start":{"line":15,"column":1259},"end":{"line":15,"column":1274}},"type":"if","locations":[{"start":{"line":15,"column":1259},"end":{"line":15,"column":1274}},{"start":{},"end":{}}],"line":15},"382":{"loc":{"start":{"line":15,"column":1289},"end":{"line":15,"column":1436}},"type":"if","locations":[{"start":{"line":15,"column":1289},"end":{"line":15,"column":1436}},{"start":{"line":15,"column":1335},"end":{"line":15,"column":1436}}],"line":15},"383":{"loc":{"start":{"line":15,"column":1376},"end":{"line":15,"column":1428}},"type":"cond-expr","locations":[{"start":{"line":15,"column":1408},"end":{"line":15,"column":1412}},{"start":{"line":15,"column":1413},"end":{"line":15,"column":1428}}],"line":15},"384":{"loc":{"start":{"line":15,"column":1413},"end":{"line":15,"column":1428}},"type":"binary-expr","locations":[{"start":{"line":15,"column":1413},"end":{"line":15,"column":1424}},{"start":{"line":15,"column":1426},"end":{"line":15,"column":1428}}],"line":15},"385":{"loc":{"start":{"line":15,"column":1494},"end":{"line":15,"column":1542}},"type":"cond-expr","locations":[{"start":{"line":15,"column":1526},"end":{"line":15,"column":1530}},{"start":{"line":15,"column":1531},"end":{"line":15,"column":1542}}],"line":15},"386":{"loc":{"start":{"line":15,"column":1683},"end":{"line":15,"column":1707}},"type":"default-arg","locations":[{"start":{"line":15,"column":1685},"end":{"line":15,"column":1707}}],"line":15},"387":{"loc":{"start":{"line":15,"column":1721},"end":{"line":15,"column":1770}},"type":"binary-expr","locations":[{"start":{"line":15,"column":1721},"end":{"line":15,"column":1745}},{"start":{"line":15,"column":1747},"end":{"line":15,"column":1770}}],"line":15},"388":{"loc":{"start":{"line":15,"column":1789},"end":{"line":15,"column":1813}},"type":"binary-expr","locations":[{"start":{"line":15,"column":1789},"end":{"line":15,"column":1802}},{"start":{"line":15,"column":1805},"end":{"line":15,"column":1812}}],"line":15},"389":{"loc":{"start":{"line":15,"column":1814},"end":{"line":15,"column":1859}},"type":"binary-expr","locations":[{"start":{"line":15,"column":1814},"end":{"line":15,"column":1816}},{"start":{"line":15,"column":1818},"end":{"line":15,"column":1820}},{"start":{"line":15,"column":1822},"end":{"line":15,"column":1859}}],"line":15},"390":{"loc":{"start":{"line":15,"column":1860},"end":{"line":16,"column":66}},"type":"cond-expr","locations":[{"start":{"line":15,"column":1882},"end":{"line":15,"column":1945}},{"start":{"line":15,"column":1946},"end":{"line":16,"column":66}}],"line":15},"391":{"loc":{"start":{"line":16,"column":132},"end":{"line":24,"column":53}},"type":"if","locations":[{"start":{"line":16,"column":132},"end":{"line":24,"column":53}},{"start":{},"end":{}}],"line":16},"392":{"loc":{"start":{"line":16,"column":135},"end":{"line":16,"column":168}},"type":"binary-expr","locations":[{"start":{"line":16,"column":135},"end":{"line":16,"column":136}},{"start":{"line":16,"column":138},"end":{"line":16,"column":139}},{"start":{"line":16,"column":141},"end":{"line":16,"column":142}},{"start":{"line":16,"column":144},"end":{"line":16,"column":168}}],"line":16},"393":{"loc":{"start":{"line":16,"column":241},"end":{"line":16,"column":263}},"type":"binary-expr","locations":[{"start":{"line":16,"column":241},"end":{"line":16,"column":252}},{"start":{"line":16,"column":254},"end":{"line":16,"column":263}}],"line":16},"394":{"loc":{"start":{"line":16,"column":264},"end":{"line":24,"column":52}},"type":"if","locations":[{"start":{"line":16,"column":264},"end":{"line":24,"column":52}},{"start":{},"end":{}}],"line":16},"395":{"loc":{"start":{"line":16,"column":366},"end":{"line":24,"column":51}},"type":"if","locations":[{"start":{"line":16,"column":366},"end":{"line":24,"column":51}},{"start":{"line":22,"column":26},"end":{"line":24,"column":51}}],"line":16},"396":{"loc":{"start":{"line":16,"column":426},"end":{"line":16,"column":443}},"type":"cond-expr","locations":[{"start":{"line":16,"column":437},"end":{"line":16,"column":440}},{"start":{"line":16,"column":441},"end":{"line":16,"column":443}}],"line":16},"397":{"loc":{"start":{"line":22,"column":26},"end":{"line":24,"column":51}},"type":"if","locations":[{"start":{"line":22,"column":26},"end":{"line":24,"column":51}},{"start":{},"end":{}}],"line":22},"398":{"loc":{"start":{"line":22,"column":70},"end":{"line":22,"column":87}},"type":"cond-expr","locations":[{"start":{"line":22,"column":81},"end":{"line":22,"column":84}},{"start":{"line":22,"column":85},"end":{"line":22,"column":87}}],"line":22},"399":{"loc":{"start":{"line":24,"column":69},"end":{"line":24,"column":379}},"type":"if","locations":[{"start":{"line":24,"column":69},"end":{"line":24,"column":379}},{"start":{"line":24,"column":333},"end":{"line":24,"column":379}}],"line":24},"400":{"loc":{"start":{"line":24,"column":162},"end":{"line":24,"column":203}},"type":"cond-expr","locations":[{"start":{"line":24,"column":194},"end":{"line":24,"column":196}},{"start":{"line":24,"column":197},"end":{"line":24,"column":203}}],"line":24},"401":{"loc":{"start":{"line":24,"column":415},"end":{"line":24,"column":466}},"type":"binary-expr","locations":[{"start":{"line":24,"column":415},"end":{"line":24,"column":416}},{"start":{"line":24,"column":418},"end":{"line":24,"column":419}},{"start":{"line":24,"column":421},"end":{"line":24,"column":466}}],"line":24},"402":{"loc":{"start":{"line":24,"column":491},"end":{"line":24,"column":518}},"type":"binary-expr","locations":[{"start":{"line":24,"column":491},"end":{"line":24,"column":492}},{"start":{"line":24,"column":494},"end":{"line":24,"column":518}}],"line":24},"403":{"loc":{"start":{"line":24,"column":681},"end":{"line":24,"column":704}},"type":"if","locations":[{"start":{"line":24,"column":681},"end":{"line":24,"column":704}},{"start":{},"end":{}}],"line":24},"404":{"loc":{"start":{"line":24,"column":742},"end":{"line":24,"column":763}},"type":"binary-expr","locations":[{"start":{"line":24,"column":742},"end":{"line":24,"column":753}},{"start":{"line":24,"column":756},"end":{"line":24,"column":762}}],"line":24},"405":{"loc":{"start":{"line":24,"column":878},"end":{"line":24,"column":911}},"type":"binary-expr","locations":[{"start":{"line":24,"column":878},"end":{"line":24,"column":887}},{"start":{"line":24,"column":890},"end":{"line":24,"column":910}}],"line":24},"406":{"loc":{"start":{"line":24,"column":5174},"end":{"line":24,"column":5188}},"type":"binary-expr","locations":[{"start":{"line":24,"column":5174},"end":{"line":24,"column":5179}},{"start":{"line":24,"column":5182},"end":{"line":24,"column":5187}}],"line":24},"407":{"loc":{"start":{"line":24,"column":5325},"end":{"line":24,"column":5379}},"type":"if","locations":[{"start":{"line":24,"column":5325},"end":{"line":24,"column":5379}},{"start":{},"end":{}}],"line":24},"408":{"loc":{"start":{"line":24,"column":5350},"end":{"line":24,"column":5360}},"type":"binary-expr","locations":[{"start":{"line":24,"column":5350},"end":{"line":24,"column":5354}},{"start":{"line":24,"column":5356},"end":{"line":24,"column":5360}}],"line":24},"409":{"loc":{"start":{"line":24,"column":5379},"end":{"line":24,"column":5408}},"type":"if","locations":[{"start":{"line":24,"column":5379},"end":{"line":24,"column":5408}},{"start":{},"end":{}}],"line":24},"410":{"loc":{"start":{"line":24,"column":5426},"end":{"line":24,"column":5453}},"type":"cond-expr","locations":[{"start":{"line":24,"column":5430},"end":{"line":24,"column":5431}},{"start":{"line":24,"column":5432},"end":{"line":24,"column":5453}}],"line":24},"411":{"loc":{"start":{"line":24,"column":5432},"end":{"line":24,"column":5453}},"type":"cond-expr","locations":[{"start":{"line":24,"column":5443},"end":{"line":24,"column":5444}},{"start":{"line":24,"column":5445},"end":{"line":24,"column":5453}}],"line":24},"412":{"loc":{"start":{"line":24,"column":5552},"end":{"line":24,"column":5607}},"type":"if","locations":[{"start":{"line":24,"column":5552},"end":{"line":24,"column":5607}},{"start":{},"end":{}}],"line":24},"413":{"loc":{"start":{"line":24,"column":5555},"end":{"line":24,"column":5561}},"type":"binary-expr","locations":[{"start":{"line":24,"column":5555},"end":{"line":24,"column":5557}},{"start":{"line":24,"column":5559},"end":{"line":24,"column":5561}}],"line":24},"414":{"loc":{"start":{"line":24,"column":5568},"end":{"line":24,"column":5606}},"type":"cond-expr","locations":[{"start":{"line":24,"column":5575},"end":{"line":24,"column":5578}},{"start":{"line":24,"column":5579},"end":{"line":24,"column":5606}}],"line":24},"415":{"loc":{"start":{"line":24,"column":5568},"end":{"line":24,"column":5574}},"type":"binary-expr","locations":[{"start":{"line":24,"column":5568},"end":{"line":24,"column":5570}},{"start":{"line":24,"column":5572},"end":{"line":24,"column":5574}}],"line":24},"416":{"loc":{"start":{"line":24,"column":5579},"end":{"line":24,"column":5606}},"type":"cond-expr","locations":[{"start":{"line":24,"column":5585},"end":{"line":24,"column":5586}},{"start":{"line":24,"column":5587},"end":{"line":24,"column":5606}}],"line":24},"417":{"loc":{"start":{"line":24,"column":5587},"end":{"line":24,"column":5606}},"type":"cond-expr","locations":[{"start":{"line":24,"column":5593},"end":{"line":24,"column":5594}},{"start":{"line":24,"column":5595},"end":{"line":24,"column":5606}}],"line":24},"418":{"loc":{"start":{"line":24,"column":5595},"end":{"line":24,"column":5606}},"type":"cond-expr","locations":[{"start":{"line":24,"column":5602},"end":{"line":24,"column":5603}},{"start":{"line":24,"column":5604},"end":{"line":24,"column":5606}}],"line":24},"419":{"loc":{"start":{"line":24,"column":5607},"end":{"line":24,"column":5647}},"type":"if","locations":[{"start":{"line":24,"column":5607},"end":{"line":24,"column":5647}},{"start":{},"end":{}}],"line":24},"420":{"loc":{"start":{"line":24,"column":5610},"end":{"line":24,"column":5622}},"type":"binary-expr","locations":[{"start":{"line":24,"column":5610},"end":{"line":24,"column":5615}},{"start":{"line":24,"column":5617},"end":{"line":24,"column":5622}}],"line":24},"421":{"loc":{"start":{"line":24,"column":5630},"end":{"line":24,"column":5646}},"type":"cond-expr","locations":[{"start":{"line":24,"column":5635},"end":{"line":24,"column":5636}},{"start":{"line":24,"column":5637},"end":{"line":24,"column":5646}}],"line":24},"422":{"loc":{"start":{"line":24,"column":5637},"end":{"line":24,"column":5646}},"type":"cond-expr","locations":[{"start":{"line":24,"column":5642},"end":{"line":24,"column":5644}},{"start":{"line":24,"column":5645},"end":{"line":24,"column":5646}}],"line":24},"423":{"loc":{"start":{"line":24,"column":5647},"end":{"line":24,"column":5665}},"type":"if","locations":[{"start":{"line":24,"column":5647},"end":{"line":24,"column":5665}},{"start":{},"end":{}}],"line":24},"424":{"loc":{"start":{"line":24,"column":5665},"end":{"line":24,"column":5702}},"type":"if","locations":[{"start":{"line":24,"column":5665},"end":{"line":24,"column":5702}},{"start":{},"end":{}}],"line":24},"425":{"loc":{"start":{"line":24,"column":5685},"end":{"line":24,"column":5701}},"type":"cond-expr","locations":[{"start":{"line":24,"column":5697},"end":{"line":24,"column":5698}},{"start":{"line":24,"column":5699},"end":{"line":24,"column":5701}}],"line":24},"426":{"loc":{"start":{"line":24,"column":5734},"end":{"line":24,"column":5741}},"type":"cond-expr","locations":[{"start":{"line":24,"column":5738},"end":{"line":24,"column":5739}},{"start":{"line":24,"column":5740},"end":{"line":24,"column":5741}}],"line":24},"427":{"loc":{"start":{"line":24,"column":5750},"end":{"line":24,"column":5791}},"type":"if","locations":[{"start":{"line":24,"column":5750},"end":{"line":24,"column":5791}},{"start":{},"end":{}}],"line":24},"428":{"loc":{"start":{"line":24,"column":5772},"end":{"line":24,"column":5790}},"type":"cond-expr","locations":[{"start":{"line":24,"column":5786},"end":{"line":24,"column":5787}},{"start":{"line":24,"column":5788},"end":{"line":24,"column":5790}}],"line":24},"429":{"loc":{"start":{"line":24,"column":5798},"end":{"line":24,"column":5818}},"type":"cond-expr","locations":[{"start":{"line":24,"column":5804},"end":{"line":24,"column":5805}},{"start":{"line":24,"column":5806},"end":{"line":24,"column":5818}}],"line":24},"430":{"loc":{"start":{"line":24,"column":5806},"end":{"line":24,"column":5818}},"type":"cond-expr","locations":[{"start":{"line":24,"column":5814},"end":{"line":24,"column":5815}},{"start":{"line":24,"column":5816},"end":{"line":24,"column":5818}}],"line":24},"431":{"loc":{"start":{"line":24,"column":5884},"end":{"line":24,"column":6069}},"type":"cond-expr","locations":[{"start":{"line":24,"column":5888},"end":{"line":24,"column":6058}},{"start":{"line":24,"column":6059},"end":{"line":24,"column":6069}}],"line":24},"432":{"loc":{"start":{"line":24,"column":5888},"end":{"line":24,"column":6058}},"type":"cond-expr","locations":[{"start":{"line":24,"column":5896},"end":{"line":24,"column":6048}},{"start":{"line":24,"column":6050},"end":{"line":24,"column":6058}}],"line":24},"433":{"loc":{"start":{"line":24,"column":6018},"end":{"line":24,"column":6040}},"type":"cond-expr","locations":[{"start":{"line":24,"column":6031},"end":{"line":24,"column":6038}},{"start":{"line":24,"column":6039},"end":{"line":24,"column":6040}}],"line":24},"434":{"loc":{"start":{"line":24,"column":6018},"end":{"line":24,"column":6030}},"type":"binary-expr","locations":[{"start":{"line":24,"column":6018},"end":{"line":24,"column":6023}},{"start":{"line":24,"column":6025},"end":{"line":24,"column":6030}}],"line":24},"435":{"loc":{"start":{"line":24,"column":6147},"end":{"line":24,"column":6192}},"type":"if","locations":[{"start":{"line":24,"column":6147},"end":{"line":24,"column":6192}},{"start":{},"end":{}}],"line":24},"436":{"loc":{"start":{"line":24,"column":6150},"end":{"line":24,"column":6175}},"type":"binary-expr","locations":[{"start":{"line":24,"column":6150},"end":{"line":24,"column":6163}},{"start":{"line":24,"column":6165},"end":{"line":24,"column":6175}}],"line":24},"437":{"loc":{"start":{"line":24,"column":6220},"end":{"line":24,"column":6458}},"type":"cond-expr","locations":[{"start":{"line":24,"column":6242},"end":{"line":24,"column":6435}},{"start":{"line":24,"column":6437},"end":{"line":24,"column":6458}}],"line":24},"438":{"loc":{"start":{"line":24,"column":6220},"end":{"line":24,"column":6240}},"type":"binary-expr","locations":[{"start":{"line":24,"column":6220},"end":{"line":24,"column":6222}},{"start":{"line":24,"column":6224},"end":{"line":24,"column":6240}}],"line":24},"439":{"loc":{"start":{"line":24,"column":6257},"end":{"line":24,"column":6304}},"type":"binary-expr","locations":[{"start":{"line":24,"column":6258},"end":{"line":24,"column":6276}},{"start":{"line":24,"column":6280},"end":{"line":24,"column":6303}}],"line":24},"440":{"loc":{"start":{"line":24,"column":6283},"end":{"line":24,"column":6303}},"type":"cond-expr","locations":[{"start":{"line":24,"column":6295},"end":{"line":24,"column":6298}},{"start":{"line":24,"column":6299},"end":{"line":24,"column":6303}}],"line":24},"441":{"loc":{"start":{"line":24,"column":6283},"end":{"line":24,"column":6294}},"type":"binary-expr","locations":[{"start":{"line":24,"column":6283},"end":{"line":24,"column":6287}},{"start":{"line":24,"column":6289},"end":{"line":24,"column":6294}}],"line":24},"442":{"loc":{"start":{"line":24,"column":6336},"end":{"line":24,"column":6344}},"type":"cond-expr","locations":[{"start":{"line":24,"column":6340},"end":{"line":24,"column":6342}},{"start":{"line":24,"column":6343},"end":{"line":24,"column":6344}}],"line":24},"443":{"loc":{"start":{"line":24,"column":6347},"end":{"line":24,"column":6416}},"type":"cond-expr","locations":[{"start":{"line":24,"column":6354},"end":{"line":24,"column":6362}},{"start":{"line":24,"column":6364},"end":{"line":24,"column":6415}}],"line":24},"444":{"loc":{"start":{"line":24,"column":6481},"end":{"line":24,"column":6810}},"type":"if","locations":[{"start":{"line":24,"column":6481},"end":{"line":24,"column":6810}},{"start":{},"end":{}}],"line":24},"445":{"loc":{"start":{"line":24,"column":6604},"end":{"line":24,"column":6810}},"type":"if","locations":[{"start":{"line":24,"column":6604},"end":{"line":24,"column":6810}},{"start":{"line":24,"column":6722},"end":{"line":24,"column":6810}}],"line":24},"446":{"loc":{"start":{"line":24,"column":6626},"end":{"line":24,"column":6650}},"type":"binary-expr","locations":[{"start":{"line":24,"column":6626},"end":{"line":24,"column":6635}},{"start":{"line":24,"column":6637},"end":{"line":24,"column":6639}},{"start":{"line":24,"column":6641},"end":{"line":24,"column":6650}}],"line":24},"447":{"loc":{"start":{"line":24,"column":6652},"end":{"line":24,"column":6709}},"type":"if","locations":[{"start":{"line":24,"column":6652},"end":{"line":24,"column":6709}},{"start":{},"end":{}}],"line":24},"448":{"loc":{"start":{"line":24,"column":6655},"end":{"line":24,"column":6697}},"type":"binary-expr","locations":[{"start":{"line":24,"column":6655},"end":{"line":24,"column":6657}},{"start":{"line":24,"column":6660},"end":{"line":24,"column":6696}}],"line":24},"449":{"loc":{"start":{"line":24,"column":6723},"end":{"line":24,"column":6803}},"type":"binary-expr","locations":[{"start":{"line":24,"column":6724},"end":{"line":24,"column":6727}},{"start":{"line":24,"column":6729},"end":{"line":24,"column":6741}},{"start":{"line":24,"column":6743},"end":{"line":24,"column":6759}},{"start":{"line":24,"column":6763},"end":{"line":24,"column":6802}}],"line":24},"450":{"loc":{"start":{"line":24,"column":6896},"end":{"line":24,"column":6981}},"type":"if","locations":[{"start":{"line":24,"column":6896},"end":{"line":24,"column":6981}},{"start":{},"end":{}}],"line":24},"451":{"loc":{"start":{"line":24,"column":6902},"end":{"line":24,"column":6970}},"type":"if","locations":[{"start":{"line":24,"column":6902},"end":{"line":24,"column":6970}},{"start":{},"end":{}}],"line":24},"452":{"loc":{"start":{"line":24,"column":6970},"end":{"line":24,"column":6980}},"type":"binary-expr","locations":[{"start":{"line":24,"column":6970},"end":{"line":24,"column":6973}},{"start":{"line":24,"column":6976},"end":{"line":24,"column":6979}}],"line":24},"453":{"loc":{"start":{"line":24,"column":7423},"end":{"line":24,"column":7434}},"type":"binary-expr","locations":[{"start":{"line":24,"column":7423},"end":{"line":24,"column":7427}},{"start":{"line":24,"column":7429},"end":{"line":24,"column":7434}}],"line":24},"454":{"loc":{"start":{"line":24,"column":7521},"end":{"line":24,"column":7564}},"type":"if","locations":[{"start":{"line":24,"column":7521},"end":{"line":24,"column":7564}},{"start":{},"end":{}}],"line":24},"455":{"loc":{"start":{"line":24,"column":7551},"end":{"line":24,"column":7562}},"type":"cond-expr","locations":[{"start":{"line":24,"column":7555},"end":{"line":24,"column":7558}},{"start":{"line":24,"column":7559},"end":{"line":24,"column":7562}}],"line":24},"456":{"loc":{"start":{"line":24,"column":7564},"end":{"line":24,"column":7587}},"type":"if","locations":[{"start":{"line":24,"column":7564},"end":{"line":24,"column":7587}},{"start":{},"end":{}}],"line":24},"457":{"loc":{"start":{"line":24,"column":7677},"end":{"line":24,"column":7765}},"type":"cond-expr","locations":[{"start":{"line":24,"column":7683},"end":{"line":24,"column":7724}},{"start":{"line":24,"column":7727},"end":{"line":24,"column":7764}}],"line":24},"458":{"loc":{"start":{"line":24,"column":7995},"end":{"line":24,"column":8040}},"type":"if","locations":[{"start":{"line":24,"column":7995},"end":{"line":24,"column":8040}},{"start":{},"end":{}}],"line":24},"459":{"loc":{"start":{"line":24,"column":7998},"end":{"line":24,"column":8023}},"type":"binary-expr","locations":[{"start":{"line":24,"column":7998},"end":{"line":24,"column":8011}},{"start":{"line":24,"column":8013},"end":{"line":24,"column":8023}}],"line":24},"460":{"loc":{"start":{"line":24,"column":8040},"end":{"line":24,"column":8340}},"type":"if","locations":[{"start":{"line":24,"column":8040},"end":{"line":24,"column":8340}},{"start":{"line":24,"column":8158},"end":{"line":24,"column":8340}}],"line":24},"461":{"loc":{"start":{"line":24,"column":8180},"end":{"line":24,"column":8191}},"type":"cond-expr","locations":[{"start":{"line":24,"column":8185},"end":{"line":24,"column":8187}},{"start":{"line":24,"column":8188},"end":{"line":24,"column":8191}}],"line":24},"462":{"loc":{"start":{"line":24,"column":8463},"end":{"line":24,"column":8612}},"type":"cond-expr","locations":[{"start":{"line":24,"column":8476},"end":{"line":24,"column":8601}},{"start":{"line":24,"column":8602},"end":{"line":24,"column":8612}}],"line":24},"463":{"loc":{"start":{"line":24,"column":8476},"end":{"line":24,"column":8601}},"type":"cond-expr","locations":[{"start":{"line":24,"column":8487},"end":{"line":24,"column":8495}},{"start":{"line":24,"column":8497},"end":{"line":24,"column":8600}}],"line":24},"464":{"loc":{"start":{"line":24,"column":8726},"end":{"line":24,"column":8929}},"type":"cond-expr","locations":[{"start":{"line":24,"column":8733},"end":{"line":24,"column":8778}},{"start":{"line":24,"column":8779},"end":{"line":24,"column":8929}}],"line":24},"465":{"loc":{"start":{"line":24,"column":8733},"end":{"line":24,"column":8778}},"type":"cond-expr","locations":[{"start":{"line":24,"column":8739},"end":{"line":24,"column":8767}},{"start":{"line":24,"column":8768},"end":{"line":24,"column":8778}}],"line":24},"466":{"loc":{"start":{"line":24,"column":8739},"end":{"line":24,"column":8767}},"type":"cond-expr","locations":[{"start":{"line":24,"column":8749},"end":{"line":24,"column":8758}},{"start":{"line":24,"column":8759},"end":{"line":24,"column":8767}}],"line":24},"467":{"loc":{"start":{"line":24,"column":8779},"end":{"line":24,"column":8929}},"type":"cond-expr","locations":[{"start":{"line":24,"column":8790},"end":{"line":24,"column":8811}},{"start":{"line":24,"column":8813},"end":{"line":24,"column":8928}}],"line":24},"468":{"loc":{"start":{"line":24,"column":9014},"end":{"line":24,"column":9235}},"type":"cond-expr","locations":[{"start":{"line":24,"column":9023},"end":{"line":24,"column":9043}},{"start":{"line":24,"column":9044},"end":{"line":24,"column":9235}}],"line":24},"469":{"loc":{"start":{"line":24,"column":9029},"end":{"line":24,"column":9042}},"type":"cond-expr","locations":[{"start":{"line":24,"column":9037},"end":{"line":24,"column":9038}},{"start":{"line":24,"column":9039},"end":{"line":24,"column":9042}}],"line":24},"470":{"loc":{"start":{"line":24,"column":9044},"end":{"line":24,"column":9235}},"type":"cond-expr","locations":[{"start":{"line":24,"column":9058},"end":{"line":24,"column":9225}},{"start":{"line":24,"column":9227},"end":{"line":24,"column":9235}}],"line":24},"471":{"loc":{"start":{"line":24,"column":9317},"end":{"line":24,"column":9522}},"type":"cond-expr","locations":[{"start":{"line":24,"column":9343},"end":{"line":24,"column":9351}},{"start":{"line":24,"column":9353},"end":{"line":24,"column":9521}}],"line":24},"472":{"loc":{"start":{"line":24,"column":9317},"end":{"line":24,"column":9342}},"type":"binary-expr","locations":[{"start":{"line":24,"column":9317},"end":{"line":24,"column":9330}},{"start":{"line":24,"column":9332},"end":{"line":24,"column":9342}}],"line":24},"473":{"loc":{"start":{"line":24,"column":9612},"end":{"line":24,"column":9904}},"type":"cond-expr","locations":[{"start":{"line":24,"column":9625},"end":{"line":24,"column":9893}},{"start":{"line":24,"column":9894},"end":{"line":24,"column":9904}}],"line":24},"474":{"loc":{"start":{"line":24,"column":9625},"end":{"line":24,"column":9893}},"type":"cond-expr","locations":[{"start":{"line":24,"column":9632},"end":{"line":24,"column":9675}},{"start":{"line":24,"column":9677},"end":{"line":24,"column":9892}}],"line":24},"475":{"loc":{"start":{"line":24,"column":9638},"end":{"line":24,"column":9674}},"type":"cond-expr","locations":[{"start":{"line":24,"column":9652},"end":{"line":24,"column":9657}},{"start":{"line":24,"column":9658},"end":{"line":24,"column":9674}}],"line":24},"476":{"loc":{"start":{"line":24,"column":9658},"end":{"line":24,"column":9674}},"type":"cond-expr","locations":[{"start":{"line":24,"column":9669},"end":{"line":24,"column":9670}},{"start":{"line":24,"column":9671},"end":{"line":24,"column":9674}}],"line":24},"477":{"loc":{"start":{"line":24,"column":9713},"end":{"line":24,"column":9892}},"type":"cond-expr","locations":[{"start":{"line":24,"column":9736},"end":{"line":24,"column":9754}},{"start":{"line":24,"column":9756},"end":{"line":24,"column":9891}}],"line":24},"478":{"loc":{"start":{"line":24,"column":9980},"end":{"line":24,"column":10232}},"type":"cond-expr","locations":[{"start":{"line":24,"column":9991},"end":{"line":24,"column":9999}},{"start":{"line":24,"column":10001},"end":{"line":24,"column":10231}}],"line":24},"479":{"loc":{"start":{"line":24,"column":10045},"end":{"line":24,"column":10231}},"type":"cond-expr","locations":[{"start":{"line":24,"column":10052},"end":{"line":24,"column":10104}},{"start":{"line":24,"column":10106},"end":{"line":24,"column":10230}}],"line":24},"480":{"loc":{"start":{"line":24,"column":10052},"end":{"line":24,"column":10104}},"type":"cond-expr","locations":[{"start":{"line":24,"column":10059},"end":{"line":24,"column":10092}},{"start":{"line":24,"column":10094},"end":{"line":24,"column":10104}}],"line":24},"481":{"loc":{"start":{"line":24,"column":10341},"end":{"line":24,"column":10539}},"type":"if","locations":[{"start":{"line":24,"column":10341},"end":{"line":24,"column":10539}},{"start":{"line":24,"column":10460},"end":{"line":24,"column":10539}}],"line":24},"482":{"loc":{"start":{"line":24,"column":10358},"end":{"line":24,"column":10388}},"type":"if","locations":[{"start":{"line":24,"column":10358},"end":{"line":24,"column":10388}},{"start":{},"end":{}}],"line":24},"483":{"loc":{"start":{"line":24,"column":10388},"end":{"line":24,"column":10455}},"type":"if","locations":[{"start":{"line":24,"column":10388},"end":{"line":24,"column":10455}},{"start":{},"end":{}}],"line":24},"484":{"loc":{"start":{"line":24,"column":10391},"end":{"line":24,"column":10413}},"type":"binary-expr","locations":[{"start":{"line":24,"column":10391},"end":{"line":24,"column":10404}},{"start":{"line":24,"column":10406},"end":{"line":24,"column":10413}}],"line":24},"485":{"loc":{"start":{"line":24,"column":10461},"end":{"line":24,"column":10487}},"type":"if","locations":[{"start":{"line":24,"column":10461},"end":{"line":24,"column":10487}},{"start":{},"end":{}}],"line":24},"486":{"loc":{"start":{"line":24,"column":10487},"end":{"line":24,"column":10538}},"type":"if","locations":[{"start":{"line":24,"column":10487},"end":{"line":24,"column":10538}},{"start":{},"end":{}}],"line":24},"487":{"loc":{"start":{"line":24,"column":10717},"end":{"line":24,"column":10838}},"type":"if","locations":[{"start":{"line":24,"column":10717},"end":{"line":24,"column":10838}},{"start":{},"end":{}}],"line":24},"488":{"loc":{"start":{"line":24,"column":10815},"end":{"line":24,"column":10835}},"type":"binary-expr","locations":[{"start":{"line":24,"column":10815},"end":{"line":24,"column":10830}},{"start":{"line":24,"column":10832},"end":{"line":24,"column":10835}}],"line":24},"489":{"loc":{"start":{"line":24,"column":10845},"end":{"line":24,"column":10867}},"type":"binary-expr","locations":[{"start":{"line":24,"column":10845},"end":{"line":24,"column":10846}},{"start":{"line":24,"column":10849},"end":{"line":24,"column":10866}}],"line":24},"490":{"loc":{"start":{"line":24,"column":10984},"end":{"line":24,"column":11021}},"type":"binary-expr","locations":[{"start":{"line":24,"column":10984},"end":{"line":24,"column":10992}},{"start":{"line":24,"column":10994},"end":{"line":24,"column":11021}}],"line":24},"491":{"loc":{"start":{"line":24,"column":11181},"end":{"line":24,"column":11204}},"type":"binary-expr","locations":[{"start":{"line":24,"column":11181},"end":{"line":24,"column":11189}},{"start":{"line":24,"column":11191},"end":{"line":24,"column":11204}}],"line":24},"492":{"loc":{"start":{"line":24,"column":11420},"end":{"line":24,"column":11528}},"type":"if","locations":[{"start":{"line":24,"column":11420},"end":{"line":24,"column":11528}},{"start":{"line":24,"column":11452},"end":{"line":24,"column":11528}}],"line":24},"493":{"loc":{"start":{"line":24,"column":11453},"end":{"line":24,"column":11517}},"type":"if","locations":[{"start":{"line":24,"column":11453},"end":{"line":24,"column":11517}},{"start":{},"end":{}}],"line":24},"494":{"loc":{"start":{"line":24,"column":11473},"end":{"line":24,"column":11498}},"type":"binary-expr","locations":[{"start":{"line":24,"column":11473},"end":{"line":24,"column":11478}},{"start":{"line":24,"column":11480},"end":{"line":24,"column":11482}},{"start":{"line":24,"column":11484},"end":{"line":24,"column":11489}},{"start":{"line":24,"column":11491},"end":{"line":24,"column":11498}}],"line":24},"495":{"loc":{"start":{"line":24,"column":11528},"end":{"line":24,"column":11610}},"type":"if","locations":[{"start":{"line":24,"column":11528},"end":{"line":24,"column":11610}},{"start":{},"end":{}}],"line":24},"496":{"loc":{"start":{"line":24,"column":11537},"end":{"line":24,"column":11562}},"type":"binary-expr","locations":[{"start":{"line":24,"column":11537},"end":{"line":24,"column":11542}},{"start":{"line":24,"column":11544},"end":{"line":24,"column":11546}},{"start":{"line":24,"column":11548},"end":{"line":24,"column":11553}},{"start":{"line":24,"column":11555},"end":{"line":24,"column":11562}}],"line":24},"497":{"loc":{"start":{"line":24,"column":11576},"end":{"line":24,"column":11608}},"type":"cond-expr","locations":[{"start":{"line":24,"column":11585},"end":{"line":24,"column":11589}},{"start":{"line":24,"column":11590},"end":{"line":24,"column":11608}}],"line":24},"498":{"loc":{"start":{"line":24,"column":11576},"end":{"line":24,"column":11584}},"type":"binary-expr","locations":[{"start":{"line":24,"column":11576},"end":{"line":24,"column":11577}},{"start":{"line":24,"column":11579},"end":{"line":24,"column":11584}}],"line":24},"499":{"loc":{"start":{"line":24,"column":11590},"end":{"line":24,"column":11608}},"type":"cond-expr","locations":[{"start":{"line":24,"column":11597},"end":{"line":24,"column":11600}},{"start":{"line":24,"column":11601},"end":{"line":24,"column":11608}}],"line":24},"500":{"loc":{"start":{"line":24,"column":11601},"end":{"line":24,"column":11608}},"type":"cond-expr","locations":[{"start":{"line":24,"column":11603},"end":{"line":24,"column":11604}},{"start":{"line":24,"column":11605},"end":{"line":24,"column":11608}}],"line":24},"501":{"loc":{"start":{"line":24,"column":11610},"end":{"line":24,"column":11674}},"type":"if","locations":[{"start":{"line":24,"column":11610},"end":{"line":24,"column":11674}},{"start":{},"end":{}}],"line":24},"502":{"loc":{"start":{"line":24,"column":11615},"end":{"line":24,"column":11674}},"type":"if","locations":[{"start":{"line":24,"column":11615},"end":{"line":24,"column":11674}},{"start":{"line":24,"column":11638},"end":{"line":24,"column":11674}}],"line":24},"503":{"loc":{"start":{"line":24,"column":11674},"end":{"line":24,"column":11887}},"type":"if","locations":[{"start":{"line":24,"column":11674},"end":{"line":24,"column":11887}},{"start":{},"end":{}}],"line":24},"504":{"loc":{"start":{"line":24,"column":11700},"end":{"line":24,"column":11720}},"type":"cond-expr","locations":[{"start":{"line":24,"column":11702},"end":{"line":24,"column":11712}},{"start":{"line":24,"column":11713},"end":{"line":24,"column":11720}}],"line":24},"505":{"loc":{"start":{"line":24,"column":11751},"end":{"line":24,"column":11864}},"type":"if","locations":[{"start":{"line":24,"column":11751},"end":{"line":24,"column":11864}},{"start":{},"end":{}}],"line":24},"506":{"loc":{"start":{"line":24,"column":11772},"end":{"line":24,"column":11792}},"type":"cond-expr","locations":[{"start":{"line":24,"column":11774},"end":{"line":24,"column":11784}},{"start":{"line":24,"column":11785},"end":{"line":24,"column":11792}}],"line":24},"507":{"loc":{"start":{"line":24,"column":11810},"end":{"line":24,"column":11857}},"type":"binary-expr","locations":[{"start":{"line":24,"column":11810},"end":{"line":24,"column":11841}},{"start":{"line":24,"column":11844},"end":{"line":24,"column":11856}}],"line":24},"508":{"loc":{"start":{"line":24,"column":11986},"end":{"line":24,"column":12086}},"type":"if","locations":[{"start":{"line":24,"column":11986},"end":{"line":24,"column":12086}},{"start":{},"end":{}}],"line":24},"509":{"loc":{"start":{"line":24,"column":12000},"end":{"line":24,"column":12010}},"type":"binary-expr","locations":[{"start":{"line":24,"column":12000},"end":{"line":24,"column":12004}},{"start":{"line":24,"column":12006},"end":{"line":24,"column":12010}}],"line":24},"510":{"loc":{"start":{"line":24,"column":12017},"end":{"line":24,"column":12083}},"type":"cond-expr","locations":[{"start":{"line":24,"column":12028},"end":{"line":24,"column":12040}},{"start":{"line":24,"column":12041},"end":{"line":24,"column":12083}}],"line":24},"511":{"loc":{"start":{"line":24,"column":12017},"end":{"line":24,"column":12027}},"type":"binary-expr","locations":[{"start":{"line":24,"column":12017},"end":{"line":24,"column":12021}},{"start":{"line":24,"column":12023},"end":{"line":24,"column":12027}}],"line":24},"512":{"loc":{"start":{"line":24,"column":12041},"end":{"line":24,"column":12083}},"type":"cond-expr","locations":[{"start":{"line":24,"column":12045},"end":{"line":24,"column":12053}},{"start":{"line":24,"column":12054},"end":{"line":24,"column":12083}}],"line":24},"513":{"loc":{"start":{"line":24,"column":12062},"end":{"line":24,"column":12082}},"type":"cond-expr","locations":[{"start":{"line":24,"column":12077},"end":{"line":24,"column":12078}},{"start":{"line":24,"column":12079},"end":{"line":24,"column":12082}}],"line":24},"514":{"loc":{"start":{"line":24,"column":12062},"end":{"line":24,"column":12076}},"type":"binary-expr","locations":[{"start":{"line":24,"column":12062},"end":{"line":24,"column":12065}},{"start":{"line":24,"column":12067},"end":{"line":24,"column":12076}}],"line":24},"515":{"loc":{"start":{"line":24,"column":12086},"end":{"line":24,"column":12124}},"type":"if","locations":[{"start":{"line":24,"column":12086},"end":{"line":24,"column":12124}},{"start":{},"end":{}}],"line":24},"516":{"loc":{"start":{"line":24,"column":12124},"end":{"line":24,"column":12271}},"type":"if","locations":[{"start":{"line":24,"column":12124},"end":{"line":24,"column":12271}},{"start":{},"end":{}}],"line":24},"517":{"loc":{"start":{"line":24,"column":12166},"end":{"line":24,"column":12178}},"type":"binary-expr","locations":[{"start":{"line":24,"column":12166},"end":{"line":24,"column":12171}},{"start":{"line":24,"column":12173},"end":{"line":24,"column":12178}}],"line":24},"518":{"loc":{"start":{"line":24,"column":12180},"end":{"line":24,"column":12251}},"type":"if","locations":[{"start":{"line":24,"column":12180},"end":{"line":24,"column":12251}},{"start":{"line":24,"column":12202},"end":{"line":24,"column":12251}}],"line":24},"519":{"loc":{"start":{"line":24,"column":12202},"end":{"line":24,"column":12251}},"type":"if","locations":[{"start":{"line":24,"column":12202},"end":{"line":24,"column":12251}},{"start":{"line":24,"column":12226},"end":{"line":24,"column":12251}}],"line":24},"520":{"loc":{"start":{"line":24,"column":12239},"end":{"line":24,"column":12249}},"type":"cond-expr","locations":[{"start":{"line":24,"column":12245},"end":{"line":24,"column":12247}},{"start":{"line":24,"column":12248},"end":{"line":24,"column":12249}}],"line":24},"521":{"loc":{"start":{"line":24,"column":12258},"end":{"line":24,"column":12270}},"type":"cond-expr","locations":[{"start":{"line":24,"column":12260},"end":{"line":24,"column":12268}},{"start":{"line":24,"column":12269},"end":{"line":24,"column":12270}}],"line":24},"522":{"loc":{"start":{"line":24,"column":12271},"end":{"line":24,"column":12563}},"type":"if","locations":[{"start":{"line":24,"column":12271},"end":{"line":24,"column":12563}},{"start":{"line":24,"column":12472},"end":{"line":24,"column":12563}}],"line":24},"523":{"loc":{"start":{"line":24,"column":12327},"end":{"line":24,"column":12371}},"type":"cond-expr","locations":[{"start":{"line":24,"column":12330},"end":{"line":24,"column":12349}},{"start":{"line":24,"column":12352},"end":{"line":24,"column":12370}}],"line":24},"524":{"loc":{"start":{"line":24,"column":12403},"end":{"line":24,"column":12424}},"type":"binary-expr","locations":[{"start":{"line":24,"column":12403},"end":{"line":24,"column":12406}},{"start":{"line":24,"column":12409},"end":{"line":24,"column":12423}}],"line":24},"525":{"loc":{"start":{"line":24,"column":12505},"end":{"line":24,"column":12513}},"type":"binary-expr","locations":[{"start":{"line":24,"column":12505},"end":{"line":24,"column":12506}},{"start":{"line":24,"column":12509},"end":{"line":24,"column":12512}}],"line":24},"526":{"loc":{"start":{"line":24,"column":12526},"end":{"line":24,"column":12559}},"type":"if","locations":[{"start":{"line":24,"column":12526},"end":{"line":24,"column":12559}},{"start":{},"end":{}}],"line":24},"527":{"loc":{"start":{"line":24,"column":12567},"end":{"line":24,"column":12592}},"type":"binary-expr","locations":[{"start":{"line":24,"column":12567},"end":{"line":24,"column":12568}},{"start":{"line":24,"column":12571},"end":{"line":24,"column":12591}}],"line":24},"528":{"loc":{"start":{"line":24,"column":12655},"end":{"line":24,"column":12720}},"type":"if","locations":[{"start":{"line":24,"column":12655},"end":{"line":24,"column":12720}},{"start":{},"end":{}}],"line":24},"529":{"loc":{"start":{"line":24,"column":12679},"end":{"line":24,"column":12692}},"type":"binary-expr","locations":[{"start":{"line":24,"column":12679},"end":{"line":24,"column":12680}},{"start":{"line":24,"column":12682},"end":{"line":24,"column":12692}}],"line":24},"530":{"loc":{"start":{"line":24,"column":12791},"end":{"line":24,"column":12846}},"type":"cond-expr","locations":[{"start":{"line":24,"column":12797},"end":{"line":24,"column":12827}},{"start":{"line":24,"column":12829},"end":{"line":24,"column":12846}}],"line":24},"531":{"loc":{"start":{"line":24,"column":12815},"end":{"line":24,"column":12827}},"type":"cond-expr","locations":[{"start":{"line":24,"column":12817},"end":{"line":24,"column":12825}},{"start":{"line":24,"column":12826},"end":{"line":24,"column":12827}}],"line":24},"532":{"loc":{"start":{"line":24,"column":12835},"end":{"line":24,"column":12845}},"type":"cond-expr","locations":[{"start":{"line":24,"column":12841},"end":{"line":24,"column":12843}},{"start":{"line":24,"column":12844},"end":{"line":24,"column":12845}}],"line":24},"533":{"loc":{"start":{"line":24,"column":12922},"end":{"line":24,"column":13113}},"type":"cond-expr","locations":[{"start":{"line":24,"column":12947},"end":{"line":24,"column":12957}},{"start":{"line":24,"column":12958},"end":{"line":24,"column":13113}}],"line":24},"534":{"loc":{"start":{"line":24,"column":12922},"end":{"line":24,"column":12946}},"type":"binary-expr","locations":[{"start":{"line":24,"column":12922},"end":{"line":24,"column":12926}},{"start":{"line":24,"column":12928},"end":{"line":24,"column":12932}},{"start":{"line":24,"column":12934},"end":{"line":24,"column":12937}},{"start":{"line":24,"column":12939},"end":{"line":24,"column":12946}}],"line":24},"535":{"loc":{"start":{"line":24,"column":12958},"end":{"line":24,"column":13113}},"type":"cond-expr","locations":[{"start":{"line":24,"column":12977},"end":{"line":24,"column":13011}},{"start":{"line":24,"column":13013},"end":{"line":24,"column":13112}}],"line":24},"536":{"loc":{"start":{"line":24,"column":12958},"end":{"line":24,"column":12976}},"type":"binary-expr","locations":[{"start":{"line":24,"column":12958},"end":{"line":24,"column":12962}},{"start":{"line":24,"column":12964},"end":{"line":24,"column":12967}},{"start":{"line":24,"column":12969},"end":{"line":24,"column":12976}}],"line":24},"537":{"loc":{"start":{"line":24,"column":13018},"end":{"line":24,"column":13083}},"type":"cond-expr","locations":[{"start":{"line":24,"column":13031},"end":{"line":24,"column":13060}},{"start":{"line":24,"column":13062},"end":{"line":24,"column":13083}}],"line":24},"538":{"loc":{"start":{"line":24,"column":13376},"end":{"line":24,"column":13470}},"type":"if","locations":[{"start":{"line":24,"column":13376},"end":{"line":24,"column":13470}},{"start":{},"end":{}}],"line":24},"539":{"loc":{"start":{"line":24,"column":13390},"end":{"line":24,"column":13400}},"type":"binary-expr","locations":[{"start":{"line":24,"column":13390},"end":{"line":24,"column":13394}},{"start":{"line":24,"column":13396},"end":{"line":24,"column":13400}}],"line":24},"540":{"loc":{"start":{"line":24,"column":13407},"end":{"line":24,"column":13467}},"type":"cond-expr","locations":[{"start":{"line":24,"column":13418},"end":{"line":24,"column":13430}},{"start":{"line":24,"column":13431},"end":{"line":24,"column":13467}}],"line":24},"541":{"loc":{"start":{"line":24,"column":13407},"end":{"line":24,"column":13417}},"type":"binary-expr","locations":[{"start":{"line":24,"column":13407},"end":{"line":24,"column":13411}},{"start":{"line":24,"column":13413},"end":{"line":24,"column":13417}}],"line":24},"542":{"loc":{"start":{"line":24,"column":13431},"end":{"line":24,"column":13467}},"type":"binary-expr","locations":[{"start":{"line":24,"column":13431},"end":{"line":24,"column":13434}},{"start":{"line":24,"column":13437},"end":{"line":24,"column":13466}}],"line":24},"543":{"loc":{"start":{"line":24,"column":13445},"end":{"line":24,"column":13465}},"type":"cond-expr","locations":[{"start":{"line":24,"column":13460},"end":{"line":24,"column":13461}},{"start":{"line":24,"column":13462},"end":{"line":24,"column":13465}}],"line":24},"544":{"loc":{"start":{"line":24,"column":13445},"end":{"line":24,"column":13459}},"type":"binary-expr","locations":[{"start":{"line":24,"column":13445},"end":{"line":24,"column":13448}},{"start":{"line":24,"column":13450},"end":{"line":24,"column":13459}}],"line":24},"545":{"loc":{"start":{"line":24,"column":13470},"end":{"line":24,"column":13509}},"type":"if","locations":[{"start":{"line":24,"column":13470},"end":{"line":24,"column":13509}},{"start":{},"end":{}}],"line":24},"546":{"loc":{"start":{"line":24,"column":13509},"end":{"line":24,"column":13603}},"type":"if","locations":[{"start":{"line":24,"column":13509},"end":{"line":24,"column":13603}},{"start":{},"end":{}}],"line":24},"547":{"loc":{"start":{"line":24,"column":13551},"end":{"line":24,"column":13563}},"type":"binary-expr","locations":[{"start":{"line":24,"column":13551},"end":{"line":24,"column":13556}},{"start":{"line":24,"column":13558},"end":{"line":24,"column":13563}}],"line":24},"548":{"loc":{"start":{"line":24,"column":13571},"end":{"line":24,"column":13589}},"type":"binary-expr","locations":[{"start":{"line":24,"column":13571},"end":{"line":24,"column":13575}},{"start":{"line":24,"column":13578},"end":{"line":24,"column":13588}}],"line":24},"549":{"loc":{"start":{"line":24,"column":13590},"end":{"line":24,"column":13602}},"type":"cond-expr","locations":[{"start":{"line":24,"column":13592},"end":{"line":24,"column":13600}},{"start":{"line":24,"column":13601},"end":{"line":24,"column":13602}}],"line":24},"550":{"loc":{"start":{"line":24,"column":13603},"end":{"line":24,"column":13792}},"type":"if","locations":[{"start":{"line":24,"column":13603},"end":{"line":24,"column":13792}},{"start":{},"end":{}}],"line":24},"551":{"loc":{"start":{"line":24,"column":13653},"end":{"line":24,"column":13699}},"type":"cond-expr","locations":[{"start":{"line":24,"column":13658},"end":{"line":24,"column":13677}},{"start":{"line":24,"column":13680},"end":{"line":24,"column":13698}}],"line":24},"552":{"loc":{"start":{"line":24,"column":13719},"end":{"line":24,"column":13730}},"type":"cond-expr","locations":[{"start":{"line":24,"column":13723},"end":{"line":24,"column":13726}},{"start":{"line":24,"column":13727},"end":{"line":24,"column":13730}}],"line":24},"553":{"loc":{"start":{"line":24,"column":13731},"end":{"line":24,"column":13752}},"type":"binary-expr","locations":[{"start":{"line":24,"column":13731},"end":{"line":24,"column":13734}},{"start":{"line":24,"column":13737},"end":{"line":24,"column":13751}}],"line":24},"554":{"loc":{"start":{"line":24,"column":13818},"end":{"line":24,"column":13842}},"type":"binary-expr","locations":[{"start":{"line":24,"column":13818},"end":{"line":24,"column":13823}},{"start":{"line":24,"column":13826},"end":{"line":24,"column":13841}}],"line":24},"555":{"loc":{"start":{"line":24,"column":13891},"end":{"line":24,"column":13912}},"type":"binary-expr","locations":[{"start":{"line":24,"column":13891},"end":{"line":24,"column":13892}},{"start":{"line":24,"column":13895},"end":{"line":24,"column":13911}}],"line":24},"556":{"loc":{"start":{"line":24,"column":13968},"end":{"line":24,"column":13980}},"type":"cond-expr","locations":[{"start":{"line":24,"column":13970},"end":{"line":24,"column":13978}},{"start":{"line":24,"column":13979},"end":{"line":24,"column":13980}}],"line":24},"557":{"loc":{"start":{"line":24,"column":14024},"end":{"line":24,"column":14079}},"type":"if","locations":[{"start":{"line":24,"column":14024},"end":{"line":24,"column":14079}},{"start":{},"end":{}}],"line":24},"558":{"loc":{"start":{"line":24,"column":14027},"end":{"line":24,"column":14060}},"type":"binary-expr","locations":[{"start":{"line":24,"column":14027},"end":{"line":24,"column":14037}},{"start":{"line":24,"column":14039},"end":{"line":24,"column":14046}},{"start":{"line":24,"column":14048},"end":{"line":24,"column":14053}},{"start":{"line":24,"column":14055},"end":{"line":24,"column":14060}}],"line":24},"559":{"loc":{"start":{"line":24,"column":14086},"end":{"line":24,"column":14129}},"type":"cond-expr","locations":[{"start":{"line":24,"column":14091},"end":{"line":24,"column":14122}},{"start":{"line":24,"column":14124},"end":{"line":24,"column":14129}}],"line":24},"560":{"loc":{"start":{"line":24,"column":14101},"end":{"line":24,"column":14122}},"type":"binary-expr","locations":[{"start":{"line":24,"column":14101},"end":{"line":24,"column":14102}},{"start":{"line":24,"column":14104},"end":{"line":24,"column":14111}},{"start":{"line":24,"column":14114},"end":{"line":24,"column":14121}}],"line":24},"561":{"loc":{"start":{"line":24,"column":14278},"end":{"line":24,"column":14468}},"type":"cond-expr","locations":[{"start":{"line":24,"column":14291},"end":{"line":24,"column":14457}},{"start":{"line":24,"column":14458},"end":{"line":24,"column":14468}}],"line":24},"562":{"loc":{"start":{"line":24,"column":14291},"end":{"line":24,"column":14457}},"type":"cond-expr","locations":[{"start":{"line":24,"column":14302},"end":{"line":24,"column":14310}},{"start":{"line":24,"column":14312},"end":{"line":24,"column":14456}}],"line":24},"563":{"loc":{"start":{"line":24,"column":14434},"end":{"line":24,"column":14448}},"type":"cond-expr","locations":[{"start":{"line":24,"column":14439},"end":{"line":24,"column":14446}},{"start":{"line":24,"column":14447},"end":{"line":24,"column":14448}}],"line":24},"564":{"loc":{"start":{"line":24,"column":14558},"end":{"line":24,"column":14624}},"type":"if","locations":[{"start":{"line":24,"column":14558},"end":{"line":24,"column":14624}},{"start":{},"end":{}}],"line":24},"565":{"loc":{"start":{"line":24,"column":14561},"end":{"line":24,"column":14577}},"type":"binary-expr","locations":[{"start":{"line":24,"column":14561},"end":{"line":24,"column":14566}},{"start":{"line":24,"column":14568},"end":{"line":24,"column":14570}},{"start":{"line":24,"column":14572},"end":{"line":24,"column":14577}}],"line":24},"566":{"loc":{"start":{"line":24,"column":14591},"end":{"line":24,"column":14622}},"type":"cond-expr","locations":[{"start":{"line":24,"column":14611},"end":{"line":24,"column":14614}},{"start":{"line":24,"column":14615},"end":{"line":24,"column":14622}}],"line":24},"567":{"loc":{"start":{"line":24,"column":14591},"end":{"line":24,"column":14610}},"type":"binary-expr","locations":[{"start":{"line":24,"column":14591},"end":{"line":24,"column":14593}},{"start":{"line":24,"column":14595},"end":{"line":24,"column":14598}},{"start":{"line":24,"column":14601},"end":{"line":24,"column":14603}},{"start":{"line":24,"column":14605},"end":{"line":24,"column":14609}}],"line":24},"568":{"loc":{"start":{"line":24,"column":14615},"end":{"line":24,"column":14622}},"type":"cond-expr","locations":[{"start":{"line":24,"column":14617},"end":{"line":24,"column":14618}},{"start":{"line":24,"column":14619},"end":{"line":24,"column":14622}}],"line":24},"569":{"loc":{"start":{"line":24,"column":14649},"end":{"line":24,"column":14840}},"type":"cond-expr","locations":[{"start":{"line":24,"column":14663},"end":{"line":24,"column":14817}},{"start":{"line":24,"column":14819},"end":{"line":24,"column":14840}}],"line":24},"570":{"loc":{"start":{"line":24,"column":14649},"end":{"line":24,"column":14661}},"type":"binary-expr","locations":[{"start":{"line":24,"column":14649},"end":{"line":24,"column":14653}},{"start":{"line":24,"column":14655},"end":{"line":24,"column":14661}}],"line":24},"571":{"loc":{"start":{"line":24,"column":14670},"end":{"line":24,"column":14697}},"type":"binary-expr","locations":[{"start":{"line":24,"column":14670},"end":{"line":24,"column":14687}},{"start":{"line":24,"column":14690},"end":{"line":24,"column":14696}}],"line":24},"572":{"loc":{"start":{"line":24,"column":14727},"end":{"line":24,"column":14735}},"type":"binary-expr","locations":[{"start":{"line":24,"column":14727},"end":{"line":24,"column":14730}},{"start":{"line":24,"column":14732},"end":{"line":24,"column":14735}}],"line":24},"573":{"loc":{"start":{"line":24,"column":14737},"end":{"line":24,"column":14806}},"type":"cond-expr","locations":[{"start":{"line":24,"column":14744},"end":{"line":24,"column":14752}},{"start":{"line":24,"column":14754},"end":{"line":24,"column":14805}}],"line":24},"574":{"loc":{"start":{"line":24,"column":14863},"end":{"line":24,"column":15133}},"type":"if","locations":[{"start":{"line":24,"column":14863},"end":{"line":24,"column":15133}},{"start":{},"end":{}}],"line":24},"575":{"loc":{"start":{"line":24,"column":14945},"end":{"line":24,"column":15133}},"type":"if","locations":[{"start":{"line":24,"column":14945},"end":{"line":24,"column":15133}},{"start":{"line":24,"column":15054},"end":{"line":24,"column":15133}}],"line":24},"576":{"loc":{"start":{"line":24,"column":14967},"end":{"line":24,"column":14991}},"type":"binary-expr","locations":[{"start":{"line":24,"column":14967},"end":{"line":24,"column":14976}},{"start":{"line":24,"column":14978},"end":{"line":24,"column":14980}},{"start":{"line":24,"column":14982},"end":{"line":24,"column":14991}}],"line":24},"577":{"loc":{"start":{"line":24,"column":14993},"end":{"line":24,"column":15041}},"type":"if","locations":[{"start":{"line":24,"column":14993},"end":{"line":24,"column":15041}},{"start":{},"end":{}}],"line":24},"578":{"loc":{"start":{"line":24,"column":14996},"end":{"line":24,"column":15029}},"type":"binary-expr","locations":[{"start":{"line":24,"column":14996},"end":{"line":24,"column":14998}},{"start":{"line":24,"column":15001},"end":{"line":24,"column":15028}}],"line":24},"579":{"loc":{"start":{"line":24,"column":15055},"end":{"line":24,"column":15126}},"type":"binary-expr","locations":[{"start":{"line":24,"column":15056},"end":{"line":24,"column":15059}},{"start":{"line":24,"column":15061},"end":{"line":24,"column":15073}},{"start":{"line":24,"column":15075},"end":{"line":24,"column":15091}},{"start":{"line":24,"column":15095},"end":{"line":24,"column":15125}}],"line":24},"580":{"loc":{"start":{"line":24,"column":15231},"end":{"line":24,"column":15457}},"type":"cond-expr","locations":[{"start":{"line":24,"column":15244},"end":{"line":24,"column":15446}},{"start":{"line":24,"column":15447},"end":{"line":24,"column":15457}}],"line":24},"581":{"loc":{"start":{"line":24,"column":15244},"end":{"line":24,"column":15446}},"type":"cond-expr","locations":[{"start":{"line":24,"column":15255},"end":{"line":24,"column":15263}},{"start":{"line":24,"column":15265},"end":{"line":24,"column":15445}}],"line":24},"582":{"loc":{"start":{"line":24,"column":15415},"end":{"line":24,"column":15437}},"type":"cond-expr","locations":[{"start":{"line":24,"column":15428},"end":{"line":24,"column":15435}},{"start":{"line":24,"column":15436},"end":{"line":24,"column":15437}}],"line":24},"583":{"loc":{"start":{"line":24,"column":15415},"end":{"line":24,"column":15427}},"type":"binary-expr","locations":[{"start":{"line":24,"column":15415},"end":{"line":24,"column":15420}},{"start":{"line":24,"column":15422},"end":{"line":24,"column":15427}}],"line":24},"584":{"loc":{"start":{"line":24,"column":15553},"end":{"line":24,"column":15656}},"type":"if","locations":[{"start":{"line":24,"column":15553},"end":{"line":24,"column":15656}},{"start":{},"end":{}}],"line":24},"585":{"loc":{"start":{"line":24,"column":15565},"end":{"line":24,"column":15585}},"type":"binary-expr","locations":[{"start":{"line":24,"column":15565},"end":{"line":24,"column":15567}},{"start":{"line":24,"column":15569},"end":{"line":24,"column":15574}},{"start":{"line":24,"column":15576},"end":{"line":24,"column":15578}},{"start":{"line":24,"column":15580},"end":{"line":24,"column":15585}}],"line":24},"586":{"loc":{"start":{"line":24,"column":15599},"end":{"line":24,"column":15654}},"type":"cond-expr","locations":[{"start":{"line":24,"column":15632},"end":{"line":24,"column":15635}},{"start":{"line":24,"column":15636},"end":{"line":24,"column":15654}}],"line":24},"587":{"loc":{"start":{"line":24,"column":15599},"end":{"line":24,"column":15631}},"type":"binary-expr","locations":[{"start":{"line":24,"column":15599},"end":{"line":24,"column":15603}},{"start":{"line":24,"column":15605},"end":{"line":24,"column":15606}},{"start":{"line":24,"column":15608},"end":{"line":24,"column":15613}},{"start":{"line":24,"column":15615},"end":{"line":24,"column":15617}},{"start":{"line":24,"column":15619},"end":{"line":24,"column":15620}},{"start":{"line":24,"column":15622},"end":{"line":24,"column":15627}},{"start":{"line":24,"column":15629},"end":{"line":24,"column":15631}}],"line":24},"588":{"loc":{"start":{"line":24,"column":15636},"end":{"line":24,"column":15654}},"type":"cond-expr","locations":[{"start":{"line":24,"column":15643},"end":{"line":24,"column":15648}},{"start":{"line":24,"column":15649},"end":{"line":24,"column":15654}}],"line":24},"589":{"loc":{"start":{"line":24,"column":15636},"end":{"line":24,"column":15642}},"type":"binary-expr","locations":[{"start":{"line":24,"column":15636},"end":{"line":24,"column":15638}},{"start":{"line":24,"column":15640},"end":{"line":24,"column":15642}}],"line":24},"590":{"loc":{"start":{"line":24,"column":15702},"end":{"line":24,"column":15732}},"type":"binary-expr","locations":[{"start":{"line":24,"column":15702},"end":{"line":24,"column":15705}},{"start":{"line":24,"column":15708},"end":{"line":24,"column":15731}}],"line":24},"591":{"loc":{"start":{"line":24,"column":15893},"end":{"line":24,"column":15908}},"type":"cond-expr","locations":[{"start":{"line":24,"column":15895},"end":{"line":24,"column":15898}},{"start":{"line":24,"column":15899},"end":{"line":24,"column":15908}}],"line":24},"592":{"loc":{"start":{"line":24,"column":15927},"end":{"line":24,"column":15958}},"type":"cond-expr","locations":[{"start":{"line":24,"column":15929},"end":{"line":24,"column":15956}},{"start":{"line":24,"column":15957},"end":{"line":24,"column":15958}}],"line":24},"593":{"loc":{"start":{"line":24,"column":16092},"end":{"line":24,"column":16166}},"type":"cond-expr","locations":[{"start":{"line":24,"column":16103},"end":{"line":24,"column":16104}},{"start":{"line":24,"column":16106},"end":{"line":24,"column":16165}}],"line":24},"594":{"loc":{"start":{"line":24,"column":16117},"end":{"line":24,"column":16150}},"type":"cond-expr","locations":[{"start":{"line":24,"column":16128},"end":{"line":24,"column":16140}},{"start":{"line":24,"column":16141},"end":{"line":24,"column":16150}}],"line":24},"595":{"loc":{"start":{"line":24,"column":16234},"end":{"line":24,"column":16337}},"type":"cond-expr","locations":[{"start":{"line":24,"column":16245},"end":{"line":24,"column":16255}},{"start":{"line":24,"column":16257},"end":{"line":24,"column":16336}}],"line":24},"596":{"loc":{"start":{"line":24,"column":16268},"end":{"line":24,"column":16301}},"type":"cond-expr","locations":[{"start":{"line":24,"column":16279},"end":{"line":24,"column":16291}},{"start":{"line":24,"column":16292},"end":{"line":24,"column":16301}}],"line":24},"597":{"loc":{"start":{"line":24,"column":16338},"end":{"line":24,"column":16368}},"type":"cond-expr","locations":[{"start":{"line":24,"column":16361},"end":{"line":24,"column":16366}},{"start":{"line":24,"column":16367},"end":{"line":24,"column":16368}}],"line":24},"598":{"loc":{"start":{"line":24,"column":16338},"end":{"line":24,"column":16360}},"type":"binary-expr","locations":[{"start":{"line":24,"column":16338},"end":{"line":24,"column":16347}},{"start":{"line":24,"column":16349},"end":{"line":24,"column":16360}}],"line":24},"599":{"loc":{"start":{"line":24,"column":16432},"end":{"line":24,"column":16540}},"type":"cond-expr","locations":[{"start":{"line":24,"column":16443},"end":{"line":24,"column":16450}},{"start":{"line":24,"column":16452},"end":{"line":24,"column":16539}}],"line":24},"600":{"loc":{"start":{"line":24,"column":16463},"end":{"line":24,"column":16496}},"type":"cond-expr","locations":[{"start":{"line":24,"column":16474},"end":{"line":24,"column":16486}},{"start":{"line":24,"column":16487},"end":{"line":24,"column":16496}}],"line":24},"601":{"loc":{"start":{"line":24,"column":16541},"end":{"line":24,"column":16571}},"type":"cond-expr","locations":[{"start":{"line":24,"column":16564},"end":{"line":24,"column":16569}},{"start":{"line":24,"column":16570},"end":{"line":24,"column":16571}}],"line":24},"602":{"loc":{"start":{"line":24,"column":16541},"end":{"line":24,"column":16563}},"type":"binary-expr","locations":[{"start":{"line":24,"column":16541},"end":{"line":24,"column":16550}},{"start":{"line":24,"column":16552},"end":{"line":24,"column":16563}}],"line":24},"603":{"loc":{"start":{"line":24,"column":16655},"end":{"line":24,"column":16677}},"type":"if","locations":[{"start":{"line":24,"column":16655},"end":{"line":24,"column":16677}},{"start":{},"end":{}}],"line":24},"604":{"loc":{"start":{"line":24,"column":16677},"end":{"line":24,"column":16859}},"type":"if","locations":[{"start":{"line":24,"column":16677},"end":{"line":24,"column":16859}},{"start":{"line":24,"column":16786},"end":{"line":24,"column":16859}}],"line":24},"605":{"loc":{"start":{"line":24,"column":16753},"end":{"line":24,"column":16762}},"type":"cond-expr","locations":[{"start":{"line":24,"column":16757},"end":{"line":24,"column":16760}},{"start":{"line":24,"column":16761},"end":{"line":24,"column":16762}}],"line":24},"606":{"loc":{"start":{"line":24,"column":16774},"end":{"line":24,"column":16781}},"type":"cond-expr","locations":[{"start":{"line":24,"column":16778},"end":{"line":24,"column":16779}},{"start":{"line":24,"column":16780},"end":{"line":24,"column":16781}}],"line":24},"607":{"loc":{"start":{"line":24,"column":16787},"end":{"line":24,"column":16839}},"type":"if","locations":[{"start":{"line":24,"column":16787},"end":{"line":24,"column":16839}},{"start":{},"end":{}}],"line":24},"608":{"loc":{"start":{"line":24,"column":16801},"end":{"line":24,"column":16820}},"type":"binary-expr","locations":[{"start":{"line":24,"column":16801},"end":{"line":24,"column":16811}},{"start":{"line":24,"column":16813},"end":{"line":24,"column":16820}}],"line":24},"609":{"loc":{"start":{"line":24,"column":16841},"end":{"line":24,"column":16858}},"type":"cond-expr","locations":[{"start":{"line":24,"column":16849},"end":{"line":24,"column":16856}},{"start":{"line":24,"column":16857},"end":{"line":24,"column":16858}}],"line":24},"610":{"loc":{"start":{"line":24,"column":16849},"end":{"line":24,"column":16856}},"type":"cond-expr","locations":[{"start":{"line":24,"column":16853},"end":{"line":24,"column":16854}},{"start":{"line":24,"column":16855},"end":{"line":24,"column":16856}}],"line":24},"611":{"loc":{"start":{"line":24,"column":17126},"end":{"line":24,"column":17196}},"type":"cond-expr","locations":[{"start":{"line":24,"column":17185},"end":{"line":24,"column":17190}},{"start":{"line":24,"column":17191},"end":{"line":24,"column":17196}}],"line":24},"612":{"loc":{"start":{"line":24,"column":17334},"end":{"line":24,"column":17503}},"type":"if","locations":[{"start":{"line":24,"column":17334},"end":{"line":24,"column":17503}},{"start":{"line":24,"column":17402},"end":{"line":24,"column":17503}}],"line":24},"613":{"loc":{"start":{"line":24,"column":17357},"end":{"line":24,"column":17374}},"type":"if","locations":[{"start":{"line":24,"column":17357},"end":{"line":24,"column":17374}},{"start":{},"end":{}}],"line":24},"614":{"loc":{"start":{"line":24,"column":17403},"end":{"line":24,"column":17471}},"type":"if","locations":[{"start":{"line":24,"column":17403},"end":{"line":24,"column":17471}},{"start":{},"end":{}}],"line":24},"615":{"loc":{"start":{"line":24,"column":17417},"end":{"line":24,"column":17450}},"type":"cond-expr","locations":[{"start":{"line":24,"column":17428},"end":{"line":24,"column":17440}},{"start":{"line":24,"column":17441},"end":{"line":24,"column":17450}}],"line":24},"616":{"loc":{"start":{"line":24,"column":17463},"end":{"line":24,"column":17470}},"type":"cond-expr","locations":[{"start":{"line":24,"column":17467},"end":{"line":24,"column":17468}},{"start":{"line":24,"column":17469},"end":{"line":24,"column":17470}}],"line":24},"617":{"loc":{"start":{"line":24,"column":17471},"end":{"line":24,"column":17502}},"type":"if","locations":[{"start":{"line":24,"column":17471},"end":{"line":24,"column":17502}},{"start":{},"end":{}}],"line":24},"618":{"loc":{"start":{"line":24,"column":17486},"end":{"line":24,"column":17500}},"type":"binary-expr","locations":[{"start":{"line":24,"column":17486},"end":{"line":24,"column":17489}},{"start":{"line":24,"column":17492},"end":{"line":24,"column":17499}}],"line":24},"619":{"loc":{"start":{"line":24,"column":17510},"end":{"line":24,"column":17571}},"type":"cond-expr","locations":[{"start":{"line":24,"column":17518},"end":{"line":24,"column":17556}},{"start":{"line":24,"column":17559},"end":{"line":24,"column":17570}}],"line":24},"620":{"loc":{"start":{"line":24,"column":17740},"end":{"line":24,"column":17794}},"type":"if","locations":[{"start":{"line":24,"column":17740},"end":{"line":24,"column":17794}},{"start":{},"end":{}}],"line":24},"621":{"loc":{"start":{"line":24,"column":17743},"end":{"line":24,"column":17771}},"type":"binary-expr","locations":[{"start":{"line":24,"column":17743},"end":{"line":24,"column":17747}},{"start":{"line":24,"column":17749},"end":{"line":24,"column":17753}},{"start":{"line":24,"column":17755},"end":{"line":24,"column":17762}},{"start":{"line":24,"column":17764},"end":{"line":24,"column":17771}}],"line":24},"622":{"loc":{"start":{"line":24,"column":17794},"end":{"line":24,"column":17825}},"type":"if","locations":[{"start":{"line":24,"column":17794},"end":{"line":24,"column":17825}},{"start":{},"end":{}}],"line":24},"623":{"loc":{"start":{"line":24,"column":17825},"end":{"line":24,"column":17879}},"type":"if","locations":[{"start":{"line":24,"column":17825},"end":{"line":24,"column":17879}},{"start":{},"end":{}}],"line":24},"624":{"loc":{"start":{"line":24,"column":17879},"end":{"line":24,"column":17979}},"type":"if","locations":[{"start":{"line":24,"column":17879},"end":{"line":24,"column":17979}},{"start":{},"end":{}}],"line":24},"625":{"loc":{"start":{"line":24,"column":17893},"end":{"line":24,"column":17926}},"type":"binary-expr","locations":[{"start":{"line":24,"column":17893},"end":{"line":24,"column":17908}},{"start":{"line":24,"column":17910},"end":{"line":24,"column":17926}}],"line":24},"626":{"loc":{"start":{"line":24,"column":17913},"end":{"line":24,"column":17921}},"type":"cond-expr","locations":[{"start":{"line":24,"column":17917},"end":{"line":24,"column":17919}},{"start":{"line":24,"column":17920},"end":{"line":24,"column":17921}}],"line":24},"627":{"loc":{"start":{"line":24,"column":17948},"end":{"line":24,"column":17978}},"type":"cond-expr","locations":[{"start":{"line":24,"column":17954},"end":{"line":24,"column":17969}},{"start":{"line":24,"column":17970},"end":{"line":24,"column":17978}}],"line":24},"628":{"loc":{"start":{"line":24,"column":17979},"end":{"line":24,"column":18101}},"type":"if","locations":[{"start":{"line":24,"column":17979},"end":{"line":24,"column":18101}},{"start":{},"end":{}}],"line":24},"629":{"loc":{"start":{"line":24,"column":17993},"end":{"line":24,"column":18029}},"type":"if","locations":[{"start":{"line":24,"column":17993},"end":{"line":24,"column":18029}},{"start":{},"end":{}}],"line":24},"630":{"loc":{"start":{"line":24,"column":18029},"end":{"line":24,"column":18100}},"type":"if","locations":[{"start":{"line":24,"column":18029},"end":{"line":24,"column":18100}},{"start":{},"end":{}}],"line":24},"631":{"loc":{"start":{"line":24,"column":18032},"end":{"line":24,"column":18052}},"type":"binary-expr","locations":[{"start":{"line":24,"column":18032},"end":{"line":24,"column":18045}},{"start":{"line":24,"column":18048},"end":{"line":24,"column":18051}}],"line":24},"632":{"loc":{"start":{"line":24,"column":18053},"end":{"line":24,"column":18085}},"type":"binary-expr","locations":[{"start":{"line":24,"column":18053},"end":{"line":24,"column":18059}},{"start":{"line":24,"column":18061},"end":{"line":24,"column":18070}},{"start":{"line":24,"column":18072},"end":{"line":24,"column":18085}}],"line":24},"633":{"loc":{"start":{"line":24,"column":18120},"end":{"line":24,"column":18197}},"type":"cond-expr","locations":[{"start":{"line":24,"column":18139},"end":{"line":24,"column":18183}},{"start":{"line":24,"column":18184},"end":{"line":24,"column":18197}}],"line":24},"634":{"loc":{"start":{"line":24,"column":18120},"end":{"line":24,"column":18138}},"type":"binary-expr","locations":[{"start":{"line":24,"column":18120},"end":{"line":24,"column":18124}},{"start":{"line":24,"column":18126},"end":{"line":24,"column":18138}}],"line":24},"635":{"loc":{"start":{"line":24,"column":18198},"end":{"line":24,"column":18476}},"type":"cond-expr","locations":[{"start":{"line":24,"column":18221},"end":{"line":24,"column":18237}},{"start":{"line":24,"column":18239},"end":{"line":24,"column":18475}}],"line":24},"636":{"loc":{"start":{"line":24,"column":18198},"end":{"line":24,"column":18220}},"type":"binary-expr","locations":[{"start":{"line":24,"column":18198},"end":{"line":24,"column":18208}},{"start":{"line":24,"column":18210},"end":{"line":24,"column":18220}}],"line":24},"637":{"loc":{"start":{"line":24,"column":18227},"end":{"line":24,"column":18236}},"type":"cond-expr","locations":[{"start":{"line":24,"column":18231},"end":{"line":24,"column":18234}},{"start":{"line":24,"column":18235},"end":{"line":24,"column":18236}}],"line":24},"638":{"loc":{"start":{"line":24,"column":18317},"end":{"line":24,"column":18442}},"type":"binary-expr","locations":[{"start":{"line":24,"column":18317},"end":{"line":24,"column":18320}},{"start":{"line":24,"column":18323},"end":{"line":24,"column":18441}}],"line":24},"639":{"loc":{"start":{"line":24,"column":18336},"end":{"line":24,"column":18441}},"type":"binary-expr","locations":[{"start":{"line":24,"column":18336},"end":{"line":24,"column":18347}},{"start":{"line":24,"column":18350},"end":{"line":24,"column":18440}}],"line":24},"640":{"loc":{"start":{"line":24,"column":18393},"end":{"line":24,"column":18440}},"type":"binary-expr","locations":[{"start":{"line":24,"column":18393},"end":{"line":24,"column":18424}},{"start":{"line":24,"column":18427},"end":{"line":24,"column":18439}}],"line":24},"641":{"loc":{"start":{"line":24,"column":18542},"end":{"line":24,"column":18692}},"type":"cond-expr","locations":[{"start":{"line":24,"column":18553},"end":{"line":24,"column":18593}},{"start":{"line":24,"column":18595},"end":{"line":24,"column":18691}}],"line":24},"642":{"loc":{"start":{"line":24,"column":18560},"end":{"line":24,"column":18592}},"type":"binary-expr","locations":[{"start":{"line":24,"column":18560},"end":{"line":24,"column":18575}},{"start":{"line":24,"column":18577},"end":{"line":24,"column":18592}}],"line":24},"643":{"loc":{"start":{"line":24,"column":18606},"end":{"line":24,"column":18639}},"type":"cond-expr","locations":[{"start":{"line":24,"column":18617},"end":{"line":24,"column":18629}},{"start":{"line":24,"column":18630},"end":{"line":24,"column":18639}}],"line":24},"644":{"loc":{"start":{"line":24,"column":18665},"end":{"line":24,"column":18688}},"type":"binary-expr","locations":[{"start":{"line":24,"column":18665},"end":{"line":24,"column":18671}},{"start":{"line":24,"column":18673},"end":{"line":24,"column":18688}}],"line":24},"645":{"loc":{"start":{"line":24,"column":18693},"end":{"line":24,"column":18723}},"type":"cond-expr","locations":[{"start":{"line":24,"column":18716},"end":{"line":24,"column":18721}},{"start":{"line":24,"column":18722},"end":{"line":24,"column":18723}}],"line":24},"646":{"loc":{"start":{"line":24,"column":18693},"end":{"line":24,"column":18715}},"type":"binary-expr","locations":[{"start":{"line":24,"column":18693},"end":{"line":24,"column":18702}},{"start":{"line":24,"column":18704},"end":{"line":24,"column":18715}}],"line":24},"647":{"loc":{"start":{"line":24,"column":18802},"end":{"line":24,"column":18888}},"type":"cond-expr","locations":[{"start":{"line":24,"column":18814},"end":{"line":24,"column":18840}},{"start":{"line":24,"column":18843},"end":{"line":24,"column":18887}}],"line":24},"648":{"loc":{"start":{"line":24,"column":18854},"end":{"line":24,"column":18887}},"type":"cond-expr","locations":[{"start":{"line":24,"column":18865},"end":{"line":24,"column":18877}},{"start":{"line":24,"column":18878},"end":{"line":24,"column":18887}}],"line":24},"649":{"loc":{"start":{"line":24,"column":18962},"end":{"line":24,"column":18994}},"type":"binary-expr","locations":[{"start":{"line":24,"column":18962},"end":{"line":24,"column":18977}},{"start":{"line":24,"column":18979},"end":{"line":24,"column":18994}}],"line":24},"650":{"loc":{"start":{"line":24,"column":19003},"end":{"line":24,"column":19033}},"type":"cond-expr","locations":[{"start":{"line":24,"column":19026},"end":{"line":24,"column":19031}},{"start":{"line":24,"column":19032},"end":{"line":24,"column":19033}}],"line":24},"651":{"loc":{"start":{"line":24,"column":19003},"end":{"line":24,"column":19025}},"type":"binary-expr","locations":[{"start":{"line":24,"column":19003},"end":{"line":24,"column":19012}},{"start":{"line":24,"column":19014},"end":{"line":24,"column":19025}}],"line":24},"652":{"loc":{"start":{"line":24,"column":19179},"end":{"line":24,"column":19211}},"type":"binary-expr","locations":[{"start":{"line":24,"column":19179},"end":{"line":24,"column":19194}},{"start":{"line":24,"column":19196},"end":{"line":24,"column":19211}}],"line":24},"653":{"loc":{"start":{"line":24,"column":19220},"end":{"line":24,"column":19237}},"type":"cond-expr","locations":[{"start":{"line":24,"column":19230},"end":{"line":24,"column":19235}},{"start":{"line":24,"column":19236},"end":{"line":24,"column":19237}}],"line":24},"654":{"loc":{"start":{"line":24,"column":19288},"end":{"line":24,"column":19424}},"type":"if","locations":[{"start":{"line":24,"column":19288},"end":{"line":24,"column":19424}},{"start":{"line":24,"column":19405},"end":{"line":24,"column":19424}}],"line":24},"655":{"loc":{"start":{"line":24,"column":19340},"end":{"line":24,"column":19353}},"type":"binary-expr","locations":[{"start":{"line":24,"column":19340},"end":{"line":24,"column":19341}},{"start":{"line":24,"column":19344},"end":{"line":24,"column":19352}}],"line":24},"656":{"loc":{"start":{"line":24,"column":19386},"end":{"line":24,"column":19399}},"type":"binary-expr","locations":[{"start":{"line":24,"column":19386},"end":{"line":24,"column":19387}},{"start":{"line":24,"column":19390},"end":{"line":24,"column":19398}}],"line":24},"657":{"loc":{"start":{"line":24,"column":19405},"end":{"line":24,"column":19424}},"type":"if","locations":[{"start":{"line":24,"column":19405},"end":{"line":24,"column":19424}},{"start":{},"end":{}}],"line":24},"658":{"loc":{"start":{"line":24,"column":19475},"end":{"line":24,"column":19513}},"type":"if","locations":[{"start":{"line":24,"column":19475},"end":{"line":24,"column":19513}},{"start":{},"end":{}}],"line":24},"659":{"loc":{"start":{"line":24,"column":19478},"end":{"line":24,"column":19495}},"type":"binary-expr","locations":[{"start":{"line":24,"column":19478},"end":{"line":24,"column":19485}},{"start":{"line":24,"column":19487},"end":{"line":24,"column":19490}},{"start":{"line":24,"column":19492},"end":{"line":24,"column":19495}}],"line":24},"660":{"loc":{"start":{"line":24,"column":19580},"end":{"line":24,"column":19624}},"type":"cond-expr","locations":[{"start":{"line":24,"column":19587},"end":{"line":24,"column":19595}},{"start":{"line":24,"column":19598},"end":{"line":24,"column":19623}}],"line":24},"661":{"loc":{"start":{"line":24,"column":19648},"end":{"line":24,"column":19999}},"type":"cond-expr","locations":[{"start":{"line":24,"column":19656},"end":{"line":24,"column":19837}},{"start":{"line":24,"column":19838},"end":{"line":24,"column":19999}}],"line":24},"662":{"loc":{"start":{"line":24,"column":19656},"end":{"line":24,"column":19837}},"type":"cond-expr","locations":[{"start":{"line":24,"column":19661},"end":{"line":24,"column":19737}},{"start":{"line":24,"column":19739},"end":{"line":24,"column":19837}}],"line":24},"663":{"loc":{"start":{"line":24,"column":19661},"end":{"line":24,"column":19692}},"type":"cond-expr","locations":[{"start":{"line":24,"column":19666},"end":{"line":24,"column":19675}},{"start":{"line":24,"column":19676},"end":{"line":24,"column":19692}}],"line":24},"664":{"loc":{"start":{"line":24,"column":19676},"end":{"line":24,"column":19692}},"type":"binary-expr","locations":[{"start":{"line":24,"column":19676},"end":{"line":24,"column":19680}},{"start":{"line":24,"column":19683},"end":{"line":24,"column":19691}}],"line":24},"665":{"loc":{"start":{"line":24,"column":19695},"end":{"line":24,"column":19737}},"type":"binary-expr","locations":[{"start":{"line":24,"column":19695},"end":{"line":24,"column":19698}},{"start":{"line":24,"column":19700},"end":{"line":24,"column":19708}},{"start":{"line":24,"column":19710},"end":{"line":24,"column":19713}},{"start":{"line":24,"column":19715},"end":{"line":24,"column":19723}},{"start":{"line":24,"column":19725},"end":{"line":24,"column":19731}},{"start":{"line":24,"column":19733},"end":{"line":24,"column":19737}}],"line":24},"666":{"loc":{"start":{"line":24,"column":19741},"end":{"line":24,"column":19837}},"type":"binary-expr","locations":[{"start":{"line":24,"column":19742},"end":{"line":24,"column":19745}},{"start":{"line":24,"column":19747},"end":{"line":24,"column":19753}},{"start":{"line":24,"column":19755},"end":{"line":24,"column":19758}},{"start":{"line":24,"column":19760},"end":{"line":24,"column":19768}},{"start":{"line":24,"column":19771},"end":{"line":24,"column":19800}},{"start":{"line":24,"column":19803},"end":{"line":24,"column":19809}},{"start":{"line":24,"column":19811},"end":{"line":24,"column":19815}},{"start":{"line":24,"column":19818},"end":{"line":24,"column":19837}}],"line":24},"667":{"loc":{"start":{"line":24,"column":19838},"end":{"line":24,"column":19999}},"type":"cond-expr","locations":[{"start":{"line":24,"column":19843},"end":{"line":24,"column":19927}},{"start":{"line":24,"column":19929},"end":{"line":24,"column":19999}}],"line":24},"668":{"loc":{"start":{"line":24,"column":19843},"end":{"line":24,"column":19889}},"type":"cond-expr","locations":[{"start":{"line":24,"column":19848},"end":{"line":24,"column":19857}},{"start":{"line":24,"column":19858},"end":{"line":24,"column":19889}}],"line":24},"669":{"loc":{"start":{"line":24,"column":19858},"end":{"line":24,"column":19889}},"type":"cond-expr","locations":[{"start":{"line":24,"column":19863},"end":{"line":24,"column":19872}},{"start":{"line":24,"column":19873},"end":{"line":24,"column":19889}}],"line":24},"670":{"loc":{"start":{"line":24,"column":19873},"end":{"line":24,"column":19889}},"type":"binary-expr","locations":[{"start":{"line":24,"column":19873},"end":{"line":24,"column":19877}},{"start":{"line":24,"column":19880},"end":{"line":24,"column":19888}}],"line":24},"671":{"loc":{"start":{"line":24,"column":19892},"end":{"line":24,"column":19927}},"type":"binary-expr","locations":[{"start":{"line":24,"column":19893},"end":{"line":24,"column":19894}},{"start":{"line":24,"column":19896},"end":{"line":24,"column":19899}},{"start":{"line":24,"column":19902},"end":{"line":24,"column":19909}},{"start":{"line":24,"column":19911},"end":{"line":24,"column":19913}},{"start":{"line":24,"column":19915},"end":{"line":24,"column":19918}},{"start":{"line":24,"column":19920},"end":{"line":24,"column":19927}}],"line":24},"672":{"loc":{"start":{"line":24,"column":19931},"end":{"line":24,"column":19999}},"type":"binary-expr","locations":[{"start":{"line":24,"column":19933},"end":{"line":24,"column":19934}},{"start":{"line":24,"column":19936},"end":{"line":24,"column":19939}},{"start":{"line":24,"column":19942},"end":{"line":24,"column":19948}},{"start":{"line":24,"column":19950},"end":{"line":24,"column":19952}},{"start":{"line":24,"column":19954},"end":{"line":24,"column":19957}},{"start":{"line":24,"column":19959},"end":{"line":24,"column":19967}},{"start":{"line":24,"column":19970},"end":{"line":24,"column":19999}}],"line":24},"673":{"loc":{"start":{"line":24,"column":20143},"end":{"line":24,"column":20207}},"type":"binary-expr","locations":[{"start":{"line":24,"column":20143},"end":{"line":24,"column":20151}},{"start":{"line":24,"column":20154},"end":{"line":24,"column":20206}}],"line":24},"674":{"loc":{"start":{"line":24,"column":20154},"end":{"line":24,"column":20181}},"type":"binary-expr","locations":[{"start":{"line":24,"column":20154},"end":{"line":24,"column":20169}},{"start":{"line":24,"column":20172},"end":{"line":24,"column":20180}}],"line":24},"675":{"loc":{"start":{"line":24,"column":20254},"end":{"line":24,"column":20277}},"type":"if","locations":[{"start":{"line":24,"column":20254},"end":{"line":24,"column":20277}},{"start":{},"end":{}}],"line":24},"676":{"loc":{"start":{"line":24,"column":20290},"end":{"line":24,"column":20378}},"type":"cond-expr","locations":[{"start":{"line":24,"column":20296},"end":{"line":24,"column":20337}},{"start":{"line":24,"column":20340},"end":{"line":24,"column":20377}}],"line":24},"677":{"loc":{"start":{"line":24,"column":20636},"end":{"line":24,"column":20651}},"type":"binary-expr","locations":[{"start":{"line":24,"column":20636},"end":{"line":24,"column":20637}},{"start":{"line":24,"column":20639},"end":{"line":24,"column":20651}}],"line":24},"678":{"loc":{"start":{"line":24,"column":20682},"end":{"line":24,"column":20762}},"type":"if","locations":[{"start":{"line":24,"column":20682},"end":{"line":24,"column":20762}},{"start":{"line":24,"column":20706},"end":{"line":24,"column":20762}}],"line":24},"679":{"loc":{"start":{"line":24,"column":20692},"end":{"line":24,"column":20700}},"type":"cond-expr","locations":[{"start":{"line":24,"column":20696},"end":{"line":24,"column":20697}},{"start":{"line":24,"column":20698},"end":{"line":24,"column":20700}}],"line":24},"680":{"loc":{"start":{"line":24,"column":20724},"end":{"line":24,"column":20762}},"type":"if","locations":[{"start":{"line":24,"column":20724},"end":{"line":24,"column":20762}},{"start":{},"end":{}}],"line":24},"681":{"loc":{"start":{"line":24,"column":20741},"end":{"line":24,"column":20755}},"type":"cond-expr","locations":[{"start":{"line":24,"column":20751},"end":{"line":24,"column":20752}},{"start":{"line":24,"column":20753},"end":{"line":24,"column":20755}}],"line":24},"682":{"loc":{"start":{"line":24,"column":20818},"end":{"line":24,"column":20831}},"type":"cond-expr","locations":[{"start":{"line":24,"column":20828},"end":{"line":24,"column":20829}},{"start":{"line":24,"column":20830},"end":{"line":24,"column":20831}}],"line":24},"683":{"loc":{"start":{"line":24,"column":20856},"end":{"line":24,"column":20873}},"type":"binary-expr","locations":[{"start":{"line":24,"column":20856},"end":{"line":24,"column":20861}},{"start":{"line":24,"column":20863},"end":{"line":24,"column":20873}}],"line":24},"684":{"loc":{"start":{"line":24,"column":20984},"end":{"line":24,"column":20997}},"type":"cond-expr","locations":[{"start":{"line":24,"column":20993},"end":{"line":24,"column":20994}},{"start":{"line":24,"column":20995},"end":{"line":24,"column":20997}}],"line":24},"685":{"loc":{"start":{"line":24,"column":21010},"end":{"line":24,"column":21111}},"type":"if","locations":[{"start":{"line":24,"column":21010},"end":{"line":24,"column":21111}},{"start":{},"end":{}}],"line":24},"686":{"loc":{"start":{"line":24,"column":21013},"end":{"line":24,"column":21033}},"type":"binary-expr","locations":[{"start":{"line":24,"column":21013},"end":{"line":24,"column":21015}},{"start":{"line":24,"column":21017},"end":{"line":24,"column":21022}},{"start":{"line":24,"column":21024},"end":{"line":24,"column":21026}},{"start":{"line":24,"column":21028},"end":{"line":24,"column":21033}}],"line":24},"687":{"loc":{"start":{"line":24,"column":21048},"end":{"line":24,"column":21109}},"type":"cond-expr","locations":[{"start":{"line":24,"column":21081},"end":{"line":24,"column":21084}},{"start":{"line":24,"column":21085},"end":{"line":24,"column":21109}}],"line":24},"688":{"loc":{"start":{"line":24,"column":21048},"end":{"line":24,"column":21080}},"type":"binary-expr","locations":[{"start":{"line":24,"column":21048},"end":{"line":24,"column":21052}},{"start":{"line":24,"column":21054},"end":{"line":24,"column":21058}},{"start":{"line":24,"column":21061},"end":{"line":24,"column":21079}}],"line":24},"689":{"loc":{"start":{"line":24,"column":21061},"end":{"line":24,"column":21079}},"type":"cond-expr","locations":[{"start":{"line":24,"column":21063},"end":{"line":24,"column":21076}},{"start":{"line":24,"column":21077},"end":{"line":24,"column":21079}}],"line":24},"690":{"loc":{"start":{"line":24,"column":21063},"end":{"line":24,"column":21076}},"type":"binary-expr","locations":[{"start":{"line":24,"column":21063},"end":{"line":24,"column":21064}},{"start":{"line":24,"column":21066},"end":{"line":24,"column":21076}}],"line":24},"691":{"loc":{"start":{"line":24,"column":21085},"end":{"line":24,"column":21109}},"type":"cond-expr","locations":[{"start":{"line":24,"column":21100},"end":{"line":24,"column":21104}},{"start":{"line":24,"column":21105},"end":{"line":24,"column":21109}}],"line":24},"692":{"loc":{"start":{"line":24,"column":21085},"end":{"line":24,"column":21099}},"type":"binary-expr","locations":[{"start":{"line":24,"column":21085},"end":{"line":24,"column":21086}},{"start":{"line":24,"column":21088},"end":{"line":24,"column":21095}},{"start":{"line":24,"column":21097},"end":{"line":24,"column":21099}}],"line":24},"693":{"loc":{"start":{"line":24,"column":21115},"end":{"line":24,"column":21163}},"type":"cond-expr","locations":[{"start":{"line":24,"column":21118},"end":{"line":24,"column":21131}},{"start":{"line":24,"column":21134},"end":{"line":24,"column":21162}}],"line":24},"694":{"loc":{"start":{"line":24,"column":21220},"end":{"line":24,"column":21227}},"type":"binary-expr","locations":[{"start":{"line":24,"column":21220},"end":{"line":24,"column":21224}},{"start":{"line":24,"column":21226},"end":{"line":24,"column":21227}}],"line":24},"695":{"loc":{"start":{"line":24,"column":21234},"end":{"line":24,"column":22074}},"type":"if","locations":[{"start":{"line":24,"column":21234},"end":{"line":24,"column":22074}},{"start":{"line":24,"column":21347},"end":{"line":24,"column":22074}}],"line":24},"696":{"loc":{"start":{"line":24,"column":21237},"end":{"line":24,"column":21256}},"type":"binary-expr","locations":[{"start":{"line":24,"column":21237},"end":{"line":24,"column":21251}},{"start":{"line":24,"column":21253},"end":{"line":24,"column":21256}}],"line":24},"697":{"loc":{"start":{"line":24,"column":21243},"end":{"line":24,"column":21250}},"type":"binary-expr","locations":[{"start":{"line":24,"column":21243},"end":{"line":24,"column":21247}},{"start":{"line":24,"column":21249},"end":{"line":24,"column":21250}}],"line":24},"698":{"loc":{"start":{"line":24,"column":21257},"end":{"line":24,"column":21322}},"type":"cond-expr","locations":[{"start":{"line":24,"column":21266},"end":{"line":24,"column":21297}},{"start":{"line":24,"column":21299},"end":{"line":24,"column":21322}}],"line":24},"699":{"loc":{"start":{"line":24,"column":21299},"end":{"line":24,"column":21322}},"type":"cond-expr","locations":[{"start":{"line":24,"column":21301},"end":{"line":24,"column":21317}},{"start":{"line":24,"column":21318},"end":{"line":24,"column":21322}}],"line":24},"700":{"loc":{"start":{"line":24,"column":21348},"end":{"line":24,"column":22058}},"type":"if","locations":[{"start":{"line":24,"column":21348},"end":{"line":24,"column":22058}},{"start":{"line":24,"column":21465},"end":{"line":24,"column":22058}}],"line":24},"701":{"loc":{"start":{"line":24,"column":21393},"end":{"line":24,"column":21408}},"type":"binary-expr","locations":[{"start":{"line":24,"column":21394},"end":{"line":24,"column":21398}},{"start":{"line":24,"column":21400},"end":{"line":24,"column":21401}},{"start":{"line":24,"column":21404},"end":{"line":24,"column":21408}}],"line":24},"702":{"loc":{"start":{"line":24,"column":21421},"end":{"line":24,"column":21428}},"type":"binary-expr","locations":[{"start":{"line":24,"column":21421},"end":{"line":24,"column":21425}},{"start":{"line":24,"column":21427},"end":{"line":24,"column":21428}}],"line":24},"703":{"loc":{"start":{"line":24,"column":21453},"end":{"line":24,"column":21460}},"type":"binary-expr","locations":[{"start":{"line":24,"column":21453},"end":{"line":24,"column":21454}},{"start":{"line":24,"column":21456},"end":{"line":24,"column":21460}}],"line":24},"704":{"loc":{"start":{"line":24,"column":21485},"end":{"line":24,"column":21536}},"type":"binary-expr","locations":[{"start":{"line":24,"column":21485},"end":{"line":24,"column":21488}},{"start":{"line":24,"column":21491},"end":{"line":24,"column":21535}}],"line":24},"705":{"loc":{"start":{"line":24,"column":21616},"end":{"line":24,"column":21631}},"type":"binary-expr","locations":[{"start":{"line":24,"column":21616},"end":{"line":24,"column":21625}},{"start":{"line":24,"column":21627},"end":{"line":24,"column":21631}}],"line":24},"706":{"loc":{"start":{"line":24,"column":21652},"end":{"line":24,"column":21957}},"type":"cond-expr","locations":[{"start":{"line":24,"column":21657},"end":{"line":24,"column":21937}},{"start":{"line":24,"column":21939},"end":{"line":24,"column":21957}}],"line":24},"707":{"loc":{"start":{"line":24,"column":21665},"end":{"line":24,"column":21690}},"type":"binary-expr","locations":[{"start":{"line":24,"column":21665},"end":{"line":24,"column":21669}},{"start":{"line":24,"column":21672},"end":{"line":24,"column":21689}}],"line":24},"708":{"loc":{"start":{"line":24,"column":21681},"end":{"line":24,"column":21688}},"type":"binary-expr","locations":[{"start":{"line":24,"column":21681},"end":{"line":24,"column":21685}},{"start":{"line":24,"column":21687},"end":{"line":24,"column":21688}}],"line":24},"709":{"loc":{"start":{"line":24,"column":21701},"end":{"line":24,"column":21824}},"type":"cond-expr","locations":[{"start":{"line":24,"column":21706},"end":{"line":24,"column":21795}},{"start":{"line":24,"column":21798},"end":{"line":24,"column":21823}}],"line":24},"710":{"loc":{"start":{"line":24,"column":21706},"end":{"line":24,"column":21719}},"type":"binary-expr","locations":[{"start":{"line":24,"column":21706},"end":{"line":24,"column":21710}},{"start":{"line":24,"column":21713},"end":{"line":24,"column":21718}}],"line":24},"711":{"loc":{"start":{"line":24,"column":21766},"end":{"line":24,"column":21795}},"type":"binary-expr","locations":[{"start":{"line":24,"column":21766},"end":{"line":24,"column":21770}},{"start":{"line":24,"column":21773},"end":{"line":24,"column":21794}}],"line":24},"712":{"loc":{"start":{"line":24,"column":21781},"end":{"line":24,"column":21789}},"type":"cond-expr","locations":[{"start":{"line":24,"column":21785},"end":{"line":24,"column":21787}},{"start":{"line":24,"column":21788},"end":{"line":24,"column":21789}}],"line":24},"713":{"loc":{"start":{"line":24,"column":21798},"end":{"line":24,"column":21811}},"type":"binary-expr","locations":[{"start":{"line":24,"column":21798},"end":{"line":24,"column":21802}},{"start":{"line":24,"column":21805},"end":{"line":24,"column":21810}}],"line":24},"714":{"loc":{"start":{"line":24,"column":21836},"end":{"line":24,"column":21853}},"type":"binary-expr","locations":[{"start":{"line":24,"column":21836},"end":{"line":24,"column":21839}},{"start":{"line":24,"column":21841},"end":{"line":24,"column":21853}}],"line":24},"715":{"loc":{"start":{"line":24,"column":21865},"end":{"line":24,"column":21926}},"type":"binary-expr","locations":[{"start":{"line":24,"column":21865},"end":{"line":24,"column":21870}},{"start":{"line":24,"column":21873},"end":{"line":24,"column":21925}}],"line":24},"716":{"loc":{"start":{"line":24,"column":21897},"end":{"line":24,"column":21925}},"type":"binary-expr","locations":[{"start":{"line":24,"column":21897},"end":{"line":24,"column":21900}},{"start":{"line":24,"column":21903},"end":{"line":24,"column":21924}}],"line":24},"717":{"loc":{"start":{"line":24,"column":21911},"end":{"line":24,"column":21919}},"type":"cond-expr","locations":[{"start":{"line":24,"column":21915},"end":{"line":24,"column":21917}},{"start":{"line":24,"column":21918},"end":{"line":24,"column":21919}}],"line":24},"718":{"loc":{"start":{"line":24,"column":21939},"end":{"line":24,"column":21957}},"type":"binary-expr","locations":[{"start":{"line":24,"column":21939},"end":{"line":24,"column":21944}},{"start":{"line":24,"column":21947},"end":{"line":24,"column":21956}}],"line":24},"719":{"loc":{"start":{"line":24,"column":21967},"end":{"line":24,"column":22004}},"type":"cond-expr","locations":[{"start":{"line":24,"column":21975},"end":{"line":24,"column":21989}},{"start":{"line":24,"column":21991},"end":{"line":24,"column":22003}}],"line":24},"720":{"loc":{"start":{"line":24,"column":21967},"end":{"line":24,"column":21974}},"type":"binary-expr","locations":[{"start":{"line":24,"column":21967},"end":{"line":24,"column":21968}},{"start":{"line":24,"column":21970},"end":{"line":24,"column":21974}}],"line":24},"721":{"loc":{"start":{"line":24,"column":21982},"end":{"line":24,"column":21989}},"type":"binary-expr","locations":[{"start":{"line":24,"column":21982},"end":{"line":24,"column":21986}},{"start":{"line":24,"column":21988},"end":{"line":24,"column":21989}}],"line":24},"722":{"loc":{"start":{"line":24,"column":22011},"end":{"line":24,"column":22040}},"type":"binary-expr","locations":[{"start":{"line":24,"column":22012},"end":{"line":24,"column":22018}},{"start":{"line":24,"column":22020},"end":{"line":24,"column":22033}},{"start":{"line":24,"column":22036},"end":{"line":24,"column":22040}}],"line":24},"723":{"loc":{"start":{"line":24,"column":22058},"end":{"line":24,"column":22073}},"type":"binary-expr","locations":[{"start":{"line":24,"column":22058},"end":{"line":24,"column":22062}},{"start":{"line":24,"column":22064},"end":{"line":24,"column":22073}}],"line":24},"724":{"loc":{"start":{"line":24,"column":22074},"end":{"line":24,"column":22162}},"type":"if","locations":[{"start":{"line":24,"column":22074},"end":{"line":24,"column":22162}},{"start":{"line":24,"column":22097},"end":{"line":24,"column":22162}}],"line":24},"725":{"loc":{"start":{"line":24,"column":22145},"end":{"line":24,"column":22156}},"type":"cond-expr","locations":[{"start":{"line":24,"column":22147},"end":{"line":24,"column":22154}},{"start":{"line":24,"column":22155},"end":{"line":24,"column":22156}}],"line":24},"726":{"loc":{"start":{"line":24,"column":22235},"end":{"line":24,"column":23088}},"type":"if","locations":[{"start":{"line":24,"column":22235},"end":{"line":24,"column":23088}},{"start":{},"end":{}}],"line":24},"727":{"loc":{"start":{"line":24,"column":22247},"end":{"line":24,"column":22268}},"type":"if","locations":[{"start":{"line":24,"column":22247},"end":{"line":24,"column":22268}},{"start":{},"end":{}}],"line":24},"728":{"loc":{"start":{"line":24,"column":22299},"end":{"line":24,"column":22539}},"type":"if","locations":[{"start":{"line":24,"column":22299},"end":{"line":24,"column":22539}},{"start":{"line":24,"column":22356},"end":{"line":24,"column":22539}}],"line":24},"729":{"loc":{"start":{"line":24,"column":22356},"end":{"line":24,"column":22539}},"type":"if","locations":[{"start":{"line":24,"column":22356},"end":{"line":24,"column":22539}},{"start":{"line":24,"column":22465},"end":{"line":24,"column":22539}}],"line":24},"730":{"loc":{"start":{"line":24,"column":22396},"end":{"line":24,"column":22461}},"type":"if","locations":[{"start":{"line":24,"column":22396},"end":{"line":24,"column":22461}},{"start":{"line":24,"column":22453},"end":{"line":24,"column":22461}}],"line":24},"731":{"loc":{"start":{"line":24,"column":22514},"end":{"line":24,"column":22538}},"type":"cond-expr","locations":[{"start":{"line":24,"column":22518},"end":{"line":24,"column":22519}},{"start":{"line":24,"column":22520},"end":{"line":24,"column":22538}}],"line":24},"732":{"loc":{"start":{"line":24,"column":22539},"end":{"line":24,"column":22794}},"type":"if","locations":[{"start":{"line":24,"column":22539},"end":{"line":24,"column":22794}},{"start":{},"end":{}}],"line":24},"733":{"loc":{"start":{"line":24,"column":22544},"end":{"line":24,"column":22590}},"type":"binary-expr","locations":[{"start":{"line":24,"column":22544},"end":{"line":24,"column":22545}},{"start":{"line":24,"column":22547},"end":{"line":24,"column":22550}},{"start":{"line":24,"column":22552},"end":{"line":24,"column":22567}},{"start":{"line":24,"column":22570},"end":{"line":24,"column":22589}}],"line":24},"734":{"loc":{"start":{"line":24,"column":22570},"end":{"line":24,"column":22589}},"type":"cond-expr","locations":[{"start":{"line":24,"column":22574},"end":{"line":24,"column":22575}},{"start":{"line":24,"column":22576},"end":{"line":24,"column":22589}}],"line":24},"735":{"loc":{"start":{"line":24,"column":22593},"end":{"line":24,"column":22707}},"type":"cond-expr","locations":[{"start":{"line":24,"column":22597},"end":{"line":24,"column":22627}},{"start":{"line":24,"column":22628},"end":{"line":24,"column":22707}}],"line":24},"736":{"loc":{"start":{"line":24,"column":22597},"end":{"line":24,"column":22627}},"type":"binary-expr","locations":[{"start":{"line":24,"column":22598},"end":{"line":24,"column":22599}},{"start":{"line":24,"column":22601},"end":{"line":24,"column":22602}},{"start":{"line":24,"column":22606},"end":{"line":24,"column":22610}},{"start":{"line":24,"column":22612},"end":{"line":24,"column":22626}}],"line":24},"737":{"loc":{"start":{"line":24,"column":22616},"end":{"line":24,"column":22625}},"type":"cond-expr","locations":[{"start":{"line":24,"column":22622},"end":{"line":24,"column":22623}},{"start":{"line":24,"column":22624},"end":{"line":24,"column":22625}}],"line":24},"738":{"loc":{"start":{"line":24,"column":22628},"end":{"line":24,"column":22707}},"type":"binary-expr","locations":[{"start":{"line":24,"column":22628},"end":{"line":24,"column":22631}},{"start":{"line":24,"column":22633},"end":{"line":24,"column":22637}},{"start":{"line":24,"column":22640},"end":{"line":24,"column":22644}},{"start":{"line":24,"column":22646},"end":{"line":24,"column":22647}},{"start":{"line":24,"column":22649},"end":{"line":24,"column":22653}},{"start":{"line":24,"column":22655},"end":{"line":24,"column":22690}},{"start":{"line":24,"column":22692},"end":{"line":24,"column":22706}}],"line":24},"739":{"loc":{"start":{"line":24,"column":22656},"end":{"line":24,"column":22684}},"type":"cond-expr","locations":[{"start":{"line":24,"column":22660},"end":{"line":24,"column":22677}},{"start":{"line":24,"column":22678},"end":{"line":24,"column":22684}}],"line":24},"740":{"loc":{"start":{"line":24,"column":22660},"end":{"line":24,"column":22677}},"type":"cond-expr","locations":[{"start":{"line":24,"column":22664},"end":{"line":24,"column":22675}},{"start":{"line":24,"column":22676},"end":{"line":24,"column":22677}}],"line":24},"741":{"loc":{"start":{"line":24,"column":22696},"end":{"line":24,"column":22705}},"type":"cond-expr","locations":[{"start":{"line":24,"column":22702},"end":{"line":24,"column":22703}},{"start":{"line":24,"column":22704},"end":{"line":24,"column":22705}}],"line":24},"742":{"loc":{"start":{"line":24,"column":22708},"end":{"line":24,"column":22718}},"type":"binary-expr","locations":[{"start":{"line":24,"column":22708},"end":{"line":24,"column":22711}},{"start":{"line":24,"column":22713},"end":{"line":24,"column":22718}}],"line":24},"743":{"loc":{"start":{"line":24,"column":22737},"end":{"line":24,"column":22791}},"type":"cond-expr","locations":[{"start":{"line":24,"column":22740},"end":{"line":24,"column":22779}},{"start":{"line":24,"column":22781},"end":{"line":24,"column":22791}}],"line":24},"744":{"loc":{"start":{"line":24,"column":22774},"end":{"line":24,"column":22779}},"type":"binary-expr","locations":[{"start":{"line":24,"column":22774},"end":{"line":24,"column":22776}},{"start":{"line":24,"column":22778},"end":{"line":24,"column":22779}}],"line":24},"745":{"loc":{"start":{"line":24,"column":22794},"end":{"line":24,"column":23053}},"type":"if","locations":[{"start":{"line":24,"column":22794},"end":{"line":24,"column":23053}},{"start":{},"end":{}}],"line":24},"746":{"loc":{"start":{"line":24,"column":22797},"end":{"line":24,"column":22886}},"type":"cond-expr","locations":[{"start":{"line":24,"column":22803},"end":{"line":24,"column":22821}},{"start":{"line":24,"column":22824},"end":{"line":24,"column":22885}}],"line":24},"747":{"loc":{"start":{"line":24,"column":22854},"end":{"line":24,"column":22885}},"type":"cond-expr","locations":[{"start":{"line":24,"column":22858},"end":{"line":24,"column":22883}},{"start":{"line":24,"column":22884},"end":{"line":24,"column":22885}}],"line":24},"748":{"loc":{"start":{"line":24,"column":22896},"end":{"line":24,"column":23053}},"type":"if","locations":[{"start":{"line":24,"column":22896},"end":{"line":24,"column":23053}},{"start":{"line":24,"column":23013},"end":{"line":24,"column":23053}}],"line":24},"749":{"loc":{"start":{"line":24,"column":22970},"end":{"line":24,"column":23002}},"type":"binary-expr","locations":[{"start":{"line":24,"column":22970},"end":{"line":24,"column":22974}},{"start":{"line":24,"column":22977},"end":{"line":24,"column":23001}}],"line":24},"750":{"loc":{"start":{"line":24,"column":22983},"end":{"line":24,"column":23001}},"type":"binary-expr","locations":[{"start":{"line":24,"column":22983},"end":{"line":24,"column":22991}},{"start":{"line":24,"column":22994},"end":{"line":24,"column":23000}}],"line":24},"751":{"loc":{"start":{"line":24,"column":23014},"end":{"line":24,"column":23040}},"type":"if","locations":[{"start":{"line":24,"column":23014},"end":{"line":24,"column":23040}},{"start":{},"end":{}}],"line":24},"752":{"loc":{"start":{"line":24,"column":23095},"end":{"line":24,"column":23157}},"type":"binary-expr","locations":[{"start":{"line":24,"column":23095},"end":{"line":24,"column":23096}},{"start":{"line":24,"column":23099},"end":{"line":24,"column":23156}}],"line":24},"753":{"loc":{"start":{"line":24,"column":23099},"end":{"line":24,"column":23156}},"type":"cond-expr","locations":[{"start":{"line":24,"column":23111},"end":{"line":24,"column":23127}},{"start":{"line":24,"column":23129},"end":{"line":24,"column":23156}}],"line":24},"754":{"loc":{"start":{"line":24,"column":23129},"end":{"line":24,"column":23156}},"type":"binary-expr","locations":[{"start":{"line":24,"column":23129},"end":{"line":24,"column":23139}},{"start":{"line":24,"column":23142},"end":{"line":24,"column":23155}}],"line":24},"755":{"loc":{"start":{"line":24,"column":23179},"end":{"line":24,"column":23209}},"type":"if","locations":[{"start":{"line":24,"column":23179},"end":{"line":24,"column":23209}},{"start":{},"end":{}}],"line":24},"756":{"loc":{"start":{"line":24,"column":23248},"end":{"line":24,"column":23549}},"type":"cond-expr","locations":[{"start":{"line":24,"column":23251},"end":{"line":24,"column":23359}},{"start":{"line":24,"column":23361},"end":{"line":24,"column":23549}}],"line":24},"757":{"loc":{"start":{"line":24,"column":23251},"end":{"line":24,"column":23334}},"type":"cond-expr","locations":[{"start":{"line":24,"column":23264},"end":{"line":24,"column":23298}},{"start":{"line":24,"column":23299},"end":{"line":24,"column":23334}}],"line":24},"758":{"loc":{"start":{"line":24,"column":23251},"end":{"line":24,"column":23263}},"type":"binary-expr","locations":[{"start":{"line":24,"column":23251},"end":{"line":24,"column":23252}},{"start":{"line":24,"column":23254},"end":{"line":24,"column":23263}}],"line":24},"759":{"loc":{"start":{"line":24,"column":23299},"end":{"line":24,"column":23334}},"type":"binary-expr","locations":[{"start":{"line":24,"column":23299},"end":{"line":24,"column":23302}},{"start":{"line":24,"column":23305},"end":{"line":24,"column":23333}}],"line":24},"760":{"loc":{"start":{"line":24,"column":23340},"end":{"line":24,"column":23354}},"type":"cond-expr","locations":[{"start":{"line":24,"column":23346},"end":{"line":24,"column":23349}},{"start":{"line":24,"column":23350},"end":{"line":24,"column":23354}}],"line":24},"761":{"loc":{"start":{"line":24,"column":23361},"end":{"line":24,"column":23549}},"type":"cond-expr","locations":[{"start":{"line":24,"column":23366},"end":{"line":24,"column":23408}},{"start":{"line":24,"column":23410},"end":{"line":24,"column":23549}}],"line":24},"762":{"loc":{"start":{"line":24,"column":23384},"end":{"line":24,"column":23408}},"type":"binary-expr","locations":[{"start":{"line":24,"column":23384},"end":{"line":24,"column":23385}},{"start":{"line":24,"column":23387},"end":{"line":24,"column":23396}},{"start":{"line":24,"column":23399},"end":{"line":24,"column":23407}}],"line":24},"763":{"loc":{"start":{"line":24,"column":23410},"end":{"line":24,"column":23549}},"type":"cond-expr","locations":[{"start":{"line":24,"column":23416},"end":{"line":24,"column":23460}},{"start":{"line":24,"column":23463},"end":{"line":24,"column":23548}}],"line":24},"764":{"loc":{"start":{"line":24,"column":23429},"end":{"line":24,"column":23460}},"type":"binary-expr","locations":[{"start":{"line":24,"column":23429},"end":{"line":24,"column":23430}},{"start":{"line":24,"column":23432},"end":{"line":24,"column":23443}},{"start":{"line":24,"column":23446},"end":{"line":24,"column":23459}}],"line":24},"765":{"loc":{"start":{"line":24,"column":23463},"end":{"line":24,"column":23505}},"type":"binary-expr","locations":[{"start":{"line":24,"column":23463},"end":{"line":24,"column":23472}},{"start":{"line":24,"column":23475},"end":{"line":24,"column":23504}}],"line":24},"766":{"loc":{"start":{"line":24,"column":23506},"end":{"line":24,"column":23548}},"type":"binary-expr","locations":[{"start":{"line":24,"column":23506},"end":{"line":24,"column":23507}},{"start":{"line":24,"column":23509},"end":{"line":24,"column":23518}},{"start":{"line":24,"column":23521},"end":{"line":24,"column":23547}}],"line":24},"767":{"loc":{"start":{"line":24,"column":23521},"end":{"line":24,"column":23538}},"type":"binary-expr","locations":[{"start":{"line":24,"column":23521},"end":{"line":24,"column":23528}},{"start":{"line":24,"column":23531},"end":{"line":24,"column":23537}}],"line":24},"768":{"loc":{"start":{"line":24,"column":23633},"end":{"line":24,"column":23681}},"type":"if","locations":[{"start":{"line":24,"column":23633},"end":{"line":24,"column":23681}},{"start":{},"end":{}}],"line":24},"769":{"loc":{"start":{"line":24,"column":23652},"end":{"line":24,"column":23670}},"type":"binary-expr","locations":[{"start":{"line":24,"column":23652},"end":{"line":24,"column":23653}},{"start":{"line":24,"column":23656},"end":{"line":24,"column":23669}}],"line":24},"770":{"loc":{"start":{"line":24,"column":23727},"end":{"line":24,"column":23751}},"type":"if","locations":[{"start":{"line":24,"column":23727},"end":{"line":24,"column":23751}},{"start":{},"end":{}}],"line":24},"771":{"loc":{"start":{"line":24,"column":23818},"end":{"line":24,"column":23881}},"type":"if","locations":[{"start":{"line":24,"column":23818},"end":{"line":24,"column":23881}},{"start":{},"end":{}}],"line":24},"772":{"loc":{"start":{"line":24,"column":24008},"end":{"line":24,"column":24110}},"type":"if","locations":[{"start":{"line":24,"column":24008},"end":{"line":24,"column":24110}},{"start":{},"end":{}}],"line":24},"773":{"loc":{"start":{"line":24,"column":24011},"end":{"line":24,"column":24048}},"type":"binary-expr","locations":[{"start":{"line":24,"column":24011},"end":{"line":24,"column":24014}},{"start":{"line":24,"column":24017},"end":{"line":24,"column":24047}}],"line":24},"774":{"loc":{"start":{"line":24,"column":24030},"end":{"line":24,"column":24047}},"type":"binary-expr","locations":[{"start":{"line":24,"column":24030},"end":{"line":24,"column":24039}},{"start":{"line":24,"column":24042},"end":{"line":24,"column":24046}}],"line":24},"775":{"loc":{"start":{"line":24,"column":24080},"end":{"line":24,"column":24103}},"type":"binary-expr","locations":[{"start":{"line":24,"column":24080},"end":{"line":24,"column":24081}},{"start":{"line":24,"column":24083},"end":{"line":24,"column":24093}},{"start":{"line":24,"column":24095},"end":{"line":24,"column":24103}}],"line":24},"776":{"loc":{"start":{"line":24,"column":24253},"end":{"line":24,"column":24286}},"type":"if","locations":[{"start":{"line":24,"column":24253},"end":{"line":24,"column":24286}},{"start":{},"end":{}}],"line":24},"777":{"loc":{"start":{"line":24,"column":24297},"end":{"line":24,"column":24327}},"type":"binary-expr","locations":[{"start":{"line":24,"column":24298},"end":{"line":24,"column":24303}},{"start":{"line":24,"column":24305},"end":{"line":24,"column":24310}},{"start":{"line":24,"column":24312},"end":{"line":24,"column":24319}},{"start":{"line":24,"column":24323},"end":{"line":24,"column":24326}}],"line":24},"778":{"loc":{"start":{"line":24,"column":24427},"end":{"line":24,"column":24509}},"type":"if","locations":[{"start":{"line":24,"column":24427},"end":{"line":24,"column":24509}},{"start":{},"end":{}}],"line":24},"779":{"loc":{"start":{"line":24,"column":24430},"end":{"line":24,"column":24451}},"type":"binary-expr","locations":[{"start":{"line":24,"column":24430},"end":{"line":24,"column":24434}},{"start":{"line":24,"column":24436},"end":{"line":24,"column":24443}},{"start":{"line":24,"column":24445},"end":{"line":24,"column":24451}}],"line":24},"780":{"loc":{"start":{"line":24,"column":24465},"end":{"line":24,"column":24507}},"type":"cond-expr","locations":[{"start":{"line":24,"column":24469},"end":{"line":24,"column":24489}},{"start":{"line":24,"column":24490},"end":{"line":24,"column":24507}}],"line":24},"781":{"loc":{"start":{"line":24,"column":24469},"end":{"line":24,"column":24489}},"type":"cond-expr","locations":[{"start":{"line":24,"column":24476},"end":{"line":24,"column":24487}},{"start":{"line":24,"column":24488},"end":{"line":24,"column":24489}}],"line":24},"782":{"loc":{"start":{"line":24,"column":24476},"end":{"line":24,"column":24487}},"type":"cond-expr","locations":[{"start":{"line":24,"column":24482},"end":{"line":24,"column":24483}},{"start":{"line":24,"column":24484},"end":{"line":24,"column":24487}}],"line":24},"783":{"loc":{"start":{"line":24,"column":24490},"end":{"line":24,"column":24507}},"type":"cond-expr","locations":[{"start":{"line":24,"column":24494},"end":{"line":24,"column":24503}},{"start":{"line":24,"column":24504},"end":{"line":24,"column":24507}}],"line":24},"784":{"loc":{"start":{"line":24,"column":24494},"end":{"line":24,"column":24503}},"type":"cond-expr","locations":[{"start":{"line":24,"column":24500},"end":{"line":24,"column":24501}},{"start":{"line":24,"column":24502},"end":{"line":24,"column":24503}}],"line":24},"785":{"loc":{"start":{"line":24,"column":24513},"end":{"line":24,"column":24535}},"type":"cond-expr","locations":[{"start":{"line":24,"column":24522},"end":{"line":24,"column":24530}},{"start":{"line":24,"column":24532},"end":{"line":24,"column":24535}}],"line":24},"786":{"loc":{"start":{"line":24,"column":24654},"end":{"line":24,"column":24927}},"type":"if","locations":[{"start":{"line":24,"column":24654},"end":{"line":24,"column":24927}},{"start":{},"end":{}}],"line":24},"787":{"loc":{"start":{"line":24,"column":24785},"end":{"line":24,"column":24926}},"type":"if","locations":[{"start":{"line":24,"column":24785},"end":{"line":24,"column":24926}},{"start":{"line":24,"column":24904},"end":{"line":24,"column":24926}}],"line":24},"788":{"loc":{"start":{"line":24,"column":24796},"end":{"line":24,"column":24899}},"type":"if","locations":[{"start":{"line":24,"column":24796},"end":{"line":24,"column":24899}},{"start":{"line":24,"column":24866},"end":{"line":24,"column":24899}}],"line":24},"789":{"loc":{"start":{"line":24,"column":24799},"end":{"line":24,"column":24819}},"type":"binary-expr","locations":[{"start":{"line":24,"column":24799},"end":{"line":24,"column":24802}},{"start":{"line":24,"column":24804},"end":{"line":24,"column":24819}}],"line":24},"790":{"loc":{"start":{"line":24,"column":25037},"end":{"line":24,"column":25130}},"type":"if","locations":[{"start":{"line":24,"column":25037},"end":{"line":24,"column":25130}},{"start":{},"end":{}}],"line":24},"791":{"loc":{"start":{"line":24,"column":25040},"end":{"line":24,"column":25084}},"type":"binary-expr","locations":[{"start":{"line":24,"column":25040},"end":{"line":24,"column":25045}},{"start":{"line":24,"column":25047},"end":{"line":24,"column":25049}},{"start":{"line":24,"column":25051},"end":{"line":24,"column":25056}},{"start":{"line":24,"column":25058},"end":{"line":24,"column":25062}},{"start":{"line":24,"column":25064},"end":{"line":24,"column":25071}},{"start":{"line":24,"column":25073},"end":{"line":24,"column":25084}}],"line":24},"792":{"loc":{"start":{"line":24,"column":25098},"end":{"line":24,"column":25128}},"type":"cond-expr","locations":[{"start":{"line":24,"column":25107},"end":{"line":24,"column":25111}},{"start":{"line":24,"column":25112},"end":{"line":24,"column":25128}}],"line":24},"793":{"loc":{"start":{"line":24,"column":25098},"end":{"line":24,"column":25106}},"type":"binary-expr","locations":[{"start":{"line":24,"column":25098},"end":{"line":24,"column":25099}},{"start":{"line":24,"column":25101},"end":{"line":24,"column":25106}}],"line":24},"794":{"loc":{"start":{"line":24,"column":25112},"end":{"line":24,"column":25128}},"type":"cond-expr","locations":[{"start":{"line":24,"column":25119},"end":{"line":24,"column":25122}},{"start":{"line":24,"column":25123},"end":{"line":24,"column":25128}}],"line":24},"795":{"loc":{"start":{"line":24,"column":25123},"end":{"line":24,"column":25128}},"type":"cond-expr","locations":[{"start":{"line":24,"column":25125},"end":{"line":24,"column":25126}},{"start":{"line":24,"column":25127},"end":{"line":24,"column":25128}}],"line":24},"796":{"loc":{"start":{"line":24,"column":25130},"end":{"line":24,"column":25470}},"type":"if","locations":[{"start":{"line":24,"column":25130},"end":{"line":24,"column":25470}},{"start":{"line":24,"column":25357},"end":{"line":24,"column":25470}}],"line":24},"797":{"loc":{"start":{"line":24,"column":25133},"end":{"line":24,"column":25155}},"type":"cond-expr","locations":[{"start":{"line":24,"column":25142},"end":{"line":24,"column":25150}},{"start":{"line":24,"column":25152},"end":{"line":24,"column":25155}}],"line":24},"798":{"loc":{"start":{"line":24,"column":25222},"end":{"line":24,"column":25252}},"type":"binary-expr","locations":[{"start":{"line":24,"column":25222},"end":{"line":24,"column":25225}},{"start":{"line":24,"column":25227},"end":{"line":24,"column":25231}},{"start":{"line":24,"column":25233},"end":{"line":24,"column":25237}},{"start":{"line":24,"column":25239},"end":{"line":24,"column":25252}}],"line":24},"799":{"loc":{"start":{"line":24,"column":25300},"end":{"line":24,"column":25351}},"type":"cond-expr","locations":[{"start":{"line":24,"column":25305},"end":{"line":24,"column":25324}},{"start":{"line":24,"column":25326},"end":{"line":24,"column":25351}}],"line":24},"800":{"loc":{"start":{"line":24,"column":25446},"end":{"line":24,"column":25469}},"type":"cond-expr","locations":[{"start":{"line":24,"column":25454},"end":{"line":24,"column":25467}},{"start":{"line":24,"column":25468},"end":{"line":24,"column":25469}}],"line":24},"801":{"loc":{"start":{"line":24,"column":25539},"end":{"line":24,"column":25877}},"type":"if","locations":[{"start":{"line":24,"column":25539},"end":{"line":24,"column":25877}},{"start":{},"end":{}}],"line":24},"802":{"loc":{"start":{"line":24,"column":25628},"end":{"line":24,"column":25877}},"type":"if","locations":[{"start":{"line":24,"column":25628},"end":{"line":24,"column":25877}},{"start":{"line":24,"column":25854},"end":{"line":24,"column":25877}}],"line":24},"803":{"loc":{"start":{"line":24,"column":25644},"end":{"line":24,"column":25686}},"type":"binary-expr","locations":[{"start":{"line":24,"column":25644},"end":{"line":24,"column":25649}},{"start":{"line":24,"column":25652},"end":{"line":24,"column":25685}}],"line":24},"804":{"loc":{"start":{"line":24,"column":25715},"end":{"line":24,"column":25849}},"type":"if","locations":[{"start":{"line":24,"column":25715},"end":{"line":24,"column":25849}},{"start":{"line":24,"column":25816},"end":{"line":24,"column":25849}}],"line":24},"805":{"loc":{"start":{"line":24,"column":25958},"end":{"line":24,"column":26002}},"type":"binary-expr","locations":[{"start":{"line":24,"column":25958},"end":{"line":24,"column":25979}},{"start":{"line":24,"column":25982},"end":{"line":24,"column":26001}}],"line":24},"806":{"loc":{"start":{"line":24,"column":26003},"end":{"line":24,"column":26090}},"type":"cond-expr","locations":[{"start":{"line":24,"column":26025},"end":{"line":24,"column":26071}},{"start":{"line":24,"column":26073},"end":{"line":24,"column":26090}}],"line":24},"807":{"loc":{"start":{"line":24,"column":26025},"end":{"line":24,"column":26035}},"type":"binary-expr","locations":[{"start":{"line":24,"column":26025},"end":{"line":24,"column":26028}},{"start":{"line":24,"column":26031},"end":{"line":24,"column":26034}}],"line":24},"808":{"loc":{"start":{"line":24,"column":26073},"end":{"line":24,"column":26090}},"type":"binary-expr","locations":[{"start":{"line":24,"column":26073},"end":{"line":24,"column":26076}},{"start":{"line":24,"column":26079},"end":{"line":24,"column":26089}}],"line":24},"809":{"loc":{"start":{"line":24,"column":26164},"end":{"line":24,"column":26479}},"type":"if","locations":[{"start":{"line":24,"column":26164},"end":{"line":24,"column":26479}},{"start":{"line":24,"column":26465},"end":{"line":24,"column":26479}}],"line":24},"810":{"loc":{"start":{"line":24,"column":26185},"end":{"line":24,"column":26343}},"type":"if","locations":[{"start":{"line":24,"column":26185},"end":{"line":24,"column":26343}},{"start":{"line":24,"column":26338},"end":{"line":24,"column":26343}}],"line":24},"811":{"loc":{"start":{"line":24,"column":26222},"end":{"line":24,"column":26233}},"type":"binary-expr","locations":[{"start":{"line":24,"column":26222},"end":{"line":24,"column":26225}},{"start":{"line":24,"column":26228},"end":{"line":24,"column":26232}}],"line":24},"812":{"loc":{"start":{"line":24,"column":26243},"end":{"line":24,"column":26269}},"type":"binary-expr","locations":[{"start":{"line":24,"column":26243},"end":{"line":24,"column":26244}},{"start":{"line":24,"column":26246},"end":{"line":24,"column":26269}}],"line":24},"813":{"loc":{"start":{"line":24,"column":26373},"end":{"line":24,"column":26459}},"type":"binary-expr","locations":[{"start":{"line":24,"column":26373},"end":{"line":24,"column":26374}},{"start":{"line":24,"column":26377},"end":{"line":24,"column":26458}}],"line":24},"814":{"loc":{"start":{"line":24,"column":26377},"end":{"line":24,"column":26458}},"type":"cond-expr","locations":[{"start":{"line":24,"column":26401},"end":{"line":24,"column":26417}},{"start":{"line":24,"column":26419},"end":{"line":24,"column":26458}}],"line":24},"815":{"loc":{"start":{"line":24,"column":26419},"end":{"line":24,"column":26458}},"type":"binary-expr","locations":[{"start":{"line":24,"column":26419},"end":{"line":24,"column":26441}},{"start":{"line":24,"column":26444},"end":{"line":24,"column":26457}}],"line":24},"816":{"loc":{"start":{"line":24,"column":26527},"end":{"line":24,"column":26684}},"type":"if","locations":[{"start":{"line":24,"column":26527},"end":{"line":24,"column":26684}},{"start":{"line":24,"column":26616},"end":{"line":24,"column":26684}}],"line":24},"817":{"loc":{"start":{"line":24,"column":26549},"end":{"line":24,"column":26610}},"type":"if","locations":[{"start":{"line":24,"column":26549},"end":{"line":24,"column":26610}},{"start":{},"end":{}}],"line":24},"818":{"loc":{"start":{"line":24,"column":26616},"end":{"line":24,"column":26684}},"type":"if","locations":[{"start":{"line":24,"column":26616},"end":{"line":24,"column":26684}},{"start":{},"end":{}}],"line":24},"819":{"loc":{"start":{"line":24,"column":26619},"end":{"line":24,"column":26644}},"type":"binary-expr","locations":[{"start":{"line":24,"column":26619},"end":{"line":24,"column":26633}},{"start":{"line":24,"column":26635},"end":{"line":24,"column":26644}}],"line":24},"820":{"loc":{"start":{"line":24,"column":26651},"end":{"line":24,"column":26664}},"type":"binary-expr","locations":[{"start":{"line":24,"column":26651},"end":{"line":24,"column":26653}},{"start":{"line":24,"column":26656},"end":{"line":24,"column":26663}}],"line":24},"821":{"loc":{"start":{"line":24,"column":26684},"end":{"line":24,"column":26790}},"type":"if","locations":[{"start":{"line":24,"column":26684},"end":{"line":24,"column":26790}},{"start":{"line":24,"column":26726},"end":{"line":24,"column":26790}}],"line":24},"822":{"loc":{"start":{"line":24,"column":26726},"end":{"line":24,"column":26790}},"type":"if","locations":[{"start":{"line":24,"column":26726},"end":{"line":24,"column":26790}},{"start":{"line":24,"column":26749},"end":{"line":24,"column":26790}}],"line":24},"823":{"loc":{"start":{"line":24,"column":26749},"end":{"line":24,"column":26790}},"type":"if","locations":[{"start":{"line":24,"column":26749},"end":{"line":24,"column":26790}},{"start":{"line":24,"column":26772},"end":{"line":24,"column":26790}}],"line":24},"824":{"loc":{"start":{"line":24,"column":26811},"end":{"line":24,"column":26864}},"type":"cond-expr","locations":[{"start":{"line":24,"column":26816},"end":{"line":24,"column":26850}},{"start":{"line":24,"column":26852},"end":{"line":24,"column":26864}}],"line":24},"825":{"loc":{"start":{"line":24,"column":26905},"end":{"line":24,"column":26969}},"type":"binary-expr","locations":[{"start":{"line":24,"column":26905},"end":{"line":24,"column":26906}},{"start":{"line":24,"column":26909},"end":{"line":24,"column":26968}}],"line":24},"826":{"loc":{"start":{"line":24,"column":27028},"end":{"line":24,"column":27144}},"type":"cond-expr","locations":[{"start":{"line":24,"column":27032},"end":{"line":24,"column":27044}},{"start":{"line":24,"column":27046},"end":{"line":24,"column":27143}}],"line":24},"827":{"loc":{"start":{"line":24,"column":27069},"end":{"line":24,"column":27086}},"type":"binary-expr","locations":[{"start":{"line":24,"column":27069},"end":{"line":24,"column":27070}},{"start":{"line":24,"column":27073},"end":{"line":24,"column":27085}}],"line":24},"828":{"loc":{"start":{"line":24,"column":27087},"end":{"line":24,"column":27136}},"type":"binary-expr","locations":[{"start":{"line":24,"column":27087},"end":{"line":24,"column":27088}},{"start":{"line":24,"column":27091},"end":{"line":24,"column":27135}}],"line":24},"829":{"loc":{"start":{"line":24,"column":27101},"end":{"line":24,"column":27134}},"type":"cond-expr","locations":[{"start":{"line":24,"column":27116},"end":{"line":24,"column":27122}},{"start":{"line":24,"column":27123},"end":{"line":24,"column":27134}}],"line":24},"830":{"loc":{"start":{"line":24,"column":27181},"end":{"line":24,"column":27220}},"type":"if","locations":[{"start":{"line":24,"column":27181},"end":{"line":24,"column":27220}},{"start":{},"end":{}}],"line":24},"831":{"loc":{"start":{"line":24,"column":27195},"end":{"line":24,"column":27219}},"type":"cond-expr","locations":[{"start":{"line":24,"column":27206},"end":{"line":24,"column":27207}},{"start":{"line":24,"column":27208},"end":{"line":24,"column":27219}}],"line":24},"832":{"loc":{"start":{"line":24,"column":27241},"end":{"line":24,"column":27252}},"type":"cond-expr","locations":[{"start":{"line":24,"column":27246},"end":{"line":24,"column":27248}},{"start":{"line":24,"column":27249},"end":{"line":24,"column":27252}}],"line":24},"833":{"loc":{"start":{"line":24,"column":27514},"end":{"line":24,"column":27687}},"type":"if","locations":[{"start":{"line":24,"column":27514},"end":{"line":24,"column":27687}},{"start":{},"end":{}}],"line":24},"834":{"loc":{"start":{"line":24,"column":27554},"end":{"line":24,"column":27576}},"type":"cond-expr","locations":[{"start":{"line":24,"column":27556},"end":{"line":24,"column":27565}},{"start":{"line":24,"column":27566},"end":{"line":24,"column":27576}}],"line":24},"835":{"loc":{"start":{"line":24,"column":27649},"end":{"line":24,"column":27669}},"type":"binary-expr","locations":[{"start":{"line":24,"column":27649},"end":{"line":24,"column":27664}},{"start":{"line":24,"column":27666},"end":{"line":24,"column":27669}}],"line":24},"836":{"loc":{"start":{"line":24,"column":27672},"end":{"line":24,"column":27686}},"type":"if","locations":[{"start":{"line":24,"column":27672},"end":{"line":24,"column":27686}},{"start":{},"end":{}}],"line":24},"837":{"loc":{"start":{"line":24,"column":27851},"end":{"line":24,"column":27891}},"type":"if","locations":[{"start":{"line":24,"column":27851},"end":{"line":24,"column":27891}},{"start":{},"end":{}}],"line":24},"838":{"loc":{"start":{"line":24,"column":27883},"end":{"line":24,"column":27888}},"type":"cond-expr","locations":[{"start":{"line":24,"column":27885},"end":{"line":24,"column":27886}},{"start":{"line":24,"column":27887},"end":{"line":24,"column":27888}}],"line":24},"839":{"loc":{"start":{"line":24,"column":27891},"end":{"line":24,"column":28020}},"type":"if","locations":[{"start":{"line":24,"column":27891},"end":{"line":24,"column":28020}},{"start":{"line":24,"column":27934},"end":{"line":24,"column":28020}}],"line":24},"840":{"loc":{"start":{"line":24,"column":27924},"end":{"line":24,"column":27929}},"type":"cond-expr","locations":[{"start":{"line":24,"column":27926},"end":{"line":24,"column":27927}},{"start":{"line":24,"column":27928},"end":{"line":24,"column":27929}}],"line":24},"841":{"loc":{"start":{"line":24,"column":27935},"end":{"line":24,"column":27999}},"type":"if","locations":[{"start":{"line":24,"column":27935},"end":{"line":24,"column":27999}},{"start":{},"end":{}}],"line":24},"842":{"loc":{"start":{"line":24,"column":27979},"end":{"line":24,"column":27996}},"type":"cond-expr","locations":[{"start":{"line":24,"column":27985},"end":{"line":24,"column":27990}},{"start":{"line":24,"column":27991},"end":{"line":24,"column":27996}}],"line":24},"843":{"loc":{"start":{"line":24,"column":27985},"end":{"line":24,"column":27990}},"type":"cond-expr","locations":[{"start":{"line":24,"column":27987},"end":{"line":24,"column":27988}},{"start":{"line":24,"column":27989},"end":{"line":24,"column":27990}}],"line":24},"844":{"loc":{"start":{"line":24,"column":27991},"end":{"line":24,"column":27996}},"type":"cond-expr","locations":[{"start":{"line":24,"column":27993},"end":{"line":24,"column":27994}},{"start":{"line":24,"column":27995},"end":{"line":24,"column":27996}}],"line":24},"845":{"loc":{"start":{"line":24,"column":28002},"end":{"line":24,"column":28019}},"type":"cond-expr","locations":[{"start":{"line":24,"column":28008},"end":{"line":24,"column":28013}},{"start":{"line":24,"column":28014},"end":{"line":24,"column":28019}}],"line":24},"846":{"loc":{"start":{"line":24,"column":28008},"end":{"line":24,"column":28013}},"type":"cond-expr","locations":[{"start":{"line":24,"column":28010},"end":{"line":24,"column":28011}},{"start":{"line":24,"column":28012},"end":{"line":24,"column":28013}}],"line":24},"847":{"loc":{"start":{"line":24,"column":28014},"end":{"line":24,"column":28019}},"type":"cond-expr","locations":[{"start":{"line":24,"column":28016},"end":{"line":24,"column":28017}},{"start":{"line":24,"column":28018},"end":{"line":24,"column":28019}}],"line":24},"848":{"loc":{"start":{"line":24,"column":28116},"end":{"line":24,"column":29153}},"type":"if","locations":[{"start":{"line":24,"column":28116},"end":{"line":24,"column":29153}},{"start":{"line":24,"column":28223},"end":{"line":24,"column":29153}}],"line":24},"849":{"loc":{"start":{"line":24,"column":28119},"end":{"line":24,"column":28196}},"type":"cond-expr","locations":[{"start":{"line":24,"column":28122},"end":{"line":24,"column":28166}},{"start":{"line":24,"column":28169},"end":{"line":24,"column":28195}}],"line":24},"850":{"loc":{"start":{"line":24,"column":28133},"end":{"line":24,"column":28166}},"type":"cond-expr","locations":[{"start":{"line":24,"column":28144},"end":{"line":24,"column":28156}},{"start":{"line":24,"column":28157},"end":{"line":24,"column":28166}}],"line":24},"851":{"loc":{"start":{"line":24,"column":28253},"end":{"line":24,"column":28294}},"type":"cond-expr","locations":[{"start":{"line":24,"column":28256},"end":{"line":24,"column":28289}},{"start":{"line":24,"column":28291},"end":{"line":24,"column":28294}}],"line":24},"852":{"loc":{"start":{"line":24,"column":28260},"end":{"line":24,"column":28289}},"type":"cond-expr","locations":[{"start":{"line":24,"column":28266},"end":{"line":24,"column":28273}},{"start":{"line":24,"column":28274},"end":{"line":24,"column":28289}}],"line":24},"853":{"loc":{"start":{"line":24,"column":28274},"end":{"line":24,"column":28289}},"type":"binary-expr","locations":[{"start":{"line":24,"column":28274},"end":{"line":24,"column":28278}},{"start":{"line":24,"column":28281},"end":{"line":24,"column":28288}}],"line":24},"854":{"loc":{"start":{"line":24,"column":28295},"end":{"line":24,"column":28382}},"type":"binary-expr","locations":[{"start":{"line":24,"column":28295},"end":{"line":24,"column":28299}},{"start":{"line":24,"column":28302},"end":{"line":24,"column":28381}}],"line":24},"855":{"loc":{"start":{"line":24,"column":28428},"end":{"line":24,"column":29113}},"type":"if","locations":[{"start":{"line":24,"column":28428},"end":{"line":24,"column":29113}},{"start":{"line":24,"column":28456},"end":{"line":24,"column":29113}}],"line":24},"856":{"loc":{"start":{"line":24,"column":28439},"end":{"line":24,"column":28451}},"type":"cond-expr","locations":[{"start":{"line":24,"column":28441},"end":{"line":24,"column":28447}},{"start":{"line":24,"column":28448},"end":{"line":24,"column":28451}}],"line":24},"857":{"loc":{"start":{"line":24,"column":28457},"end":{"line":24,"column":28727}},"type":"if","locations":[{"start":{"line":24,"column":28457},"end":{"line":24,"column":28727}},{"start":{},"end":{}}],"line":24},"858":{"loc":{"start":{"line":24,"column":28460},"end":{"line":24,"column":28526}},"type":"cond-expr","locations":[{"start":{"line":24,"column":28464},"end":{"line":24,"column":28467}},{"start":{"line":24,"column":28469},"end":{"line":24,"column":28525}}],"line":24},"859":{"loc":{"start":{"line":24,"column":28542},"end":{"line":24,"column":28560}},"type":"binary-expr","locations":[{"start":{"line":24,"column":28542},"end":{"line":24,"column":28543}},{"start":{"line":24,"column":28545},"end":{"line":24,"column":28560}}],"line":24},"860":{"loc":{"start":{"line":24,"column":28563},"end":{"line":24,"column":28665}},"type":"cond-expr","locations":[{"start":{"line":24,"column":28567},"end":{"line":24,"column":28608}},{"start":{"line":24,"column":28609},"end":{"line":24,"column":28665}}],"line":24},"861":{"loc":{"start":{"line":24,"column":28567},"end":{"line":24,"column":28608}},"type":"binary-expr","locations":[{"start":{"line":24,"column":28568},"end":{"line":24,"column":28578}},{"start":{"line":24,"column":28580},"end":{"line":24,"column":28581}},{"start":{"line":24,"column":28585},"end":{"line":24,"column":28590}},{"start":{"line":24,"column":28592},"end":{"line":24,"column":28607}}],"line":24},"862":{"loc":{"start":{"line":24,"column":28597},"end":{"line":24,"column":28606}},"type":"cond-expr","locations":[{"start":{"line":24,"column":28603},"end":{"line":24,"column":28604}},{"start":{"line":24,"column":28605},"end":{"line":24,"column":28606}}],"line":24},"863":{"loc":{"start":{"line":24,"column":28609},"end":{"line":24,"column":28665}},"type":"binary-expr","locations":[{"start":{"line":24,"column":28609},"end":{"line":24,"column":28612}},{"start":{"line":24,"column":28614},"end":{"line":24,"column":28619}},{"start":{"line":24,"column":28622},"end":{"line":24,"column":28627}},{"start":{"line":24,"column":28629},"end":{"line":24,"column":28630}},{"start":{"line":24,"column":28632},"end":{"line":24,"column":28637}},{"start":{"line":24,"column":28639},"end":{"line":24,"column":28647}},{"start":{"line":24,"column":28649},"end":{"line":24,"column":28664}}],"line":24},"864":{"loc":{"start":{"line":24,"column":28654},"end":{"line":24,"column":28663}},"type":"cond-expr","locations":[{"start":{"line":24,"column":28660},"end":{"line":24,"column":28661}},{"start":{"line":24,"column":28662},"end":{"line":24,"column":28663}}],"line":24},"865":{"loc":{"start":{"line":24,"column":28705},"end":{"line":24,"column":28726}},"type":"binary-expr","locations":[{"start":{"line":24,"column":28705},"end":{"line":24,"column":28706}},{"start":{"line":24,"column":28709},"end":{"line":24,"column":28725}}],"line":24},"866":{"loc":{"start":{"line":24,"column":28795},"end":{"line":24,"column":29112}},"type":"if","locations":[{"start":{"line":24,"column":28795},"end":{"line":24,"column":29112}},{"start":{"line":24,"column":29001},"end":{"line":24,"column":29112}}],"line":24},"867":{"loc":{"start":{"line":24,"column":28801},"end":{"line":24,"column":28975}},"type":"if","locations":[{"start":{"line":24,"column":28801},"end":{"line":24,"column":28975}},{"start":{},"end":{}}],"line":24},"868":{"loc":{"start":{"line":24,"column":28808},"end":{"line":24,"column":28975}},"type":"if","locations":[{"start":{"line":24,"column":28808},"end":{"line":24,"column":28975}},{"start":{"line":24,"column":28946},"end":{"line":24,"column":28975}}],"line":24},"869":{"loc":{"start":{"line":24,"column":28811},"end":{"line":24,"column":28822}},"type":"binary-expr","locations":[{"start":{"line":24,"column":28811},"end":{"line":24,"column":28816}},{"start":{"line":24,"column":28818},"end":{"line":24,"column":28822}}],"line":24},"870":{"loc":{"start":{"line":24,"column":28830},"end":{"line":24,"column":28839}},"type":"cond-expr","locations":[{"start":{"line":24,"column":28836},"end":{"line":24,"column":28837}},{"start":{"line":24,"column":28838},"end":{"line":24,"column":28839}}],"line":24},"871":{"loc":{"start":{"line":24,"column":28980},"end":{"line":24,"column":28992}},"type":"cond-expr","locations":[{"start":{"line":24,"column":28984},"end":{"line":24,"column":28987}},{"start":{"line":24,"column":28988},"end":{"line":24,"column":28992}}],"line":24},"872":{"loc":{"start":{"line":24,"column":29001},"end":{"line":24,"column":29112}},"type":"if","locations":[{"start":{"line":24,"column":29001},"end":{"line":24,"column":29112}},{"start":{"line":24,"column":29041},"end":{"line":24,"column":29112}}],"line":24},"873":{"loc":{"start":{"line":24,"column":29041},"end":{"line":24,"column":29112}},"type":"if","locations":[{"start":{"line":24,"column":29041},"end":{"line":24,"column":29112}},{"start":{"line":24,"column":29076},"end":{"line":24,"column":29112}}],"line":24},"874":{"loc":{"start":{"line":24,"column":29076},"end":{"line":24,"column":29112}},"type":"binary-expr","locations":[{"start":{"line":24,"column":29076},"end":{"line":24,"column":29079}},{"start":{"line":24,"column":29082},"end":{"line":24,"column":29111}}],"line":24},"875":{"loc":{"start":{"line":24,"column":29116},"end":{"line":24,"column":29149}},"type":"cond-expr","locations":[{"start":{"line":24,"column":29122},"end":{"line":24,"column":29126}},{"start":{"line":24,"column":29127},"end":{"line":24,"column":29149}}],"line":24},"876":{"loc":{"start":{"line":24,"column":29127},"end":{"line":24,"column":29149}},"type":"cond-expr","locations":[{"start":{"line":24,"column":29132},"end":{"line":24,"column":29136}},{"start":{"line":24,"column":29137},"end":{"line":24,"column":29149}}],"line":24},"877":{"loc":{"start":{"line":24,"column":29137},"end":{"line":24,"column":29149}},"type":"cond-expr","locations":[{"start":{"line":24,"column":29142},"end":{"line":24,"column":29146}},{"start":{"line":24,"column":29147},"end":{"line":24,"column":29149}}],"line":24},"878":{"loc":{"start":{"line":24,"column":29160},"end":{"line":24,"column":29173}},"type":"cond-expr","locations":[{"start":{"line":24,"column":29166},"end":{"line":24,"column":29171}},{"start":{"line":24,"column":29172},"end":{"line":24,"column":29173}}],"line":24},"879":{"loc":{"start":{"line":24,"column":29191},"end":{"line":24,"column":29225}},"type":"if","locations":[{"start":{"line":24,"column":29191},"end":{"line":24,"column":29225}},{"start":{},"end":{}}],"line":24},"880":{"loc":{"start":{"line":24,"column":29655},"end":{"line":24,"column":30016}},"type":"cond-expr","locations":[{"start":{"line":24,"column":29666},"end":{"line":24,"column":29681}},{"start":{"line":24,"column":29682},"end":{"line":24,"column":30016}}],"line":24},"881":{"loc":{"start":{"line":24,"column":29655},"end":{"line":24,"column":29665}},"type":"binary-expr","locations":[{"start":{"line":24,"column":29655},"end":{"line":24,"column":29659}},{"start":{"line":24,"column":29661},"end":{"line":24,"column":29665}}],"line":24},"882":{"loc":{"start":{"line":24,"column":29682},"end":{"line":24,"column":30016}},"type":"cond-expr","locations":[{"start":{"line":24,"column":29694},"end":{"line":24,"column":29737}},{"start":{"line":24,"column":29739},"end":{"line":24,"column":30016}}],"line":24},"883":{"loc":{"start":{"line":24,"column":29682},"end":{"line":24,"column":29692}},"type":"binary-expr","locations":[{"start":{"line":24,"column":29682},"end":{"line":24,"column":29686}},{"start":{"line":24,"column":29688},"end":{"line":24,"column":29692}}],"line":24},"884":{"loc":{"start":{"line":24,"column":29715},"end":{"line":24,"column":29728}},"type":"cond-expr","locations":[{"start":{"line":24,"column":29721},"end":{"line":24,"column":29724}},{"start":{"line":24,"column":29725},"end":{"line":24,"column":29728}}],"line":24},"885":{"loc":{"start":{"line":24,"column":29739},"end":{"line":24,"column":30016}},"type":"cond-expr","locations":[{"start":{"line":24,"column":29757},"end":{"line":24,"column":29797}},{"start":{"line":24,"column":29799},"end":{"line":24,"column":30016}}],"line":24},"886":{"loc":{"start":{"line":24,"column":29739},"end":{"line":24,"column":29755}},"type":"binary-expr","locations":[{"start":{"line":24,"column":29739},"end":{"line":24,"column":29743}},{"start":{"line":24,"column":29745},"end":{"line":24,"column":29755}}],"line":24},"887":{"loc":{"start":{"line":24,"column":29759},"end":{"line":24,"column":29789}},"type":"cond-expr","locations":[{"start":{"line":24,"column":29765},"end":{"line":24,"column":29777}},{"start":{"line":24,"column":29778},"end":{"line":24,"column":29789}}],"line":24},"888":{"loc":{"start":{"line":24,"column":29799},"end":{"line":24,"column":30016}},"type":"cond-expr","locations":[{"start":{"line":24,"column":29817},"end":{"line":24,"column":29849}},{"start":{"line":24,"column":29851},"end":{"line":24,"column":30016}}],"line":24},"889":{"loc":{"start":{"line":24,"column":29799},"end":{"line":24,"column":29815}},"type":"binary-expr","locations":[{"start":{"line":24,"column":29799},"end":{"line":24,"column":29803}},{"start":{"line":24,"column":29805},"end":{"line":24,"column":29815}}],"line":24},"890":{"loc":{"start":{"line":24,"column":29851},"end":{"line":24,"column":30016}},"type":"cond-expr","locations":[{"start":{"line":24,"column":29858},"end":{"line":24,"column":29991}},{"start":{"line":24,"column":29993},"end":{"line":24,"column":30016}}],"line":24},"891":{"loc":{"start":{"line":24,"column":29965},"end":{"line":24,"column":29991}},"type":"cond-expr","locations":[{"start":{"line":24,"column":29971},"end":{"line":24,"column":29981}},{"start":{"line":24,"column":29982},"end":{"line":24,"column":29991}}],"line":24},"892":{"loc":{"start":{"line":24,"column":30171},"end":{"line":24,"column":30231}},"type":"if","locations":[{"start":{"line":24,"column":30171},"end":{"line":24,"column":30231}},{"start":{},"end":{}}],"line":24},"893":{"loc":{"start":{"line":24,"column":30174},"end":{"line":24,"column":30196}},"type":"binary-expr","locations":[{"start":{"line":24,"column":30174},"end":{"line":24,"column":30176}},{"start":{"line":24,"column":30178},"end":{"line":24,"column":30196}}],"line":24},"894":{"loc":{"start":{"line":24,"column":30390},"end":{"line":24,"column":30511}},"type":"if","locations":[{"start":{"line":24,"column":30390},"end":{"line":24,"column":30511}},{"start":{},"end":{}}],"line":24},"895":{"loc":{"start":{"line":24,"column":30400},"end":{"line":24,"column":30418}},"type":"binary-expr","locations":[{"start":{"line":24,"column":30400},"end":{"line":24,"column":30401}},{"start":{"line":24,"column":30404},"end":{"line":24,"column":30417}}],"line":24},"896":{"loc":{"start":{"line":24,"column":30437},"end":{"line":24,"column":30511}},"type":"if","locations":[{"start":{"line":24,"column":30437},"end":{"line":24,"column":30511}},{"start":{"line":24,"column":30486},"end":{"line":24,"column":30511}}],"line":24},"897":{"loc":{"start":{"line":24,"column":30440},"end":{"line":24,"column":30470}},"type":"binary-expr","locations":[{"start":{"line":24,"column":30440},"end":{"line":24,"column":30448}},{"start":{"line":24,"column":30450},"end":{"line":24,"column":30459}},{"start":{"line":24,"column":30461},"end":{"line":24,"column":30470}}],"line":24},"898":{"loc":{"start":{"line":24,"column":30511},"end":{"line":24,"column":30752}},"type":"if","locations":[{"start":{"line":24,"column":30511},"end":{"line":24,"column":30752}},{"start":{},"end":{}}],"line":24},"899":{"loc":{"start":{"line":24,"column":30525},"end":{"line":24,"column":30543}},"type":"binary-expr","locations":[{"start":{"line":24,"column":30525},"end":{"line":24,"column":30526}},{"start":{"line":24,"column":30529},"end":{"line":24,"column":30542}}],"line":24},"900":{"loc":{"start":{"line":24,"column":30562},"end":{"line":24,"column":30752}},"type":"if","locations":[{"start":{"line":24,"column":30562},"end":{"line":24,"column":30752}},{"start":{"line":24,"column":30727},"end":{"line":24,"column":30752}}],"line":24},"901":{"loc":{"start":{"line":24,"column":30565},"end":{"line":24,"column":30593}},"type":"binary-expr","locations":[{"start":{"line":24,"column":30565},"end":{"line":24,"column":30571}},{"start":{"line":24,"column":30573},"end":{"line":24,"column":30579}},{"start":{"line":24,"column":30581},"end":{"line":24,"column":30586}},{"start":{"line":24,"column":30588},"end":{"line":24,"column":30593}}],"line":24},"902":{"loc":{"start":{"line":24,"column":30594},"end":{"line":24,"column":30722}},"type":"if","locations":[{"start":{"line":24,"column":30594},"end":{"line":24,"column":30722}},{"start":{"line":24,"column":30711},"end":{"line":24,"column":30722}}],"line":24},"903":{"loc":{"start":{"line":24,"column":30599},"end":{"line":24,"column":30706}},"type":"if","locations":[{"start":{"line":24,"column":30599},"end":{"line":24,"column":30706}},{"start":{"line":24,"column":30690},"end":{"line":24,"column":30706}}],"line":24},"904":{"loc":{"start":{"line":24,"column":30602},"end":{"line":24,"column":30673}},"type":"binary-expr","locations":[{"start":{"line":24,"column":30602},"end":{"line":24,"column":30619}},{"start":{"line":24,"column":30621},"end":{"line":24,"column":30627}},{"start":{"line":24,"column":30630},"end":{"line":24,"column":30652}},{"start":{"line":24,"column":30654},"end":{"line":24,"column":30672}}],"line":24},"905":{"loc":{"start":{"line":24,"column":30901},"end":{"line":24,"column":30938}},"type":"if","locations":[{"start":{"line":24,"column":30901},"end":{"line":24,"column":30938}},{"start":{},"end":{}}],"line":24},"906":{"loc":{"start":{"line":24,"column":30938},"end":{"line":24,"column":31104}},"type":"if","locations":[{"start":{"line":24,"column":30938},"end":{"line":24,"column":31104}},{"start":{},"end":{}}],"line":24},"907":{"loc":{"start":{"line":24,"column":30972},"end":{"line":24,"column":31096}},"type":"cond-expr","locations":[{"start":{"line":24,"column":30974},"end":{"line":24,"column":31062}},{"start":{"line":24,"column":31064},"end":{"line":24,"column":31095}}],"line":24},"908":{"loc":{"start":{"line":24,"column":30974},"end":{"line":24,"column":31062}},"type":"cond-expr","locations":[{"start":{"line":24,"column":30992},"end":{"line":24,"column":31008}},{"start":{"line":24,"column":31010},"end":{"line":24,"column":31062}}],"line":24},"909":{"loc":{"start":{"line":24,"column":30974},"end":{"line":24,"column":30990}},"type":"binary-expr","locations":[{"start":{"line":24,"column":30974},"end":{"line":24,"column":30978}},{"start":{"line":24,"column":30980},"end":{"line":24,"column":30990}}],"line":24},"910":{"loc":{"start":{"line":24,"column":31010},"end":{"line":24,"column":31062}},"type":"cond-expr","locations":[{"start":{"line":24,"column":31022},"end":{"line":24,"column":31035}},{"start":{"line":24,"column":31038},"end":{"line":24,"column":31061}}],"line":24},"911":{"loc":{"start":{"line":24,"column":31076},"end":{"line":24,"column":31095}},"type":"cond-expr","locations":[{"start":{"line":24,"column":31080},"end":{"line":24,"column":31091}},{"start":{"line":24,"column":31092},"end":{"line":24,"column":31095}}],"line":24},"912":{"loc":{"start":{"line":24,"column":31104},"end":{"line":24,"column":31418}},"type":"if","locations":[{"start":{"line":24,"column":31104},"end":{"line":24,"column":31418}},{"start":{},"end":{}}],"line":24},"913":{"loc":{"start":{"line":24,"column":31132},"end":{"line":24,"column":31178}},"type":"if","locations":[{"start":{"line":24,"column":31132},"end":{"line":24,"column":31178}},{"start":{},"end":{}}],"line":24},"914":{"loc":{"start":{"line":24,"column":31146},"end":{"line":24,"column":31156}},"type":"cond-expr","locations":[{"start":{"line":24,"column":31152},"end":{"line":24,"column":31154}},{"start":{"line":24,"column":31155},"end":{"line":24,"column":31156}}],"line":24},"915":{"loc":{"start":{"line":24,"column":31178},"end":{"line":24,"column":31343}},"type":"if","locations":[{"start":{"line":24,"column":31178},"end":{"line":24,"column":31343}},{"start":{},"end":{}}],"line":24},"916":{"loc":{"start":{"line":24,"column":31181},"end":{"line":24,"column":31204}},"type":"cond-expr","locations":[{"start":{"line":24,"column":31186},"end":{"line":24,"column":31197}},{"start":{"line":24,"column":31199},"end":{"line":24,"column":31204}}],"line":24},"917":{"loc":{"start":{"line":24,"column":31205},"end":{"line":24,"column":31219}},"type":"binary-expr","locations":[{"start":{"line":24,"column":31205},"end":{"line":24,"column":31212}},{"start":{"line":24,"column":31214},"end":{"line":24,"column":31219}}],"line":24},"918":{"loc":{"start":{"line":24,"column":31249},"end":{"line":24,"column":31335}},"type":"cond-expr","locations":[{"start":{"line":24,"column":31251},"end":{"line":24,"column":31319}},{"start":{"line":24,"column":31321},"end":{"line":24,"column":31334}}],"line":24},"919":{"loc":{"start":{"line":24,"column":31251},"end":{"line":24,"column":31319}},"type":"cond-expr","locations":[{"start":{"line":24,"column":31261},"end":{"line":24,"column":31277}},{"start":{"line":24,"column":31279},"end":{"line":24,"column":31319}}],"line":24},"920":{"loc":{"start":{"line":24,"column":31279},"end":{"line":24,"column":31319}},"type":"cond-expr","locations":[{"start":{"line":24,"column":31289},"end":{"line":24,"column":31302}},{"start":{"line":24,"column":31305},"end":{"line":24,"column":31318}}],"line":24},"921":{"loc":{"start":{"line":24,"column":31343},"end":{"line":24,"column":31392}},"type":"if","locations":[{"start":{"line":24,"column":31343},"end":{"line":24,"column":31392}},{"start":{},"end":{}}],"line":24},"922":{"loc":{"start":{"line":24,"column":31355},"end":{"line":24,"column":31367}},"type":"binary-expr","locations":[{"start":{"line":24,"column":31355},"end":{"line":24,"column":31356}},{"start":{"line":24,"column":31359},"end":{"line":24,"column":31366}}],"line":24},"923":{"loc":{"start":{"line":24,"column":31418},"end":{"line":24,"column":31545}},"type":"if","locations":[{"start":{"line":24,"column":31418},"end":{"line":24,"column":31545}},{"start":{},"end":{}}],"line":24},"924":{"loc":{"start":{"line":24,"column":31440},"end":{"line":24,"column":31517}},"type":"cond-expr","locations":[{"start":{"line":24,"column":31466},"end":{"line":24,"column":31485}},{"start":{"line":24,"column":31488},"end":{"line":24,"column":31516}}],"line":24},"925":{"loc":{"start":{"line":24,"column":31488},"end":{"line":24,"column":31510}},"type":"binary-expr","locations":[{"start":{"line":24,"column":31488},"end":{"line":24,"column":31494}},{"start":{"line":24,"column":31497},"end":{"line":24,"column":31509}}],"line":24},"926":{"loc":{"start":{"line":24,"column":31518},"end":{"line":24,"column":31544}},"type":"cond-expr","locations":[{"start":{"line":24,"column":31529},"end":{"line":24,"column":31536}},{"start":{"line":24,"column":31537},"end":{"line":24,"column":31544}}],"line":24},"927":{"loc":{"start":{"line":24,"column":31545},"end":{"line":24,"column":31611}},"type":"if","locations":[{"start":{"line":24,"column":31545},"end":{"line":24,"column":31611}},{"start":{},"end":{}}],"line":24},"928":{"loc":{"start":{"line":24,"column":31568},"end":{"line":24,"column":31591}},"type":"cond-expr","locations":[{"start":{"line":24,"column":31573},"end":{"line":24,"column":31584}},{"start":{"line":24,"column":31586},"end":{"line":24,"column":31591}}],"line":24},"929":{"loc":{"start":{"line":24,"column":31629},"end":{"line":24,"column":32416}},"type":"if","locations":[{"start":{"line":24,"column":31629},"end":{"line":24,"column":32416}},{"start":{},"end":{}}],"line":24},"930":{"loc":{"start":{"line":24,"column":32234},"end":{"line":24,"column":32252}},"type":"binary-expr","locations":[{"start":{"line":24,"column":32234},"end":{"line":24,"column":32244}},{"start":{"line":24,"column":32247},"end":{"line":24,"column":32251}}],"line":24},"931":{"loc":{"start":{"line":24,"column":32253},"end":{"line":24,"column":32271}},"type":"binary-expr","locations":[{"start":{"line":24,"column":32253},"end":{"line":24,"column":32254}},{"start":{"line":24,"column":32256},"end":{"line":24,"column":32271}}],"line":24},"932":{"loc":{"start":{"line":24,"column":32373},"end":{"line":24,"column":32415}},"type":"binary-expr","locations":[{"start":{"line":24,"column":32373},"end":{"line":24,"column":32399}},{"start":{"line":24,"column":32402},"end":{"line":24,"column":32414}}],"line":24},"933":{"loc":{"start":{"line":24,"column":32636},"end":{"line":24,"column":32740}},"type":"if","locations":[{"start":{"line":24,"column":32636},"end":{"line":24,"column":32740}},{"start":{"line":24,"column":32702},"end":{"line":24,"column":32740}}],"line":24},"934":{"loc":{"start":{"line":24,"column":32670},"end":{"line":24,"column":32697}},"type":"binary-expr","locations":[{"start":{"line":24,"column":32670},"end":{"line":24,"column":32673}},{"start":{"line":24,"column":32676},"end":{"line":24,"column":32696}}],"line":24},"935":{"loc":{"start":{"line":24,"column":32703},"end":{"line":24,"column":32736}},"type":"if","locations":[{"start":{"line":24,"column":32703},"end":{"line":24,"column":32736}},{"start":{},"end":{}}],"line":24},"936":{"loc":{"start":{"line":24,"column":32783},"end":{"line":24,"column":32825}},"type":"binary-expr","locations":[{"start":{"line":24,"column":32783},"end":{"line":24,"column":32798}},{"start":{"line":24,"column":32800},"end":{"line":24,"column":32801}},{"start":{"line":24,"column":32803},"end":{"line":24,"column":32821}},{"start":{"line":24,"column":32823},"end":{"line":24,"column":32825}}],"line":24},"937":{"loc":{"start":{"line":24,"column":33255},"end":{"line":24,"column":33732}},"type":"if","locations":[{"start":{"line":24,"column":33255},"end":{"line":24,"column":33732}},{"start":{"line":24,"column":33695},"end":{"line":24,"column":33732}}],"line":24},"938":{"loc":{"start":{"line":24,"column":33258},"end":{"line":24,"column":33296}},"type":"cond-expr","locations":[{"start":{"line":24,"column":33269},"end":{"line":24,"column":33285}},{"start":{"line":24,"column":33286},"end":{"line":24,"column":33296}}],"line":24},"939":{"loc":{"start":{"line":24,"column":33326},"end":{"line":24,"column":33690}},"type":"if","locations":[{"start":{"line":24,"column":33326},"end":{"line":24,"column":33690}},{"start":{"line":24,"column":33491},"end":{"line":24,"column":33690}}],"line":24},"940":{"loc":{"start":{"line":24,"column":33413},"end":{"line":24,"column":33485}},"type":"cond-expr","locations":[{"start":{"line":24,"column":33422},"end":{"line":24,"column":33472}},{"start":{"line":24,"column":33473},"end":{"line":24,"column":33485}}],"line":24},"941":{"loc":{"start":{"line":24,"column":33491},"end":{"line":24,"column":33690}},"type":"if","locations":[{"start":{"line":24,"column":33491},"end":{"line":24,"column":33690}},{"start":{"line":24,"column":33674},"end":{"line":24,"column":33690}}],"line":24},"942":{"loc":{"start":{"line":24,"column":33601},"end":{"line":24,"column":33662}},"type":"cond-expr","locations":[{"start":{"line":24,"column":33610},"end":{"line":24,"column":33641}},{"start":{"line":24,"column":33643},"end":{"line":24,"column":33661}}],"line":24},"943":{"loc":{"start":{"line":24,"column":33750},"end":{"line":24,"column":33784}},"type":"binary-expr","locations":[{"start":{"line":24,"column":33750},"end":{"line":24,"column":33751}},{"start":{"line":24,"column":33753},"end":{"line":24,"column":33754}},{"start":{"line":24,"column":33757},"end":{"line":24,"column":33783}}],"line":24},"944":{"loc":{"start":{"line":24,"column":33806},"end":{"line":24,"column":33906}},"type":"if","locations":[{"start":{"line":24,"column":33806},"end":{"line":24,"column":33906}},{"start":{"line":24,"column":33827},"end":{"line":24,"column":33906}}],"line":24},"945":{"loc":{"start":{"line":24,"column":33892},"end":{"line":24,"column":33905}},"type":"binary-expr","locations":[{"start":{"line":24,"column":33892},"end":{"line":24,"column":33895}},{"start":{"line":24,"column":33898},"end":{"line":24,"column":33904}}],"line":24},"946":{"loc":{"start":{"line":24,"column":34022},"end":{"line":24,"column":34051}},"type":"cond-expr","locations":[{"start":{"line":24,"column":34026},"end":{"line":24,"column":34042}},{"start":{"line":24,"column":34043},"end":{"line":24,"column":34051}}],"line":24},"947":{"loc":{"start":{"line":24,"column":34026},"end":{"line":24,"column":34042}},"type":"cond-expr","locations":[{"start":{"line":24,"column":34033},"end":{"line":24,"column":34036}},{"start":{"line":24,"column":34037},"end":{"line":24,"column":34042}}],"line":24},"948":{"loc":{"start":{"line":24,"column":34043},"end":{"line":24,"column":34051}},"type":"binary-expr","locations":[{"start":{"line":24,"column":34043},"end":{"line":24,"column":34046}},{"start":{"line":24,"column":34048},"end":{"line":24,"column":34051}}],"line":24},"949":{"loc":{"start":{"line":24,"column":34277},"end":{"line":24,"column":34294}},"type":"binary-expr","locations":[{"start":{"line":24,"column":34277},"end":{"line":24,"column":34280}},{"start":{"line":24,"column":34282},"end":{"line":24,"column":34294}}],"line":24},"950":{"loc":{"start":{"line":24,"column":34660},"end":{"line":24,"column":34739}},"type":"cond-expr","locations":[{"start":{"line":24,"column":34669},"end":{"line":24,"column":34670}},{"start":{"line":24,"column":34671},"end":{"line":24,"column":34739}}],"line":24},"951":{"loc":{"start":{"line":24,"column":34671},"end":{"line":24,"column":34739}},"type":"cond-expr","locations":[{"start":{"line":24,"column":34688},"end":{"line":24,"column":34697}},{"start":{"line":24,"column":34698},"end":{"line":24,"column":34739}}],"line":24},"952":{"loc":{"start":{"line":24,"column":34698},"end":{"line":24,"column":34739}},"type":"cond-expr","locations":[{"start":{"line":24,"column":34717},"end":{"line":24,"column":34737}},{"start":{"line":24,"column":34738},"end":{"line":24,"column":34739}}],"line":24},"953":{"loc":{"start":{"line":24,"column":34717},"end":{"line":24,"column":34737}},"type":"cond-expr","locations":[{"start":{"line":24,"column":34723},"end":{"line":24,"column":34728}},{"start":{"line":24,"column":34729},"end":{"line":24,"column":34737}}],"line":24},"954":{"loc":{"start":{"line":24,"column":34762},"end":{"line":24,"column":34816}},"type":"binary-expr","locations":[{"start":{"line":24,"column":34762},"end":{"line":24,"column":34770}},{"start":{"line":24,"column":34772},"end":{"line":24,"column":34790}},{"start":{"line":24,"column":34792},"end":{"line":24,"column":34816}}],"line":24},"955":{"loc":{"start":{"line":24,"column":34848},"end":{"line":24,"column":35128}},"type":"switch","locations":[{"start":{"line":24,"column":34858},"end":{"line":24,"column":34888}},{"start":{"line":24,"column":34888},"end":{"line":24,"column":34994}},{"start":{"line":24,"column":34994},"end":{"line":24,"column":35028}},{"start":{"line":24,"column":35028},"end":{"line":24,"column":35059}},{"start":{"line":24,"column":35059},"end":{"line":24,"column":35091}},{"start":{"line":24,"column":35091},"end":{"line":24,"column":35127}}],"line":24},"956":{"loc":{"start":{"line":24,"column":35269},"end":{"line":24,"column":35289}},"type":"if","locations":[{"start":{"line":24,"column":35269},"end":{"line":24,"column":35289}},{"start":{},"end":{}}],"line":24},"957":{"loc":{"start":{"line":24,"column":35502},"end":{"line":24,"column":35520}},"type":"binary-expr","locations":[{"start":{"line":24,"column":35502},"end":{"line":24,"column":35503}},{"start":{"line":24,"column":35506},"end":{"line":24,"column":35519}}],"line":24},"958":{"loc":{"start":{"line":24,"column":35697},"end":{"line":24,"column":35767}},"type":"binary-expr","locations":[{"start":{"line":24,"column":35697},"end":{"line":24,"column":35714}},{"start":{"line":24,"column":35716},"end":{"line":24,"column":35767}}],"line":24},"959":{"loc":{"start":{"line":24,"column":35842},"end":{"line":24,"column":35983}},"type":"cond-expr","locations":[{"start":{"line":24,"column":35858},"end":{"line":24,"column":35860}},{"start":{"line":24,"column":35861},"end":{"line":24,"column":35983}}],"line":24},"960":{"loc":{"start":{"line":24,"column":35861},"end":{"line":24,"column":35983}},"type":"binary-expr","locations":[{"start":{"line":24,"column":35861},"end":{"line":24,"column":35869}},{"start":{"line":24,"column":35871},"end":{"line":24,"column":35889}},{"start":{"line":24,"column":35891},"end":{"line":24,"column":35911}},{"start":{"line":24,"column":35913},"end":{"line":24,"column":35933}},{"start":{"line":24,"column":35935},"end":{"line":24,"column":35963}},{"start":{"line":24,"column":35965},"end":{"line":24,"column":35983}}],"line":24},"961":{"loc":{"start":{"line":24,"column":36635},"end":{"line":24,"column":36641}},"type":"binary-expr","locations":[{"start":{"line":24,"column":36635},"end":{"line":24,"column":36637}},{"start":{"line":24,"column":36639},"end":{"line":24,"column":36641}}],"line":24},"962":{"loc":{"start":{"line":24,"column":36880},"end":{"line":24,"column":36905}},"type":"binary-expr","locations":[{"start":{"line":24,"column":36880},"end":{"line":24,"column":36888}},{"start":{"line":24,"column":36890},"end":{"line":24,"column":36905}}],"line":24},"963":{"loc":{"start":{"line":24,"column":36934},"end":{"line":24,"column":36980}},"type":"binary-expr","locations":[{"start":{"line":24,"column":36934},"end":{"line":24,"column":36942}},{"start":{"line":24,"column":36944},"end":{"line":24,"column":36980}}],"line":24},"964":{"loc":{"start":{"line":24,"column":37006},"end":{"line":24,"column":37206}},"type":"if","locations":[{"start":{"line":24,"column":37006},"end":{"line":24,"column":37206}},{"start":{"line":24,"column":37094},"end":{"line":24,"column":37206}}],"line":24},"965":{"loc":{"start":{"line":24,"column":37101},"end":{"line":24,"column":37206}},"type":"cond-expr","locations":[{"start":{"line":24,"column":37118},"end":{"line":24,"column":37138}},{"start":{"line":24,"column":37139},"end":{"line":24,"column":37206}}],"line":24},"966":{"loc":{"start":{"line":24,"column":37304},"end":{"line":24,"column":37356}},"type":"binary-expr","locations":[{"start":{"line":24,"column":37304},"end":{"line":24,"column":37310}},{"start":{"line":24,"column":37312},"end":{"line":24,"column":37356}}],"line":24},"967":{"loc":{"start":{"line":24,"column":37412},"end":{"line":24,"column":37673}},"type":"switch","locations":[{"start":{"line":24,"column":37430},"end":{"line":24,"column":37555}},{"start":{"line":24,"column":37555},"end":{"line":24,"column":37656}},{"start":{"line":24,"column":37656},"end":{"line":24,"column":37672}}],"line":24},"968":{"loc":{"start":{"line":24,"column":37421},"end":{"line":24,"column":37426}},"type":"binary-expr","locations":[{"start":{"line":24,"column":37421},"end":{"line":24,"column":37422}},{"start":{"line":24,"column":37424},"end":{"line":24,"column":37426}}],"line":24},"969":{"loc":{"start":{"line":24,"column":37443},"end":{"line":24,"column":37481}},"type":"if","locations":[{"start":{"line":24,"column":37443},"end":{"line":24,"column":37481}},{"start":{},"end":{}}],"line":24},"970":{"loc":{"start":{"line":24,"column":37508},"end":{"line":24,"column":37545}},"type":"binary-expr","locations":[{"start":{"line":24,"column":37508},"end":{"line":24,"column":37527}},{"start":{"line":24,"column":37530},"end":{"line":24,"column":37544}}],"line":24},"971":{"loc":{"start":{"line":24,"column":37592},"end":{"line":24,"column":37655}},"type":"cond-expr","locations":[{"start":{"line":24,"column":37597},"end":{"line":24,"column":37601}},{"start":{"line":24,"column":37603},"end":{"line":24,"column":37654}}],"line":24},"972":{"loc":{"start":{"line":24,"column":37811},"end":{"line":24,"column":37825}},"type":"binary-expr","locations":[{"start":{"line":24,"column":37811},"end":{"line":24,"column":37812}},{"start":{"line":24,"column":37814},"end":{"line":24,"column":37825}}],"line":24},"973":{"loc":{"start":{"line":24,"column":37857},"end":{"line":24,"column":37970}},"type":"if","locations":[{"start":{"line":24,"column":37857},"end":{"line":24,"column":37970}},{"start":{},"end":{}}],"line":24},"974":{"loc":{"start":{"line":24,"column":37881},"end":{"line":24,"column":37937}},"type":"if","locations":[{"start":{"line":24,"column":37881},"end":{"line":24,"column":37937}},{"start":{},"end":{}}],"line":24},"975":{"loc":{"start":{"line":24,"column":37904},"end":{"line":24,"column":37936}},"type":"binary-expr","locations":[{"start":{"line":24,"column":37904},"end":{"line":24,"column":37923}},{"start":{"line":24,"column":37926},"end":{"line":24,"column":37935}}],"line":24},"976":{"loc":{"start":{"line":24,"column":37937},"end":{"line":24,"column":37969}},"type":"binary-expr","locations":[{"start":{"line":24,"column":37937},"end":{"line":24,"column":37956}},{"start":{"line":24,"column":37959},"end":{"line":24,"column":37968}}],"line":24},"977":{"loc":{"start":{"line":24,"column":38037},"end":{"line":24,"column":38061}},"type":"binary-expr","locations":[{"start":{"line":24,"column":38037},"end":{"line":24,"column":38042}},{"start":{"line":24,"column":38044},"end":{"line":24,"column":38048}},{"start":{"line":24,"column":38051},"end":{"line":24,"column":38060}}],"line":24},"978":{"loc":{"start":{"line":24,"column":38093},"end":{"line":24,"column":38098}},"type":"binary-expr","locations":[{"start":{"line":24,"column":38093},"end":{"line":24,"column":38094}},{"start":{"line":24,"column":38096},"end":{"line":24,"column":38098}}],"line":24},"979":{"loc":{"start":{"line":24,"column":38133},"end":{"line":24,"column":38304}},"type":"if","locations":[{"start":{"line":24,"column":38133},"end":{"line":24,"column":38304}},{"start":{},"end":{}}],"line":24},"980":{"loc":{"start":{"line":24,"column":38173},"end":{"line":24,"column":38177}},"type":"binary-expr","locations":[{"start":{"line":24,"column":38173},"end":{"line":24,"column":38174}},{"start":{"line":24,"column":38176},"end":{"line":24,"column":38177}}],"line":24},"981":{"loc":{"start":{"line":24,"column":38207},"end":{"line":24,"column":38303}},"type":"cond-expr","locations":[{"start":{"line":24,"column":38231},"end":{"line":24,"column":38255}},{"start":{"line":24,"column":38257},"end":{"line":24,"column":38303}}],"line":24},"982":{"loc":{"start":{"line":24,"column":38207},"end":{"line":24,"column":38229}},"type":"binary-expr","locations":[{"start":{"line":24,"column":38207},"end":{"line":24,"column":38219}},{"start":{"line":24,"column":38221},"end":{"line":24,"column":38229}}],"line":24},"983":{"loc":{"start":{"line":24,"column":38257},"end":{"line":24,"column":38303}},"type":"binary-expr","locations":[{"start":{"line":24,"column":38257},"end":{"line":24,"column":38268}},{"start":{"line":24,"column":38270},"end":{"line":24,"column":38278}},{"start":{"line":24,"column":38281},"end":{"line":24,"column":38302}}],"line":24},"984":{"loc":{"start":{"line":24,"column":38593},"end":{"line":24,"column":38633}},"type":"if","locations":[{"start":{"line":24,"column":38593},"end":{"line":24,"column":38633}},{"start":{},"end":{}}],"line":24},"985":{"loc":{"start":{"line":24,"column":38596},"end":{"line":24,"column":38623}},"type":"binary-expr","locations":[{"start":{"line":24,"column":38596},"end":{"line":24,"column":38616}},{"start":{"line":24,"column":38618},"end":{"line":24,"column":38623}}],"line":24},"986":{"loc":{"start":{"line":24,"column":38633},"end":{"line":24,"column":38648}},"type":"if","locations":[{"start":{"line":24,"column":38633},"end":{"line":24,"column":38648}},{"start":{},"end":{}}],"line":24},"987":{"loc":{"start":{"line":24,"column":38661},"end":{"line":24,"column":38691}},"type":"cond-expr","locations":[{"start":{"line":24,"column":38686},"end":{"line":24,"column":38687}},{"start":{"line":24,"column":38688},"end":{"line":24,"column":38691}}],"line":24},"988":{"loc":{"start":{"line":24,"column":38789},"end":{"line":24,"column":38904}},"type":"if","locations":[{"start":{"line":24,"column":38789},"end":{"line":24,"column":38904}},{"start":{},"end":{}}],"line":24},"989":{"loc":{"start":{"line":24,"column":38792},"end":{"line":24,"column":38813}},"type":"binary-expr","locations":[{"start":{"line":24,"column":38792},"end":{"line":24,"column":38794}},{"start":{"line":24,"column":38796},"end":{"line":24,"column":38813}}],"line":24},"990":{"loc":{"start":{"line":24,"column":38906},"end":{"line":24,"column":38918}},"type":"binary-expr","locations":[{"start":{"line":24,"column":38906},"end":{"line":24,"column":38915}},{"start":{"line":24,"column":38917},"end":{"line":24,"column":38918}}],"line":24},"991":{"loc":{"start":{"line":24,"column":38980},"end":{"line":24,"column":39008}},"type":"if","locations":[{"start":{"line":24,"column":38980},"end":{"line":24,"column":39008}},{"start":{},"end":{}}],"line":24},"992":{"loc":{"start":{"line":24,"column":39008},"end":{"line":24,"column":39037}},"type":"if","locations":[{"start":{"line":24,"column":39008},"end":{"line":24,"column":39037}},{"start":{},"end":{}}],"line":24},"993":{"loc":{"start":{"line":24,"column":39037},"end":{"line":24,"column":39364}},"type":"if","locations":[{"start":{"line":24,"column":39037},"end":{"line":24,"column":39364}},{"start":{"line":24,"column":39328},"end":{"line":24,"column":39364}}],"line":24},"994":{"loc":{"start":{"line":24,"column":39040},"end":{"line":24,"column":39057}},"type":"binary-expr","locations":[{"start":{"line":24,"column":39040},"end":{"line":24,"column":39042}},{"start":{"line":24,"column":39044},"end":{"line":24,"column":39057}}],"line":24},"995":{"loc":{"start":{"line":24,"column":39090},"end":{"line":24,"column":39102}},"type":"if","locations":[{"start":{"line":24,"column":39090},"end":{"line":24,"column":39102}},{"start":{},"end":{}}],"line":24},"996":{"loc":{"start":{"line":24,"column":39117},"end":{"line":24,"column":39132}},"type":"cond-expr","locations":[{"start":{"line":24,"column":39119},"end":{"line":24,"column":39130}},{"start":{"line":24,"column":39131},"end":{"line":24,"column":39132}}],"line":24},"997":{"loc":{"start":{"line":24,"column":39184},"end":{"line":24,"column":39222}},"type":"binary-expr","locations":[{"start":{"line":24,"column":39184},"end":{"line":24,"column":39187}},{"start":{"line":24,"column":39190},"end":{"line":24,"column":39193}},{"start":{"line":24,"column":39195},"end":{"line":24,"column":39205}},{"start":{"line":24,"column":39207},"end":{"line":24,"column":39221}}],"line":24},"998":{"loc":{"start":{"line":24,"column":39242},"end":{"line":24,"column":39258}},"type":"binary-expr","locations":[{"start":{"line":24,"column":39242},"end":{"line":24,"column":39246}},{"start":{"line":24,"column":39249},"end":{"line":24,"column":39257}}],"line":24},"999":{"loc":{"start":{"line":24,"column":39259},"end":{"line":24,"column":39289}},"type":"if","locations":[{"start":{"line":24,"column":39259},"end":{"line":24,"column":39289}},{"start":{},"end":{}}],"line":24},"1000":{"loc":{"start":{"line":24,"column":39364},"end":{"line":24,"column":39391}},"type":"if","locations":[{"start":{"line":24,"column":39364},"end":{"line":24,"column":39391}},{"start":{},"end":{}}],"line":24},"1001":{"loc":{"start":{"line":24,"column":39371},"end":{"line":24,"column":39382}},"type":"if","locations":[{"start":{"line":24,"column":39371},"end":{"line":24,"column":39382}},{"start":{},"end":{}}],"line":24},"1002":{"loc":{"start":{"line":24,"column":39391},"end":{"line":24,"column":39417}},"type":"binary-expr","locations":[{"start":{"line":24,"column":39391},"end":{"line":24,"column":39392}},{"start":{"line":24,"column":39395},"end":{"line":24,"column":39416}}],"line":24},"1003":{"loc":{"start":{"line":24,"column":39398},"end":{"line":24,"column":39416}},"type":"cond-expr","locations":[{"start":{"line":24,"column":39403},"end":{"line":24,"column":39414}},{"start":{"line":24,"column":39415},"end":{"line":24,"column":39416}}],"line":24},"1004":{"loc":{"start":{"line":24,"column":39507},"end":{"line":24,"column":39538}},"type":"binary-expr","locations":[{"start":{"line":24,"column":39507},"end":{"line":24,"column":39508}},{"start":{"line":24,"column":39511},"end":{"line":24,"column":39537}}],"line":24},"1005":{"loc":{"start":{"line":24,"column":39555},"end":{"line":24,"column":39574}},"type":"cond-expr","locations":[{"start":{"line":24,"column":39557},"end":{"line":24,"column":39572}},{"start":{"line":24,"column":39573},"end":{"line":24,"column":39574}}],"line":24},"1006":{"loc":{"start":{"line":24,"column":39584},"end":{"line":24,"column":39690}},"type":"if","locations":[{"start":{"line":24,"column":39584},"end":{"line":24,"column":39690}},{"start":{},"end":{}}],"line":24},"1007":{"loc":{"start":{"line":24,"column":39598},"end":{"line":24,"column":39610}},"type":"binary-expr","locations":[{"start":{"line":24,"column":39598},"end":{"line":24,"column":39599}},{"start":{"line":24,"column":39601},"end":{"line":24,"column":39610}}],"line":24},"1008":{"loc":{"start":{"line":24,"column":39645},"end":{"line":24,"column":39682}},"type":"binary-expr","locations":[{"start":{"line":24,"column":39645},"end":{"line":24,"column":39649}},{"start":{"line":24,"column":39651},"end":{"line":24,"column":39682}}],"line":24},"1009":{"loc":{"start":{"line":24,"column":39737},"end":{"line":24,"column":39782}},"type":"if","locations":[{"start":{"line":24,"column":39737},"end":{"line":24,"column":39782}},{"start":{},"end":{}}],"line":24},"1010":{"loc":{"start":{"line":24,"column":39876},"end":{"line":24,"column":39884}},"type":"binary-expr","locations":[{"start":{"line":24,"column":39876},"end":{"line":24,"column":39880}},{"start":{"line":24,"column":39882},"end":{"line":24,"column":39884}}],"line":24},"1011":{"loc":{"start":{"line":24,"column":39938},"end":{"line":24,"column":39986}},"type":"if","locations":[{"start":{"line":24,"column":39938},"end":{"line":24,"column":39986}},{"start":{},"end":{}}],"line":24},"1012":{"loc":{"start":{"line":24,"column":39943},"end":{"line":24,"column":39956}},"type":"binary-expr","locations":[{"start":{"line":24,"column":39943},"end":{"line":24,"column":39945}},{"start":{"line":24,"column":39947},"end":{"line":24,"column":39956}}],"line":24},"1013":{"loc":{"start":{"line":24,"column":43249},"end":{"line":24,"column":43325}},"type":"binary-expr","locations":[{"start":{"line":24,"column":43249},"end":{"line":24,"column":43267}},{"start":{"line":24,"column":43269},"end":{"line":24,"column":43325}}],"line":24},"1014":{"loc":{"start":{"line":24,"column":44035},"end":{"line":24,"column":44040}},"type":"binary-expr","locations":[{"start":{"line":24,"column":44035},"end":{"line":24,"column":44036}},{"start":{"line":24,"column":44038},"end":{"line":24,"column":44040}}],"line":24},"1015":{"loc":{"start":{"line":24,"column":44101},"end":{"line":24,"column":44214}},"type":"cond-expr","locations":[{"start":{"line":24,"column":44120},"end":{"line":24,"column":44121}},{"start":{"line":24,"column":44122},"end":{"line":24,"column":44214}}],"line":24},"1016":{"loc":{"start":{"line":24,"column":44122},"end":{"line":24,"column":44214}},"type":"cond-expr","locations":[{"start":{"line":24,"column":44139},"end":{"line":24,"column":44192}},{"start":{"line":24,"column":44193},"end":{"line":24,"column":44214}}],"line":24},"1017":{"loc":{"start":{"line":24,"column":44238},"end":{"line":24,"column":44247}},"type":"binary-expr","locations":[{"start":{"line":24,"column":44238},"end":{"line":24,"column":44243}},{"start":{"line":24,"column":44245},"end":{"line":24,"column":44247}}],"line":24},"1018":{"loc":{"start":{"line":24,"column":44741},"end":{"line":24,"column":44821}},"type":"if","locations":[{"start":{"line":24,"column":44741},"end":{"line":24,"column":44821}},{"start":{},"end":{}}],"line":24},"1019":{"loc":{"start":{"line":24,"column":44744},"end":{"line":24,"column":44808}},"type":"binary-expr","locations":[{"start":{"line":24,"column":44744},"end":{"line":24,"column":44766}},{"start":{"line":24,"column":44768},"end":{"line":24,"column":44808}}],"line":24},"1020":{"loc":{"start":{"line":24,"column":45117},"end":{"line":24,"column":45143}},"type":"cond-expr","locations":[{"start":{"line":24,"column":45123},"end":{"line":24,"column":45134}},{"start":{"line":24,"column":45135},"end":{"line":24,"column":45143}}],"line":24},"1021":{"loc":{"start":{"line":28,"column":289},"end":{"line":28,"column":294}},"type":"binary-expr","locations":[{"start":{"line":28,"column":289},"end":{"line":28,"column":290}},{"start":{"line":28,"column":292},"end":{"line":28,"column":294}}],"line":28},"1022":{"loc":{"start":{"line":28,"column":458},"end":{"line":28,"column":529}},"type":"if","locations":[{"start":{"line":28,"column":458},"end":{"line":28,"column":529}},{"start":{},"end":{}}],"line":28},"1023":{"loc":{"start":{"line":28,"column":461},"end":{"line":28,"column":519}},"type":"binary-expr","locations":[{"start":{"line":28,"column":461},"end":{"line":28,"column":463}},{"start":{"line":28,"column":465},"end":{"line":28,"column":482}},{"start":{"line":28,"column":484},"end":{"line":28,"column":519}}],"line":28},"1024":{"loc":{"start":{"line":28,"column":551},"end":{"line":28,"column":598}},"type":"if","locations":[{"start":{"line":28,"column":551},"end":{"line":28,"column":598}},{"start":{},"end":{}}],"line":28},"1025":{"loc":{"start":{"line":28,"column":554},"end":{"line":28,"column":588}},"type":"binary-expr","locations":[{"start":{"line":28,"column":554},"end":{"line":28,"column":556}},{"start":{"line":28,"column":558},"end":{"line":28,"column":571}},{"start":{"line":28,"column":573},"end":{"line":28,"column":588}}],"line":28},"1026":{"loc":{"start":{"line":28,"column":702},"end":{"line":28,"column":1130}},"type":"if","locations":[{"start":{"line":28,"column":702},"end":{"line":28,"column":1130}},{"start":{},"end":{}}],"line":28},"1027":{"loc":{"start":{"line":28,"column":705},"end":{"line":28,"column":709}},"type":"binary-expr","locations":[{"start":{"line":28,"column":705},"end":{"line":28,"column":706}},{"start":{"line":28,"column":708},"end":{"line":28,"column":709}}],"line":28},"1028":{"loc":{"start":{"line":28,"column":731},"end":{"line":28,"column":746}},"type":"if","locations":[{"start":{"line":28,"column":731},"end":{"line":28,"column":746}},{"start":{},"end":{}}],"line":28},"1029":{"loc":{"start":{"line":28,"column":787},"end":{"line":28,"column":853}},"type":"binary-expr","locations":[{"start":{"line":28,"column":787},"end":{"line":28,"column":788}},{"start":{"line":28,"column":791},"end":{"line":28,"column":852}}],"line":28},"1030":{"loc":{"start":{"line":28,"column":915},"end":{"line":28,"column":1129}},"type":"if","locations":[{"start":{"line":28,"column":915},"end":{"line":28,"column":1129}},{"start":{},"end":{}}],"line":28},"1031":{"loc":{"start":{"line":28,"column":1231},"end":{"line":28,"column":1340}},"type":"if","locations":[{"start":{"line":28,"column":1231},"end":{"line":28,"column":1340}},{"start":{},"end":{}}],"line":28},"1032":{"loc":{"start":{"line":28,"column":1403},"end":{"line":28,"column":1433}},"type":"if","locations":[{"start":{"line":28,"column":1403},"end":{"line":28,"column":1433}},{"start":{},"end":{}}],"line":28},"1033":{"loc":{"start":{"line":28,"column":1553},"end":{"line":28,"column":1564}},"type":"cond-expr","locations":[{"start":{"line":28,"column":1555},"end":{"line":28,"column":1560}},{"start":{"line":28,"column":1561},"end":{"line":28,"column":1564}}],"line":28},"1034":{"loc":{"start":{"line":28,"column":1565},"end":{"line":28,"column":1980}},"type":"if","locations":[{"start":{"line":28,"column":1565},"end":{"line":28,"column":1980}},{"start":{"line":28,"column":1945},"end":{"line":28,"column":1980}}],"line":28},"1035":{"loc":{"start":{"line":28,"column":1568},"end":{"line":28,"column":1807}},"type":"cond-expr","locations":[{"start":{"line":28,"column":1571},"end":{"line":28,"column":1744}},{"start":{"line":28,"column":1746},"end":{"line":28,"column":1807}}],"line":28},"1036":{"loc":{"start":{"line":28,"column":1808},"end":{"line":28,"column":1837}},"type":"binary-expr","locations":[{"start":{"line":28,"column":1808},"end":{"line":28,"column":1809}},{"start":{"line":28,"column":1811},"end":{"line":28,"column":1837}}],"line":28},"1037":{"loc":{"start":{"line":28,"column":1873},"end":{"line":28,"column":1906}},"type":"binary-expr","locations":[{"start":{"line":28,"column":1873},"end":{"line":28,"column":1874}},{"start":{"line":28,"column":1877},"end":{"line":28,"column":1905}}],"line":28},"1038":{"loc":{"start":{"line":28,"column":1926},"end":{"line":28,"column":1939}},"type":"binary-expr","locations":[{"start":{"line":28,"column":1926},"end":{"line":28,"column":1927}},{"start":{"line":28,"column":1929},"end":{"line":28,"column":1939}}],"line":28},"1039":{"loc":{"start":{"line":28,"column":1956},"end":{"line":28,"column":1968}},"type":"binary-expr","locations":[{"start":{"line":28,"column":1956},"end":{"line":28,"column":1957}},{"start":{"line":28,"column":1959},"end":{"line":28,"column":1968}}],"line":28},"1040":{"loc":{"start":{"line":29,"column":44},"end":{"line":29,"column":86}},"type":"binary-expr","locations":[{"start":{"line":29,"column":44},"end":{"line":29,"column":56}},{"start":{"line":29,"column":58},"end":{"line":29,"column":86}}],"line":29},"1041":{"loc":{"start":{"line":29,"column":87},"end":{"line":29,"column":133}},"type":"binary-expr","locations":[{"start":{"line":29,"column":87},"end":{"line":29,"column":101}},{"start":{"line":29,"column":103},"end":{"line":29,"column":133}}],"line":29},"1042":{"loc":{"start":{"line":29,"column":167},"end":{"line":29,"column":185}},"type":"cond-expr","locations":[{"start":{"line":29,"column":180},"end":{"line":29,"column":182}},{"start":{"line":29,"column":183},"end":{"line":29,"column":185}}],"line":29},"1043":{"loc":{"start":{"line":29,"column":275},"end":{"line":29,"column":325}},"type":"cond-expr","locations":[{"start":{"line":29,"column":277},"end":{"line":29,"column":286}},{"start":{"line":29,"column":287},"end":{"line":29,"column":325}}],"line":29},"1044":{"loc":{"start":{"line":29,"column":368},"end":{"line":29,"column":394}},"type":"cond-expr","locations":[{"start":{"line":29,"column":385},"end":{"line":29,"column":390}},{"start":{"line":29,"column":391},"end":{"line":29,"column":394}}],"line":29},"1045":{"loc":{"start":{"line":29,"column":446},"end":{"line":29,"column":500}},"type":"if","locations":[{"start":{"line":29,"column":446},"end":{"line":29,"column":500}},{"start":{},"end":{}}],"line":29},"1046":{"loc":{"start":{"line":29,"column":576},"end":{"line":29,"column":685}},"type":"cond-expr","locations":[{"start":{"line":29,"column":578},"end":{"line":29,"column":674}},{"start":{"line":29,"column":675},"end":{"line":29,"column":685}}],"line":29},"1047":{"loc":{"start":{"line":29,"column":828},"end":{"line":29,"column":849}},"type":"cond-expr","locations":[{"start":{"line":29,"column":834},"end":{"line":29,"column":837}},{"start":{"line":29,"column":838},"end":{"line":29,"column":849}}],"line":29},"1048":{"loc":{"start":{"line":29,"column":882},"end":{"line":29,"column":941}},"type":"binary-expr","locations":[{"start":{"line":29,"column":882},"end":{"line":29,"column":912}},{"start":{"line":29,"column":915},"end":{"line":29,"column":940}}],"line":29},"1049":{"loc":{"start":{"line":29,"column":942},"end":{"line":29,"column":999}},"type":"binary-expr","locations":[{"start":{"line":29,"column":942},"end":{"line":29,"column":971}},{"start":{"line":29,"column":974},"end":{"line":29,"column":998}}],"line":29},"1050":{"loc":{"start":{"line":29,"column":1017},"end":{"line":29,"column":1182}},"type":"switch","locations":[{"start":{"line":29,"column":1032},"end":{"line":29,"column":1059}},{"start":{"line":29,"column":1059},"end":{"line":29,"column":1089}},{"start":{"line":29,"column":1089},"end":{"line":29,"column":1125}},{"start":{"line":29,"column":1125},"end":{"line":29,"column":1165}},{"start":{"line":29,"column":1165},"end":{"line":29,"column":1181}}],"line":29},"1051":{"loc":{"start":{"line":29,"column":1359},"end":{"line":29,"column":1382}},"type":"cond-expr","locations":[{"start":{"line":29,"column":1375},"end":{"line":29,"column":1378}},{"start":{"line":29,"column":1379},"end":{"line":29,"column":1382}}],"line":29},"1052":{"loc":{"start":{"line":29,"column":1407},"end":{"line":29,"column":1439}},"type":"binary-expr","locations":[{"start":{"line":29,"column":1407},"end":{"line":29,"column":1422}},{"start":{"line":29,"column":1424},"end":{"line":29,"column":1439}}],"line":29},"1053":{"loc":{"start":{"line":29,"column":1457},"end":{"line":29,"column":1527}},"type":"cond-expr","locations":[{"start":{"line":29,"column":1485},"end":{"line":29,"column":1507}},{"start":{"line":29,"column":1508},"end":{"line":29,"column":1527}}],"line":29},"1054":{"loc":{"start":{"line":29,"column":1560},"end":{"line":29,"column":1563}},"type":"default-arg","locations":[{"start":{"line":29,"column":1562},"end":{"line":29,"column":1563}}],"line":29},"1055":{"loc":{"start":{"line":29,"column":1697},"end":{"line":29,"column":1749}},"type":"cond-expr","locations":[{"start":{"line":29,"column":1716},"end":{"line":29,"column":1735}},{"start":{"line":29,"column":1736},"end":{"line":29,"column":1749}}],"line":29},"1056":{"loc":{"start":{"line":29,"column":1771},"end":{"line":29,"column":1790}},"type":"default-arg","locations":[{"start":{"line":29,"column":1773},"end":{"line":29,"column":1790}}],"line":29},"1057":{"loc":{"start":{"line":29,"column":1849},"end":{"line":29,"column":1869}},"type":"binary-expr","locations":[{"start":{"line":29,"column":1849},"end":{"line":29,"column":1854}},{"start":{"line":29,"column":1856},"end":{"line":29,"column":1869}}],"line":29},"1058":{"loc":{"start":{"line":29,"column":2304},"end":{"line":29,"column":2346}},"type":"binary-expr","locations":[{"start":{"line":29,"column":2304},"end":{"line":29,"column":2324}},{"start":{"line":29,"column":2326},"end":{"line":29,"column":2346}}],"line":29},"1059":{"loc":{"start":{"line":30,"column":164},"end":{"line":30,"column":212}},"type":"cond-expr","locations":[{"start":{"line":30,"column":182},"end":{"line":30,"column":210}},{"start":{"line":30,"column":211},"end":{"line":30,"column":212}}],"line":30},"1060":{"loc":{"start":{"line":30,"column":696},"end":{"line":30,"column":819}},"type":"binary-expr","locations":[{"start":{"line":30,"column":696},"end":{"line":30,"column":713}},{"start":{"line":30,"column":715},"end":{"line":30,"column":819}}],"line":30},"1061":{"loc":{"start":{"line":30,"column":1031},"end":{"line":30,"column":1112}},"type":"cond-expr","locations":[{"start":{"line":30,"column":1053},"end":{"line":30,"column":1054}},{"start":{"line":30,"column":1055},"end":{"line":30,"column":1112}}],"line":30},"1062":{"loc":{"start":{"line":30,"column":1122},"end":{"line":30,"column":1174}},"type":"if","locations":[{"start":{"line":30,"column":1122},"end":{"line":30,"column":1174}},{"start":{},"end":{}}],"line":30},"1063":{"loc":{"start":{"line":30,"column":1230},"end":{"line":30,"column":1289}},"type":"binary-expr","locations":[{"start":{"line":30,"column":1230},"end":{"line":30,"column":1243}},{"start":{"line":30,"column":1245},"end":{"line":30,"column":1289}}],"line":30},"1064":{"loc":{"start":{"line":30,"column":1426},"end":{"line":30,"column":1519}},"type":"binary-expr","locations":[{"start":{"line":30,"column":1426},"end":{"line":30,"column":1439}},{"start":{"line":30,"column":1441},"end":{"line":30,"column":1519}}],"line":30},"1065":{"loc":{"start":{"line":30,"column":1744},"end":{"line":30,"column":1757}},"type":"if","locations":[{"start":{"line":30,"column":1744},"end":{"line":30,"column":1757}},{"start":{},"end":{}}],"line":30},"1066":{"loc":{"start":{"line":30,"column":1787},"end":{"line":30,"column":1898}},"type":"if","locations":[{"start":{"line":30,"column":1787},"end":{"line":30,"column":1898}},{"start":{},"end":{}}],"line":30},"1067":{"loc":{"start":{"line":30,"column":1790},"end":{"line":30,"column":1887}},"type":"cond-expr","locations":[{"start":{"line":30,"column":1811},"end":{"line":30,"column":1832}},{"start":{"line":30,"column":1833},"end":{"line":30,"column":1887}}],"line":30},"1068":{"loc":{"start":{"line":30,"column":1833},"end":{"line":30,"column":1887}},"type":"binary-expr","locations":[{"start":{"line":30,"column":1833},"end":{"line":30,"column":1854}},{"start":{"line":30,"column":1857},"end":{"line":30,"column":1886}}],"line":30},"1069":{"loc":{"start":{"line":30,"column":1939},"end":{"line":30,"column":1984}},"type":"cond-expr","locations":[{"start":{"line":30,"column":1952},"end":{"line":30,"column":1956}},{"start":{"line":30,"column":1957},"end":{"line":30,"column":1984}}],"line":30},"1070":{"loc":{"start":{"line":30,"column":2279},"end":{"line":30,"column":2307}},"type":"if","locations":[{"start":{"line":30,"column":2279},"end":{"line":30,"column":2307}},{"start":{},"end":{}}],"line":30},"1071":{"loc":{"start":{"line":30,"column":2339},"end":{"line":30,"column":2352}},"type":"if","locations":[{"start":{"line":30,"column":2339},"end":{"line":30,"column":2352}},{"start":{},"end":{}}],"line":30},"1072":{"loc":{"start":{"line":30,"column":2423},"end":{"line":30,"column":2436}},"type":"if","locations":[{"start":{"line":30,"column":2423},"end":{"line":30,"column":2436}},{"start":{},"end":{}}],"line":30},"1073":{"loc":{"start":{"line":30,"column":2491},"end":{"line":30,"column":2523}},"type":"if","locations":[{"start":{"line":30,"column":2491},"end":{"line":30,"column":2523}},{"start":{},"end":{}}],"line":30},"1074":{"loc":{"start":{"line":30,"column":2494},"end":{"line":30,"column":2515}},"type":"binary-expr","locations":[{"start":{"line":30,"column":2494},"end":{"line":30,"column":2496}},{"start":{"line":30,"column":2498},"end":{"line":30,"column":2515}}],"line":30},"1075":{"loc":{"start":{"line":30,"column":2552},"end":{"line":30,"column":2565}},"type":"if","locations":[{"start":{"line":30,"column":2552},"end":{"line":30,"column":2565}},{"start":{},"end":{}}],"line":30},"1076":{"loc":{"start":{"line":30,"column":2647},"end":{"line":30,"column":2682}},"type":"if","locations":[{"start":{"line":30,"column":2647},"end":{"line":30,"column":2682}},{"start":{},"end":{}}],"line":30},"1077":{"loc":{"start":{"line":30,"column":2731},"end":{"line":30,"column":2766}},"type":"if","locations":[{"start":{"line":30,"column":2731},"end":{"line":30,"column":2766}},{"start":{},"end":{}}],"line":30},"1078":{"loc":{"start":{"line":30,"column":2903},"end":{"line":30,"column":2959}},"type":"cond-expr","locations":[{"start":{"line":30,"column":2915},"end":{"line":30,"column":2916}},{"start":{"line":30,"column":2917},"end":{"line":30,"column":2959}}],"line":30},"1079":{"loc":{"start":{"line":30,"column":3002},"end":{"line":30,"column":3074}},"type":"if","locations":[{"start":{"line":30,"column":3002},"end":{"line":30,"column":3074}},{"start":{},"end":{}}],"line":30},"1080":{"loc":{"start":{"line":30,"column":3005},"end":{"line":30,"column":3046}},"type":"binary-expr","locations":[{"start":{"line":30,"column":3005},"end":{"line":30,"column":3017}},{"start":{"line":30,"column":3019},"end":{"line":30,"column":3046}}],"line":30},"1081":{"loc":{"start":{"line":30,"column":3158},"end":{"line":30,"column":3217}},"type":"binary-expr","locations":[{"start":{"line":30,"column":3158},"end":{"line":30,"column":3171}},{"start":{"line":30,"column":3173},"end":{"line":30,"column":3217}}],"line":30},"1082":{"loc":{"start":{"line":30,"column":3355},"end":{"line":30,"column":3463}},"type":"binary-expr","locations":[{"start":{"line":30,"column":3355},"end":{"line":30,"column":3368}},{"start":{"line":30,"column":3370},"end":{"line":30,"column":3463}}],"line":30},"1083":{"loc":{"start":{"line":30,"column":3597},"end":{"line":30,"column":3656}},"type":"binary-expr","locations":[{"start":{"line":30,"column":3597},"end":{"line":30,"column":3610}},{"start":{"line":30,"column":3612},"end":{"line":30,"column":3656}}],"line":30},"1084":{"loc":{"start":{"line":30,"column":4030},"end":{"line":30,"column":4636}},"type":"switch","locations":[{"start":{"line":30,"column":4045},"end":{"line":30,"column":4089}},{"start":{"line":30,"column":4089},"end":{"line":30,"column":4125}},{"start":{"line":30,"column":4125},"end":{"line":30,"column":4162}},{"start":{"line":30,"column":4162},"end":{"line":30,"column":4204}},{"start":{"line":30,"column":4204},"end":{"line":30,"column":4246}},{"start":{"line":30,"column":4246},"end":{"line":30,"column":4282}},{"start":{"line":30,"column":4282},"end":{"line":30,"column":4320}},{"start":{"line":30,"column":4320},"end":{"line":30,"column":4364}},{"start":{"line":30,"column":4364},"end":{"line":30,"column":4404}},{"start":{"line":30,"column":4404},"end":{"line":30,"column":4445}},{"start":{"line":30,"column":4445},"end":{"line":30,"column":4479}},{"start":{"line":30,"column":4479},"end":{"line":30,"column":4517}},{"start":{"line":30,"column":4517},"end":{"line":30,"column":4556}},{"start":{"line":30,"column":4556},"end":{"line":30,"column":4584}},{"start":{"line":30,"column":4584},"end":{"line":30,"column":4635}}],"line":30},"1085":{"loc":{"start":{"line":30,"column":4726},"end":{"line":30,"column":4811}},"type":"binary-expr","locations":[{"start":{"line":30,"column":4726},"end":{"line":30,"column":4727}},{"start":{"line":30,"column":4730},"end":{"line":30,"column":4810}}],"line":30},"1086":{"loc":{"start":{"line":30,"column":5091},"end":{"line":30,"column":5205}},"type":"if","locations":[{"start":{"line":30,"column":5091},"end":{"line":30,"column":5205}},{"start":{},"end":{}}],"line":30},"1087":{"loc":{"start":{"line":30,"column":5094},"end":{"line":30,"column":5129}},"type":"binary-expr","locations":[{"start":{"line":30,"column":5094},"end":{"line":30,"column":5095}},{"start":{"line":30,"column":5098},"end":{"line":30,"column":5128}}],"line":30},"1088":{"loc":{"start":{"line":30,"column":5152},"end":{"line":30,"column":5204}},"type":"binary-expr","locations":[{"start":{"line":30,"column":5152},"end":{"line":30,"column":5164}},{"start":{"line":30,"column":5166},"end":{"line":30,"column":5204}}],"line":30},"1089":{"loc":{"start":{"line":30,"column":5319},"end":{"line":30,"column":5370}},"type":"cond-expr","locations":[{"start":{"line":30,"column":5321},"end":{"line":30,"column":5363}},{"start":{"line":30,"column":5364},"end":{"line":30,"column":5370}}],"line":30},"1090":{"loc":{"start":{"line":31,"column":167},"end":{"line":31,"column":280}},"type":"if","locations":[{"start":{"line":31,"column":167},"end":{"line":31,"column":280}},{"start":{},"end":{}}],"line":31},"1091":{"loc":{"start":{"line":31,"column":216},"end":{"line":31,"column":239}},"type":"if","locations":[{"start":{"line":31,"column":216},"end":{"line":31,"column":239}},{"start":{},"end":{}}],"line":31},"1092":{"loc":{"start":{"line":31,"column":239},"end":{"line":31,"column":279}},"type":"if","locations":[{"start":{"line":31,"column":239},"end":{"line":31,"column":279}},{"start":{},"end":{}}],"line":31},"1093":{"loc":{"start":{"line":31,"column":280},"end":{"line":31,"column":326}},"type":"if","locations":[{"start":{"line":31,"column":280},"end":{"line":31,"column":326}},{"start":{},"end":{}}],"line":31},"1094":{"loc":{"start":{"line":31,"column":789},"end":{"line":31,"column":805}},"type":"binary-expr","locations":[{"start":{"line":31,"column":789},"end":{"line":31,"column":801}},{"start":{"line":31,"column":803},"end":{"line":31,"column":805}}],"line":31},"1095":{"loc":{"start":{"line":31,"column":806},"end":{"line":31,"column":838}},"type":"binary-expr","locations":[{"start":{"line":31,"column":806},"end":{"line":31,"column":807}},{"start":{"line":31,"column":810},"end":{"line":31,"column":837}}],"line":31},"1096":{"loc":{"start":{"line":31,"column":860},"end":{"line":31,"column":1063}},"type":"cond-expr","locations":[{"start":{"line":31,"column":862},"end":{"line":31,"column":953}},{"start":{"line":31,"column":954},"end":{"line":31,"column":1063}}],"line":31},"1097":{"loc":{"start":{"line":31,"column":1128},"end":{"line":31,"column":1168}},"type":"binary-expr","locations":[{"start":{"line":31,"column":1128},"end":{"line":31,"column":1140}},{"start":{"line":31,"column":1142},"end":{"line":31,"column":1168}}],"line":31},"1098":{"loc":{"start":{"line":31,"column":1207},"end":{"line":31,"column":1441}},"type":"if","locations":[{"start":{"line":31,"column":1207},"end":{"line":31,"column":1441}},{"start":{"line":31,"column":1270},"end":{"line":31,"column":1441}}],"line":31},"1099":{"loc":{"start":{"line":31,"column":1371},"end":{"line":31,"column":1440}},"type":"if","locations":[{"start":{"line":31,"column":1371},"end":{"line":31,"column":1440}},{"start":{},"end":{}}],"line":31},"1100":{"loc":{"start":{"line":31,"column":1383},"end":{"line":31,"column":1410}},"type":"binary-expr","locations":[{"start":{"line":31,"column":1383},"end":{"line":31,"column":1402}},{"start":{"line":31,"column":1404},"end":{"line":31,"column":1410}}],"line":31},"1101":{"loc":{"start":{"line":31,"column":1666},"end":{"line":31,"column":1867}},"type":"if","locations":[{"start":{"line":31,"column":1666},"end":{"line":31,"column":1867}},{"start":{},"end":{}}],"line":31},"1102":{"loc":{"start":{"line":31,"column":1732},"end":{"line":31,"column":1866}},"type":"switch","locations":[{"start":{"line":31,"column":1753},"end":{"line":31,"column":1791}},{"start":{"line":31,"column":1791},"end":{"line":31,"column":1830}},{"start":{"line":31,"column":1830},"end":{"line":31,"column":1865}}],"line":31},"1103":{"loc":{"start":{"line":31,"column":1951},"end":{"line":31,"column":2024}},"type":"binary-expr","locations":[{"start":{"line":31,"column":1951},"end":{"line":31,"column":1975}},{"start":{"line":31,"column":1977},"end":{"line":31,"column":2024}}],"line":31},"1104":{"loc":{"start":{"line":31,"column":2156},"end":{"line":31,"column":2209}},"type":"binary-expr","locations":[{"start":{"line":31,"column":2156},"end":{"line":31,"column":2180}},{"start":{"line":31,"column":2182},"end":{"line":31,"column":2209}}],"line":31},"1105":{"loc":{"start":{"line":31,"column":2425},"end":{"line":31,"column":2476}},"type":"binary-expr","locations":[{"start":{"line":31,"column":2425},"end":{"line":31,"column":2426}},{"start":{"line":31,"column":2429},"end":{"line":31,"column":2475}}],"line":31},"1106":{"loc":{"start":{"line":31,"column":2647},"end":{"line":31,"column":2761}},"type":"if","locations":[{"start":{"line":31,"column":2647},"end":{"line":31,"column":2761}},{"start":{},"end":{}}],"line":31},"1107":{"loc":{"start":{"line":31,"column":2740},"end":{"line":31,"column":2760}},"type":"binary-expr","locations":[{"start":{"line":31,"column":2740},"end":{"line":31,"column":2741}},{"start":{"line":31,"column":2743},"end":{"line":31,"column":2760}}],"line":31},"1108":{"loc":{"start":{"line":31,"column":2905},"end":{"line":31,"column":2949}},"type":"binary-expr","locations":[{"start":{"line":31,"column":2905},"end":{"line":31,"column":2906}},{"start":{"line":31,"column":2908},"end":{"line":31,"column":2949}}],"line":31},"1109":{"loc":{"start":{"line":31,"column":2950},"end":{"line":31,"column":2975}},"type":"binary-expr","locations":[{"start":{"line":31,"column":2950},"end":{"line":31,"column":2960}},{"start":{"line":31,"column":2962},"end":{"line":31,"column":2975}}],"line":31},"1110":{"loc":{"start":{"line":31,"column":3032},"end":{"line":31,"column":3176}},"type":"cond-expr","locations":[{"start":{"line":31,"column":3077},"end":{"line":31,"column":3135}},{"start":{"line":31,"column":3136},"end":{"line":31,"column":3176}}],"line":31},"1111":{"loc":{"start":{"line":31,"column":3032},"end":{"line":31,"column":3076}},"type":"binary-expr","locations":[{"start":{"line":31,"column":3032},"end":{"line":31,"column":3053}},{"start":{"line":31,"column":3055},"end":{"line":31,"column":3076}}],"line":31},"1112":{"loc":{"start":{"line":31,"column":3250},"end":{"line":31,"column":3263}},"type":"if","locations":[{"start":{"line":31,"column":3250},"end":{"line":31,"column":3263}},{"start":{},"end":{}}],"line":31},"1113":{"loc":{"start":{"line":31,"column":3337},"end":{"line":31,"column":3650}},"type":"if","locations":[{"start":{"line":31,"column":3337},"end":{"line":31,"column":3650}},{"start":{},"end":{}}],"line":31},"1114":{"loc":{"start":{"line":31,"column":3342},"end":{"line":31,"column":3650}},"type":"if","locations":[{"start":{"line":31,"column":3342},"end":{"line":31,"column":3650}},{"start":{"line":31,"column":3566},"end":{"line":31,"column":3650}}],"line":31},"1115":{"loc":{"start":{"line":31,"column":3361},"end":{"line":31,"column":3380}},"type":"binary-expr","locations":[{"start":{"line":31,"column":3361},"end":{"line":31,"column":3362}},{"start":{"line":31,"column":3364},"end":{"line":31,"column":3380}}],"line":31},"1116":{"loc":{"start":{"line":31,"column":3381},"end":{"line":31,"column":3437}},"type":"binary-expr","locations":[{"start":{"line":31,"column":3381},"end":{"line":31,"column":3404}},{"start":{"line":31,"column":3406},"end":{"line":31,"column":3437}}],"line":31},"1117":{"loc":{"start":{"line":31,"column":3673},"end":{"line":31,"column":3720}},"type":"cond-expr","locations":[{"start":{"line":31,"column":3689},"end":{"line":31,"column":3713}},{"start":{"line":31,"column":3714},"end":{"line":31,"column":3720}}],"line":31},"1118":{"loc":{"start":{"line":31,"column":3828},"end":{"line":31,"column":3881}},"type":"binary-expr","locations":[{"start":{"line":31,"column":3828},"end":{"line":31,"column":3829}},{"start":{"line":31,"column":3831},"end":{"line":31,"column":3881}}],"line":31},"1119":{"loc":{"start":{"line":31,"column":4177},"end":{"line":31,"column":4230}},"type":"binary-expr","locations":[{"start":{"line":31,"column":4177},"end":{"line":31,"column":4178}},{"start":{"line":31,"column":4180},"end":{"line":31,"column":4230}}],"line":31},"1120":{"loc":{"start":{"line":31,"column":4307},"end":{"line":31,"column":4486}},"type":"if","locations":[{"start":{"line":31,"column":4307},"end":{"line":31,"column":4486}},{"start":{},"end":{}}],"line":31},"1121":{"loc":{"start":{"line":31,"column":4310},"end":{"line":31,"column":4361}},"type":"binary-expr","locations":[{"start":{"line":31,"column":4310},"end":{"line":31,"column":4327}},{"start":{"line":31,"column":4329},"end":{"line":31,"column":4361}}],"line":31},"1122":{"loc":{"start":{"line":31,"column":4615},"end":{"line":31,"column":4709}},"type":"if","locations":[{"start":{"line":31,"column":4615},"end":{"line":31,"column":4709}},{"start":{},"end":{}}],"line":31},"1123":{"loc":{"start":{"line":31,"column":4682},"end":{"line":31,"column":4708}},"type":"binary-expr","locations":[{"start":{"line":31,"column":4682},"end":{"line":31,"column":4696}},{"start":{"line":31,"column":4699},"end":{"line":31,"column":4707}}],"line":31},"1124":{"loc":{"start":{"line":31,"column":4768},"end":{"line":31,"column":4787}},"type":"binary-expr","locations":[{"start":{"line":31,"column":4768},"end":{"line":31,"column":4769}},{"start":{"line":31,"column":4771},"end":{"line":31,"column":4787}}],"line":31},"1125":{"loc":{"start":{"line":31,"column":4999},"end":{"line":31,"column":5080}},"type":"if","locations":[{"start":{"line":31,"column":4999},"end":{"line":31,"column":5080}},{"start":{},"end":{}}],"line":31},"1126":{"loc":{"start":{"line":31,"column":5059},"end":{"line":31,"column":5079}},"type":"binary-expr","locations":[{"start":{"line":31,"column":5059},"end":{"line":31,"column":5060}},{"start":{"line":31,"column":5062},"end":{"line":31,"column":5079}}],"line":31},"1127":{"loc":{"start":{"line":31,"column":5187},"end":{"line":31,"column":5488}},"type":"cond-expr","locations":[{"start":{"line":31,"column":5219},"end":{"line":31,"column":5413}},{"start":{"line":31,"column":5414},"end":{"line":31,"column":5488}}],"line":31},"1128":{"loc":{"start":{"line":31,"column":5219},"end":{"line":31,"column":5413}},"type":"cond-expr","locations":[{"start":{"line":31,"column":5248},"end":{"line":31,"column":5366}},{"start":{"line":31,"column":5367},"end":{"line":31,"column":5413}}],"line":31},"1129":{"loc":{"start":{"line":31,"column":5653},"end":{"line":31,"column":5763}},"type":"if","locations":[{"start":{"line":31,"column":5653},"end":{"line":31,"column":5763}},{"start":{},"end":{}}],"line":31},"1130":{"loc":{"start":{"line":31,"column":5713},"end":{"line":31,"column":5762}},"type":"binary-expr","locations":[{"start":{"line":31,"column":5713},"end":{"line":31,"column":5714}},{"start":{"line":31,"column":5717},"end":{"line":31,"column":5761}}],"line":31},"1131":{"loc":{"start":{"line":31,"column":5870},"end":{"line":31,"column":6130}},"type":"cond-expr","locations":[{"start":{"line":31,"column":5934},"end":{"line":31,"column":5979}},{"start":{"line":31,"column":5980},"end":{"line":31,"column":6130}}],"line":31},"1132":{"loc":{"start":{"line":31,"column":5870},"end":{"line":31,"column":5933}},"type":"binary-expr","locations":[{"start":{"line":31,"column":5870},"end":{"line":31,"column":5901}},{"start":{"line":31,"column":5903},"end":{"line":31,"column":5933}}],"line":31},"1133":{"loc":{"start":{"line":31,"column":5980},"end":{"line":31,"column":6130}},"type":"cond-expr","locations":[{"start":{"line":31,"column":6011},"end":{"line":31,"column":6056}},{"start":{"line":31,"column":6057},"end":{"line":31,"column":6130}}],"line":31},"1134":{"loc":{"start":{"line":31,"column":6205},"end":{"line":31,"column":6293}},"type":"cond-expr","locations":[{"start":{"line":31,"column":6237},"end":{"line":31,"column":6251}},{"start":{"line":31,"column":6252},"end":{"line":31,"column":6293}}],"line":31},"1135":{"loc":{"start":{"line":31,"column":6347},"end":{"line":31,"column":6405}},"type":"binary-expr","locations":[{"start":{"line":31,"column":6347},"end":{"line":31,"column":6365}},{"start":{"line":31,"column":6367},"end":{"line":31,"column":6405}}],"line":31},"1136":{"loc":{"start":{"line":31,"column":6445},"end":{"line":31,"column":6518}},"type":"binary-expr","locations":[{"start":{"line":31,"column":6445},"end":{"line":31,"column":6457}},{"start":{"line":31,"column":6459},"end":{"line":31,"column":6478}},{"start":{"line":31,"column":6480},"end":{"line":31,"column":6518}}],"line":31},"1137":{"loc":{"start":{"line":31,"column":6558},"end":{"line":31,"column":6632}},"type":"binary-expr","locations":[{"start":{"line":31,"column":6558},"end":{"line":31,"column":6577}},{"start":{"line":31,"column":6579},"end":{"line":31,"column":6592}},{"start":{"line":31,"column":6594},"end":{"line":31,"column":6632}}],"line":31},"1138":{"loc":{"start":{"line":31,"column":6665},"end":{"line":31,"column":6740}},"type":"binary-expr","locations":[{"start":{"line":31,"column":6665},"end":{"line":31,"column":6683}},{"start":{"line":31,"column":6685},"end":{"line":31,"column":6740}}],"line":31},"1139":{"loc":{"start":{"line":31,"column":6827},"end":{"line":31,"column":6874}},"type":"if","locations":[{"start":{"line":31,"column":6827},"end":{"line":31,"column":6874}},{"start":{},"end":{}}],"line":31},"1140":{"loc":{"start":{"line":31,"column":7021},"end":{"line":31,"column":7260}},"type":"cond-expr","locations":[{"start":{"line":31,"column":7026},"end":{"line":31,"column":7076}},{"start":{"line":31,"column":7078},"end":{"line":31,"column":7259}}],"line":31},"1141":{"loc":{"start":{"line":31,"column":7021},"end":{"line":31,"column":7025}},"type":"binary-expr","locations":[{"start":{"line":31,"column":7021},"end":{"line":31,"column":7022}},{"start":{"line":31,"column":7024},"end":{"line":31,"column":7025}}],"line":31},"1142":{"loc":{"start":{"line":31,"column":7095},"end":{"line":31,"column":7259}},"type":"cond-expr","locations":[{"start":{"line":31,"column":7100},"end":{"line":31,"column":7151}},{"start":{"line":31,"column":7153},"end":{"line":31,"column":7258}}],"line":31},"1143":{"loc":{"start":{"line":31,"column":7095},"end":{"line":31,"column":7099}},"type":"binary-expr","locations":[{"start":{"line":31,"column":7095},"end":{"line":31,"column":7096}},{"start":{"line":31,"column":7098},"end":{"line":31,"column":7099}}],"line":31},"1144":{"loc":{"start":{"line":31,"column":7170},"end":{"line":31,"column":7258}},"type":"cond-expr","locations":[{"start":{"line":31,"column":7175},"end":{"line":31,"column":7223}},{"start":{"line":31,"column":7224},"end":{"line":31,"column":7258}}],"line":31},"1145":{"loc":{"start":{"line":31,"column":7170},"end":{"line":31,"column":7174}},"type":"binary-expr","locations":[{"start":{"line":31,"column":7170},"end":{"line":31,"column":7171}},{"start":{"line":31,"column":7173},"end":{"line":31,"column":7174}}],"line":31},"1146":{"loc":{"start":{"line":31,"column":7278},"end":{"line":31,"column":7396}},"type":"if","locations":[{"start":{"line":31,"column":7278},"end":{"line":31,"column":7396}},{"start":{},"end":{}}],"line":31},"1147":{"loc":{"start":{"line":31,"column":7321},"end":{"line":31,"column":7396}},"type":"binary-expr","locations":[{"start":{"line":31,"column":7321},"end":{"line":31,"column":7339}},{"start":{"line":31,"column":7341},"end":{"line":31,"column":7396}}],"line":31},"1148":{"loc":{"start":{"line":31,"column":7435},"end":{"line":31,"column":7482}},"type":"if","locations":[{"start":{"line":31,"column":7435},"end":{"line":31,"column":7482}},{"start":{},"end":{}}],"line":31},"1149":{"loc":{"start":{"line":31,"column":7559},"end":{"line":31,"column":7602}},"type":"cond-expr","locations":[{"start":{"line":31,"column":7561},"end":{"line":31,"column":7586}},{"start":{"line":31,"column":7587},"end":{"line":31,"column":7602}}],"line":31},"1150":{"loc":{"start":{"line":31,"column":7625},"end":{"line":31,"column":7653}},"type":"if","locations":[{"start":{"line":31,"column":7625},"end":{"line":31,"column":7653}},{"start":{},"end":{}}],"line":31},"1151":{"loc":{"start":{"line":31,"column":7790},"end":{"line":31,"column":7810}},"type":"binary-expr","locations":[{"start":{"line":31,"column":7790},"end":{"line":31,"column":7794}},{"start":{"line":31,"column":7796},"end":{"line":31,"column":7799}},{"start":{"line":31,"column":7802},"end":{"line":31,"column":7809}}],"line":31},"1152":{"loc":{"start":{"line":31,"column":7995},"end":{"line":31,"column":8016}},"type":"cond-expr","locations":[{"start":{"line":31,"column":8007},"end":{"line":31,"column":8013}},{"start":{"line":31,"column":8014},"end":{"line":31,"column":8016}}],"line":31},"1153":{"loc":{"start":{"line":31,"column":8019},"end":{"line":31,"column":8040}},"type":"cond-expr","locations":[{"start":{"line":31,"column":8031},"end":{"line":31,"column":8037}},{"start":{"line":31,"column":8038},"end":{"line":31,"column":8040}}],"line":31},"1154":{"loc":{"start":{"line":31,"column":8201},"end":{"line":31,"column":8319}},"type":"cond-expr","locations":[{"start":{"line":31,"column":8208},"end":{"line":31,"column":8248}},{"start":{"line":31,"column":8249},"end":{"line":31,"column":8319}}],"line":31},"1155":{"loc":{"start":{"line":31,"column":8992},"end":{"line":31,"column":9051}},"type":"binary-expr","locations":[{"start":{"line":31,"column":8992},"end":{"line":31,"column":9005}},{"start":{"line":31,"column":9007},"end":{"line":31,"column":9051}}],"line":31},"1156":{"loc":{"start":{"line":32,"column":163},"end":{"line":32,"column":217}},"type":"if","locations":[{"start":{"line":32,"column":163},"end":{"line":32,"column":217}},{"start":{},"end":{}}],"line":32},"1157":{"loc":{"start":{"line":32,"column":217},"end":{"line":32,"column":284}},"type":"if","locations":[{"start":{"line":32,"column":217},"end":{"line":32,"column":284}},{"start":{},"end":{}}],"line":32},"1158":{"loc":{"start":{"line":32,"column":220},"end":{"line":32,"column":259}},"type":"binary-expr","locations":[{"start":{"line":32,"column":220},"end":{"line":32,"column":238}},{"start":{"line":32,"column":240},"end":{"line":32,"column":259}}],"line":32},"1159":{"loc":{"start":{"line":32,"column":284},"end":{"line":32,"column":328}},"type":"if","locations":[{"start":{"line":32,"column":284},"end":{"line":32,"column":328}},{"start":{},"end":{}}],"line":32},"1160":{"loc":{"start":{"line":32,"column":328},"end":{"line":32,"column":361}},"type":"if","locations":[{"start":{"line":32,"column":328},"end":{"line":32,"column":361}},{"start":{},"end":{}}],"line":32},"1161":{"loc":{"start":{"line":32,"column":361},"end":{"line":32,"column":401}},"type":"if","locations":[{"start":{"line":32,"column":361},"end":{"line":32,"column":401}},{"start":{},"end":{}}],"line":32},"1162":{"loc":{"start":{"line":32,"column":401},"end":{"line":32,"column":463}},"type":"if","locations":[{"start":{"line":32,"column":401},"end":{"line":32,"column":463}},{"start":{},"end":{}}],"line":32},"1163":{"loc":{"start":{"line":32,"column":463},"end":{"line":32,"column":596}},"type":"if","locations":[{"start":{"line":32,"column":463},"end":{"line":32,"column":596}},{"start":{},"end":{}}],"line":32},"1164":{"loc":{"start":{"line":32,"column":497},"end":{"line":32,"column":595}},"type":"cond-expr","locations":[{"start":{"line":32,"column":516},"end":{"line":32,"column":554}},{"start":{"line":32,"column":555},"end":{"line":32,"column":595}}],"line":32},"1165":{"loc":{"start":{"line":32,"column":596},"end":{"line":32,"column":694}},"type":"if","locations":[{"start":{"line":32,"column":596},"end":{"line":32,"column":694}},{"start":{},"end":{}}],"line":32},"1166":{"loc":{"start":{"line":32,"column":624},"end":{"line":32,"column":660}},"type":"cond-expr","locations":[{"start":{"line":32,"column":630},"end":{"line":32,"column":645}},{"start":{"line":32,"column":646},"end":{"line":32,"column":660}}],"line":32},"1167":{"loc":{"start":{"line":32,"column":701},"end":{"line":32,"column":896}},"type":"cond-expr","locations":[{"start":{"line":32,"column":717},"end":{"line":32,"column":748}},{"start":{"line":32,"column":749},"end":{"line":32,"column":896}}],"line":32},"1168":{"loc":{"start":{"line":32,"column":749},"end":{"line":32,"column":896}},"type":"cond-expr","locations":[{"start":{"line":32,"column":755},"end":{"line":32,"column":807}},{"start":{"line":32,"column":808},"end":{"line":32,"column":896}}],"line":32},"1169":{"loc":{"start":{"line":32,"column":808},"end":{"line":32,"column":896}},"type":"cond-expr","locations":[{"start":{"line":32,"column":825},"end":{"line":32,"column":830}},{"start":{"line":32,"column":831},"end":{"line":32,"column":896}}],"line":32},"1170":{"loc":{"start":{"line":32,"column":831},"end":{"line":32,"column":896}},"type":"cond-expr","locations":[{"start":{"line":32,"column":850},"end":{"line":32,"column":855}},{"start":{"line":32,"column":856},"end":{"line":32,"column":896}}],"line":32},"1171":{"loc":{"start":{"line":32,"column":989},"end":{"line":32,"column":1007}},"type":"cond-expr","locations":[{"start":{"line":32,"column":1002},"end":{"line":32,"column":1004}},{"start":{"line":32,"column":1005},"end":{"line":32,"column":1007}}],"line":32},"1172":{"loc":{"start":{"line":32,"column":1483},"end":{"line":32,"column":1606}},"type":"cond-expr","locations":[{"start":{"line":32,"column":1530},"end":{"line":32,"column":1531}},{"start":{"line":32,"column":1532},"end":{"line":32,"column":1606}}],"line":32},"1173":{"loc":{"start":{"line":32,"column":1483},"end":{"line":32,"column":1529}},"type":"binary-expr","locations":[{"start":{"line":32,"column":1483},"end":{"line":32,"column":1492}},{"start":{"line":32,"column":1494},"end":{"line":32,"column":1529}}],"line":32},"1174":{"loc":{"start":{"line":32,"column":1496},"end":{"line":32,"column":1528}},"type":"binary-expr","locations":[{"start":{"line":32,"column":1496},"end":{"line":32,"column":1515}},{"start":{"line":32,"column":1517},"end":{"line":32,"column":1528}}],"line":32},"1175":{"loc":{"start":{"line":32,"column":1664},"end":{"line":32,"column":1726}},"type":"cond-expr","locations":[{"start":{"line":32,"column":1673},"end":{"line":32,"column":1676}},{"start":{"line":32,"column":1678},"end":{"line":32,"column":1725}}],"line":32},"1176":{"loc":{"start":{"line":32,"column":1687},"end":{"line":32,"column":1725}},"type":"cond-expr","locations":[{"start":{"line":32,"column":1692},"end":{"line":32,"column":1721}},{"start":{"line":32,"column":1722},"end":{"line":32,"column":1725}}],"line":32},"1177":{"loc":{"start":{"line":32,"column":1803},"end":{"line":32,"column":1909}},"type":"cond-expr","locations":[{"start":{"line":32,"column":1805},"end":{"line":32,"column":1906}},{"start":{"line":32,"column":1907},"end":{"line":32,"column":1909}}],"line":32},"1178":{"loc":{"start":{"line":32,"column":1850},"end":{"line":32,"column":1885}},"type":"cond-expr","locations":[{"start":{"line":32,"column":1852},"end":{"line":32,"column":1882}},{"start":{"line":32,"column":1883},"end":{"line":32,"column":1885}}],"line":32},"1179":{"loc":{"start":{"line":32,"column":1958},"end":{"line":32,"column":1983}},"type":"cond-expr","locations":[{"start":{"line":32,"column":1960},"end":{"line":32,"column":1981}},{"start":{"line":32,"column":1982},"end":{"line":32,"column":1983}}],"line":32},"1180":{"loc":{"start":{"line":32,"column":2001},"end":{"line":32,"column":2016}},"type":"if","locations":[{"start":{"line":32,"column":2001},"end":{"line":32,"column":2016}},{"start":{},"end":{}}],"line":32},"1181":{"loc":{"start":{"line":32,"column":2059},"end":{"line":32,"column":2101}},"type":"if","locations":[{"start":{"line":32,"column":2059},"end":{"line":32,"column":2101}},{"start":{},"end":{}}],"line":32},"1182":{"loc":{"start":{"line":32,"column":2127},"end":{"line":32,"column":2142}},"type":"if","locations":[{"start":{"line":32,"column":2127},"end":{"line":32,"column":2142}},{"start":{},"end":{}}],"line":32},"1183":{"loc":{"start":{"line":32,"column":2185},"end":{"line":32,"column":2232}},"type":"if","locations":[{"start":{"line":32,"column":2185},"end":{"line":32,"column":2232}},{"start":{},"end":{}}],"line":32},"1184":{"loc":{"start":{"line":32,"column":2410},"end":{"line":32,"column":2541}},"type":"cond-expr","locations":[{"start":{"line":32,"column":2432},"end":{"line":32,"column":2501}},{"start":{"line":32,"column":2502},"end":{"line":32,"column":2541}}],"line":32},"1185":{"loc":{"start":{"line":32,"column":2572},"end":{"line":32,"column":2618}},"type":"binary-expr","locations":[{"start":{"line":32,"column":2572},"end":{"line":32,"column":2614}},{"start":{"line":32,"column":2616},"end":{"line":32,"column":2618}}],"line":32},"1186":{"loc":{"start":{"line":32,"column":2667},"end":{"line":32,"column":2682}},"type":"cond-expr","locations":[{"start":{"line":32,"column":2669},"end":{"line":32,"column":2680}},{"start":{"line":32,"column":2681},"end":{"line":32,"column":2682}}],"line":32},"1187":{"loc":{"start":{"line":32,"column":2975},"end":{"line":32,"column":3204}},"type":"cond-expr","locations":[{"start":{"line":32,"column":3058},"end":{"line":32,"column":3097}},{"start":{"line":32,"column":3098},"end":{"line":32,"column":3204}}],"line":32},"1188":{"loc":{"start":{"line":32,"column":2975},"end":{"line":32,"column":3057}},"type":"binary-expr","locations":[{"start":{"line":32,"column":2975},"end":{"line":32,"column":2996}},{"start":{"line":32,"column":2998},"end":{"line":32,"column":3057}}],"line":32},"1189":{"loc":{"start":{"line":32,"column":3000},"end":{"line":32,"column":3056}},"type":"binary-expr","locations":[{"start":{"line":32,"column":3000},"end":{"line":32,"column":3023}},{"start":{"line":32,"column":3025},"end":{"line":32,"column":3056}}],"line":32},"1190":{"loc":{"start":{"line":32,"column":3300},"end":{"line":32,"column":3344}},"type":"binary-expr","locations":[{"start":{"line":32,"column":3300},"end":{"line":32,"column":3340}},{"start":{"line":32,"column":3342},"end":{"line":32,"column":3344}}],"line":32},"1191":{"loc":{"start":{"line":32,"column":3379},"end":{"line":32,"column":3795}},"type":"cond-expr","locations":[{"start":{"line":32,"column":3429},"end":{"line":32,"column":3430}},{"start":{"line":32,"column":3432},"end":{"line":32,"column":3794}}],"line":32},"1192":{"loc":{"start":{"line":32,"column":3379},"end":{"line":32,"column":3428}},"type":"binary-expr","locations":[{"start":{"line":32,"column":3379},"end":{"line":32,"column":3381}},{"start":{"line":32,"column":3383},"end":{"line":32,"column":3428}}],"line":32},"1193":{"loc":{"start":{"line":32,"column":3385},"end":{"line":32,"column":3427}},"type":"binary-expr","locations":[{"start":{"line":32,"column":3385},"end":{"line":32,"column":3389}},{"start":{"line":32,"column":3391},"end":{"line":32,"column":3403}},{"start":{"line":32,"column":3405},"end":{"line":32,"column":3409}},{"start":{"line":32,"column":3411},"end":{"line":32,"column":3427}}],"line":32},"1194":{"loc":{"start":{"line":32,"column":3432},"end":{"line":32,"column":3540}},"type":"binary-expr","locations":[{"start":{"line":32,"column":3432},"end":{"line":32,"column":3445}},{"start":{"line":32,"column":3448},"end":{"line":32,"column":3539}}],"line":32},"1195":{"loc":{"start":{"line":32,"column":3448},"end":{"line":32,"column":3481}},"type":"binary-expr","locations":[{"start":{"line":32,"column":3448},"end":{"line":32,"column":3464}},{"start":{"line":32,"column":3466},"end":{"line":32,"column":3481}}],"line":32},"1196":{"loc":{"start":{"line":32,"column":3482},"end":{"line":32,"column":3539}},"type":"binary-expr","locations":[{"start":{"line":32,"column":3482},"end":{"line":32,"column":3510}},{"start":{"line":32,"column":3512},"end":{"line":32,"column":3539}}],"line":32},"1197":{"loc":{"start":{"line":32,"column":3541},"end":{"line":32,"column":3702}},"type":"binary-expr","locations":[{"start":{"line":32,"column":3541},"end":{"line":32,"column":3552}},{"start":{"line":32,"column":3554},"end":{"line":32,"column":3575}},{"start":{"line":32,"column":3578},"end":{"line":32,"column":3701}}],"line":32},"1198":{"loc":{"start":{"line":32,"column":3578},"end":{"line":32,"column":3627}},"type":"binary-expr","locations":[{"start":{"line":32,"column":3578},"end":{"line":32,"column":3602}},{"start":{"line":32,"column":3604},"end":{"line":32,"column":3627}}],"line":32},"1199":{"loc":{"start":{"line":32,"column":3628},"end":{"line":32,"column":3701}},"type":"binary-expr","locations":[{"start":{"line":32,"column":3628},"end":{"line":32,"column":3664}},{"start":{"line":32,"column":3666},"end":{"line":32,"column":3701}}],"line":32},"1200":{"loc":{"start":{"line":32,"column":3703},"end":{"line":32,"column":3730}},"type":"binary-expr","locations":[{"start":{"line":32,"column":3703},"end":{"line":32,"column":3716}},{"start":{"line":32,"column":3718},"end":{"line":32,"column":3730}}],"line":32},"1201":{"loc":{"start":{"line":32,"column":3731},"end":{"line":32,"column":3782}},"type":"binary-expr","locations":[{"start":{"line":32,"column":3731},"end":{"line":32,"column":3756}},{"start":{"line":32,"column":3758},"end":{"line":32,"column":3782}}],"line":32},"1202":{"loc":{"start":{"line":32,"column":4283},"end":{"line":32,"column":4323}},"type":"binary-expr","locations":[{"start":{"line":32,"column":4283},"end":{"line":32,"column":4319}},{"start":{"line":32,"column":4321},"end":{"line":32,"column":4323}}],"line":32},"1203":{"loc":{"start":{"line":32,"column":4359},"end":{"line":32,"column":4401}},"type":"binary-expr","locations":[{"start":{"line":32,"column":4359},"end":{"line":32,"column":4397}},{"start":{"line":32,"column":4399},"end":{"line":32,"column":4401}}],"line":32},"1204":{"loc":{"start":{"line":32,"column":4556},"end":{"line":32,"column":4630}},"type":"if","locations":[{"start":{"line":32,"column":4556},"end":{"line":32,"column":4630}},{"start":{},"end":{}}],"line":32},"1205":{"loc":{"start":{"line":32,"column":4653},"end":{"line":32,"column":4668}},"type":"cond-expr","locations":[{"start":{"line":32,"column":4664},"end":{"line":32,"column":4666}},{"start":{"line":32,"column":4667},"end":{"line":32,"column":4668}}],"line":32},"1206":{"loc":{"start":{"line":32,"column":5404},"end":{"line":32,"column":5416}},"type":"default-arg","locations":[{"start":{"line":32,"column":5406},"end":{"line":32,"column":5416}}],"line":32},"1207":{"loc":{"start":{"line":32,"column":5767},"end":{"line":32,"column":5795}},"type":"default-arg","locations":[{"start":{"line":32,"column":5793},"end":{"line":32,"column":5795}}],"line":32},"1208":{"loc":{"start":{"line":32,"column":5903},"end":{"line":32,"column":6194}},"type":"cond-expr","locations":[{"start":{"line":32,"column":5906},"end":{"line":32,"column":6183}},{"start":{"line":32,"column":6185},"end":{"line":32,"column":6194}}],"line":32},"1209":{"loc":{"start":{"line":32,"column":5906},"end":{"line":32,"column":6175}},"type":"cond-expr","locations":[{"start":{"line":32,"column":5908},"end":{"line":32,"column":6041}},{"start":{"line":32,"column":6042},"end":{"line":32,"column":6175}}],"line":32},"1210":{"loc":{"start":{"line":32,"column":6042},"end":{"line":32,"column":6175}},"type":"binary-expr","locations":[{"start":{"line":32,"column":6042},"end":{"line":32,"column":6043}},{"start":{"line":32,"column":6045},"end":{"line":32,"column":6175}}],"line":32},"1211":{"loc":{"start":{"line":32,"column":6230},"end":{"line":32,"column":6295}},"type":"binary-expr","locations":[{"start":{"line":32,"column":6230},"end":{"line":32,"column":6243}},{"start":{"line":32,"column":6245},"end":{"line":32,"column":6261}},{"start":{"line":32,"column":6264},"end":{"line":32,"column":6294}}],"line":32},"1212":{"loc":{"start":{"line":32,"column":6296},"end":{"line":32,"column":6308}},"type":"binary-expr","locations":[{"start":{"line":32,"column":6296},"end":{"line":32,"column":6297}},{"start":{"line":32,"column":6299},"end":{"line":32,"column":6308}}],"line":32},"1213":{"loc":{"start":{"line":32,"column":6374},"end":{"line":32,"column":6392}},"type":"if","locations":[{"start":{"line":32,"column":6374},"end":{"line":32,"column":6392}},{"start":{},"end":{}}],"line":32},"1214":{"loc":{"start":{"line":32,"column":6417},"end":{"line":32,"column":6465}},"type":"if","locations":[{"start":{"line":32,"column":6417},"end":{"line":32,"column":6465}},{"start":{},"end":{}}],"line":32},"1215":{"loc":{"start":{"line":32,"column":6428},"end":{"line":32,"column":6446}},"type":"binary-expr","locations":[{"start":{"line":32,"column":6428},"end":{"line":32,"column":6434}},{"start":{"line":32,"column":6436},"end":{"line":32,"column":6446}}],"line":32},"1216":{"loc":{"start":{"line":32,"column":6486},"end":{"line":32,"column":6680}},"type":"if","locations":[{"start":{"line":32,"column":6486},"end":{"line":32,"column":6680}},{"start":{},"end":{}}],"line":32},"1217":{"loc":{"start":{"line":32,"column":6489},"end":{"line":32,"column":6644}},"type":"binary-expr","locations":[{"start":{"line":32,"column":6489},"end":{"line":32,"column":6490}},{"start":{"line":32,"column":6492},"end":{"line":32,"column":6509}},{"start":{"line":32,"column":6511},"end":{"line":32,"column":6644}}],"line":32},"1218":{"loc":{"start":{"line":32,"column":6656},"end":{"line":32,"column":6667}},"type":"cond-expr","locations":[{"start":{"line":32,"column":6663},"end":{"line":32,"column":6665}},{"start":{"line":32,"column":6666},"end":{"line":32,"column":6667}}],"line":32},"1219":{"loc":{"start":{"line":32,"column":6680},"end":{"line":32,"column":6708}},"type":"if","locations":[{"start":{"line":32,"column":6680},"end":{"line":32,"column":6708}},{"start":{},"end":{}}],"line":32},"1220":{"loc":{"start":{"line":32,"column":6843},"end":{"line":32,"column":6861}},"type":"if","locations":[{"start":{"line":32,"column":6843},"end":{"line":32,"column":6861}},{"start":{},"end":{}}],"line":32},"1221":{"loc":{"start":{"line":32,"column":6907},"end":{"line":32,"column":6928}},"type":"binary-expr","locations":[{"start":{"line":32,"column":6907},"end":{"line":32,"column":6913}},{"start":{"line":32,"column":6915},"end":{"line":32,"column":6917}},{"start":{"line":32,"column":6920},"end":{"line":32,"column":6927}}],"line":32},"1222":{"loc":{"start":{"line":32,"column":7024},"end":{"line":32,"column":7042}},"type":"if","locations":[{"start":{"line":32,"column":7024},"end":{"line":32,"column":7042}},{"start":{},"end":{}}],"line":32},"1223":{"loc":{"start":{"line":32,"column":7096},"end":{"line":32,"column":7235}},"type":"if","locations":[{"start":{"line":32,"column":7096},"end":{"line":32,"column":7235}},{"start":{},"end":{}}],"line":32},"1224":{"loc":{"start":{"line":32,"column":7101},"end":{"line":32,"column":7111}},"type":"binary-expr","locations":[{"start":{"line":32,"column":7101},"end":{"line":32,"column":7107}},{"start":{"line":32,"column":7109},"end":{"line":32,"column":7111}}],"line":32},"1225":{"loc":{"start":{"line":32,"column":7114},"end":{"line":32,"column":7161}},"type":"if","locations":[{"start":{"line":32,"column":7114},"end":{"line":32,"column":7161}},{"start":{},"end":{}}],"line":32},"1226":{"loc":{"start":{"line":32,"column":7117},"end":{"line":32,"column":7142}},"type":"binary-expr","locations":[{"start":{"line":32,"column":7117},"end":{"line":32,"column":7123}},{"start":{"line":32,"column":7125},"end":{"line":32,"column":7135}},{"start":{"line":32,"column":7137},"end":{"line":32,"column":7142}}],"line":32},"1227":{"loc":{"start":{"line":32,"column":7161},"end":{"line":32,"column":7222}},"type":"if","locations":[{"start":{"line":32,"column":7161},"end":{"line":32,"column":7222}},{"start":{},"end":{}}],"line":32},"1228":{"loc":{"start":{"line":32,"column":7172},"end":{"line":32,"column":7212}},"type":"cond-expr","locations":[{"start":{"line":32,"column":7191},"end":{"line":32,"column":7204}},{"start":{"line":32,"column":7205},"end":{"line":32,"column":7212}}],"line":32},"1229":{"loc":{"start":{"line":32,"column":7262},"end":{"line":32,"column":7286}},"type":"if","locations":[{"start":{"line":32,"column":7262},"end":{"line":32,"column":7286}},{"start":{},"end":{}}],"line":32},"1230":{"loc":{"start":{"line":32,"column":7286},"end":{"line":32,"column":7358}},"type":"if","locations":[{"start":{"line":32,"column":7286},"end":{"line":32,"column":7358}},{"start":{},"end":{}}],"line":32},"1231":{"loc":{"start":{"line":32,"column":7289},"end":{"line":32,"column":7348}},"type":"binary-expr","locations":[{"start":{"line":32,"column":7289},"end":{"line":32,"column":7307}},{"start":{"line":32,"column":7309},"end":{"line":32,"column":7327}},{"start":{"line":32,"column":7329},"end":{"line":32,"column":7348}}],"line":32},"1232":{"loc":{"start":{"line":32,"column":7358},"end":{"line":32,"column":7419}},"type":"if","locations":[{"start":{"line":32,"column":7358},"end":{"line":32,"column":7419}},{"start":{},"end":{}}],"line":32},"1233":{"loc":{"start":{"line":32,"column":7419},"end":{"line":32,"column":7712}},"type":"if","locations":[{"start":{"line":32,"column":7419},"end":{"line":32,"column":7712}},{"start":{},"end":{}}],"line":32},"1234":{"loc":{"start":{"line":32,"column":7429},"end":{"line":32,"column":7485}},"type":"if","locations":[{"start":{"line":32,"column":7429},"end":{"line":32,"column":7485}},{"start":{},"end":{}}],"line":32},"1235":{"loc":{"start":{"line":32,"column":7712},"end":{"line":32,"column":7756}},"type":"if","locations":[{"start":{"line":32,"column":7712},"end":{"line":32,"column":7756}},{"start":{},"end":{}}],"line":32},"1236":{"loc":{"start":{"line":32,"column":7756},"end":{"line":32,"column":7833}},"type":"if","locations":[{"start":{"line":32,"column":7756},"end":{"line":32,"column":7833}},{"start":{},"end":{}}],"line":32},"1237":{"loc":{"start":{"line":32,"column":7833},"end":{"line":32,"column":7868}},"type":"if","locations":[{"start":{"line":32,"column":7833},"end":{"line":32,"column":7868}},{"start":{},"end":{}}],"line":32},"1238":{"loc":{"start":{"line":32,"column":7868},"end":{"line":32,"column":8002}},"type":"if","locations":[{"start":{"line":32,"column":7868},"end":{"line":32,"column":8002}},{"start":{},"end":{}}],"line":32},"1239":{"loc":{"start":{"line":32,"column":8002},"end":{"line":32,"column":8027}},"type":"if","locations":[{"start":{"line":32,"column":8002},"end":{"line":32,"column":8027}},{"start":{},"end":{}}],"line":32},"1240":{"loc":{"start":{"line":32,"column":8027},"end":{"line":32,"column":8078}},"type":"if","locations":[{"start":{"line":32,"column":8027},"end":{"line":32,"column":8078}},{"start":{},"end":{}}],"line":32},"1241":{"loc":{"start":{"line":32,"column":8078},"end":{"line":32,"column":8215}},"type":"if","locations":[{"start":{"line":32,"column":8078},"end":{"line":32,"column":8215}},{"start":{},"end":{}}],"line":32},"1242":{"loc":{"start":{"line":32,"column":8098},"end":{"line":32,"column":8175}},"type":"if","locations":[{"start":{"line":32,"column":8098},"end":{"line":32,"column":8175}},{"start":{},"end":{}}],"line":32},"1243":{"loc":{"start":{"line":32,"column":8215},"end":{"line":32,"column":8242}},"type":"if","locations":[{"start":{"line":32,"column":8215},"end":{"line":32,"column":8242}},{"start":{},"end":{}}],"line":32},"1244":{"loc":{"start":{"line":32,"column":8242},"end":{"line":32,"column":8279}},"type":"if","locations":[{"start":{"line":32,"column":8242},"end":{"line":32,"column":8279}},{"start":{},"end":{}}],"line":32},"1245":{"loc":{"start":{"line":32,"column":8621},"end":{"line":32,"column":8660}},"type":"if","locations":[{"start":{"line":32,"column":8621},"end":{"line":32,"column":8660}},{"start":{},"end":{}}],"line":32},"1246":{"loc":{"start":{"line":32,"column":8716},"end":{"line":32,"column":8985}},"type":"binary-expr","locations":[{"start":{"line":32,"column":8716},"end":{"line":32,"column":8721}},{"start":{"line":32,"column":8724},"end":{"line":32,"column":8984}}],"line":32},"1247":{"loc":{"start":{"line":32,"column":8724},"end":{"line":32,"column":8984}},"type":"cond-expr","locations":[{"start":{"line":32,"column":8735},"end":{"line":32,"column":8747}},{"start":{"line":32,"column":8748},"end":{"line":32,"column":8984}}],"line":32},"1248":{"loc":{"start":{"line":32,"column":8748},"end":{"line":32,"column":8984}},"type":"binary-expr","locations":[{"start":{"line":32,"column":8748},"end":{"line":32,"column":8793}},{"start":{"line":32,"column":8795},"end":{"line":32,"column":8984}}],"line":32},"1249":{"loc":{"start":{"line":32,"column":9088},"end":{"line":32,"column":9437}},"type":"if","locations":[{"start":{"line":32,"column":9088},"end":{"line":32,"column":9437}},{"start":{},"end":{}}],"line":32},"1250":{"loc":{"start":{"line":32,"column":9091},"end":{"line":32,"column":9108}},"type":"binary-expr","locations":[{"start":{"line":32,"column":9091},"end":{"line":32,"column":9101}},{"start":{"line":32,"column":9103},"end":{"line":32,"column":9108}}],"line":32},"1251":{"loc":{"start":{"line":32,"column":9116},"end":{"line":32,"column":9152}},"type":"cond-expr","locations":[{"start":{"line":32,"column":9127},"end":{"line":32,"column":9138}},{"start":{"line":32,"column":9139},"end":{"line":32,"column":9152}}],"line":32},"1252":{"loc":{"start":{"line":32,"column":9484},"end":{"line":32,"column":9544}},"type":"binary-expr","locations":[{"start":{"line":32,"column":9484},"end":{"line":32,"column":9502}},{"start":{"line":32,"column":9504},"end":{"line":32,"column":9512}},{"start":{"line":32,"column":9514},"end":{"line":32,"column":9544}}],"line":32},"1253":{"loc":{"start":{"line":32,"column":9567},"end":{"line":32,"column":9624}},"type":"binary-expr","locations":[{"start":{"line":32,"column":9567},"end":{"line":32,"column":9585}},{"start":{"line":32,"column":9587},"end":{"line":32,"column":9595}},{"start":{"line":32,"column":9597},"end":{"line":32,"column":9624}}],"line":32},"1254":{"loc":{"start":{"line":32,"column":9642},"end":{"line":32,"column":9809}},"type":"binary-expr","locations":[{"start":{"line":32,"column":9642},"end":{"line":32,"column":9652}},{"start":{"line":32,"column":9654},"end":{"line":32,"column":9699}},{"start":{"line":32,"column":9701},"end":{"line":32,"column":9809}}],"line":32},"1255":{"loc":{"start":{"line":32,"column":9854},"end":{"line":32,"column":10013}},"type":"binary-expr","locations":[{"start":{"line":32,"column":9854},"end":{"line":32,"column":9875}},{"start":{"line":32,"column":9878},"end":{"line":32,"column":10012}}],"line":32},"1256":{"loc":{"start":{"line":32,"column":9895},"end":{"line":32,"column":10012}},"type":"binary-expr","locations":[{"start":{"line":32,"column":9895},"end":{"line":32,"column":9953}},{"start":{"line":32,"column":9955},"end":{"line":32,"column":10012}}],"line":32},"1257":{"loc":{"start":{"line":32,"column":10112},"end":{"line":32,"column":10136}},"type":"binary-expr","locations":[{"start":{"line":32,"column":10112},"end":{"line":32,"column":10132}},{"start":{"line":32,"column":10134},"end":{"line":32,"column":10136}}],"line":32},"1258":{"loc":{"start":{"line":32,"column":10493},"end":{"line":32,"column":10678}},"type":"if","locations":[{"start":{"line":32,"column":10493},"end":{"line":32,"column":10678}},{"start":{},"end":{}}],"line":32},"1259":{"loc":{"start":{"line":32,"column":10498},"end":{"line":32,"column":10539}},"type":"binary-expr","locations":[{"start":{"line":32,"column":10498},"end":{"line":32,"column":10520}},{"start":{"line":32,"column":10522},"end":{"line":32,"column":10539}}],"line":32},"1260":{"loc":{"start":{"line":32,"column":10884},"end":{"line":32,"column":10982}},"type":"if","locations":[{"start":{"line":32,"column":10884},"end":{"line":32,"column":10982}},{"start":{},"end":{}}],"line":32},"1261":{"loc":{"start":{"line":32,"column":11091},"end":{"line":32,"column":11123}},"type":"cond-expr","locations":[{"start":{"line":32,"column":11110},"end":{"line":32,"column":11116}},{"start":{"line":32,"column":11117},"end":{"line":32,"column":11123}}],"line":32},"1262":{"loc":{"start":{"line":32,"column":11240},"end":{"line":32,"column":11350}},"type":"cond-expr","locations":[{"start":{"line":32,"column":11292},"end":{"line":32,"column":11347}},{"start":{"line":32,"column":11348},"end":{"line":32,"column":11350}}],"line":32},"1263":{"loc":{"start":{"line":32,"column":11240},"end":{"line":32,"column":11291}},"type":"binary-expr","locations":[{"start":{"line":32,"column":11240},"end":{"line":32,"column":11261}},{"start":{"line":32,"column":11263},"end":{"line":32,"column":11291}}],"line":32},"1264":{"loc":{"start":{"line":32,"column":11292},"end":{"line":32,"column":11347}},"type":"binary-expr","locations":[{"start":{"line":32,"column":11292},"end":{"line":32,"column":11343}},{"start":{"line":32,"column":11345},"end":{"line":32,"column":11347}}],"line":32},"1265":{"loc":{"start":{"line":32,"column":11375},"end":{"line":32,"column":11845}},"type":"switch","locations":[{"start":{"line":32,"column":11402},"end":{"line":32,"column":11418}},{"start":{"line":32,"column":11418},"end":{"line":32,"column":11441}},{"start":{"line":32,"column":11441},"end":{"line":32,"column":11465}},{"start":{"line":32,"column":11465},"end":{"line":32,"column":11480}},{"start":{"line":32,"column":11480},"end":{"line":32,"column":11493}},{"start":{"line":32,"column":11493},"end":{"line":32,"column":11510}},{"start":{"line":32,"column":11510},"end":{"line":32,"column":11536}},{"start":{"line":32,"column":11536},"end":{"line":32,"column":11549}},{"start":{"line":32,"column":11549},"end":{"line":32,"column":11562}},{"start":{"line":32,"column":11562},"end":{"line":32,"column":11588}},{"start":{"line":32,"column":11588},"end":{"line":32,"column":11610}},{"start":{"line":32,"column":11610},"end":{"line":32,"column":11627}},{"start":{"line":32,"column":11627},"end":{"line":32,"column":11646}},{"start":{"line":32,"column":11646},"end":{"line":32,"column":11666}},{"start":{"line":32,"column":11666},"end":{"line":32,"column":11680}},{"start":{"line":32,"column":11680},"end":{"line":32,"column":11697}},{"start":{"line":32,"column":11697},"end":{"line":32,"column":11714}},{"start":{"line":32,"column":11714},"end":{"line":32,"column":11728}},{"start":{"line":32,"column":11728},"end":{"line":32,"column":11745}},{"start":{"line":32,"column":11745},"end":{"line":32,"column":11757}},{"start":{"line":32,"column":11757},"end":{"line":32,"column":11773}},{"start":{"line":32,"column":11773},"end":{"line":32,"column":11797}},{"start":{"line":32,"column":11797},"end":{"line":32,"column":11844}}],"line":32},"1266":{"loc":{"start":{"line":32,"column":11958},"end":{"line":32,"column":12111}},"type":"if","locations":[{"start":{"line":32,"column":11958},"end":{"line":32,"column":12111}},{"start":{},"end":{}}],"line":32},"1267":{"loc":{"start":{"line":32,"column":12869},"end":{"line":32,"column":12888}},"type":"binary-expr","locations":[{"start":{"line":32,"column":12869},"end":{"line":32,"column":12876}},{"start":{"line":32,"column":12878},"end":{"line":32,"column":12888}}],"line":32},"1268":{"loc":{"start":{"line":32,"column":13049},"end":{"line":32,"column":13212}},"type":"if","locations":[{"start":{"line":32,"column":13049},"end":{"line":32,"column":13212}},{"start":{},"end":{}}],"line":32},"1269":{"loc":{"start":{"line":32,"column":13080},"end":{"line":32,"column":13211}},"type":"cond-expr","locations":[{"start":{"line":32,"column":13093},"end":{"line":32,"column":13136}},{"start":{"line":32,"column":13137},"end":{"line":32,"column":13211}}],"line":32},"1270":{"loc":{"start":{"line":32,"column":13237},"end":{"line":32,"column":13269}},"type":"cond-expr","locations":[{"start":{"line":32,"column":13252},"end":{"line":32,"column":13267}},{"start":{"line":32,"column":13268},"end":{"line":32,"column":13269}}],"line":32},"1271":{"loc":{"start":{"line":32,"column":13398},"end":{"line":32,"column":13599}},"type":"if","locations":[{"start":{"line":32,"column":13398},"end":{"line":32,"column":13599}},{"start":{"line":32,"column":13563},"end":{"line":32,"column":13599}}],"line":32},"1272":{"loc":{"start":{"line":32,"column":14034},"end":{"line":32,"column":14039}},"type":"default-arg","locations":[{"start":{"line":32,"column":14036},"end":{"line":32,"column":14039}}],"line":32},"1273":{"loc":{"start":{"line":32,"column":14040},"end":{"line":32,"column":14044}},"type":"default-arg","locations":[{"start":{"line":32,"column":14042},"end":{"line":32,"column":14044}}],"line":32},"1274":{"loc":{"start":{"line":32,"column":14045},"end":{"line":32,"column":14049}},"type":"default-arg","locations":[{"start":{"line":32,"column":14047},"end":{"line":32,"column":14049}}],"line":32},"1275":{"loc":{"start":{"line":32,"column":14051},"end":{"line":32,"column":14182}},"type":"if","locations":[{"start":{"line":32,"column":14051},"end":{"line":32,"column":14182}},{"start":{},"end":{}}],"line":32},"1276":{"loc":{"start":{"line":32,"column":14880},"end":{"line":32,"column":14908}},"type":"binary-expr","locations":[{"start":{"line":32,"column":14880},"end":{"line":32,"column":14888}},{"start":{"line":32,"column":14890},"end":{"line":32,"column":14908}}],"line":32},"1277":{"loc":{"start":{"line":32,"column":15040},"end":{"line":32,"column":15064}},"type":"if","locations":[{"start":{"line":32,"column":15040},"end":{"line":32,"column":15064}},{"start":{},"end":{}}],"line":32},"1278":{"loc":{"start":{"line":32,"column":15086},"end":{"line":32,"column":15114}},"type":"cond-expr","locations":[{"start":{"line":32,"column":15088},"end":{"line":32,"column":15109}},{"start":{"line":32,"column":15110},"end":{"line":32,"column":15114}}],"line":32},"1279":{"loc":{"start":{"line":32,"column":15125},"end":{"line":32,"column":15146}},"type":"if","locations":[{"start":{"line":32,"column":15125},"end":{"line":32,"column":15146}},{"start":{},"end":{}}],"line":32},"1280":{"loc":{"start":{"line":32,"column":15168},"end":{"line":32,"column":15201}},"type":"cond-expr","locations":[{"start":{"line":32,"column":15170},"end":{"line":32,"column":15184}},{"start":{"line":32,"column":15185},"end":{"line":32,"column":15201}}],"line":32},"1281":{"loc":{"start":{"line":32,"column":15170},"end":{"line":32,"column":15184}},"type":"binary-expr","locations":[{"start":{"line":32,"column":15170},"end":{"line":32,"column":15180}},{"start":{"line":32,"column":15182},"end":{"line":32,"column":15184}}],"line":32},"1282":{"loc":{"start":{"line":32,"column":15330},"end":{"line":32,"column":15414}},"type":"cond-expr","locations":[{"start":{"line":32,"column":15382},"end":{"line":32,"column":15384}},{"start":{"line":32,"column":15386},"end":{"line":32,"column":15413}}],"line":32},"1283":{"loc":{"start":{"line":32,"column":15490},"end":{"line":32,"column":15521}},"type":"if","locations":[{"start":{"line":32,"column":15490},"end":{"line":32,"column":15521}},{"start":{},"end":{}}],"line":32},"1284":{"loc":{"start":{"line":32,"column":15493},"end":{"line":32,"column":15511}},"type":"binary-expr","locations":[{"start":{"line":32,"column":15493},"end":{"line":32,"column":15494}},{"start":{"line":32,"column":15496},"end":{"line":32,"column":15511}}],"line":32},"1285":{"loc":{"start":{"line":32,"column":15543},"end":{"line":32,"column":15612}},"type":"cond-expr","locations":[{"start":{"line":32,"column":15545},"end":{"line":32,"column":15610}},{"start":{"line":32,"column":15611},"end":{"line":32,"column":15612}}],"line":32},"1286":{"loc":{"start":{"line":32,"column":15545},"end":{"line":32,"column":15610}},"type":"cond-expr","locations":[{"start":{"line":32,"column":15569},"end":{"line":32,"column":15607}},{"start":{"line":32,"column":15608},"end":{"line":32,"column":15610}}],"line":32},"1287":{"loc":{"start":{"line":32,"column":15920},"end":{"line":32,"column":15942}},"type":"binary-expr","locations":[{"start":{"line":32,"column":15920},"end":{"line":32,"column":15938}},{"start":{"line":32,"column":15940},"end":{"line":32,"column":15942}}],"line":32},"1288":{"loc":{"start":{"line":32,"column":16068},"end":{"line":32,"column":16134}},"type":"cond-expr","locations":[{"start":{"line":32,"column":16086},"end":{"line":32,"column":16127}},{"start":{"line":32,"column":16128},"end":{"line":32,"column":16134}}],"line":32},"1289":{"loc":{"start":{"line":32,"column":16151},"end":{"line":32,"column":16174}},"type":"if","locations":[{"start":{"line":32,"column":16151},"end":{"line":32,"column":16174}},{"start":{},"end":{}}],"line":32},"1290":{"loc":{"start":{"line":32,"column":16304},"end":{"line":32,"column":16478}},"type":"cond-expr","locations":[{"start":{"line":32,"column":16317},"end":{"line":32,"column":16415}},{"start":{"line":32,"column":16416},"end":{"line":32,"column":16478}}],"line":32},"1291":{"loc":{"start":{"line":32,"column":16518},"end":{"line":33,"column":115}},"type":"binary-expr","locations":[{"start":{"line":32,"column":16519},"end":{"line":32,"column":16535}},{"start":{"line":32,"column":16537},"end":{"line":32,"column":16551}},{"start":{"line":32,"column":16553},"end":{"line":32,"column":16564}},{"start":{"line":32,"column":16567},"end":{"line":32,"column":16584}},{"start":{"line":32,"column":16587},"end":{"line":33,"column":114}}],"line":32},"1292":{"loc":{"start":{"line":34,"column":39},"end":{"line":34,"column":72}},"type":"binary-expr","locations":[{"start":{"line":34,"column":39},"end":{"line":34,"column":44}},{"start":{"line":34,"column":46},"end":{"line":34,"column":51}},{"start":{"line":34,"column":53},"end":{"line":34,"column":58}},{"start":{"line":34,"column":60},"end":{"line":34,"column":65}},{"start":{"line":34,"column":67},"end":{"line":34,"column":72}}],"line":34},"1293":{"loc":{"start":{"line":34,"column":80},"end":{"line":34,"column":92}},"type":"binary-expr","locations":[{"start":{"line":34,"column":80},"end":{"line":34,"column":81}},{"start":{"line":34,"column":83},"end":{"line":34,"column":92}}],"line":34},"1294":{"loc":{"start":{"line":34,"column":318},"end":{"line":34,"column":336}},"type":"if","locations":[{"start":{"line":34,"column":318},"end":{"line":34,"column":336}},{"start":{},"end":{}}],"line":34},"1295":{"loc":{"start":{"line":34,"column":342},"end":{"line":34,"column":374}},"type":"binary-expr","locations":[{"start":{"line":34,"column":342},"end":{"line":34,"column":346}},{"start":{"line":34,"column":348},"end":{"line":34,"column":374}}],"line":34},"1296":{"loc":{"start":{"line":34,"column":377},"end":{"line":34,"column":407}},"type":"binary-expr","locations":[{"start":{"line":34,"column":377},"end":{"line":34,"column":381}},{"start":{"line":34,"column":383},"end":{"line":34,"column":407}}],"line":34},"1297":{"loc":{"start":{"line":34,"column":431},"end":{"line":34,"column":474}},"type":"binary-expr","locations":[{"start":{"line":34,"column":431},"end":{"line":34,"column":432}},{"start":{"line":34,"column":434},"end":{"line":34,"column":441}},{"start":{"line":34,"column":444},"end":{"line":34,"column":473}}],"line":34},"1298":{"loc":{"start":{"line":34,"column":481},"end":{"line":34,"column":492}},"type":"cond-expr","locations":[{"start":{"line":34,"column":483},"end":{"line":34,"column":487}},{"start":{"line":34,"column":488},"end":{"line":34,"column":492}}],"line":34},"1299":{"loc":{"start":{"line":34,"column":504},"end":{"line":34,"column":512}},"type":"binary-expr","locations":[{"start":{"line":34,"column":504},"end":{"line":34,"column":508}},{"start":{"line":34,"column":510},"end":{"line":34,"column":512}}],"line":34},"1300":{"loc":{"start":{"line":34,"column":523},"end":{"line":34,"column":534}},"type":"cond-expr","locations":[{"start":{"line":34,"column":525},"end":{"line":34,"column":531}},{"start":{"line":34,"column":532},"end":{"line":34,"column":534}}],"line":34},"1301":{"loc":{"start":{"line":34,"column":546},"end":{"line":34,"column":561}},"type":"cond-expr","locations":[{"start":{"line":34,"column":551},"end":{"line":34,"column":556}},{"start":{"line":34,"column":557},"end":{"line":34,"column":561}}],"line":34},"1302":{"loc":{"start":{"line":34,"column":569},"end":{"line":34,"column":584}},"type":"cond-expr","locations":[{"start":{"line":34,"column":574},"end":{"line":34,"column":579}},{"start":{"line":34,"column":580},"end":{"line":34,"column":584}}],"line":34},"1303":{"loc":{"start":{"line":34,"column":748},"end":{"line":34,"column":839}},"type":"cond-expr","locations":[{"start":{"line":34,"column":750},"end":{"line":34,"column":834}},{"start":{"line":34,"column":835},"end":{"line":34,"column":839}}],"line":34},"1304":{"loc":{"start":{"line":34,"column":772},"end":{"line":34,"column":780}},"type":"binary-expr","locations":[{"start":{"line":34,"column":772},"end":{"line":34,"column":776}},{"start":{"line":34,"column":778},"end":{"line":34,"column":780}}],"line":34},"1305":{"loc":{"start":{"line":34,"column":818},"end":{"line":34,"column":833}},"type":"cond-expr","locations":[{"start":{"line":34,"column":823},"end":{"line":34,"column":828}},{"start":{"line":34,"column":829},"end":{"line":34,"column":833}}],"line":34},"1306":{"loc":{"start":{"line":34,"column":1064},"end":{"line":34,"column":1082}},"type":"if","locations":[{"start":{"line":34,"column":1064},"end":{"line":34,"column":1082}},{"start":{},"end":{}}],"line":34},"1307":{"loc":{"start":{"line":34,"column":1088},"end":{"line":34,"column":1120}},"type":"binary-expr","locations":[{"start":{"line":34,"column":1088},"end":{"line":34,"column":1092}},{"start":{"line":34,"column":1094},"end":{"line":34,"column":1120}}],"line":34},"1308":{"loc":{"start":{"line":34,"column":1144},"end":{"line":34,"column":1187}},"type":"binary-expr","locations":[{"start":{"line":34,"column":1144},"end":{"line":34,"column":1145}},{"start":{"line":34,"column":1147},"end":{"line":34,"column":1154}},{"start":{"line":34,"column":1157},"end":{"line":34,"column":1186}}],"line":34},"1309":{"loc":{"start":{"line":34,"column":1210},"end":{"line":34,"column":1218}},"type":"binary-expr","locations":[{"start":{"line":34,"column":1210},"end":{"line":34,"column":1214}},{"start":{"line":34,"column":1216},"end":{"line":34,"column":1218}}],"line":34},"1310":{"loc":{"start":{"line":34,"column":1229},"end":{"line":34,"column":1252}},"type":"cond-expr","locations":[{"start":{"line":34,"column":1234},"end":{"line":34,"column":1249}},{"start":{"line":34,"column":1250},"end":{"line":34,"column":1252}}],"line":34},"1311":{"loc":{"start":{"line":34,"column":1264},"end":{"line":34,"column":1279}},"type":"cond-expr","locations":[{"start":{"line":34,"column":1269},"end":{"line":34,"column":1274}},{"start":{"line":34,"column":1275},"end":{"line":34,"column":1279}}],"line":34},"1312":{"loc":{"start":{"line":34,"column":1287},"end":{"line":34,"column":1302}},"type":"cond-expr","locations":[{"start":{"line":34,"column":1292},"end":{"line":34,"column":1297}},{"start":{"line":34,"column":1298},"end":{"line":34,"column":1302}}],"line":34},"1313":{"loc":{"start":{"line":34,"column":1413},"end":{"line":34,"column":1504}},"type":"cond-expr","locations":[{"start":{"line":34,"column":1415},"end":{"line":34,"column":1499}},{"start":{"line":34,"column":1500},"end":{"line":34,"column":1504}}],"line":34},"1314":{"loc":{"start":{"line":34,"column":1437},"end":{"line":34,"column":1445}},"type":"binary-expr","locations":[{"start":{"line":34,"column":1437},"end":{"line":34,"column":1441}},{"start":{"line":34,"column":1443},"end":{"line":34,"column":1445}}],"line":34},"1315":{"loc":{"start":{"line":34,"column":1483},"end":{"line":34,"column":1498}},"type":"cond-expr","locations":[{"start":{"line":34,"column":1488},"end":{"line":34,"column":1493}},{"start":{"line":34,"column":1494},"end":{"line":34,"column":1498}}],"line":34},"1316":{"loc":{"start":{"line":34,"column":1647},"end":{"line":34,"column":1738}},"type":"cond-expr","locations":[{"start":{"line":34,"column":1649},"end":{"line":34,"column":1733}},{"start":{"line":34,"column":1734},"end":{"line":34,"column":1738}}],"line":34},"1317":{"loc":{"start":{"line":34,"column":1671},"end":{"line":34,"column":1679}},"type":"binary-expr","locations":[{"start":{"line":34,"column":1671},"end":{"line":34,"column":1675}},{"start":{"line":34,"column":1677},"end":{"line":34,"column":1679}}],"line":34},"1318":{"loc":{"start":{"line":34,"column":1717},"end":{"line":34,"column":1732}},"type":"cond-expr","locations":[{"start":{"line":34,"column":1722},"end":{"line":34,"column":1727}},{"start":{"line":34,"column":1728},"end":{"line":34,"column":1732}}],"line":34},"1319":{"loc":{"start":{"line":34,"column":1870},"end":{"line":34,"column":1888}},"type":"if","locations":[{"start":{"line":34,"column":1870},"end":{"line":34,"column":1888}},{"start":{},"end":{}}],"line":34},"1320":{"loc":{"start":{"line":34,"column":1909},"end":{"line":34,"column":1929}},"type":"if","locations":[{"start":{"line":34,"column":1909},"end":{"line":34,"column":1929}},{"start":{},"end":{}}],"line":34},"1321":{"loc":{"start":{"line":34,"column":1953},"end":{"line":34,"column":2348}},"type":"binary-expr","locations":[{"start":{"line":34,"column":1953},"end":{"line":34,"column":1970}},{"start":{"line":34,"column":1972},"end":{"line":34,"column":1994}},{"start":{"line":34,"column":1996},"end":{"line":34,"column":2040}},{"start":{"line":34,"column":2042},"end":{"line":34,"column":2075}},{"start":{"line":34,"column":2077},"end":{"line":34,"column":2111}},{"start":{"line":34,"column":2113},"end":{"line":34,"column":2144}},{"start":{"line":34,"column":2146},"end":{"line":34,"column":2181}},{"start":{"line":34,"column":2183},"end":{"line":34,"column":2209}},{"start":{"line":34,"column":2211},"end":{"line":34,"column":2241}},{"start":{"line":34,"column":2243},"end":{"line":34,"column":2280}},{"start":{"line":34,"column":2282},"end":{"line":34,"column":2314}},{"start":{"line":34,"column":2316},"end":{"line":34,"column":2348}}],"line":34},"1322":{"loc":{"start":{"line":34,"column":2357},"end":{"line":34,"column":2437}},"type":"cond-expr","locations":[{"start":{"line":34,"column":2369},"end":{"line":34,"column":2373}},{"start":{"line":34,"column":2374},"end":{"line":34,"column":2437}}],"line":34},"1323":{"loc":{"start":{"line":34,"column":2357},"end":{"line":34,"column":2368}},"type":"binary-expr","locations":[{"start":{"line":34,"column":2357},"end":{"line":34,"column":2359}},{"start":{"line":34,"column":2361},"end":{"line":34,"column":2368}}],"line":34},"1324":{"loc":{"start":{"line":34,"column":2462},"end":{"line":34,"column":2561}},"type":"cond-expr","locations":[{"start":{"line":34,"column":2476},"end":{"line":34,"column":2554}},{"start":{"line":34,"column":2555},"end":{"line":34,"column":2561}}],"line":34},"1325":{"loc":{"start":{"line":34,"column":2476},"end":{"line":34,"column":2554}},"type":"cond-expr","locations":[{"start":{"line":34,"column":2527},"end":{"line":34,"column":2547}},{"start":{"line":34,"column":2548},"end":{"line":34,"column":2554}}],"line":34},"1326":{"loc":{"start":{"line":34,"column":2476},"end":{"line":34,"column":2526}},"type":"binary-expr","locations":[{"start":{"line":34,"column":2476},"end":{"line":34,"column":2511}},{"start":{"line":34,"column":2513},"end":{"line":34,"column":2526}}],"line":34},"1327":{"loc":{"start":{"line":34,"column":2625},"end":{"line":34,"column":2629}},"type":"default-arg","locations":[{"start":{"line":34,"column":2627},"end":{"line":34,"column":2629}}],"line":34},"1328":{"loc":{"start":{"line":34,"column":2687},"end":{"line":34,"column":2731}},"type":"cond-expr","locations":[{"start":{"line":34,"column":2702},"end":{"line":34,"column":2724}},{"start":{"line":34,"column":2725},"end":{"line":34,"column":2731}}],"line":34},"1329":{"loc":{"start":{"line":34,"column":2760},"end":{"line":34,"column":2764}},"type":"default-arg","locations":[{"start":{"line":34,"column":2762},"end":{"line":34,"column":2764}}],"line":34},"1330":{"loc":{"start":{"line":34,"column":2773},"end":{"line":34,"column":2831}},"type":"cond-expr","locations":[{"start":{"line":34,"column":2800},"end":{"line":34,"column":2829}},{"start":{"line":34,"column":2830},"end":{"line":34,"column":2831}}],"line":34},"1331":{"loc":{"start":{"line":34,"column":2844},"end":{"line":34,"column":2848}},"type":"default-arg","locations":[{"start":{"line":34,"column":2846},"end":{"line":34,"column":2848}}],"line":34},"1332":{"loc":{"start":{"line":34,"column":2861},"end":{"line":34,"column":2913}},"type":"binary-expr","locations":[{"start":{"line":34,"column":2861},"end":{"line":34,"column":2887}},{"start":{"line":34,"column":2890},"end":{"line":34,"column":2912}}],"line":34},"1333":{"loc":{"start":{"line":34,"column":3017},"end":{"line":34,"column":3021}},"type":"default-arg","locations":[{"start":{"line":34,"column":3019},"end":{"line":34,"column":3021}}],"line":34},"1334":{"loc":{"start":{"line":34,"column":3051},"end":{"line":34,"column":3117}},"type":"cond-expr","locations":[{"start":{"line":34,"column":3070},"end":{"line":34,"column":3089}},{"start":{"line":34,"column":3090},"end":{"line":34,"column":3117}}],"line":34},"1335":{"loc":{"start":{"line":34,"column":3130},"end":{"line":34,"column":3134}},"type":"default-arg","locations":[{"start":{"line":34,"column":3132},"end":{"line":34,"column":3134}}],"line":34},"1336":{"loc":{"start":{"line":34,"column":3143},"end":{"line":34,"column":3211}},"type":"cond-expr","locations":[{"start":{"line":34,"column":3169},"end":{"line":34,"column":3187}},{"start":{"line":34,"column":3188},"end":{"line":34,"column":3211}}],"line":34},"1337":{"loc":{"start":{"line":34,"column":3300},"end":{"line":34,"column":3304}},"type":"default-arg","locations":[{"start":{"line":34,"column":3302},"end":{"line":34,"column":3304}}],"line":34},"1338":{"loc":{"start":{"line":34,"column":3318},"end":{"line":34,"column":3444}},"type":"if","locations":[{"start":{"line":34,"column":3318},"end":{"line":34,"column":3444}},{"start":{"line":34,"column":3401},"end":{"line":34,"column":3444}}],"line":34},"1339":{"loc":{"start":{"line":34,"column":3359},"end":{"line":34,"column":3395}},"type":"binary-expr","locations":[{"start":{"line":34,"column":3359},"end":{"line":34,"column":3377}},{"start":{"line":34,"column":3380},"end":{"line":34,"column":3394}}],"line":34},"1340":{"loc":{"start":{"line":34,"column":3401},"end":{"line":34,"column":3443}},"type":"binary-expr","locations":[{"start":{"line":34,"column":3401},"end":{"line":34,"column":3422}},{"start":{"line":34,"column":3425},"end":{"line":34,"column":3442}}],"line":34},"1341":{"loc":{"start":{"line":34,"column":3465},"end":{"line":34,"column":3469}},"type":"default-arg","locations":[{"start":{"line":34,"column":3467},"end":{"line":34,"column":3469}}],"line":34},"1342":{"loc":{"start":{"line":34,"column":3482},"end":{"line":34,"column":3549}},"type":"binary-expr","locations":[{"start":{"line":34,"column":3482},"end":{"line":34,"column":3509}},{"start":{"line":34,"column":3511},"end":{"line":34,"column":3549}}],"line":34},"1343":{"loc":{"start":{"line":34,"column":3650},"end":{"line":34,"column":3687}},"type":"if","locations":[{"start":{"line":34,"column":3650},"end":{"line":34,"column":3687}},{"start":{},"end":{}}],"line":34},"1344":{"loc":{"start":{"line":34,"column":3687},"end":{"line":34,"column":3720}},"type":"if","locations":[{"start":{"line":34,"column":3687},"end":{"line":34,"column":3720}},{"start":{},"end":{}}],"line":34},"1345":{"loc":{"start":{"line":34,"column":3720},"end":{"line":34,"column":3754}},"type":"if","locations":[{"start":{"line":34,"column":3720},"end":{"line":34,"column":3754}},{"start":{},"end":{}}],"line":34},"1346":{"loc":{"start":{"line":34,"column":3859},"end":{"line":34,"column":3901}},"type":"if","locations":[{"start":{"line":34,"column":3859},"end":{"line":34,"column":3901}},{"start":{},"end":{}}],"line":34},"1347":{"loc":{"start":{"line":34,"column":3862},"end":{"line":34,"column":3888}},"type":"binary-expr","locations":[{"start":{"line":34,"column":3862},"end":{"line":34,"column":3868}},{"start":{"line":34,"column":3870},"end":{"line":34,"column":3888}}],"line":34},"1348":{"loc":{"start":{"line":34,"column":3912},"end":{"line":34,"column":3967}},"type":"if","locations":[{"start":{"line":34,"column":3912},"end":{"line":34,"column":3967}},{"start":{},"end":{}}],"line":34},"1349":{"loc":{"start":{"line":34,"column":4003},"end":{"line":34,"column":4034}},"type":"cond-expr","locations":[{"start":{"line":34,"column":4020},"end":{"line":34,"column":4021}},{"start":{"line":34,"column":4022},"end":{"line":34,"column":4034}}],"line":34},"1350":{"loc":{"start":{"line":34,"column":4065},"end":{"line":34,"column":4072}},"type":"binary-expr","locations":[{"start":{"line":34,"column":4065},"end":{"line":34,"column":4066}},{"start":{"line":34,"column":4068},"end":{"line":34,"column":4072}}],"line":34},"1351":{"loc":{"start":{"line":34,"column":4189},"end":{"line":34,"column":4232}},"type":"cond-expr","locations":[{"start":{"line":34,"column":4212},"end":{"line":34,"column":4214}},{"start":{"line":34,"column":4215},"end":{"line":34,"column":4232}}],"line":34},"1352":{"loc":{"start":{"line":34,"column":4189},"end":{"line":34,"column":4211}},"type":"binary-expr","locations":[{"start":{"line":34,"column":4189},"end":{"line":34,"column":4199}},{"start":{"line":34,"column":4201},"end":{"line":34,"column":4211}}],"line":34},"1353":{"loc":{"start":{"line":34,"column":4259},"end":{"line":34,"column":4289}},"type":"cond-expr","locations":[{"start":{"line":34,"column":4270},"end":{"line":34,"column":4275}},{"start":{"line":34,"column":4276},"end":{"line":34,"column":4289}}],"line":34},"1354":{"loc":{"start":{"line":34,"column":4270},"end":{"line":34,"column":4275}},"type":"binary-expr","locations":[{"start":{"line":34,"column":4270},"end":{"line":34,"column":4271}},{"start":{"line":34,"column":4273},"end":{"line":34,"column":4275}}],"line":34},"1355":{"loc":{"start":{"line":34,"column":4283},"end":{"line":34,"column":4288}},"type":"binary-expr","locations":[{"start":{"line":34,"column":4283},"end":{"line":34,"column":4284}},{"start":{"line":34,"column":4286},"end":{"line":34,"column":4288}}],"line":34},"1356":{"loc":{"start":{"line":34,"column":4525},"end":{"line":34,"column":4555}},"type":"if","locations":[{"start":{"line":34,"column":4525},"end":{"line":34,"column":4555}},{"start":{},"end":{}}],"line":34},"1357":{"loc":{"start":{"line":34,"column":4931},"end":{"line":34,"column":4973}},"type":"binary-expr","locations":[{"start":{"line":34,"column":4931},"end":{"line":34,"column":4969}},{"start":{"line":34,"column":4971},"end":{"line":34,"column":4973}}],"line":34},"1358":{"loc":{"start":{"line":34,"column":5447},"end":{"line":34,"column":5493}},"type":"cond-expr","locations":[{"start":{"line":34,"column":5462},"end":{"line":34,"column":5471}},{"start":{"line":34,"column":5472},"end":{"line":34,"column":5493}}],"line":34},"1359":{"loc":{"start":{"line":34,"column":5472},"end":{"line":34,"column":5493}},"type":"cond-expr","locations":[{"start":{"line":34,"column":5478},"end":{"line":34,"column":5487}},{"start":{"line":34,"column":5488},"end":{"line":34,"column":5493}}],"line":34},"1360":{"loc":{"start":{"line":34,"column":5835},"end":{"line":34,"column":5851}},"type":"binary-expr","locations":[{"start":{"line":34,"column":5835},"end":{"line":34,"column":5836}},{"start":{"line":34,"column":5838},"end":{"line":34,"column":5851}}],"line":34},"1361":{"loc":{"start":{"line":34,"column":6193},"end":{"line":34,"column":6250}},"type":"if","locations":[{"start":{"line":34,"column":6193},"end":{"line":34,"column":6250}},{"start":{},"end":{}}],"line":34},"1362":{"loc":{"start":{"line":34,"column":6250},"end":{"line":34,"column":6306}},"type":"if","locations":[{"start":{"line":34,"column":6250},"end":{"line":34,"column":6306}},{"start":{},"end":{}}],"line":34},"1363":{"loc":{"start":{"line":34,"column":6333},"end":{"line":34,"column":6372}},"type":"if","locations":[{"start":{"line":34,"column":6333},"end":{"line":34,"column":6372}},{"start":{},"end":{}}],"line":34},"1364":{"loc":{"start":{"line":34,"column":6398},"end":{"line":34,"column":6411}},"type":"cond-expr","locations":[{"start":{"line":34,"column":6404},"end":{"line":34,"column":6409}},{"start":{"line":34,"column":6410},"end":{"line":34,"column":6411}}],"line":34},"1365":{"loc":{"start":{"line":34,"column":6427},"end":{"line":34,"column":6466}},"type":"if","locations":[{"start":{"line":34,"column":6427},"end":{"line":34,"column":6466}},{"start":{},"end":{}}],"line":34},"1366":{"loc":{"start":{"line":34,"column":6466},"end":{"line":34,"column":6614}},"type":"if","locations":[{"start":{"line":34,"column":6466},"end":{"line":34,"column":6614}},{"start":{},"end":{}}],"line":34},"1367":{"loc":{"start":{"line":34,"column":6898},"end":{"line":34,"column":6913}},"type":"if","locations":[{"start":{"line":34,"column":6898},"end":{"line":34,"column":6913}},{"start":{},"end":{}}],"line":34},"1368":{"loc":{"start":{"line":34,"column":6958},"end":{"line":34,"column":7133}},"type":"if","locations":[{"start":{"line":34,"column":6958},"end":{"line":34,"column":7133}},{"start":{"line":34,"column":7047},"end":{"line":34,"column":7133}}],"line":34},"1369":{"loc":{"start":{"line":34,"column":6964},"end":{"line":34,"column":6986}},"type":"if","locations":[{"start":{"line":34,"column":6964},"end":{"line":34,"column":6986}},{"start":{},"end":{}}],"line":34},"1370":{"loc":{"start":{"line":34,"column":7016},"end":{"line":34,"column":7041}},"type":"binary-expr","locations":[{"start":{"line":34,"column":7016},"end":{"line":34,"column":7026}},{"start":{"line":34,"column":7028},"end":{"line":34,"column":7041}}],"line":34},"1371":{"loc":{"start":{"line":34,"column":7047},"end":{"line":34,"column":7133}},"type":"if","locations":[{"start":{"line":34,"column":7047},"end":{"line":34,"column":7133}},{"start":{},"end":{}}],"line":34},"1372":{"loc":{"start":{"line":34,"column":7053},"end":{"line":34,"column":7076}},"type":"if","locations":[{"start":{"line":34,"column":7053},"end":{"line":34,"column":7076}},{"start":{},"end":{}}],"line":34},"1373":{"loc":{"start":{"line":34,"column":7107},"end":{"line":34,"column":7132}},"type":"binary-expr","locations":[{"start":{"line":34,"column":7107},"end":{"line":34,"column":7117}},{"start":{"line":34,"column":7119},"end":{"line":34,"column":7132}}],"line":34},"1374":{"loc":{"start":{"line":34,"column":7133},"end":{"line":34,"column":7169}},"type":"binary-expr","locations":[{"start":{"line":34,"column":7133},"end":{"line":34,"column":7146}},{"start":{"line":34,"column":7148},"end":{"line":34,"column":7169}}],"line":34},"1375":{"loc":{"start":{"line":34,"column":7177},"end":{"line":34,"column":7219}},"type":"cond-expr","locations":[{"start":{"line":34,"column":7200},"end":{"line":34,"column":7217}},{"start":{"line":34,"column":7218},"end":{"line":34,"column":7219}}],"line":34},"1376":{"loc":{"start":{"line":34,"column":7177},"end":{"line":34,"column":7199}},"type":"binary-expr","locations":[{"start":{"line":34,"column":7177},"end":{"line":34,"column":7187}},{"start":{"line":34,"column":7189},"end":{"line":34,"column":7199}}],"line":34},"1377":{"loc":{"start":{"line":34,"column":7392},"end":{"line":34,"column":7520}},"type":"if","locations":[{"start":{"line":34,"column":7392},"end":{"line":34,"column":7520}},{"start":{},"end":{}}],"line":34},"1378":{"loc":{"start":{"line":34,"column":7526},"end":{"line":34,"column":7537}},"type":"binary-expr","locations":[{"start":{"line":34,"column":7526},"end":{"line":34,"column":7534}},{"start":{"line":34,"column":7536},"end":{"line":34,"column":7537}}],"line":34},"1379":{"loc":{"start":{"line":34,"column":7545},"end":{"line":34,"column":7643}},"type":"binary-expr","locations":[{"start":{"line":34,"column":7545},"end":{"line":34,"column":7554}},{"start":{"line":34,"column":7556},"end":{"line":34,"column":7643}}],"line":34},"1380":{"loc":{"start":{"line":34,"column":7644},"end":{"line":34,"column":7740}},"type":"binary-expr","locations":[{"start":{"line":34,"column":7644},"end":{"line":34,"column":7652}},{"start":{"line":34,"column":7654},"end":{"line":34,"column":7740}}],"line":34},"1381":{"loc":{"start":{"line":34,"column":7866},"end":{"line":34,"column":7900}},"type":"if","locations":[{"start":{"line":34,"column":7866},"end":{"line":34,"column":7900}},{"start":{},"end":{}}],"line":34},"1382":{"loc":{"start":{"line":34,"column":7869},"end":{"line":34,"column":7890}},"type":"binary-expr","locations":[{"start":{"line":34,"column":7869},"end":{"line":34,"column":7871}},{"start":{"line":34,"column":7873},"end":{"line":34,"column":7883}},{"start":{"line":34,"column":7885},"end":{"line":34,"column":7890}}],"line":34},"1383":{"loc":{"start":{"line":34,"column":7945},"end":{"line":34,"column":7996}},"type":"if","locations":[{"start":{"line":34,"column":7945},"end":{"line":34,"column":7996}},{"start":{},"end":{}}],"line":34},"1384":{"loc":{"start":{"line":34,"column":7948},"end":{"line":34,"column":7986}},"type":"binary-expr","locations":[{"start":{"line":34,"column":7948},"end":{"line":34,"column":7950}},{"start":{"line":34,"column":7952},"end":{"line":34,"column":7969}},{"start":{"line":34,"column":7971},"end":{"line":34,"column":7986}}],"line":34},"1385":{"loc":{"start":{"line":34,"column":8002},"end":{"line":34,"column":8025}},"type":"cond-expr","locations":[{"start":{"line":34,"column":8021},"end":{"line":34,"column":8022}},{"start":{"line":34,"column":8023},"end":{"line":34,"column":8025}}],"line":34},"1386":{"loc":{"start":{"line":34,"column":8198},"end":{"line":34,"column":8448}},"type":"cond-expr","locations":[{"start":{"line":34,"column":8253},"end":{"line":34,"column":8254}},{"start":{"line":34,"column":8255},"end":{"line":34,"column":8448}}],"line":34},"1387":{"loc":{"start":{"line":34,"column":8198},"end":{"line":34,"column":8252}},"type":"binary-expr","locations":[{"start":{"line":34,"column":8198},"end":{"line":34,"column":8209}},{"start":{"line":34,"column":8211},"end":{"line":34,"column":8218}},{"start":{"line":34,"column":8220},"end":{"line":34,"column":8238}},{"start":{"line":34,"column":8240},"end":{"line":34,"column":8252}}],"line":34},"1388":{"loc":{"start":{"line":34,"column":8273},"end":{"line":34,"column":8278}},"type":"binary-expr","locations":[{"start":{"line":34,"column":8273},"end":{"line":34,"column":8274}},{"start":{"line":34,"column":8276},"end":{"line":34,"column":8278}}],"line":34},"1389":{"loc":{"start":{"line":34,"column":8393},"end":{"line":34,"column":8430}},"type":"cond-expr","locations":[{"start":{"line":34,"column":8402},"end":{"line":34,"column":8408}},{"start":{"line":34,"column":8409},"end":{"line":34,"column":8430}}],"line":34},"1390":{"loc":{"start":{"line":34,"column":8543},"end":{"line":34,"column":8575}},"type":"if","locations":[{"start":{"line":34,"column":8543},"end":{"line":34,"column":8575}},{"start":{},"end":{}}],"line":34},"1391":{"loc":{"start":{"line":34,"column":8575},"end":{"line":34,"column":8597}},"type":"if","locations":[{"start":{"line":34,"column":8575},"end":{"line":34,"column":8597}},{"start":{},"end":{}}],"line":34},"1392":{"loc":{"start":{"line":34,"column":8597},"end":{"line":34,"column":8681}},"type":"if","locations":[{"start":{"line":34,"column":8597},"end":{"line":34,"column":8681}},{"start":{},"end":{}}],"line":34},"1393":{"loc":{"start":{"line":34,"column":8837},"end":{"line":34,"column":8901}},"type":"if","locations":[{"start":{"line":34,"column":8837},"end":{"line":34,"column":8901}},{"start":{},"end":{}}],"line":34},"1394":{"loc":{"start":{"line":34,"column":8840},"end":{"line":34,"column":8891}},"type":"binary-expr","locations":[{"start":{"line":34,"column":8840},"end":{"line":34,"column":8858}},{"start":{"line":34,"column":8860},"end":{"line":34,"column":8867}},{"start":{"line":34,"column":8869},"end":{"line":34,"column":8884}},{"start":{"line":34,"column":8886},"end":{"line":34,"column":8891}}],"line":34},"1395":{"loc":{"start":{"line":34,"column":8901},"end":{"line":34,"column":8937}},"type":"if","locations":[{"start":{"line":34,"column":8901},"end":{"line":34,"column":8937}},{"start":{},"end":{}}],"line":34},"1396":{"loc":{"start":{"line":34,"column":8937},"end":{"line":34,"column":8966}},"type":"if","locations":[{"start":{"line":34,"column":8937},"end":{"line":34,"column":8966}},{"start":{},"end":{}}],"line":34},"1397":{"loc":{"start":{"line":34,"column":8966},"end":{"line":34,"column":9009}},"type":"if","locations":[{"start":{"line":34,"column":8966},"end":{"line":34,"column":9009}},{"start":{},"end":{}}],"line":34},"1398":{"loc":{"start":{"line":34,"column":9009},"end":{"line":34,"column":9090}},"type":"if","locations":[{"start":{"line":34,"column":9009},"end":{"line":34,"column":9090}},{"start":{},"end":{}}],"line":34},"1399":{"loc":{"start":{"line":34,"column":9090},"end":{"line":34,"column":9262}},"type":"if","locations":[{"start":{"line":34,"column":9090},"end":{"line":34,"column":9262}},{"start":{},"end":{}}],"line":34},"1400":{"loc":{"start":{"line":34,"column":9137},"end":{"line":34,"column":9252}},"type":"cond-expr","locations":[{"start":{"line":34,"column":9153},"end":{"line":34,"column":9238}},{"start":{"line":34,"column":9239},"end":{"line":34,"column":9252}}],"line":34},"1401":{"loc":{"start":{"line":34,"column":9302},"end":{"line":34,"column":9305}},"type":"default-arg","locations":[{"start":{"line":34,"column":9304},"end":{"line":34,"column":9305}}],"line":34},"1402":{"loc":{"start":{"line":34,"column":9376},"end":{"line":34,"column":9481}},"type":"binary-expr","locations":[{"start":{"line":34,"column":9376},"end":{"line":34,"column":9393}},{"start":{"line":34,"column":9395},"end":{"line":34,"column":9405}},{"start":{"line":34,"column":9408},"end":{"line":34,"column":9480}}],"line":34},"1403":{"loc":{"start":{"line":34,"column":9408},"end":{"line":34,"column":9464}},"type":"binary-expr","locations":[{"start":{"line":34,"column":9408},"end":{"line":34,"column":9437}},{"start":{"line":34,"column":9439},"end":{"line":34,"column":9464}}],"line":34},"1404":{"loc":{"start":{"line":34,"column":9482},"end":{"line":34,"column":9725}},"type":"cond-expr","locations":[{"start":{"line":34,"column":9495},"end":{"line":34,"column":9515}},{"start":{"line":34,"column":9516},"end":{"line":34,"column":9725}}],"line":34},"1405":{"loc":{"start":{"line":34,"column":9546},"end":{"line":34,"column":9577}},"type":"cond-expr","locations":[{"start":{"line":34,"column":9554},"end":{"line":34,"column":9562}},{"start":{"line":34,"column":9563},"end":{"line":34,"column":9577}}],"line":34},"1406":{"loc":{"start":{"line":34,"column":9586},"end":{"line":34,"column":9596}},"type":"binary-expr","locations":[{"start":{"line":34,"column":9586},"end":{"line":34,"column":9592}},{"start":{"line":34,"column":9594},"end":{"line":34,"column":9596}}],"line":34},"1407":{"loc":{"start":{"line":34,"column":9626},"end":{"line":34,"column":9629}},"type":"default-arg","locations":[{"start":{"line":34,"column":9628},"end":{"line":34,"column":9629}}],"line":34},"1408":{"loc":{"start":{"line":34,"column":9792},"end":{"line":34,"column":9797}},"type":"cond-expr","locations":[{"start":{"line":34,"column":9794},"end":{"line":34,"column":9795}},{"start":{"line":34,"column":9796},"end":{"line":34,"column":9797}}],"line":34},"1409":{"loc":{"start":{"line":34,"column":9798},"end":{"line":34,"column":9853}},"type":"if","locations":[{"start":{"line":34,"column":9798},"end":{"line":34,"column":9853}},{"start":{},"end":{}}],"line":34},"1410":{"loc":{"start":{"line":34,"column":9894},"end":{"line":34,"column":9904}},"type":"binary-expr","locations":[{"start":{"line":34,"column":9894},"end":{"line":34,"column":9895}},{"start":{"line":34,"column":9897},"end":{"line":34,"column":9904}}],"line":34},"1411":{"loc":{"start":{"line":34,"column":10023},"end":{"line":34,"column":10048}},"type":"cond-expr","locations":[{"start":{"line":34,"column":10032},"end":{"line":34,"column":10043}},{"start":{"line":34,"column":10044},"end":{"line":34,"column":10048}}],"line":34},"1412":{"loc":{"start":{"line":34,"column":10071},"end":{"line":34,"column":10099}},"type":"if","locations":[{"start":{"line":34,"column":10071},"end":{"line":34,"column":10099}},{"start":{},"end":{}}],"line":34},"1413":{"loc":{"start":{"line":34,"column":10267},"end":{"line":34,"column":10333}},"type":"cond-expr","locations":[{"start":{"line":34,"column":10269},"end":{"line":34,"column":10326}},{"start":{"line":34,"column":10327},"end":{"line":34,"column":10333}}],"line":34},"1414":{"loc":{"start":{"line":34,"column":10285},"end":{"line":34,"column":10325}},"type":"cond-expr","locations":[{"start":{"line":34,"column":10302},"end":{"line":34,"column":10318}},{"start":{"line":34,"column":10319},"end":{"line":34,"column":10325}}],"line":34},"1415":{"loc":{"start":{"line":34,"column":10362},"end":{"line":34,"column":10365}},"type":"default-arg","locations":[{"start":{"line":34,"column":10364},"end":{"line":34,"column":10365}}],"line":34},"1416":{"loc":{"start":{"line":34,"column":10475},"end":{"line":34,"column":10479}},"type":"default-arg","locations":[{"start":{"line":34,"column":10477},"end":{"line":34,"column":10479}}],"line":34},"1417":{"loc":{"start":{"line":34,"column":10480},"end":{"line":34,"column":10484}},"type":"default-arg","locations":[{"start":{"line":34,"column":10482},"end":{"line":34,"column":10484}}],"line":34},"1418":{"loc":{"start":{"line":34,"column":10628},"end":{"line":36,"column":79}},"type":"if","locations":[{"start":{"line":34,"column":10628},"end":{"line":36,"column":79}},{"start":{},"end":{}}],"line":34},"1419":{"loc":{"start":{"line":34,"column":10708},"end":{"line":34,"column":10726}},"type":"binary-expr","locations":[{"start":{"line":34,"column":10708},"end":{"line":34,"column":10714}},{"start":{"line":34,"column":10716},"end":{"line":34,"column":10717}},{"start":{"line":34,"column":10719},"end":{"line":34,"column":10726}}],"line":34},"1420":{"loc":{"start":{"line":36,"column":104},"end":{"line":36,"column":186}},"type":"cond-expr","locations":[{"start":{"line":36,"column":106},"end":{"line":36,"column":183}},{"start":{"line":36,"column":184},"end":{"line":36,"column":186}}],"line":36},"1421":{"loc":{"start":{"line":36,"column":106},"end":{"line":36,"column":183}},"type":"cond-expr","locations":[{"start":{"line":36,"column":120},"end":{"line":36,"column":133}},{"start":{"line":36,"column":134},"end":{"line":36,"column":183}}],"line":36},"1422":{"loc":{"start":{"line":36,"column":134},"end":{"line":36,"column":183}},"type":"cond-expr","locations":[{"start":{"line":36,"column":150},"end":{"line":36,"column":180}},{"start":{"line":36,"column":181},"end":{"line":36,"column":183}}],"line":36},"1423":{"loc":{"start":{"line":36,"column":248},"end":{"line":36,"column":301}},"type":"binary-expr","locations":[{"start":{"line":36,"column":248},"end":{"line":36,"column":264}},{"start":{"line":36,"column":266},"end":{"line":36,"column":301}}],"line":36},"1424":{"loc":{"start":{"line":36,"column":499},"end":{"line":36,"column":622}},"type":"binary-expr","locations":[{"start":{"line":36,"column":499},"end":{"line":36,"column":618}},{"start":{"line":36,"column":620},"end":{"line":36,"column":622}}],"line":36},"1425":{"loc":{"start":{"line":36,"column":595},"end":{"line":36,"column":611}},"type":"cond-expr","locations":[{"start":{"line":36,"column":602},"end":{"line":36,"column":608}},{"start":{"line":36,"column":609},"end":{"line":36,"column":611}}],"line":36},"1426":{"loc":{"start":{"line":36,"column":965},"end":{"line":36,"column":973}},"type":"binary-expr","locations":[{"start":{"line":36,"column":965},"end":{"line":36,"column":970}},{"start":{"line":36,"column":972},"end":{"line":36,"column":973}}],"line":36},"1427":{"loc":{"start":{"line":46,"column":109},"end":{"line":48,"column":109}},"type":"cond-expr","locations":[{"start":{"line":46,"column":147},"end":{"line":48,"column":106}},{"start":{"line":48,"column":107},"end":{"line":48,"column":109}}],"line":46},"1428":{"loc":{"start":{"line":57,"column":57},"end":{"line":57,"column":76}},"type":"binary-expr","locations":[{"start":{"line":57,"column":57},"end":{"line":57,"column":65}},{"start":{"line":57,"column":67},"end":{"line":57,"column":76}}],"line":57},"1429":{"loc":{"start":{"line":67,"column":142},"end":{"line":67,"column":254}},"type":"binary-expr","locations":[{"start":{"line":67,"column":142},"end":{"line":67,"column":240}},{"start":{"line":67,"column":242},"end":{"line":67,"column":254}}],"line":67},"1430":{"loc":{"start":{"line":67,"column":255},"end":{"line":67,"column":278}},"type":"if","locations":[{"start":{"line":67,"column":255},"end":{"line":67,"column":278}},{"start":{},"end":{}}],"line":67},"1431":{"loc":{"start":{"line":67,"column":330},"end":{"line":67,"column":417}},"type":"if","locations":[{"start":{"line":67,"column":330},"end":{"line":67,"column":417}},{"start":{},"end":{}}],"line":67},"1432":{"loc":{"start":{"line":67,"column":352},"end":{"line":67,"column":383}},"type":"binary-expr","locations":[{"start":{"line":67,"column":352},"end":{"line":67,"column":362}},{"start":{"line":67,"column":364},"end":{"line":67,"column":376}},{"start":{"line":67,"column":378},"end":{"line":67,"column":383}}],"line":67},"1433":{"loc":{"start":{"line":67,"column":436},"end":{"line":67,"column":466}},"type":"binary-expr","locations":[{"start":{"line":67,"column":436},"end":{"line":67,"column":462}},{"start":{"line":67,"column":464},"end":{"line":67,"column":466}}],"line":67},"1434":{"loc":{"start":{"line":67,"column":763},"end":{"line":67,"column":803}},"type":"cond-expr","locations":[{"start":{"line":67,"column":768},"end":{"line":67,"column":775}},{"start":{"line":67,"column":776},"end":{"line":67,"column":803}}],"line":67},"1435":{"loc":{"start":{"line":67,"column":763},"end":{"line":67,"column":767}},"type":"binary-expr","locations":[{"start":{"line":67,"column":763},"end":{"line":67,"column":764}},{"start":{"line":67,"column":766},"end":{"line":67,"column":767}}],"line":67},"1436":{"loc":{"start":{"line":67,"column":776},"end":{"line":67,"column":803}},"type":"cond-expr","locations":[{"start":{"line":67,"column":778},"end":{"line":67,"column":785}},{"start":{"line":67,"column":786},"end":{"line":67,"column":803}}],"line":67},"1437":{"loc":{"start":{"line":67,"column":786},"end":{"line":67,"column":803}},"type":"cond-expr","locations":[{"start":{"line":67,"column":788},"end":{"line":67,"column":795}},{"start":{"line":67,"column":796},"end":{"line":67,"column":803}}],"line":67},"1438":{"loc":{"start":{"line":67,"column":922},"end":{"line":67,"column":959}},"type":"binary-expr","locations":[{"start":{"line":67,"column":922},"end":{"line":67,"column":948}},{"start":{"line":67,"column":950},"end":{"line":67,"column":959}}],"line":67},"1439":{"loc":{"start":{"line":67,"column":1045},"end":{"line":67,"column":1099}},"type":"binary-expr","locations":[{"start":{"line":67,"column":1045},"end":{"line":67,"column":1085}},{"start":{"line":67,"column":1087},"end":{"line":67,"column":1099}}],"line":67},"1440":{"loc":{"start":{"line":67,"column":1153},"end":{"line":67,"column":1231}},"type":"if","locations":[{"start":{"line":67,"column":1153},"end":{"line":67,"column":1231}},{"start":{},"end":{}}],"line":67},"1441":{"loc":{"start":{"line":67,"column":1302},"end":{"line":67,"column":1372}},"type":"cond-expr","locations":[{"start":{"line":67,"column":1316},"end":{"line":67,"column":1326}},{"start":{"line":67,"column":1327},"end":{"line":67,"column":1372}}],"line":67},"1442":{"loc":{"start":{"line":67,"column":1347},"end":{"line":67,"column":1370}},"type":"cond-expr","locations":[{"start":{"line":67,"column":1361},"end":{"line":67,"column":1367}},{"start":{"line":67,"column":1368},"end":{"line":67,"column":1370}}],"line":67},"1443":{"loc":{"start":{"line":67,"column":1410},"end":{"line":67,"column":1498}},"type":"cond-expr","locations":[{"start":{"line":67,"column":1412},"end":{"line":67,"column":1495}},{"start":{"line":67,"column":1496},"end":{"line":67,"column":1498}}],"line":67},"1444":{"loc":{"start":{"line":69,"column":44},"end":{"line":69,"column":54}},"type":"default-arg","locations":[{"start":{"line":69,"column":46},"end":{"line":69,"column":54}}],"line":69},"1445":{"loc":{"start":{"line":69,"column":60},"end":{"line":69,"column":70}},"type":"default-arg","locations":[{"start":{"line":69,"column":62},"end":{"line":69,"column":70}}],"line":69},"1446":{"loc":{"start":{"line":69,"column":80},"end":{"line":69,"column":98}},"type":"default-arg","locations":[{"start":{"line":69,"column":82},"end":{"line":69,"column":98}}],"line":69},"1447":{"loc":{"start":{"line":69,"column":283},"end":{"line":69,"column":295}},"type":"binary-expr","locations":[{"start":{"line":69,"column":283},"end":{"line":69,"column":292}},{"start":{"line":69,"column":294},"end":{"line":69,"column":295}}],"line":69},"1448":{"loc":{"start":{"line":69,"column":324},"end":{"line":72,"column":10}},"type":"cond-expr","locations":[{"start":{"line":69,"column":326},"end":{"line":72,"column":7}},{"start":{"line":72,"column":8},"end":{"line":72,"column":10}}],"line":69},"1449":{"loc":{"start":{"line":102,"column":2},"end":{"line":102,"column":12}},"type":"cond-expr","locations":[{"start":{"line":102,"column":4},"end":{"line":102,"column":9}},{"start":{"line":102,"column":10},"end":{"line":102,"column":12}}],"line":102},"1450":{"loc":{"start":{"line":113,"column":24},"end":{"line":113,"column":79}},"type":"binary-expr","locations":[{"start":{"line":113,"column":24},"end":{"line":113,"column":53}},{"start":{"line":113,"column":55},"end":{"line":113,"column":79}}],"line":113},"1451":{"loc":{"start":{"line":113,"column":484},"end":{"line":113,"column":492}},"type":"default-arg","locations":[{"start":{"line":113,"column":486},"end":{"line":113,"column":492}}],"line":113},"1452":{"loc":{"start":{"line":113,"column":814},"end":{"line":113,"column":890}},"type":"binary-expr","locations":[{"start":{"line":113,"column":814},"end":{"line":113,"column":833}},{"start":{"line":113,"column":836},"end":{"line":113,"column":889}}],"line":113},"1453":{"loc":{"start":{"line":113,"column":1184},"end":{"line":113,"column":1238}},"type":"if","locations":[{"start":{"line":113,"column":1184},"end":{"line":113,"column":1238}},{"start":{},"end":{}}],"line":113},"1454":{"loc":{"start":{"line":113,"column":1367},"end":{"line":113,"column":1420}},"type":"if","locations":[{"start":{"line":113,"column":1367},"end":{"line":113,"column":1420}},{"start":{},"end":{}}],"line":113},"1455":{"loc":{"start":{"line":113,"column":1614},"end":{"line":113,"column":1805}},"type":"if","locations":[{"start":{"line":113,"column":1614},"end":{"line":113,"column":1805}},{"start":{},"end":{}}],"line":113},"1456":{"loc":{"start":{"line":113,"column":1617},"end":{"line":113,"column":1696}},"type":"cond-expr","locations":[{"start":{"line":113,"column":1628},"end":{"line":113,"column":1636}},{"start":{"line":113,"column":1637},"end":{"line":113,"column":1696}}],"line":113},"1457":{"loc":{"start":{"line":113,"column":1637},"end":{"line":113,"column":1696}},"type":"cond-expr","locations":[{"start":{"line":113,"column":1639},"end":{"line":113,"column":1642}},{"start":{"line":113,"column":1643},"end":{"line":113,"column":1696}}],"line":113},"1458":{"loc":{"start":{"line":113,"column":1643},"end":{"line":113,"column":1696}},"type":"cond-expr","locations":[{"start":{"line":113,"column":1652},"end":{"line":113,"column":1661}},{"start":{"line":113,"column":1662},"end":{"line":113,"column":1696}}],"line":113},"1459":{"loc":{"start":{"line":113,"column":1662},"end":{"line":113,"column":1696}},"type":"binary-expr","locations":[{"start":{"line":113,"column":1662},"end":{"line":113,"column":1675}},{"start":{"line":113,"column":1678},"end":{"line":113,"column":1695}}],"line":113},"1460":{"loc":{"start":{"line":113,"column":1697},"end":{"line":113,"column":1731}},"type":"binary-expr","locations":[{"start":{"line":113,"column":1697},"end":{"line":113,"column":1719}},{"start":{"line":113,"column":1721},"end":{"line":113,"column":1731}}],"line":113},"1461":{"loc":{"start":{"line":113,"column":1805},"end":{"line":113,"column":1897}},"type":"if","locations":[{"start":{"line":113,"column":1805},"end":{"line":113,"column":1897}},{"start":{},"end":{}}],"line":113},"1462":{"loc":{"start":{"line":113,"column":2159},"end":{"line":113,"column":2176}},"type":"binary-expr","locations":[{"start":{"line":113,"column":2159},"end":{"line":113,"column":2172}},{"start":{"line":113,"column":2174},"end":{"line":113,"column":2176}}],"line":113},"1463":{"loc":{"start":{"line":113,"column":2777},"end":{"line":113,"column":2850}},"type":"if","locations":[{"start":{"line":113,"column":2777},"end":{"line":113,"column":2850}},{"start":{},"end":{}}],"line":113},"1464":{"loc":{"start":{"line":113,"column":3144},"end":{"line":113,"column":3149}},"type":"binary-expr","locations":[{"start":{"line":113,"column":3144},"end":{"line":113,"column":3145}},{"start":{"line":113,"column":3147},"end":{"line":113,"column":3149}}],"line":113},"1465":{"loc":{"start":{"line":113,"column":3159},"end":{"line":113,"column":3175}},"type":"binary-expr","locations":[{"start":{"line":113,"column":3159},"end":{"line":113,"column":3160}},{"start":{"line":113,"column":3163},"end":{"line":113,"column":3174}}],"line":113},"1466":{"loc":{"start":{"line":113,"column":3817},"end":{"line":113,"column":3821}},"type":"default-arg","locations":[{"start":{"line":113,"column":3819},"end":{"line":113,"column":3821}}],"line":113},"1467":{"loc":{"start":{"line":113,"column":3990},"end":{"line":113,"column":3994}},"type":"default-arg","locations":[{"start":{"line":113,"column":3992},"end":{"line":113,"column":3994}}],"line":113},"1468":{"loc":{"start":{"line":113,"column":4164},"end":{"line":113,"column":4168}},"type":"default-arg","locations":[{"start":{"line":113,"column":4166},"end":{"line":113,"column":4168}}],"line":113},"1469":{"loc":{"start":{"line":113,"column":4327},"end":{"line":113,"column":4331}},"type":"default-arg","locations":[{"start":{"line":113,"column":4329},"end":{"line":113,"column":4331}}],"line":113},"1470":{"loc":{"start":{"line":113,"column":4485},"end":{"line":113,"column":4490}},"type":"binary-expr","locations":[{"start":{"line":113,"column":4485},"end":{"line":113,"column":4486}},{"start":{"line":113,"column":4488},"end":{"line":113,"column":4490}}],"line":113},"1471":{"loc":{"start":{"line":113,"column":4657},"end":{"line":113,"column":4661}},"type":"default-arg","locations":[{"start":{"line":113,"column":4659},"end":{"line":113,"column":4661}}],"line":113},"1472":{"loc":{"start":{"line":113,"column":4823},"end":{"line":113,"column":4827}},"type":"default-arg","locations":[{"start":{"line":113,"column":4825},"end":{"line":113,"column":4827}}],"line":113},"1473":{"loc":{"start":{"line":113,"column":4979},"end":{"line":113,"column":5124}},"type":"if","locations":[{"start":{"line":113,"column":4979},"end":{"line":113,"column":5124}},{"start":{},"end":{}}],"line":113},"1474":{"loc":{"start":{"line":113,"column":5001},"end":{"line":113,"column":5124}},"type":"switch","locations":[{"start":{"line":113,"column":5011},"end":{"line":113,"column":5077}},{"start":{"line":113,"column":5077},"end":{"line":113,"column":5123}}],"line":113},"1475":{"loc":{"start":{"line":113,"column":5124},"end":{"line":113,"column":5524}},"type":"if","locations":[{"start":{"line":113,"column":5124},"end":{"line":113,"column":5524}},{"start":{},"end":{}}],"line":113},"1476":{"loc":{"start":{"line":113,"column":5127},"end":{"line":113,"column":5155}},"type":"binary-expr","locations":[{"start":{"line":113,"column":5127},"end":{"line":113,"column":5145}},{"start":{"line":113,"column":5147},"end":{"line":113,"column":5155}}],"line":113},"1477":{"loc":{"start":{"line":113,"column":5157},"end":{"line":113,"column":5247}},"type":"if","locations":[{"start":{"line":113,"column":5157},"end":{"line":113,"column":5247}},{"start":{},"end":{}}],"line":113},"1478":{"loc":{"start":{"line":113,"column":5160},"end":{"line":113,"column":5207}},"type":"binary-expr","locations":[{"start":{"line":113,"column":5160},"end":{"line":113,"column":5174}},{"start":{"line":113,"column":5176},"end":{"line":113,"column":5189}},{"start":{"line":113,"column":5191},"end":{"line":113,"column":5207}}],"line":113},"1479":{"loc":{"start":{"line":113,"column":5247},"end":{"line":113,"column":5523}},"type":"if","locations":[{"start":{"line":113,"column":5247},"end":{"line":113,"column":5523}},{"start":{},"end":{}}],"line":113},"1480":{"loc":{"start":{"line":113,"column":5250},"end":{"line":113,"column":5338}},"type":"binary-expr","locations":[{"start":{"line":113,"column":5250},"end":{"line":113,"column":5272}},{"start":{"line":113,"column":5274},"end":{"line":113,"column":5311}},{"start":{"line":113,"column":5313},"end":{"line":113,"column":5338}}],"line":113},"1481":{"loc":{"start":{"line":113,"column":5380},"end":{"line":113,"column":5522}},"type":"cond-expr","locations":[{"start":{"line":113,"column":5459},"end":{"line":113,"column":5491}},{"start":{"line":113,"column":5492},"end":{"line":113,"column":5522}}],"line":113},"1482":{"loc":{"start":{"line":113,"column":5380},"end":{"line":113,"column":5458}},"type":"binary-expr","locations":[{"start":{"line":113,"column":5380},"end":{"line":113,"column":5398}},{"start":{"line":113,"column":5400},"end":{"line":113,"column":5458}}],"line":113},"1483":{"loc":{"start":{"line":113,"column":5576},"end":{"line":113,"column":5635}},"type":"cond-expr","locations":[{"start":{"line":113,"column":5583},"end":{"line":113,"column":5602}},{"start":{"line":113,"column":5603},"end":{"line":113,"column":5635}}],"line":113},"1484":{"loc":{"start":{"line":113,"column":5660},"end":{"line":113,"column":5675}},"type":"if","locations":[{"start":{"line":113,"column":5660},"end":{"line":113,"column":5675}},{"start":{},"end":{}}],"line":113},"1485":{"loc":{"start":{"line":113,"column":5724},"end":{"line":113,"column":5824}},"type":"if","locations":[{"start":{"line":113,"column":5724},"end":{"line":113,"column":5824}},{"start":{},"end":{}}],"line":113},"1486":{"loc":{"start":{"line":113,"column":5824},"end":{"line":113,"column":6984}},"type":"if","locations":[{"start":{"line":113,"column":5824},"end":{"line":113,"column":6984}},{"start":{},"end":{}}],"line":113},"1487":{"loc":{"start":{"line":113,"column":5854},"end":{"line":113,"column":5935}},"type":"if","locations":[{"start":{"line":113,"column":5854},"end":{"line":113,"column":5935}},{"start":{},"end":{}}],"line":113},"1488":{"loc":{"start":{"line":113,"column":5935},"end":{"line":113,"column":6562}},"type":"if","locations":[{"start":{"line":113,"column":5935},"end":{"line":113,"column":6562}},{"start":{},"end":{}}],"line":113},"1489":{"loc":{"start":{"line":113,"column":5967},"end":{"line":113,"column":6036}},"type":"if","locations":[{"start":{"line":113,"column":5967},"end":{"line":113,"column":6036}},{"start":{},"end":{}}],"line":113},"1490":{"loc":{"start":{"line":113,"column":6036},"end":{"line":113,"column":6116}},"type":"if","locations":[{"start":{"line":113,"column":6036},"end":{"line":113,"column":6116}},{"start":{},"end":{}}],"line":113},"1491":{"loc":{"start":{"line":113,"column":6116},"end":{"line":113,"column":6262}},"type":"if","locations":[{"start":{"line":113,"column":6116},"end":{"line":113,"column":6262}},{"start":{},"end":{}}],"line":113},"1492":{"loc":{"start":{"line":113,"column":6262},"end":{"line":113,"column":6423}},"type":"if","locations":[{"start":{"line":113,"column":6262},"end":{"line":113,"column":6423}},{"start":{},"end":{}}],"line":113},"1493":{"loc":{"start":{"line":113,"column":6423},"end":{"line":113,"column":6561}},"type":"if","locations":[{"start":{"line":113,"column":6423},"end":{"line":113,"column":6561}},{"start":{},"end":{}}],"line":113},"1494":{"loc":{"start":{"line":113,"column":6562},"end":{"line":113,"column":6900}},"type":"if","locations":[{"start":{"line":113,"column":6562},"end":{"line":113,"column":6900}},{"start":{},"end":{}}],"line":113},"1495":{"loc":{"start":{"line":113,"column":6900},"end":{"line":113,"column":6983}},"type":"if","locations":[{"start":{"line":113,"column":6900},"end":{"line":113,"column":6983}},{"start":{},"end":{}}],"line":113},"1496":{"loc":{"start":{"line":113,"column":6984},"end":{"line":113,"column":7043}},"type":"if","locations":[{"start":{"line":113,"column":6984},"end":{"line":113,"column":7043}},{"start":{},"end":{}}],"line":113},"1497":{"loc":{"start":{"line":113,"column":6987},"end":{"line":113,"column":7017}},"type":"binary-expr","locations":[{"start":{"line":113,"column":6987},"end":{"line":113,"column":7001}},{"start":{"line":113,"column":7003},"end":{"line":113,"column":7017}}],"line":113},"1498":{"loc":{"start":{"line":113,"column":7043},"end":{"line":113,"column":7087}},"type":"if","locations":[{"start":{"line":113,"column":7043},"end":{"line":113,"column":7087}},{"start":{},"end":{}}],"line":113},"1499":{"loc":{"start":{"line":113,"column":7087},"end":{"line":113,"column":7130}},"type":"if","locations":[{"start":{"line":113,"column":7087},"end":{"line":113,"column":7130}},{"start":{},"end":{}}],"line":113},"1500":{"loc":{"start":{"line":113,"column":7130},"end":{"line":113,"column":7173}},"type":"if","locations":[{"start":{"line":113,"column":7130},"end":{"line":113,"column":7173}},{"start":{},"end":{}}],"line":113},"1501":{"loc":{"start":{"line":113,"column":7173},"end":{"line":113,"column":7215}},"type":"if","locations":[{"start":{"line":113,"column":7173},"end":{"line":113,"column":7215}},{"start":{},"end":{}}],"line":113},"1502":{"loc":{"start":{"line":113,"column":7215},"end":{"line":113,"column":7256}},"type":"if","locations":[{"start":{"line":113,"column":7215},"end":{"line":113,"column":7256}},{"start":{},"end":{}}],"line":113},"1503":{"loc":{"start":{"line":113,"column":7281},"end":{"line":113,"column":7333}},"type":"cond-expr","locations":[{"start":{"line":113,"column":7303},"end":{"line":113,"column":7304}},{"start":{"line":113,"column":7305},"end":{"line":113,"column":7333}}],"line":113},"1504":{"loc":{"start":{"line":113,"column":7774},"end":{"line":113,"column":7923}},"type":"cond-expr","locations":[{"start":{"line":113,"column":7780},"end":{"line":113,"column":7830}},{"start":{"line":113,"column":7832},"end":{"line":113,"column":7923}}],"line":113},"1505":{"loc":{"start":{"line":113,"column":7832},"end":{"line":113,"column":7923}},"type":"binary-expr","locations":[{"start":{"line":113,"column":7832},"end":{"line":113,"column":7836}},{"start":{"line":113,"column":7839},"end":{"line":113,"column":7922}}],"line":113},"1506":{"loc":{"start":{"line":113,"column":7941},"end":{"line":113,"column":8253}},"type":"if","locations":[{"start":{"line":113,"column":7941},"end":{"line":113,"column":8253}},{"start":{},"end":{}}],"line":113},"1507":{"loc":{"start":{"line":114,"column":60},"end":{"line":114,"column":66}},"type":"default-arg","locations":[{"start":{"line":114,"column":62},"end":{"line":114,"column":66}}],"line":114},"1508":{"loc":{"start":{"line":114,"column":146},"end":{"line":114,"column":172}},"type":"binary-expr","locations":[{"start":{"line":114,"column":146},"end":{"line":114,"column":155}},{"start":{"line":114,"column":157},"end":{"line":114,"column":172}}],"line":114},"1509":{"loc":{"start":{"line":114,"column":354},"end":{"line":114,"column":380}},"type":"binary-expr","locations":[{"start":{"line":114,"column":354},"end":{"line":114,"column":369}},{"start":{"line":114,"column":371},"end":{"line":114,"column":380}}],"line":114},"1510":{"loc":{"start":{"line":114,"column":381},"end":{"line":114,"column":495}},"type":"if","locations":[{"start":{"line":114,"column":381},"end":{"line":114,"column":495}},{"start":{},"end":{}}],"line":114},"1511":{"loc":{"start":{"line":114,"column":495},"end":{"line":114,"column":562}},"type":"if","locations":[{"start":{"line":114,"column":495},"end":{"line":114,"column":562}},{"start":{},"end":{}}],"line":114},"1512":{"loc":{"start":{"line":114,"column":498},"end":{"line":114,"column":552}},"type":"binary-expr","locations":[{"start":{"line":114,"column":498},"end":{"line":114,"column":522}},{"start":{"line":114,"column":524},"end":{"line":114,"column":535}},{"start":{"line":114,"column":537},"end":{"line":114,"column":552}}],"line":114},"1513":{"loc":{"start":{"line":114,"column":571},"end":{"line":114,"column":588}},"type":"binary-expr","locations":[{"start":{"line":114,"column":571},"end":{"line":114,"column":584}},{"start":{"line":114,"column":586},"end":{"line":114,"column":588}}],"line":114},"1514":{"loc":{"start":{"line":114,"column":589},"end":{"line":114,"column":624}},"type":"if","locations":[{"start":{"line":114,"column":589},"end":{"line":114,"column":624}},{"start":{},"end":{}}],"line":114},"1515":{"loc":{"start":{"line":114,"column":592},"end":{"line":114,"column":614}},"type":"binary-expr","locations":[{"start":{"line":114,"column":592},"end":{"line":114,"column":602}},{"start":{"line":114,"column":604},"end":{"line":114,"column":614}}],"line":114},"1516":{"loc":{"start":{"line":114,"column":624},"end":{"line":114,"column":1204}},"type":"if","locations":[{"start":{"line":114,"column":624},"end":{"line":114,"column":1204}},{"start":{},"end":{}}],"line":114},"1517":{"loc":{"start":{"line":114,"column":627},"end":{"line":114,"column":667}},"type":"binary-expr","locations":[{"start":{"line":114,"column":627},"end":{"line":114,"column":637}},{"start":{"line":114,"column":639},"end":{"line":114,"column":650}},{"start":{"line":114,"column":652},"end":{"line":114,"column":667}}],"line":114},"1518":{"loc":{"start":{"line":114,"column":669},"end":{"line":114,"column":739}},"type":"if","locations":[{"start":{"line":114,"column":669},"end":{"line":114,"column":739}},{"start":{},"end":{}}],"line":114},"1519":{"loc":{"start":{"line":114,"column":672},"end":{"line":114,"column":724}},"type":"binary-expr","locations":[{"start":{"line":114,"column":672},"end":{"line":114,"column":697}},{"start":{"line":114,"column":699},"end":{"line":114,"column":724}}],"line":114},"1520":{"loc":{"start":{"line":114,"column":746},"end":{"line":114,"column":762}},"type":"binary-expr","locations":[{"start":{"line":114,"column":746},"end":{"line":114,"column":758}},{"start":{"line":114,"column":760},"end":{"line":114,"column":762}}],"line":114},"1521":{"loc":{"start":{"line":114,"column":841},"end":{"line":114,"column":1003}},"type":"if","locations":[{"start":{"line":114,"column":841},"end":{"line":114,"column":1003}},{"start":{},"end":{}}],"line":114},"1522":{"loc":{"start":{"line":114,"column":969},"end":{"line":114,"column":999}},"type":"binary-expr","locations":[{"start":{"line":114,"column":969},"end":{"line":114,"column":983}},{"start":{"line":114,"column":985},"end":{"line":114,"column":999}}],"line":114},"1523":{"loc":{"start":{"line":114,"column":1725},"end":{"line":114,"column":1768}},"type":"default-arg","locations":[{"start":{"line":114,"column":1766},"end":{"line":114,"column":1768}}],"line":114},"1524":{"loc":{"start":{"line":114,"column":1853},"end":{"line":114,"column":1939}},"type":"binary-expr","locations":[{"start":{"line":114,"column":1853},"end":{"line":114,"column":1883}},{"start":{"line":114,"column":1886},"end":{"line":114,"column":1938}}],"line":114},"1525":{"loc":{"start":{"line":114,"column":1900},"end":{"line":114,"column":1938}},"type":"binary-expr","locations":[{"start":{"line":114,"column":1900},"end":{"line":114,"column":1901}},{"start":{"line":114,"column":1903},"end":{"line":114,"column":1938}}],"line":114},"1526":{"loc":{"start":{"line":114,"column":1940},"end":{"line":114,"column":1971}},"type":"binary-expr","locations":[{"start":{"line":114,"column":1940},"end":{"line":114,"column":1941}},{"start":{"line":114,"column":1944},"end":{"line":114,"column":1970}}],"line":114},"1527":{"loc":{"start":{"line":114,"column":2013},"end":{"line":114,"column":2064}},"type":"binary-expr","locations":[{"start":{"line":114,"column":2013},"end":{"line":114,"column":2023}},{"start":{"line":114,"column":2026},"end":{"line":114,"column":2063}}],"line":114},"1528":{"loc":{"start":{"line":114,"column":2106},"end":{"line":114,"column":2155}},"type":"binary-expr","locations":[{"start":{"line":114,"column":2106},"end":{"line":114,"column":2136}},{"start":{"line":114,"column":2138},"end":{"line":114,"column":2155}}],"line":114},"1529":{"loc":{"start":{"line":114,"column":2156},"end":{"line":114,"column":2192}},"type":"binary-expr","locations":[{"start":{"line":114,"column":2156},"end":{"line":114,"column":2169}},{"start":{"line":114,"column":2171},"end":{"line":114,"column":2192}}],"line":114},"1530":{"loc":{"start":{"line":114,"column":2193},"end":{"line":114,"column":2225}},"type":"binary-expr","locations":[{"start":{"line":114,"column":2193},"end":{"line":114,"column":2208}},{"start":{"line":114,"column":2210},"end":{"line":114,"column":2225}}],"line":114},"1531":{"loc":{"start":{"line":114,"column":2480},"end":{"line":114,"column":2513}},"type":"cond-expr","locations":[{"start":{"line":114,"column":2499},"end":{"line":114,"column":2510}},{"start":{"line":114,"column":2511},"end":{"line":114,"column":2513}}],"line":114},"1532":{"loc":{"start":{"line":114,"column":2856},"end":{"line":114,"column":2907}},"type":"binary-expr","locations":[{"start":{"line":114,"column":2856},"end":{"line":114,"column":2882}},{"start":{"line":114,"column":2884},"end":{"line":114,"column":2907}}],"line":114},"1533":{"loc":{"start":{"line":114,"column":3291},"end":{"line":114,"column":3735}},"type":"binary-expr","locations":[{"start":{"line":114,"column":3291},"end":{"line":114,"column":3306}},{"start":{"line":114,"column":3308},"end":{"line":114,"column":3735}}],"line":114},"1534":{"loc":{"start":{"line":114,"column":3327},"end":{"line":114,"column":3733}},"type":"switch","locations":[{"start":{"line":114,"column":3343},"end":{"line":114,"column":3355}},{"start":{"line":114,"column":3355},"end":{"line":114,"column":3379}},{"start":{"line":114,"column":3379},"end":{"line":114,"column":3391}},{"start":{"line":114,"column":3391},"end":{"line":114,"column":3402}},{"start":{"line":114,"column":3402},"end":{"line":114,"column":3527}},{"start":{"line":114,"column":3527},"end":{"line":114,"column":3717}},{"start":{"line":114,"column":3717},"end":{"line":114,"column":3732}}],"line":114},"1535":{"loc":{"start":{"line":114,"column":3478},"end":{"line":114,"column":3502}},"type":"binary-expr","locations":[{"start":{"line":114,"column":3478},"end":{"line":114,"column":3498}},{"start":{"line":114,"column":3500},"end":{"line":114,"column":3502}}],"line":114},"1536":{"loc":{"start":{"line":114,"column":3576},"end":{"line":114,"column":3598}},"type":"binary-expr","locations":[{"start":{"line":114,"column":3576},"end":{"line":114,"column":3594}},{"start":{"line":114,"column":3596},"end":{"line":114,"column":3598}}],"line":114},"1537":{"loc":{"start":{"line":114,"column":3634},"end":{"line":114,"column":3661}},"type":"binary-expr","locations":[{"start":{"line":114,"column":3634},"end":{"line":114,"column":3658}},{"start":{"line":114,"column":3660},"end":{"line":114,"column":3661}}],"line":114},"1538":{"loc":{"start":{"line":114,"column":3669},"end":{"line":114,"column":3692}},"type":"binary-expr","locations":[{"start":{"line":114,"column":3669},"end":{"line":114,"column":3688}},{"start":{"line":114,"column":3690},"end":{"line":114,"column":3692}}],"line":114},"1539":{"loc":{"start":{"line":114,"column":3736},"end":{"line":114,"column":3803}},"type":"binary-expr","locations":[{"start":{"line":114,"column":3736},"end":{"line":114,"column":3753}},{"start":{"line":114,"column":3755},"end":{"line":114,"column":3803}}],"line":114},"1540":{"loc":{"start":{"line":114,"column":4282},"end":{"line":114,"column":4325}},"type":"binary-expr","locations":[{"start":{"line":114,"column":4282},"end":{"line":114,"column":4286}},{"start":{"line":114,"column":4288},"end":{"line":114,"column":4325}}],"line":114},"1541":{"loc":{"start":{"line":114,"column":4363},"end":{"line":114,"column":4489}},"type":"if","locations":[{"start":{"line":114,"column":4363},"end":{"line":114,"column":4489}},{"start":{},"end":{}}],"line":114},"1542":{"loc":{"start":{"line":114,"column":4870},"end":{"line":114,"column":4902}},"type":"cond-expr","locations":[{"start":{"line":114,"column":4886},"end":{"line":114,"column":4895}},{"start":{"line":114,"column":4896},"end":{"line":114,"column":4902}}],"line":114},"1543":{"loc":{"start":{"line":114,"column":5028},"end":{"line":114,"column":5088}},"type":"binary-expr","locations":[{"start":{"line":114,"column":5028},"end":{"line":114,"column":5040}},{"start":{"line":114,"column":5042},"end":{"line":114,"column":5088}}],"line":114},"1544":{"loc":{"start":{"line":114,"column":5089},"end":{"line":114,"column":5153}},"type":"cond-expr","locations":[{"start":{"line":114,"column":5102},"end":{"line":114,"column":5151}},{"start":{"line":114,"column":5152},"end":{"line":114,"column":5153}}],"line":114},"1545":{"loc":{"start":{"line":114,"column":5331},"end":{"line":114,"column":5390}},"type":"cond-expr","locations":[{"start":{"line":114,"column":5333},"end":{"line":114,"column":5364}},{"start":{"line":114,"column":5365},"end":{"line":114,"column":5390}}],"line":114},"1546":{"loc":{"start":{"line":114,"column":5563},"end":{"line":114,"column":5607}},"type":"binary-expr","locations":[{"start":{"line":114,"column":5563},"end":{"line":114,"column":5567}},{"start":{"line":114,"column":5569},"end":{"line":114,"column":5607}}],"line":114},"1547":{"loc":{"start":{"line":114,"column":5684},"end":{"line":114,"column":5817}},"type":"if","locations":[{"start":{"line":114,"column":5684},"end":{"line":114,"column":5817}},{"start":{},"end":{}}],"line":114},"1548":{"loc":{"start":{"line":114,"column":5687},"end":{"line":114,"column":5747}},"type":"binary-expr","locations":[{"start":{"line":114,"column":5687},"end":{"line":114,"column":5699}},{"start":{"line":114,"column":5701},"end":{"line":114,"column":5747}}],"line":114},"1549":{"loc":{"start":{"line":114,"column":5823},"end":{"line":114,"column":5856}},"type":"cond-expr","locations":[{"start":{"line":114,"column":5841},"end":{"line":114,"column":5854}},{"start":{"line":114,"column":5855},"end":{"line":114,"column":5856}}],"line":114},"1550":{"loc":{"start":{"line":114,"column":6046},"end":{"line":114,"column":6852}},"type":"if","locations":[{"start":{"line":114,"column":6046},"end":{"line":114,"column":6852}},{"start":{"line":114,"column":6543},"end":{"line":114,"column":6852}}],"line":114},"1551":{"loc":{"start":{"line":114,"column":6428},"end":{"line":114,"column":6466}},"type":"binary-expr","locations":[{"start":{"line":114,"column":6428},"end":{"line":114,"column":6429}},{"start":{"line":114,"column":6431},"end":{"line":114,"column":6466}}],"line":114},"1552":{"loc":{"start":{"line":114,"column":6806},"end":{"line":114,"column":6844}},"type":"binary-expr","locations":[{"start":{"line":114,"column":6806},"end":{"line":114,"column":6807}},{"start":{"line":114,"column":6809},"end":{"line":114,"column":6844}}],"line":114},"1553":{"loc":{"start":{"line":114,"column":7280},"end":{"line":114,"column":7412}},"type":"if","locations":[{"start":{"line":114,"column":7280},"end":{"line":114,"column":7412}},{"start":{},"end":{}}],"line":114},"1554":{"loc":{"start":{"line":114,"column":7283},"end":{"line":114,"column":7304}},"type":"binary-expr","locations":[{"start":{"line":114,"column":7283},"end":{"line":114,"column":7296}},{"start":{"line":114,"column":7298},"end":{"line":114,"column":7304}}],"line":114},"1555":{"loc":{"start":{"line":114,"column":7435},"end":{"line":114,"column":7552}},"type":"if","locations":[{"start":{"line":114,"column":7435},"end":{"line":114,"column":7552}},{"start":{},"end":{}}],"line":114},"1556":{"loc":{"start":{"line":114,"column":7438},"end":{"line":114,"column":7458}},"type":"binary-expr","locations":[{"start":{"line":114,"column":7438},"end":{"line":114,"column":7446}},{"start":{"line":114,"column":7448},"end":{"line":114,"column":7458}}],"line":114},"1557":{"loc":{"start":{"line":114,"column":7864},"end":{"line":114,"column":7910}},"type":"if","locations":[{"start":{"line":114,"column":7864},"end":{"line":114,"column":7910}},{"start":{},"end":{}}],"line":114},"1558":{"loc":{"start":{"line":114,"column":7867},"end":{"line":114,"column":7901}},"type":"binary-expr","locations":[{"start":{"line":114,"column":7867},"end":{"line":114,"column":7885}},{"start":{"line":114,"column":7887},"end":{"line":114,"column":7901}}],"line":114},"1559":{"loc":{"start":{"line":114,"column":7910},"end":{"line":114,"column":7951}},"type":"if","locations":[{"start":{"line":114,"column":7910},"end":{"line":114,"column":7951}},{"start":{},"end":{}}],"line":114},"1560":{"loc":{"start":{"line":114,"column":7925},"end":{"line":114,"column":7950}},"type":"cond-expr","locations":[{"start":{"line":114,"column":7941},"end":{"line":114,"column":7948}},{"start":{"line":114,"column":7949},"end":{"line":114,"column":7950}}],"line":114},"1561":{"loc":{"start":{"line":114,"column":8042},"end":{"line":114,"column":8064}},"type":"binary-expr","locations":[{"start":{"line":114,"column":8042},"end":{"line":114,"column":8051}},{"start":{"line":114,"column":8053},"end":{"line":114,"column":8064}}],"line":114},"1562":{"loc":{"start":{"line":114,"column":8231},"end":{"line":114,"column":8333}},"type":"if","locations":[{"start":{"line":114,"column":8231},"end":{"line":114,"column":8333}},{"start":{},"end":{}}],"line":114},"1563":{"loc":{"start":{"line":114,"column":8333},"end":{"line":114,"column":8345}},"type":"if","locations":[{"start":{"line":114,"column":8333},"end":{"line":114,"column":8345}},{"start":{},"end":{}}],"line":114},"1564":{"loc":{"start":{"line":114,"column":8391},"end":{"line":114,"column":8532}},"type":"cond-expr","locations":[{"start":{"line":114,"column":8404},"end":{"line":114,"column":8465}},{"start":{"line":114,"column":8466},"end":{"line":114,"column":8532}}],"line":114},"1565":{"loc":{"start":{"line":114,"column":8618},"end":{"line":114,"column":8656}},"type":"if","locations":[{"start":{"line":114,"column":8618},"end":{"line":114,"column":8656}},{"start":{},"end":{}}],"line":114},"1566":{"loc":{"start":{"line":114,"column":8793},"end":{"line":114,"column":8819}},"type":"binary-expr","locations":[{"start":{"line":114,"column":8793},"end":{"line":114,"column":8807}},{"start":{"line":114,"column":8810},"end":{"line":114,"column":8818}}],"line":114},"1567":{"loc":{"start":{"line":114,"column":8852},"end":{"line":114,"column":8881}},"type":"if","locations":[{"start":{"line":114,"column":8852},"end":{"line":114,"column":8881}},{"start":{},"end":{}}],"line":114},"1568":{"loc":{"start":{"line":114,"column":8944},"end":{"line":114,"column":9055}},"type":"binary-expr","locations":[{"start":{"line":114,"column":8944},"end":{"line":114,"column":8970}},{"start":{"line":114,"column":8973},"end":{"line":114,"column":9054}}],"line":114},"1569":{"loc":{"start":{"line":114,"column":9416},"end":{"line":114,"column":9540}},"type":"if","locations":[{"start":{"line":114,"column":9416},"end":{"line":114,"column":9540}},{"start":{},"end":{}}],"line":114},"1570":{"loc":{"start":{"line":114,"column":9540},"end":{"line":114,"column":9612}},"type":"if","locations":[{"start":{"line":114,"column":9540},"end":{"line":114,"column":9612}},{"start":{},"end":{}}],"line":114},"1571":{"loc":{"start":{"line":114,"column":9612},"end":{"line":114,"column":9957}},"type":"binary-expr","locations":[{"start":{"line":114,"column":9612},"end":{"line":114,"column":9623}},{"start":{"line":114,"column":9626},"end":{"line":114,"column":9956}}],"line":114},"1572":{"loc":{"start":{"line":114,"column":9704},"end":{"line":114,"column":9806}},"type":"if","locations":[{"start":{"line":114,"column":9704},"end":{"line":114,"column":9806}},{"start":{},"end":{}}],"line":114},"1573":{"loc":{"start":{"line":114,"column":10203},"end":{"line":114,"column":10237}},"type":"binary-expr","locations":[{"start":{"line":114,"column":10203},"end":{"line":114,"column":10224}},{"start":{"line":114,"column":10226},"end":{"line":114,"column":10237}}],"line":114},"1574":{"loc":{"start":{"line":114,"column":10259},"end":{"line":114,"column":10312}},"type":"cond-expr","locations":[{"start":{"line":114,"column":10271},"end":{"line":114,"column":10309}},{"start":{"line":114,"column":10310},"end":{"line":114,"column":10312}}],"line":114},"1575":{"loc":{"start":{"line":114,"column":10271},"end":{"line":114,"column":10309}},"type":"binary-expr","locations":[{"start":{"line":114,"column":10271},"end":{"line":114,"column":10288}},{"start":{"line":114,"column":10290},"end":{"line":114,"column":10309}}],"line":114},"1576":{"loc":{"start":{"line":114,"column":10398},"end":{"line":114,"column":10412}},"type":"binary-expr","locations":[{"start":{"line":114,"column":10398},"end":{"line":114,"column":10403}},{"start":{"line":114,"column":10406},"end":{"line":114,"column":10411}}],"line":114},"1577":{"loc":{"start":{"line":114,"column":10815},"end":{"line":114,"column":10820}},"type":"binary-expr","locations":[{"start":{"line":114,"column":10815},"end":{"line":114,"column":10816}},{"start":{"line":114,"column":10818},"end":{"line":114,"column":10820}}],"line":114},"1578":{"loc":{"start":{"line":114,"column":10821},"end":{"line":114,"column":10870}},"type":"binary-expr","locations":[{"start":{"line":114,"column":10821},"end":{"line":114,"column":10842}},{"start":{"line":114,"column":10845},"end":{"line":114,"column":10869}}],"line":114},"1579":{"loc":{"start":{"line":114,"column":10864},"end":{"line":114,"column":10869}},"type":"binary-expr","locations":[{"start":{"line":114,"column":10864},"end":{"line":114,"column":10865}},{"start":{"line":114,"column":10867},"end":{"line":114,"column":10869}}],"line":114},"1580":{"loc":{"start":{"line":114,"column":10924},"end":{"line":114,"column":10940}},"type":"binary-expr","locations":[{"start":{"line":114,"column":10924},"end":{"line":114,"column":10936}},{"start":{"line":114,"column":10938},"end":{"line":114,"column":10940}}],"line":114},"1581":{"loc":{"start":{"line":114,"column":10955},"end":{"line":114,"column":10974}},"type":"binary-expr","locations":[{"start":{"line":114,"column":10955},"end":{"line":114,"column":10965}},{"start":{"line":114,"column":10967},"end":{"line":114,"column":10974}}],"line":114},"1582":{"loc":{"start":{"line":114,"column":11069},"end":{"line":114,"column":11111}},"type":"binary-expr","locations":[{"start":{"line":114,"column":11069},"end":{"line":114,"column":11086}},{"start":{"line":114,"column":11089},"end":{"line":114,"column":11110}}],"line":114},"1583":{"loc":{"start":{"line":114,"column":11188},"end":{"line":114,"column":11246}},"type":"binary-expr","locations":[{"start":{"line":114,"column":11188},"end":{"line":114,"column":11198}},{"start":{"line":114,"column":11200},"end":{"line":114,"column":11210}},{"start":{"line":114,"column":11213},"end":{"line":114,"column":11245}}],"line":114},"1584":{"loc":{"start":{"line":114,"column":11900},"end":{"line":114,"column":12044}},"type":"if","locations":[{"start":{"line":114,"column":11900},"end":{"line":114,"column":12044}},{"start":{},"end":{}}],"line":114},"1585":{"loc":{"start":{"line":114,"column":11969},"end":{"line":114,"column":12043}},"type":"if","locations":[{"start":{"line":114,"column":11969},"end":{"line":114,"column":12043}},{"start":{},"end":{}}],"line":114},"1586":{"loc":{"start":{"line":114,"column":12253},"end":{"line":114,"column":12538}},"type":"if","locations":[{"start":{"line":114,"column":12253},"end":{"line":114,"column":12538}},{"start":{"line":114,"column":12411},"end":{"line":114,"column":12538}}],"line":114},"1587":{"loc":{"start":{"line":114,"column":12411},"end":{"line":114,"column":12537}},"type":"cond-expr","locations":[{"start":{"line":114,"column":12424},"end":{"line":114,"column":12470}},{"start":{"line":114,"column":12471},"end":{"line":114,"column":12537}}],"line":114},"1588":{"loc":{"start":{"line":114,"column":12471},"end":{"line":114,"column":12537}},"type":"binary-expr","locations":[{"start":{"line":114,"column":12471},"end":{"line":114,"column":12485}},{"start":{"line":114,"column":12488},"end":{"line":114,"column":12536}}],"line":114},"1589":{"loc":{"start":{"line":114,"column":12572},"end":{"line":114,"column":12842}},"type":"if","locations":[{"start":{"line":114,"column":12572},"end":{"line":114,"column":12842}},{"start":{"line":114,"column":12747},"end":{"line":114,"column":12842}}],"line":114},"1590":{"loc":{"start":{"line":114,"column":12643},"end":{"line":114,"column":12741}},"type":"cond-expr","locations":[{"start":{"line":114,"column":12645},"end":{"line":114,"column":12652}},{"start":{"line":114,"column":12653},"end":{"line":114,"column":12741}}],"line":114},"1591":{"loc":{"start":{"line":114,"column":12747},"end":{"line":114,"column":12842}},"type":"if","locations":[{"start":{"line":114,"column":12747},"end":{"line":114,"column":12842}},{"start":{},"end":{}}],"line":114},"1592":{"loc":{"start":{"line":114,"column":12878},"end":{"line":114,"column":12974}},"type":"if","locations":[{"start":{"line":114,"column":12878},"end":{"line":114,"column":12974}},{"start":{},"end":{}}],"line":114},"1593":{"loc":{"start":{"line":114,"column":13157},"end":{"line":114,"column":13203}},"type":"if","locations":[{"start":{"line":114,"column":13157},"end":{"line":114,"column":13203}},{"start":{},"end":{}}],"line":114},"1594":{"loc":{"start":{"line":114,"column":13277},"end":{"line":115,"column":106}},"type":"if","locations":[{"start":{"line":114,"column":13277},"end":{"line":115,"column":106}},{"start":{},"end":{}}],"line":114},"1595":{"loc":{"start":{"line":115,"column":139},"end":{"line":115,"column":237}},"type":"if","locations":[{"start":{"line":115,"column":139},"end":{"line":115,"column":237}},{"start":{},"end":{}}],"line":115},"1596":{"loc":{"start":{"line":115,"column":387},"end":{"line":115,"column":1223}},"type":"if","locations":[{"start":{"line":115,"column":387},"end":{"line":115,"column":1223}},{"start":{},"end":{}}],"line":115},"1597":{"loc":{"start":{"line":115,"column":404},"end":{"line":115,"column":550}},"type":"binary-expr","locations":[{"start":{"line":115,"column":404},"end":{"line":115,"column":431}},{"start":{"line":115,"column":434},"end":{"line":115,"column":549}}],"line":115},"1598":{"loc":{"start":{"line":115,"column":579},"end":{"line":115,"column":662}},"type":"binary-expr","locations":[{"start":{"line":115,"column":579},"end":{"line":115,"column":598}},{"start":{"line":115,"column":601},"end":{"line":115,"column":661}}],"line":115},"1599":{"loc":{"start":{"line":115,"column":695},"end":{"line":115,"column":730}},"type":"binary-expr","locations":[{"start":{"line":115,"column":695},"end":{"line":115,"column":696}},{"start":{"line":115,"column":698},"end":{"line":115,"column":730}}],"line":115},"1600":{"loc":{"start":{"line":115,"column":844},"end":{"line":115,"column":870}},"type":"binary-expr","locations":[{"start":{"line":115,"column":844},"end":{"line":115,"column":866}},{"start":{"line":115,"column":868},"end":{"line":115,"column":870}}],"line":115},"1601":{"loc":{"start":{"line":115,"column":913},"end":{"line":115,"column":941}},"type":"binary-expr","locations":[{"start":{"line":115,"column":913},"end":{"line":115,"column":937}},{"start":{"line":115,"column":939},"end":{"line":115,"column":941}}],"line":115},"1602":{"loc":{"start":{"line":115,"column":1145},"end":{"line":115,"column":1221}},"type":"cond-expr","locations":[{"start":{"line":115,"column":1164},"end":{"line":115,"column":1165}},{"start":{"line":115,"column":1166},"end":{"line":115,"column":1221}}],"line":115},"1603":{"loc":{"start":{"line":115,"column":1268},"end":{"line":115,"column":1676}},"type":"binary-expr","locations":[{"start":{"line":115,"column":1268},"end":{"line":115,"column":1269}},{"start":{"line":115,"column":1272},"end":{"line":115,"column":1675}}],"line":115},"1604":{"loc":{"start":{"line":115,"column":1280},"end":{"line":115,"column":1313}},"type":"binary-expr","locations":[{"start":{"line":115,"column":1280},"end":{"line":115,"column":1302}},{"start":{"line":115,"column":1304},"end":{"line":115,"column":1313}}],"line":115},"1605":{"loc":{"start":{"line":115,"column":1314},"end":{"line":115,"column":1675}},"type":"cond-expr","locations":[{"start":{"line":115,"column":1320},"end":{"line":115,"column":1452}},{"start":{"line":115,"column":1453},"end":{"line":115,"column":1675}}],"line":115},"1606":{"loc":{"start":{"line":115,"column":1453},"end":{"line":115,"column":1675}},"type":"cond-expr","locations":[{"start":{"line":115,"column":1459},"end":{"line":115,"column":1585}},{"start":{"line":115,"column":1586},"end":{"line":115,"column":1675}}],"line":115},"1607":{"loc":{"start":{"line":115,"column":2056},"end":{"line":115,"column":2271}},"type":"if","locations":[{"start":{"line":115,"column":2056},"end":{"line":115,"column":2271}},{"start":{},"end":{}}],"line":115},"1608":{"loc":{"start":{"line":115,"column":2271},"end":{"line":115,"column":2301}},"type":"if","locations":[{"start":{"line":115,"column":2271},"end":{"line":115,"column":2301}},{"start":{},"end":{}}],"line":115},"1609":{"loc":{"start":{"line":115,"column":2543},"end":{"line":115,"column":2619}},"type":"cond-expr","locations":[{"start":{"line":115,"column":2562},"end":{"line":115,"column":2563}},{"start":{"line":115,"column":2564},"end":{"line":115,"column":2619}}],"line":115},"1610":{"loc":{"start":{"line":115,"column":2788},"end":{"line":115,"column":2994}},"type":"if","locations":[{"start":{"line":115,"column":2788},"end":{"line":115,"column":2994}},{"start":{},"end":{}}],"line":115},"1611":{"loc":{"start":{"line":115,"column":2994},"end":{"line":115,"column":3025}},"type":"if","locations":[{"start":{"line":115,"column":2994},"end":{"line":115,"column":3025}},{"start":{},"end":{}}],"line":115},"1612":{"loc":{"start":{"line":115,"column":3530},"end":{"line":115,"column":3566}},"type":"binary-expr","locations":[{"start":{"line":115,"column":3530},"end":{"line":115,"column":3555}},{"start":{"line":115,"column":3557},"end":{"line":115,"column":3566}}],"line":115},"1613":{"loc":{"start":{"line":115,"column":3993},"end":{"line":115,"column":4156}},"type":"if","locations":[{"start":{"line":115,"column":3993},"end":{"line":115,"column":4156}},{"start":{},"end":{}}],"line":115},"1614":{"loc":{"start":{"line":115,"column":4011},"end":{"line":115,"column":4155}},"type":"cond-expr","locations":[{"start":{"line":115,"column":4031},"end":{"line":115,"column":4081}},{"start":{"line":115,"column":4082},"end":{"line":115,"column":4155}}],"line":115},"1615":{"loc":{"start":{"line":115,"column":4156},"end":{"line":115,"column":4207}},"type":"if","locations":[{"start":{"line":115,"column":4156},"end":{"line":115,"column":4207}},{"start":{},"end":{}}],"line":115},"1616":{"loc":{"start":{"line":115,"column":4231},"end":{"line":115,"column":4257}},"type":"if","locations":[{"start":{"line":115,"column":4231},"end":{"line":115,"column":4257}},{"start":{},"end":{}}],"line":115},"1617":{"loc":{"start":{"line":115,"column":4257},"end":{"line":115,"column":4378}},"type":"if","locations":[{"start":{"line":115,"column":4257},"end":{"line":115,"column":4378}},{"start":{},"end":{}}],"line":115},"1618":{"loc":{"start":{"line":115,"column":4260},"end":{"line":115,"column":4318}},"type":"binary-expr","locations":[{"start":{"line":115,"column":4260},"end":{"line":115,"column":4285}},{"start":{"line":115,"column":4287},"end":{"line":115,"column":4318}}],"line":115},"1619":{"loc":{"start":{"line":115,"column":4424},"end":{"line":116,"column":58}},"type":"cond-expr","locations":[{"start":{"line":115,"column":4443},"end":{"line":115,"column":4444}},{"start":{"line":115,"column":4445},"end":{"line":116,"column":58}}],"line":115},"1620":{"loc":{"start":{"line":116,"column":397},"end":{"line":116,"column":560}},"type":"if","locations":[{"start":{"line":116,"column":397},"end":{"line":116,"column":560}},{"start":{},"end":{}}],"line":116},"1621":{"loc":{"start":{"line":116,"column":415},"end":{"line":116,"column":559}},"type":"cond-expr","locations":[{"start":{"line":116,"column":435},"end":{"line":116,"column":485}},{"start":{"line":116,"column":486},"end":{"line":116,"column":559}}],"line":116},"1622":{"loc":{"start":{"line":116,"column":590},"end":{"line":116,"column":737}},"type":"if","locations":[{"start":{"line":116,"column":590},"end":{"line":116,"column":737}},{"start":{},"end":{}}],"line":116},"1623":{"loc":{"start":{"line":116,"column":626},"end":{"line":116,"column":735}},"type":"cond-expr","locations":[{"start":{"line":116,"column":654},"end":{"line":116,"column":726}},{"start":{"line":116,"column":727},"end":{"line":116,"column":735}}],"line":116},"1624":{"loc":{"start":{"line":116,"column":626},"end":{"line":116,"column":653}},"type":"binary-expr","locations":[{"start":{"line":116,"column":626},"end":{"line":116,"column":634}},{"start":{"line":116,"column":636},"end":{"line":116,"column":653}}],"line":116},"1625":{"loc":{"start":{"line":116,"column":654},"end":{"line":116,"column":726}},"type":"binary-expr","locations":[{"start":{"line":116,"column":654},"end":{"line":116,"column":674}},{"start":{"line":116,"column":676},"end":{"line":116,"column":726}}],"line":116},"1626":{"loc":{"start":{"line":116,"column":743},"end":{"line":116,"column":809}},"type":"cond-expr","locations":[{"start":{"line":116,"column":759},"end":{"line":116,"column":780}},{"start":{"line":116,"column":781},"end":{"line":116,"column":809}}],"line":116},"1627":{"loc":{"start":{"line":116,"column":743},"end":{"line":116,"column":758}},"type":"binary-expr","locations":[{"start":{"line":116,"column":743},"end":{"line":116,"column":744}},{"start":{"line":116,"column":746},"end":{"line":116,"column":758}}],"line":116},"1628":{"loc":{"start":{"line":116,"column":831},"end":{"line":116,"column":941}},"type":"if","locations":[{"start":{"line":116,"column":831},"end":{"line":116,"column":941}},{"start":{},"end":{}}],"line":116},"1629":{"loc":{"start":{"line":116,"column":1006},"end":{"line":116,"column":1074}},"type":"cond-expr","locations":[{"start":{"line":116,"column":1008},"end":{"line":116,"column":1015}},{"start":{"line":116,"column":1016},"end":{"line":116,"column":1074}}],"line":116},"1630":{"loc":{"start":{"line":116,"column":1104},"end":{"line":116,"column":1316}},"type":"if","locations":[{"start":{"line":116,"column":1104},"end":{"line":116,"column":1316}},{"start":{},"end":{}}],"line":116},"1631":{"loc":{"start":{"line":116,"column":1107},"end":{"line":116,"column":1127}},"type":"binary-expr","locations":[{"start":{"line":116,"column":1107},"end":{"line":116,"column":1124}},{"start":{"line":116,"column":1126},"end":{"line":116,"column":1127}}],"line":116},"1632":{"loc":{"start":{"line":116,"column":1411},"end":{"line":116,"column":1464}},"type":"cond-expr","locations":[{"start":{"line":116,"column":1435},"end":{"line":116,"column":1436}},{"start":{"line":116,"column":1437},"end":{"line":116,"column":1464}}],"line":116},"1633":{"loc":{"start":{"line":116,"column":1489},"end":{"line":116,"column":1540}},"type":"binary-expr","locations":[{"start":{"line":116,"column":1489},"end":{"line":116,"column":1507}},{"start":{"line":116,"column":1509},"end":{"line":116,"column":1517}},{"start":{"line":116,"column":1519},"end":{"line":116,"column":1540}}],"line":116},"1634":{"loc":{"start":{"line":116,"column":1749},"end":{"line":116,"column":1753}},"type":"default-arg","locations":[{"start":{"line":116,"column":1751},"end":{"line":116,"column":1753}}],"line":116},"1635":{"loc":{"start":{"line":116,"column":1932},"end":{"line":116,"column":1965}},"type":"binary-expr","locations":[{"start":{"line":116,"column":1932},"end":{"line":116,"column":1958}},{"start":{"line":116,"column":1960},"end":{"line":116,"column":1965}}],"line":116},"1636":{"loc":{"start":{"line":116,"column":1967},"end":{"line":116,"column":2097}},"type":"binary-expr","locations":[{"start":{"line":116,"column":1967},"end":{"line":116,"column":1968}},{"start":{"line":116,"column":1970},"end":{"line":116,"column":1971}},{"start":{"line":116,"column":1973},"end":{"line":116,"column":2097}}],"line":116},"1637":{"loc":{"start":{"line":116,"column":2122},"end":{"line":116,"column":2127}},"type":"binary-expr","locations":[{"start":{"line":116,"column":2122},"end":{"line":116,"column":2123}},{"start":{"line":116,"column":2125},"end":{"line":116,"column":2127}}],"line":116},"1638":{"loc":{"start":{"line":116,"column":2188},"end":{"line":117,"column":36}},"type":"if","locations":[{"start":{"line":116,"column":2188},"end":{"line":117,"column":36}},{"start":{},"end":{}}],"line":116},"1639":{"loc":{"start":{"line":116,"column":2191},"end":{"line":116,"column":2202}},"type":"binary-expr","locations":[{"start":{"line":116,"column":2191},"end":{"line":116,"column":2192}},{"start":{"line":116,"column":2194},"end":{"line":116,"column":2195}},{"start":{"line":116,"column":2197},"end":{"line":116,"column":2198}},{"start":{"line":116,"column":2200},"end":{"line":116,"column":2202}}],"line":116},"1640":{"loc":{"start":{"line":116,"column":2216},"end":{"line":116,"column":2753}},"type":"cond-expr","locations":[{"start":{"line":116,"column":2218},"end":{"line":116,"column":2537}},{"start":{"line":116,"column":2538},"end":{"line":116,"column":2753}}],"line":116},"1641":{"loc":{"start":{"line":116,"column":2218},"end":{"line":116,"column":2537}},"type":"cond-expr","locations":[{"start":{"line":116,"column":2245},"end":{"line":116,"column":2442}},{"start":{"line":116,"column":2443},"end":{"line":116,"column":2537}}],"line":116},"1642":{"loc":{"start":{"line":117,"column":43},"end":{"line":117,"column":76}},"type":"cond-expr","locations":[{"start":{"line":117,"column":45},"end":{"line":117,"column":54}},{"start":{"line":117,"column":55},"end":{"line":117,"column":76}}],"line":117},"1643":{"loc":{"start":{"line":117,"column":55},"end":{"line":117,"column":76}},"type":"cond-expr","locations":[{"start":{"line":117,"column":57},"end":{"line":117,"column":66}},{"start":{"line":117,"column":67},"end":{"line":117,"column":76}}],"line":117},"1644":{"loc":{"start":{"line":117,"column":111},"end":{"line":117,"column":133}},"type":"binary-expr","locations":[{"start":{"line":117,"column":111},"end":{"line":117,"column":129}},{"start":{"line":117,"column":131},"end":{"line":117,"column":133}}],"line":117},"1645":{"loc":{"start":{"line":117,"column":353},"end":{"line":117,"column":398}},"type":"if","locations":[{"start":{"line":117,"column":353},"end":{"line":117,"column":398}},{"start":{},"end":{}}],"line":117},"1646":{"loc":{"start":{"line":117,"column":398},"end":{"line":117,"column":477}},"type":"if","locations":[{"start":{"line":117,"column":398},"end":{"line":117,"column":477}},{"start":{},"end":{}}],"line":117},"1647":{"loc":{"start":{"line":117,"column":477},"end":{"line":117,"column":539}},"type":"if","locations":[{"start":{"line":117,"column":477},"end":{"line":117,"column":539}},{"start":{},"end":{}}],"line":117},"1648":{"loc":{"start":{"line":117,"column":539},"end":{"line":117,"column":614}},"type":"if","locations":[{"start":{"line":117,"column":539},"end":{"line":117,"column":614}},{"start":{},"end":{}}],"line":117},"1649":{"loc":{"start":{"line":117,"column":614},"end":{"line":117,"column":700}},"type":"if","locations":[{"start":{"line":117,"column":614},"end":{"line":117,"column":700}},{"start":{},"end":{}}],"line":117},"1650":{"loc":{"start":{"line":117,"column":700},"end":{"line":117,"column":786}},"type":"if","locations":[{"start":{"line":117,"column":700},"end":{"line":117,"column":786}},{"start":{},"end":{}}],"line":117},"1651":{"loc":{"start":{"line":117,"column":786},"end":{"line":117,"column":935}},"type":"if","locations":[{"start":{"line":117,"column":786},"end":{"line":117,"column":935}},{"start":{},"end":{}}],"line":117},"1652":{"loc":{"start":{"line":117,"column":942},"end":{"line":117,"column":980}},"type":"cond-expr","locations":[{"start":{"line":117,"column":973},"end":{"line":117,"column":978}},{"start":{"line":117,"column":979},"end":{"line":117,"column":980}}],"line":117},"1653":{"loc":{"start":{"line":117,"column":942},"end":{"line":117,"column":972}},"type":"binary-expr","locations":[{"start":{"line":117,"column":942},"end":{"line":117,"column":960}},{"start":{"line":117,"column":962},"end":{"line":117,"column":972}}],"line":117},"1654":{"loc":{"start":{"line":117,"column":1003},"end":{"line":117,"column":1177}},"type":"cond-expr","locations":[{"start":{"line":117,"column":1060},"end":{"line":117,"column":1062}},{"start":{"line":117,"column":1063},"end":{"line":117,"column":1177}}],"line":117},"1655":{"loc":{"start":{"line":117,"column":1003},"end":{"line":117,"column":1059}},"type":"binary-expr","locations":[{"start":{"line":117,"column":1003},"end":{"line":117,"column":1027}},{"start":{"line":117,"column":1029},"end":{"line":117,"column":1059}}],"line":117},"1656":{"loc":{"start":{"line":117,"column":1063},"end":{"line":117,"column":1177}},"type":"cond-expr","locations":[{"start":{"line":117,"column":1092},"end":{"line":117,"column":1174}},{"start":{"line":117,"column":1175},"end":{"line":117,"column":1177}}],"line":117},"1657":{"loc":{"start":{"line":117,"column":1063},"end":{"line":117,"column":1091}},"type":"binary-expr","locations":[{"start":{"line":117,"column":1063},"end":{"line":117,"column":1081}},{"start":{"line":117,"column":1083},"end":{"line":117,"column":1091}}],"line":117},"1658":{"loc":{"start":{"line":117,"column":1092},"end":{"line":117,"column":1174}},"type":"binary-expr","locations":[{"start":{"line":117,"column":1092},"end":{"line":117,"column":1129}},{"start":{"line":117,"column":1131},"end":{"line":117,"column":1174}}],"line":117},"1659":{"loc":{"start":{"line":117,"column":1193},"end":{"line":117,"column":1234}},"type":"if","locations":[{"start":{"line":117,"column":1193},"end":{"line":117,"column":1234}},{"start":{},"end":{}}],"line":117},"1660":{"loc":{"start":{"line":117,"column":1196},"end":{"line":117,"column":1224}},"type":"binary-expr","locations":[{"start":{"line":117,"column":1196},"end":{"line":117,"column":1214}},{"start":{"line":117,"column":1216},"end":{"line":117,"column":1224}}],"line":117},"1661":{"loc":{"start":{"line":117,"column":1234},"end":{"line":117,"column":1283}},"type":"if","locations":[{"start":{"line":117,"column":1234},"end":{"line":117,"column":1283}},{"start":{},"end":{}}],"line":117},"1662":{"loc":{"start":{"line":117,"column":1283},"end":{"line":117,"column":1320}},"type":"if","locations":[{"start":{"line":117,"column":1283},"end":{"line":117,"column":1320}},{"start":{},"end":{}}],"line":117},"1663":{"loc":{"start":{"line":117,"column":1402},"end":{"line":117,"column":1439}},"type":"cond-expr","locations":[{"start":{"line":117,"column":1421},"end":{"line":117,"column":1433}},{"start":{"line":117,"column":1434},"end":{"line":117,"column":1439}}],"line":117},"1664":{"loc":{"start":{"line":117,"column":1507},"end":{"line":124,"column":2}},"type":"if","locations":[{"start":{"line":117,"column":1507},"end":{"line":124,"column":2}},{"start":{},"end":{}}],"line":117},"1665":{"loc":{"start":{"line":117,"column":1510},"end":{"line":117,"column":1572}},"type":"binary-expr","locations":[{"start":{"line":117,"column":1510},"end":{"line":117,"column":1548}},{"start":{"line":117,"column":1550},"end":{"line":117,"column":1560}},{"start":{"line":117,"column":1562},"end":{"line":117,"column":1572}}],"line":117},"1666":{"loc":{"start":{"line":117,"column":1512},"end":{"line":117,"column":1547}},"type":"binary-expr","locations":[{"start":{"line":117,"column":1512},"end":{"line":117,"column":1528}},{"start":{"line":117,"column":1530},"end":{"line":117,"column":1547}}],"line":117},"1667":{"loc":{"start":{"line":124,"column":62},"end":{"line":124,"column":594}},"type":"if","locations":[{"start":{"line":124,"column":62},"end":{"line":124,"column":594}},{"start":{"line":124,"column":135},"end":{"line":124,"column":594}}],"line":124},"1668":{"loc":{"start":{"line":124,"column":135},"end":{"line":124,"column":594}},"type":"if","locations":[{"start":{"line":124,"column":135},"end":{"line":124,"column":594}},{"start":{"line":124,"column":227},"end":{"line":124,"column":594}}],"line":124},"1669":{"loc":{"start":{"line":124,"column":187},"end":{"line":124,"column":192}},"type":"binary-expr","locations":[{"start":{"line":124,"column":187},"end":{"line":124,"column":188}},{"start":{"line":124,"column":190},"end":{"line":124,"column":192}}],"line":124},"1670":{"loc":{"start":{"line":124,"column":227},"end":{"line":124,"column":594}},"type":"switch","locations":[{"start":{"line":124,"column":237},"end":{"line":124,"column":250}},{"start":{"line":124,"column":250},"end":{"line":124,"column":328}},{"start":{"line":124,"column":328},"end":{"line":124,"column":346}},{"start":{"line":124,"column":346},"end":{"line":124,"column":363}},{"start":{"line":124,"column":363},"end":{"line":124,"column":445}},{"start":{"line":124,"column":445},"end":{"line":124,"column":527}},{"start":{"line":124,"column":527},"end":{"line":124,"column":593}}],"line":124},"1671":{"loc":{"start":{"line":124,"column":601},"end":{"line":124,"column":671}},"type":"cond-expr","locations":[{"start":{"line":124,"column":611},"end":{"line":124,"column":647}},{"start":{"line":124,"column":648},"end":{"line":124,"column":671}}],"line":124},"1672":{"loc":{"start":{"line":124,"column":964},"end":{"line":124,"column":967}},"type":"default-arg","locations":[{"start":{"line":124,"column":966},"end":{"line":124,"column":967}}],"line":124},"1673":{"loc":{"start":{"line":124,"column":982},"end":{"line":124,"column":1031}},"type":"cond-expr","locations":[{"start":{"line":124,"column":1010},"end":{"line":124,"column":1022}},{"start":{"line":124,"column":1023},"end":{"line":124,"column":1031}}],"line":124},"1674":{"loc":{"start":{"line":124,"column":982},"end":{"line":124,"column":1009}},"type":"binary-expr","locations":[{"start":{"line":124,"column":982},"end":{"line":124,"column":992}},{"start":{"line":124,"column":994},"end":{"line":124,"column":1009}}],"line":124},"1675":{"loc":{"start":{"line":124,"column":1232},"end":{"line":124,"column":1278}},"type":"cond-expr","locations":[{"start":{"line":124,"column":1253},"end":{"line":124,"column":1276}},{"start":{"line":124,"column":1277},"end":{"line":124,"column":1278}}],"line":124},"1676":{"loc":{"start":{"line":124,"column":1341},"end":{"line":124,"column":1387}},"type":"cond-expr","locations":[{"start":{"line":124,"column":1367},"end":{"line":124,"column":1368}},{"start":{"line":124,"column":1369},"end":{"line":124,"column":1387}}],"line":124},"1677":{"loc":{"start":{"line":124,"column":2050},"end":{"line":124,"column":2074}},"type":"binary-expr","locations":[{"start":{"line":124,"column":2050},"end":{"line":124,"column":2059}},{"start":{"line":124,"column":2061},"end":{"line":124,"column":2070}},{"start":{"line":124,"column":2072},"end":{"line":124,"column":2074}}],"line":124},"1678":{"loc":{"start":{"line":124,"column":2119},"end":{"line":124,"column":2127}},"type":"default-arg","locations":[{"start":{"line":124,"column":2121},"end":{"line":124,"column":2127}}],"line":124},"1679":{"loc":{"start":{"line":124,"column":2178},"end":{"line":124,"column":2193}},"type":"binary-expr","locations":[{"start":{"line":124,"column":2178},"end":{"line":124,"column":2185}},{"start":{"line":124,"column":2187},"end":{"line":124,"column":2193}}],"line":124},"1680":{"loc":{"start":{"line":124,"column":2225},"end":{"line":124,"column":2364}},"type":"cond-expr","locations":[{"start":{"line":124,"column":2244},"end":{"line":124,"column":2245}},{"start":{"line":124,"column":2246},"end":{"line":124,"column":2364}}],"line":124},"1681":{"loc":{"start":{"line":124,"column":2269},"end":{"line":124,"column":2297}},"type":"cond-expr","locations":[{"start":{"line":124,"column":2288},"end":{"line":124,"column":2289}},{"start":{"line":124,"column":2290},"end":{"line":124,"column":2297}}],"line":124},"1682":{"loc":{"start":{"line":124,"column":2305},"end":{"line":124,"column":2355}},"type":"cond-expr","locations":[{"start":{"line":124,"column":2317},"end":{"line":124,"column":2318}},{"start":{"line":124,"column":2319},"end":{"line":124,"column":2355}}],"line":124},"1683":{"loc":{"start":{"line":124,"column":2319},"end":{"line":124,"column":2355}},"type":"cond-expr","locations":[{"start":{"line":124,"column":2347},"end":{"line":124,"column":2353}},{"start":{"line":124,"column":2354},"end":{"line":124,"column":2355}}],"line":124},"1684":{"loc":{"start":{"line":124,"column":2319},"end":{"line":124,"column":2346}},"type":"binary-expr","locations":[{"start":{"line":124,"column":2319},"end":{"line":124,"column":2320}},{"start":{"line":124,"column":2323},"end":{"line":124,"column":2333}},{"start":{"line":124,"column":2335},"end":{"line":124,"column":2345}}],"line":124},"1685":{"loc":{"start":{"line":124,"column":2628},"end":{"line":124,"column":2694}},"type":"if","locations":[{"start":{"line":124,"column":2628},"end":{"line":124,"column":2694}},{"start":{},"end":{}}],"line":124},"1686":{"loc":{"start":{"line":124,"column":2631},"end":{"line":124,"column":2686}},"type":"binary-expr","locations":[{"start":{"line":124,"column":2631},"end":{"line":124,"column":2654}},{"start":{"line":124,"column":2656},"end":{"line":124,"column":2686}}],"line":124},"1687":{"loc":{"start":{"line":124,"column":2710},"end":{"line":124,"column":2742}},"type":"binary-expr","locations":[{"start":{"line":124,"column":2710},"end":{"line":124,"column":2721}},{"start":{"line":124,"column":2723},"end":{"line":124,"column":2742}}],"line":124},"1688":{"loc":{"start":{"line":124,"column":2743},"end":{"line":124,"column":2791}},"type":"binary-expr","locations":[{"start":{"line":124,"column":2743},"end":{"line":124,"column":2760}},{"start":{"line":124,"column":2762},"end":{"line":124,"column":2791}}],"line":124},"1689":{"loc":{"start":{"line":124,"column":2906},"end":{"line":124,"column":2954}},"type":"cond-expr","locations":[{"start":{"line":124,"column":2935},"end":{"line":124,"column":2952}},{"start":{"line":124,"column":2953},"end":{"line":124,"column":2954}}],"line":124},"1690":{"loc":{"start":{"line":124,"column":2906},"end":{"line":124,"column":2934}},"type":"binary-expr","locations":[{"start":{"line":124,"column":2906},"end":{"line":124,"column":2924}},{"start":{"line":124,"column":2926},"end":{"line":124,"column":2934}}],"line":124},"1691":{"loc":{"start":{"line":124,"column":3450},"end":{"line":124,"column":3699}},"type":"cond-expr","locations":[{"start":{"line":124,"column":3453},"end":{"line":124,"column":3669}},{"start":{"line":124,"column":3671},"end":{"line":124,"column":3699}}],"line":124},"1692":{"loc":{"start":{"line":124,"column":3453},"end":{"line":124,"column":3594}},"type":"binary-expr","locations":[{"start":{"line":124,"column":3453},"end":{"line":124,"column":3468}},{"start":{"line":124,"column":3471},"end":{"line":124,"column":3593}}],"line":124},"1693":{"loc":{"start":{"line":124,"column":3490},"end":{"line":124,"column":3593}},"type":"binary-expr","locations":[{"start":{"line":124,"column":3490},"end":{"line":124,"column":3505}},{"start":{"line":124,"column":3508},"end":{"line":124,"column":3592}}],"line":124},"1694":{"loc":{"start":{"line":124,"column":3790},"end":{"line":124,"column":4262}},"type":"cond-expr","locations":[{"start":{"line":124,"column":3803},"end":{"line":124,"column":3930}},{"start":{"line":124,"column":3932},"end":{"line":124,"column":4261}}],"line":124},"1695":{"loc":{"start":{"line":124,"column":3852},"end":{"line":124,"column":3901}},"type":"cond-expr","locations":[{"start":{"line":124,"column":3871},"end":{"line":124,"column":3885}},{"start":{"line":124,"column":3886},"end":{"line":124,"column":3901}}],"line":124},"1696":{"loc":{"start":{"line":124,"column":4047},"end":{"line":124,"column":4205}},"type":"if","locations":[{"start":{"line":124,"column":4047},"end":{"line":124,"column":4205}},{"start":{"line":124,"column":4116},"end":{"line":124,"column":4205}}],"line":124},"1697":{"loc":{"start":{"line":124,"column":4155},"end":{"line":124,"column":4204}},"type":"cond-expr","locations":[{"start":{"line":124,"column":4174},"end":{"line":124,"column":4188}},{"start":{"line":124,"column":4189},"end":{"line":124,"column":4204}}],"line":124},"1698":{"loc":{"start":{"line":124,"column":4328},"end":{"line":124,"column":4349}},"type":"if","locations":[{"start":{"line":124,"column":4328},"end":{"line":124,"column":4349}},{"start":{},"end":{}}],"line":124},"1699":{"loc":{"start":{"line":124,"column":4349},"end":{"line":124,"column":4937}},"type":"switch","locations":[{"start":{"line":124,"column":4359},"end":{"line":124,"column":4389}},{"start":{"line":124,"column":4389},"end":{"line":124,"column":4495}},{"start":{"line":124,"column":4495},"end":{"line":124,"column":4526}},{"start":{"line":124,"column":4526},"end":{"line":124,"column":4541}},{"start":{"line":124,"column":4541},"end":{"line":124,"column":4571}},{"start":{"line":124,"column":4571},"end":{"line":124,"column":4618}},{"start":{"line":124,"column":4618},"end":{"line":124,"column":4669}},{"start":{"line":124,"column":4669},"end":{"line":124,"column":4718}},{"start":{"line":124,"column":4718},"end":{"line":124,"column":4771}},{"start":{"line":124,"column":4771},"end":{"line":124,"column":4826}},{"start":{"line":124,"column":4826},"end":{"line":124,"column":4873}},{"start":{"line":124,"column":4873},"end":{"line":124,"column":4920}},{"start":{"line":124,"column":4920},"end":{"line":124,"column":4936}}],"line":124},"1700":{"loc":{"start":{"line":124,"column":5702},"end":{"line":124,"column":5733}},"type":"if","locations":[{"start":{"line":124,"column":5702},"end":{"line":124,"column":5733}},{"start":{},"end":{}}],"line":124},"1701":{"loc":{"start":{"line":124,"column":5830},"end":{"line":124,"column":5882}},"type":"cond-expr","locations":[{"start":{"line":124,"column":5858},"end":{"line":124,"column":5875}},{"start":{"line":124,"column":5876},"end":{"line":124,"column":5882}}],"line":124},"1702":{"loc":{"start":{"line":124,"column":6148},"end":{"line":124,"column":6219}},"type":"cond-expr","locations":[{"start":{"line":124,"column":6166},"end":{"line":124,"column":6199}},{"start":{"line":124,"column":6200},"end":{"line":124,"column":6219}}],"line":124},"1703":{"loc":{"start":{"line":124,"column":6243},"end":{"line":124,"column":6345}},"type":"cond-expr","locations":[{"start":{"line":124,"column":6304},"end":{"line":124,"column":6343}},{"start":{"line":124,"column":6344},"end":{"line":124,"column":6345}}],"line":124},"1704":{"loc":{"start":{"line":124,"column":6243},"end":{"line":124,"column":6303}},"type":"binary-expr","locations":[{"start":{"line":124,"column":6243},"end":{"line":124,"column":6272}},{"start":{"line":124,"column":6274},"end":{"line":124,"column":6303}}],"line":124},"1705":{"loc":{"start":{"line":124,"column":6700},"end":{"line":124,"column":6745}},"type":"cond-expr","locations":[{"start":{"line":124,"column":6735},"end":{"line":124,"column":6743}},{"start":{"line":124,"column":6744},"end":{"line":124,"column":6745}}],"line":124},"1706":{"loc":{"start":{"line":124,"column":6820},"end":{"line":124,"column":6927}},"type":"binary-expr","locations":[{"start":{"line":124,"column":6820},"end":{"line":124,"column":6835}},{"start":{"line":124,"column":6837},"end":{"line":124,"column":6927}}],"line":124},"1707":{"loc":{"start":{"line":124,"column":7033},"end":{"line":124,"column":7058}},"type":"if","locations":[{"start":{"line":124,"column":7033},"end":{"line":124,"column":7058}},{"start":{},"end":{}}],"line":124},"1708":{"loc":{"start":{"line":124,"column":7058},"end":{"line":124,"column":7244}},"type":"if","locations":[{"start":{"line":124,"column":7058},"end":{"line":124,"column":7244}},{"start":{},"end":{}}],"line":124},"1709":{"loc":{"start":{"line":124,"column":7061},"end":{"line":124,"column":7082}},"type":"binary-expr","locations":[{"start":{"line":124,"column":7061},"end":{"line":124,"column":7075}},{"start":{"line":124,"column":7077},"end":{"line":124,"column":7082}}],"line":124},"1710":{"loc":{"start":{"line":124,"column":7260},"end":{"line":124,"column":7856}},"type":"if","locations":[{"start":{"line":124,"column":7260},"end":{"line":124,"column":7856}},{"start":{"line":124,"column":7567},"end":{"line":124,"column":7856}}],"line":124},"1711":{"loc":{"start":{"line":124,"column":7263},"end":{"line":124,"column":7378}},"type":"binary-expr","locations":[{"start":{"line":124,"column":7263},"end":{"line":124,"column":7264}},{"start":{"line":124,"column":7267},"end":{"line":124,"column":7377}}],"line":124},"1712":{"loc":{"start":{"line":124,"column":7419},"end":{"line":124,"column":7451}},"type":"cond-expr","locations":[{"start":{"line":124,"column":7421},"end":{"line":124,"column":7444}},{"start":{"line":124,"column":7445},"end":{"line":124,"column":7451}}],"line":124},"1713":{"loc":{"start":{"line":124,"column":7568},"end":{"line":124,"column":7624}},"type":"if","locations":[{"start":{"line":124,"column":7568},"end":{"line":124,"column":7624}},{"start":{},"end":{}}],"line":124},"1714":{"loc":{"start":{"line":124,"column":7624},"end":{"line":124,"column":7734}},"type":"if","locations":[{"start":{"line":124,"column":7624},"end":{"line":124,"column":7734}},{"start":{},"end":{}}],"line":124},"1715":{"loc":{"start":{"line":124,"column":7734},"end":{"line":124,"column":7794}},"type":"if","locations":[{"start":{"line":124,"column":7734},"end":{"line":124,"column":7794}},{"start":{},"end":{}}],"line":124},"1716":{"loc":{"start":{"line":124,"column":7794},"end":{"line":124,"column":7855}},"type":"if","locations":[{"start":{"line":124,"column":7794},"end":{"line":124,"column":7855}},{"start":{},"end":{}}],"line":124},"1717":{"loc":{"start":{"line":124,"column":7933},"end":{"line":124,"column":8014}},"type":"cond-expr","locations":[{"start":{"line":124,"column":7995},"end":{"line":124,"column":8012}},{"start":{"line":124,"column":8013},"end":{"line":124,"column":8014}}],"line":124},"1718":{"loc":{"start":{"line":124,"column":7933},"end":{"line":124,"column":7994}},"type":"binary-expr","locations":[{"start":{"line":124,"column":7933},"end":{"line":124,"column":7957}},{"start":{"line":124,"column":7959},"end":{"line":124,"column":7994}}],"line":124},"1719":{"loc":{"start":{"line":124,"column":8029},"end":{"line":124,"column":8069}},"type":"if","locations":[{"start":{"line":124,"column":8029},"end":{"line":124,"column":8069}},{"start":{},"end":{}}],"line":124},"1720":{"loc":{"start":{"line":124,"column":8032},"end":{"line":124,"column":8059}},"type":"binary-expr","locations":[{"start":{"line":124,"column":8032},"end":{"line":124,"column":8034}},{"start":{"line":124,"column":8037},"end":{"line":124,"column":8058}}],"line":124},"1721":{"loc":{"start":{"line":124,"column":8037},"end":{"line":124,"column":8055}},"type":"binary-expr","locations":[{"start":{"line":124,"column":8037},"end":{"line":124,"column":8043}},{"start":{"line":124,"column":8046},"end":{"line":124,"column":8054}}],"line":124},"1722":{"loc":{"start":{"line":124,"column":8129},"end":{"line":124,"column":8156}},"type":"binary-expr","locations":[{"start":{"line":124,"column":8129},"end":{"line":124,"column":8141}},{"start":{"line":124,"column":8143},"end":{"line":124,"column":8156}}],"line":124},"1723":{"loc":{"start":{"line":124,"column":8170},"end":{"line":124,"column":8196}},"type":"cond-expr","locations":[{"start":{"line":124,"column":8185},"end":{"line":124,"column":8190}},{"start":{"line":124,"column":8191},"end":{"line":124,"column":8196}}],"line":124},"1724":{"loc":{"start":{"line":124,"column":8204},"end":{"line":124,"column":8212}},"type":"cond-expr","locations":[{"start":{"line":124,"column":8206},"end":{"line":124,"column":8210}},{"start":{"line":124,"column":8211},"end":{"line":124,"column":8212}}],"line":124},"1725":{"loc":{"start":{"line":124,"column":8279},"end":{"line":124,"column":8452}},"type":"if","locations":[{"start":{"line":124,"column":8279},"end":{"line":124,"column":8452}},{"start":{},"end":{}}],"line":124},"1726":{"loc":{"start":{"line":124,"column":8285},"end":{"line":124,"column":8368}},"type":"if","locations":[{"start":{"line":124,"column":8285},"end":{"line":124,"column":8368}},{"start":{},"end":{}}],"line":124},"1727":{"loc":{"start":{"line":124,"column":8368},"end":{"line":124,"column":8419}},"type":"if","locations":[{"start":{"line":124,"column":8368},"end":{"line":124,"column":8419}},{"start":{},"end":{}}],"line":124},"1728":{"loc":{"start":{"line":124,"column":8526},"end":{"line":124,"column":8579}},"type":"binary-expr","locations":[{"start":{"line":124,"column":8526},"end":{"line":124,"column":8531}},{"start":{"line":124,"column":8533},"end":{"line":124,"column":8550}},{"start":{"line":124,"column":8552},"end":{"line":124,"column":8579}}],"line":124},"1729":{"loc":{"start":{"line":124,"column":8602},"end":{"line":124,"column":8636}},"type":"binary-expr","locations":[{"start":{"line":124,"column":8602},"end":{"line":124,"column":8618}},{"start":{"line":124,"column":8620},"end":{"line":124,"column":8636}}],"line":124},"1730":{"loc":{"start":{"line":124,"column":8652},"end":{"line":124,"column":8717}},"type":"if","locations":[{"start":{"line":124,"column":8652},"end":{"line":124,"column":8717}},{"start":{},"end":{}}],"line":124},"1731":{"loc":{"start":{"line":124,"column":8717},"end":{"line":124,"column":8808}},"type":"if","locations":[{"start":{"line":124,"column":8717},"end":{"line":124,"column":8808}},{"start":{},"end":{}}],"line":124},"1732":{"loc":{"start":{"line":125,"column":447},"end":{"line":128,"column":59}},"type":"if","locations":[{"start":{"line":125,"column":447},"end":{"line":128,"column":59}},{"start":{},"end":{}}],"line":125},"1733":{"loc":{"start":{"line":125,"column":453},"end":{"line":125,"column":598}},"type":"if","locations":[{"start":{"line":125,"column":453},"end":{"line":125,"column":598}},{"start":{},"end":{}}],"line":125},"1734":{"loc":{"start":{"line":125,"column":456},"end":{"line":125,"column":492}},"type":"binary-expr","locations":[{"start":{"line":125,"column":456},"end":{"line":125,"column":474}},{"start":{"line":125,"column":476},"end":{"line":125,"column":492}}],"line":125},"1735":{"loc":{"start":{"line":125,"column":632},"end":{"line":125,"column":789}},"type":"if","locations":[{"start":{"line":125,"column":632},"end":{"line":125,"column":789}},{"start":{},"end":{}}],"line":125},"1736":{"loc":{"start":{"line":125,"column":657},"end":{"line":125,"column":707}},"type":"binary-expr","locations":[{"start":{"line":125,"column":657},"end":{"line":125,"column":664}},{"start":{"line":125,"column":666},"end":{"line":125,"column":707}}],"line":125},"1737":{"loc":{"start":{"line":125,"column":789},"end":{"line":126,"column":57}},"type":"if","locations":[{"start":{"line":125,"column":789},"end":{"line":126,"column":57}},{"start":{},"end":{}}],"line":125},"1738":{"loc":{"start":{"line":125,"column":792},"end":{"line":125,"column":828}},"type":"binary-expr","locations":[{"start":{"line":125,"column":792},"end":{"line":125,"column":810}},{"start":{"line":125,"column":812},"end":{"line":125,"column":828}}],"line":125},"1739":{"loc":{"start":{"line":126,"column":57},"end":{"line":128,"column":57}},"type":"if","locations":[{"start":{"line":126,"column":57},"end":{"line":128,"column":57}},{"start":{},"end":{}}],"line":126},"1740":{"loc":{"start":{"line":126,"column":60},"end":{"line":126,"column":81}},"type":"binary-expr","locations":[{"start":{"line":126,"column":60},"end":{"line":126,"column":61}},{"start":{"line":126,"column":63},"end":{"line":126,"column":81}}],"line":126},"1741":{"loc":{"start":{"line":126,"column":116},"end":{"line":127,"column":57}},"type":"if","locations":[{"start":{"line":126,"column":116},"end":{"line":127,"column":57}},{"start":{},"end":{}}],"line":126},"1742":{"loc":{"start":{"line":127,"column":57},"end":{"line":128,"column":56}},"type":"if","locations":[{"start":{"line":127,"column":57},"end":{"line":128,"column":56}},{"start":{},"end":{}}],"line":127},"1743":{"loc":{"start":{"line":128,"column":77},"end":{"line":128,"column":223}},"type":"if","locations":[{"start":{"line":128,"column":77},"end":{"line":128,"column":223}},{"start":{},"end":{}}],"line":128},"1744":{"loc":{"start":{"line":128,"column":80},"end":{"line":128,"column":110}},"type":"binary-expr","locations":[{"start":{"line":128,"column":80},"end":{"line":128,"column":82}},{"start":{"line":128,"column":84},"end":{"line":128,"column":110}}],"line":128},"1745":{"loc":{"start":{"line":128,"column":223},"end":{"line":128,"column":242}},"type":"if","locations":[{"start":{"line":128,"column":223},"end":{"line":128,"column":242}},{"start":{},"end":{}}],"line":128},"1746":{"loc":{"start":{"line":128,"column":242},"end":{"line":128,"column":364}},"type":"if","locations":[{"start":{"line":128,"column":242},"end":{"line":128,"column":364}},{"start":{},"end":{}}],"line":128},"1747":{"loc":{"start":{"line":128,"column":364},"end":{"line":128,"column":534}},"type":"if","locations":[{"start":{"line":128,"column":364},"end":{"line":128,"column":534}},{"start":{},"end":{}}],"line":128},"1748":{"loc":{"start":{"line":128,"column":534},"end":{"line":128,"column":677}},"type":"if","locations":[{"start":{"line":128,"column":534},"end":{"line":128,"column":677}},{"start":{},"end":{}}],"line":128},"1749":{"loc":{"start":{"line":128,"column":697},"end":{"line":129,"column":31}},"type":"if","locations":[{"start":{"line":128,"column":697},"end":{"line":129,"column":31}},{"start":{},"end":{}}],"line":128},"1750":{"loc":{"start":{"line":128,"column":700},"end":{"line":128,"column":732}},"type":"binary-expr","locations":[{"start":{"line":128,"column":700},"end":{"line":128,"column":712}},{"start":{"line":128,"column":714},"end":{"line":128,"column":732}}],"line":128},"1751":{"loc":{"start":{"line":129,"column":49},"end":{"line":129,"column":301}},"type":"if","locations":[{"start":{"line":129,"column":49},"end":{"line":129,"column":301}},{"start":{},"end":{}}],"line":129},"1752":{"loc":{"start":{"line":129,"column":55},"end":{"line":129,"column":183}},"type":"if","locations":[{"start":{"line":129,"column":55},"end":{"line":129,"column":183}},{"start":{},"end":{}}],"line":129},"1753":{"loc":{"start":{"line":129,"column":183},"end":{"line":129,"column":300}},"type":"if","locations":[{"start":{"line":129,"column":183},"end":{"line":129,"column":300}},{"start":{},"end":{}}],"line":129},"1754":{"loc":{"start":{"line":129,"column":311},"end":{"line":129,"column":324}},"type":"if","locations":[{"start":{"line":129,"column":311},"end":{"line":129,"column":324}},{"start":{},"end":{}}],"line":129},"1755":{"loc":{"start":{"line":129,"column":324},"end":{"line":129,"column":443}},"type":"if","locations":[{"start":{"line":129,"column":324},"end":{"line":129,"column":443}},{"start":{},"end":{}}],"line":129},"1756":{"loc":{"start":{"line":129,"column":457},"end":{"line":129,"column":594}},"type":"if","locations":[{"start":{"line":129,"column":457},"end":{"line":129,"column":594}},{"start":{},"end":{}}],"line":129},"1757":{"loc":{"start":{"line":129,"column":460},"end":{"line":129,"column":495}},"type":"binary-expr","locations":[{"start":{"line":129,"column":460},"end":{"line":129,"column":478}},{"start":{"line":129,"column":480},"end":{"line":129,"column":495}}],"line":129},"1758":{"loc":{"start":{"line":129,"column":665},"end":{"line":129,"column":813}},"type":"if","locations":[{"start":{"line":129,"column":665},"end":{"line":129,"column":813}},{"start":{},"end":{}}],"line":129},"1759":{"loc":{"start":{"line":129,"column":816},"end":{"line":129,"column":978}},"type":"if","locations":[{"start":{"line":129,"column":816},"end":{"line":129,"column":978}},{"start":{},"end":{}}],"line":129},"1760":{"loc":{"start":{"line":129,"column":819},"end":{"line":129,"column":840}},"type":"binary-expr","locations":[{"start":{"line":129,"column":819},"end":{"line":129,"column":820}},{"start":{"line":129,"column":822},"end":{"line":129,"column":840}}],"line":129},"1761":{"loc":{"start":{"line":129,"column":874},"end":{"line":129,"column":978}},"type":"if","locations":[{"start":{"line":129,"column":874},"end":{"line":129,"column":978}},{"start":{"line":129,"column":895},"end":{"line":129,"column":978}}],"line":129},"1762":{"loc":{"start":{"line":129,"column":1004},"end":{"line":129,"column":1017}},"type":"if","locations":[{"start":{"line":129,"column":1004},"end":{"line":129,"column":1017}},{"start":{},"end":{}}],"line":129},"1763":{"loc":{"start":{"line":129,"column":1033},"end":{"line":129,"column":1193}},"type":"if","locations":[{"start":{"line":129,"column":1033},"end":{"line":129,"column":1193}},{"start":{},"end":{}}],"line":129},"1764":{"loc":{"start":{"line":129,"column":1036},"end":{"line":129,"column":1049}},"type":"binary-expr","locations":[{"start":{"line":129,"column":1036},"end":{"line":129,"column":1043}},{"start":{"line":129,"column":1045},"end":{"line":129,"column":1049}}],"line":129},"1765":{"loc":{"start":{"line":129,"column":1209},"end":{"line":129,"column":1368}},"type":"if","locations":[{"start":{"line":129,"column":1209},"end":{"line":129,"column":1368}},{"start":{},"end":{}}],"line":129},"1766":{"loc":{"start":{"line":129,"column":1212},"end":{"line":129,"column":1225}},"type":"binary-expr","locations":[{"start":{"line":129,"column":1212},"end":{"line":129,"column":1219}},{"start":{"line":129,"column":1221},"end":{"line":129,"column":1225}}],"line":129},"1767":{"loc":{"start":{"line":129,"column":1383},"end":{"line":129,"column":1463}},"type":"if","locations":[{"start":{"line":129,"column":1383},"end":{"line":129,"column":1463}},{"start":{},"end":{}}],"line":129},"1768":{"loc":{"start":{"line":129,"column":1463},"end":{"line":129,"column":1522}},"type":"if","locations":[{"start":{"line":129,"column":1463},"end":{"line":129,"column":1522}},{"start":{},"end":{}}],"line":129},"1769":{"loc":{"start":{"line":129,"column":1596},"end":{"line":129,"column":1653}},"type":"if","locations":[{"start":{"line":129,"column":1596},"end":{"line":129,"column":1653}},{"start":{},"end":{}}],"line":129},"1770":{"loc":{"start":{"line":129,"column":1722},"end":{"line":129,"column":1791}},"type":"if","locations":[{"start":{"line":129,"column":1722},"end":{"line":129,"column":1791}},{"start":{},"end":{}}],"line":129},"1771":{"loc":{"start":{"line":129,"column":1791},"end":{"line":129,"column":1874}},"type":"if","locations":[{"start":{"line":129,"column":1791},"end":{"line":129,"column":1874}},{"start":{},"end":{}}],"line":129},"1772":{"loc":{"start":{"line":129,"column":1874},"end":{"line":129,"column":1952}},"type":"binary-expr","locations":[{"start":{"line":129,"column":1874},"end":{"line":129,"column":1893}},{"start":{"line":129,"column":1895},"end":{"line":129,"column":1952}}],"line":129},"1773":{"loc":{"start":{"line":129,"column":1954},"end":{"line":129,"column":1988}},"type":"if","locations":[{"start":{"line":129,"column":1954},"end":{"line":129,"column":1988}},{"start":{},"end":{}}],"line":129},"1774":{"loc":{"start":{"line":129,"column":2005},"end":{"line":129,"column":2018}},"type":"if","locations":[{"start":{"line":129,"column":2005},"end":{"line":129,"column":2018}},{"start":{},"end":{}}],"line":129},"1775":{"loc":{"start":{"line":129,"column":2060},"end":{"line":129,"column":2177}},"type":"if","locations":[{"start":{"line":129,"column":2060},"end":{"line":129,"column":2177}},{"start":{},"end":{}}],"line":129},"1776":{"loc":{"start":{"line":129,"column":2208},"end":{"line":129,"column":2353}},"type":"if","locations":[{"start":{"line":129,"column":2208},"end":{"line":129,"column":2353}},{"start":{},"end":{}}],"line":129},"1777":{"loc":{"start":{"line":129,"column":2407},"end":{"line":129,"column":2521}},"type":"if","locations":[{"start":{"line":129,"column":2407},"end":{"line":129,"column":2521}},{"start":{},"end":{}}],"line":129},"1778":{"loc":{"start":{"line":129,"column":2532},"end":{"line":129,"column":2669}},"type":"if","locations":[{"start":{"line":129,"column":2532},"end":{"line":129,"column":2669}},{"start":{},"end":{}}],"line":129},"1779":{"loc":{"start":{"line":129,"column":2535},"end":{"line":129,"column":2565}},"type":"binary-expr","locations":[{"start":{"line":129,"column":2535},"end":{"line":129,"column":2550}},{"start":{"line":129,"column":2552},"end":{"line":129,"column":2565}}],"line":129},"1780":{"loc":{"start":{"line":129,"column":2687},"end":{"line":129,"column":2732}},"type":"if","locations":[{"start":{"line":129,"column":2687},"end":{"line":129,"column":2732}},{"start":{},"end":{}}],"line":129},"1781":{"loc":{"start":{"line":129,"column":2690},"end":{"line":129,"column":2722}},"type":"binary-expr","locations":[{"start":{"line":129,"column":2690},"end":{"line":129,"column":2702}},{"start":{"line":129,"column":2704},"end":{"line":129,"column":2722}}],"line":129},"1782":{"loc":{"start":{"line":129,"column":2753},"end":{"line":129,"column":2781}},"type":"cond-expr","locations":[{"start":{"line":129,"column":2755},"end":{"line":129,"column":2778}},{"start":{"line":129,"column":2779},"end":{"line":129,"column":2781}}],"line":129},"1783":{"loc":{"start":{"line":129,"column":2799},"end":{"line":129,"column":2827}},"type":"if","locations":[{"start":{"line":129,"column":2799},"end":{"line":129,"column":2827}},{"start":{},"end":{}}],"line":129},"1784":{"loc":{"start":{"line":129,"column":2898},"end":{"line":129,"column":2924}},"type":"cond-expr","locations":[{"start":{"line":129,"column":2920},"end":{"line":129,"column":2922}},{"start":{"line":129,"column":2923},"end":{"line":129,"column":2924}}],"line":129},"1785":{"loc":{"start":{"line":129,"column":2944},"end":{"line":129,"column":2969}},"type":"cond-expr","locations":[{"start":{"line":129,"column":2957},"end":{"line":129,"column":2964}},{"start":{"line":129,"column":2965},"end":{"line":129,"column":2969}}],"line":129},"1786":{"loc":{"start":{"line":129,"column":2994},"end":{"line":129,"column":3023}},"type":"binary-expr","locations":[{"start":{"line":129,"column":2994},"end":{"line":129,"column":3008}},{"start":{"line":129,"column":3010},"end":{"line":129,"column":3023}}],"line":129},"1787":{"loc":{"start":{"line":129,"column":3081},"end":{"line":129,"column":3097}},"type":"if","locations":[{"start":{"line":129,"column":3081},"end":{"line":129,"column":3097}},{"start":{},"end":{}}],"line":129},"1788":{"loc":{"start":{"line":129,"column":3142},"end":{"line":129,"column":3839}},"type":"switch","locations":[{"start":{"line":129,"column":3157},"end":{"line":129,"column":3290}},{"start":{"line":129,"column":3290},"end":{"line":129,"column":3474}},{"start":{"line":129,"column":3474},"end":{"line":129,"column":3670}},{"start":{"line":129,"column":3670},"end":{"line":129,"column":3838}}],"line":129},"1789":{"loc":{"start":{"line":133,"column":28},"end":{"line":133,"column":320}},"type":"cond-expr","locations":[{"start":{"line":133,"column":41},"end":{"line":133,"column":60}},{"start":{"line":133,"column":61},"end":{"line":133,"column":320}}],"line":133},"1790":{"loc":{"start":{"line":133,"column":130},"end":{"line":133,"column":171}},"type":"binary-expr","locations":[{"start":{"line":133,"column":130},"end":{"line":133,"column":131}},{"start":{"line":133,"column":134},"end":{"line":133,"column":170}}],"line":133},"1791":{"loc":{"start":{"line":133,"column":138},"end":{"line":133,"column":170}},"type":"binary-expr","locations":[{"start":{"line":133,"column":138},"end":{"line":133,"column":150}},{"start":{"line":133,"column":153},"end":{"line":133,"column":169}}],"line":133},"1792":{"loc":{"start":{"line":133,"column":158},"end":{"line":133,"column":169}},"type":"cond-expr","locations":[{"start":{"line":133,"column":160},"end":{"line":133,"column":164}},{"start":{"line":133,"column":165},"end":{"line":133,"column":169}}],"line":133},"1793":{"loc":{"start":{"line":133,"column":179},"end":{"line":133,"column":193}},"type":"binary-expr","locations":[{"start":{"line":133,"column":179},"end":{"line":133,"column":180}},{"start":{"line":133,"column":183},"end":{"line":133,"column":192}}],"line":133},"1794":{"loc":{"start":{"line":133,"column":252},"end":{"line":133,"column":275}},"type":"if","locations":[{"start":{"line":133,"column":252},"end":{"line":133,"column":275}},{"start":{},"end":{}}],"line":133},"1795":{"loc":{"start":{"line":133,"column":275},"end":{"line":133,"column":316}},"type":"cond-expr","locations":[{"start":{"line":133,"column":297},"end":{"line":133,"column":301}},{"start":{"line":133,"column":303},"end":{"line":133,"column":315}}],"line":133},"1796":{"loc":{"start":{"line":133,"column":303},"end":{"line":133,"column":311}},"type":"binary-expr","locations":[{"start":{"line":133,"column":303},"end":{"line":133,"column":304}},{"start":{"line":133,"column":307},"end":{"line":133,"column":310}}],"line":133},"1797":{"loc":{"start":{"line":133,"column":347},"end":{"line":133,"column":403}},"type":"binary-expr","locations":[{"start":{"line":133,"column":347},"end":{"line":133,"column":374}},{"start":{"line":133,"column":377},"end":{"line":133,"column":402}}],"line":133},"1798":{"loc":{"start":{"line":133,"column":904},"end":{"line":133,"column":941}},"type":"binary-expr","locations":[{"start":{"line":133,"column":904},"end":{"line":133,"column":938}},{"start":{"line":133,"column":940},"end":{"line":133,"column":941}}],"line":133},"1799":{"loc":{"start":{"line":133,"column":948},"end":{"line":133,"column":958}},"type":"binary-expr","locations":[{"start":{"line":133,"column":948},"end":{"line":133,"column":949}},{"start":{"line":133,"column":951},"end":{"line":133,"column":958}}],"line":133},"1800":{"loc":{"start":{"line":133,"column":1082},"end":{"line":133,"column":1101}},"type":"binary-expr","locations":[{"start":{"line":133,"column":1082},"end":{"line":133,"column":1097}},{"start":{"line":133,"column":1099},"end":{"line":133,"column":1101}}],"line":133},"1801":{"loc":{"start":{"line":133,"column":1196},"end":{"line":133,"column":1433}},"type":"binary-expr","locations":[{"start":{"line":133,"column":1196},"end":{"line":133,"column":1214}},{"start":{"line":133,"column":1216},"end":{"line":133,"column":1433}}],"line":133},"1802":{"loc":{"start":{"line":133,"column":1229},"end":{"line":133,"column":1321}},"type":"binary-expr","locations":[{"start":{"line":133,"column":1229},"end":{"line":133,"column":1259}},{"start":{"line":133,"column":1261},"end":{"line":133,"column":1321}}],"line":133},"1803":{"loc":{"start":{"line":133,"column":1336},"end":{"line":133,"column":1432}},"type":"binary-expr","locations":[{"start":{"line":133,"column":1336},"end":{"line":133,"column":1368}},{"start":{"line":133,"column":1370},"end":{"line":133,"column":1432}}],"line":133},"1804":{"loc":{"start":{"line":133,"column":1436},"end":{"line":133,"column":1976}},"type":"if","locations":[{"start":{"line":133,"column":1436},"end":{"line":133,"column":1976}},{"start":{},"end":{}}],"line":133},"1805":{"loc":{"start":{"line":133,"column":1469},"end":{"line":133,"column":1528}},"type":"cond-expr","locations":[{"start":{"line":133,"column":1501},"end":{"line":133,"column":1511}},{"start":{"line":133,"column":1512},"end":{"line":133,"column":1528}}],"line":133},"1806":{"loc":{"start":{"line":133,"column":1529},"end":{"line":133,"column":1728}},"type":"if","locations":[{"start":{"line":133,"column":1529},"end":{"line":133,"column":1728}},{"start":{},"end":{}}],"line":133},"1807":{"loc":{"start":{"line":133,"column":1728},"end":{"line":133,"column":1975}},"type":"if","locations":[{"start":{"line":133,"column":1728},"end":{"line":133,"column":1975}},{"start":{},"end":{}}],"line":133},"1808":{"loc":{"start":{"line":133,"column":1731},"end":{"line":133,"column":1770}},"type":"binary-expr","locations":[{"start":{"line":133,"column":1731},"end":{"line":133,"column":1744}},{"start":{"line":133,"column":1746},"end":{"line":133,"column":1770}}],"line":133},"1809":{"loc":{"start":{"line":133,"column":1982},"end":{"line":133,"column":2042}},"type":"binary-expr","locations":[{"start":{"line":133,"column":1982},"end":{"line":133,"column":1984}},{"start":{"line":133,"column":1986},"end":{"line":133,"column":1987}},{"start":{"line":133,"column":1989},"end":{"line":133,"column":2017}},{"start":{"line":133,"column":2019},"end":{"line":133,"column":2042}}],"line":133},"1810":{"loc":{"start":{"line":133,"column":2053},"end":{"line":133,"column":2058}},"type":"binary-expr","locations":[{"start":{"line":133,"column":2053},"end":{"line":133,"column":2054}},{"start":{"line":133,"column":2056},"end":{"line":133,"column":2058}}],"line":133},"1811":{"loc":{"start":{"line":133,"column":2061},"end":{"line":133,"column":2077}},"type":"binary-expr","locations":[{"start":{"line":133,"column":2061},"end":{"line":133,"column":2073}},{"start":{"line":133,"column":2075},"end":{"line":133,"column":2077}}],"line":133},"1812":{"loc":{"start":{"line":133,"column":2093},"end":{"line":133,"column":2121}},"type":"binary-expr","locations":[{"start":{"line":133,"column":2093},"end":{"line":133,"column":2094}},{"start":{"line":133,"column":2096},"end":{"line":133,"column":2121}}],"line":133},"1813":{"loc":{"start":{"line":133,"column":2173},"end":{"line":133,"column":2212}},"type":"binary-expr","locations":[{"start":{"line":133,"column":2173},"end":{"line":133,"column":2197}},{"start":{"line":133,"column":2200},"end":{"line":133,"column":2211}}],"line":133},"1814":{"loc":{"start":{"line":133,"column":2289},"end":{"line":133,"column":2301}},"type":"binary-expr","locations":[{"start":{"line":133,"column":2289},"end":{"line":133,"column":2297}},{"start":{"line":133,"column":2299},"end":{"line":133,"column":2301}}],"line":133},"1815":{"loc":{"start":{"line":133,"column":2302},"end":{"line":133,"column":4108}},"type":"if","locations":[{"start":{"line":133,"column":2302},"end":{"line":133,"column":4108}},{"start":{},"end":{}}],"line":133},"1816":{"loc":{"start":{"line":133,"column":2305},"end":{"line":133,"column":2495}},"type":"cond-expr","locations":[{"start":{"line":133,"column":2319},"end":{"line":133,"column":2350}},{"start":{"line":133,"column":2351},"end":{"line":133,"column":2495}}],"line":133},"1817":{"loc":{"start":{"line":133,"column":2351},"end":{"line":133,"column":2495}},"type":"cond-expr","locations":[{"start":{"line":133,"column":2387},"end":{"line":133,"column":2414}},{"start":{"line":133,"column":2415},"end":{"line":133,"column":2495}}],"line":133},"1818":{"loc":{"start":{"line":133,"column":2415},"end":{"line":133,"column":2495}},"type":"cond-expr","locations":[{"start":{"line":133,"column":2436},"end":{"line":133,"column":2465}},{"start":{"line":133,"column":2466},"end":{"line":133,"column":2495}}],"line":133},"1819":{"loc":{"start":{"line":133,"column":2649},"end":{"line":133,"column":2669}},"type":"binary-expr","locations":[{"start":{"line":133,"column":2649},"end":{"line":133,"column":2661}},{"start":{"line":133,"column":2663},"end":{"line":133,"column":2669}}],"line":133},"1820":{"loc":{"start":{"line":133,"column":2767},"end":{"line":133,"column":2783}},"type":"binary-expr","locations":[{"start":{"line":133,"column":2767},"end":{"line":133,"column":2772}},{"start":{"line":133,"column":2774},"end":{"line":133,"column":2783}}],"line":133},"1821":{"loc":{"start":{"line":133,"column":2795},"end":{"line":133,"column":2908}},"type":"binary-expr","locations":[{"start":{"line":133,"column":2795},"end":{"line":133,"column":2800}},{"start":{"line":133,"column":2802},"end":{"line":133,"column":2908}}],"line":133},"1822":{"loc":{"start":{"line":133,"column":2805},"end":{"line":133,"column":2907}},"type":"cond-expr","locations":[{"start":{"line":133,"column":2828},"end":{"line":133,"column":2843}},{"start":{"line":133,"column":2844},"end":{"line":133,"column":2907}}],"line":133},"1823":{"loc":{"start":{"line":133,"column":2858},"end":{"line":133,"column":2906}},"type":"cond-expr","locations":[{"start":{"line":133,"column":2877},"end":{"line":133,"column":2888}},{"start":{"line":133,"column":2889},"end":{"line":133,"column":2906}}],"line":133},"1824":{"loc":{"start":{"line":133,"column":2913},"end":{"line":133,"column":2926}},"type":"binary-expr","locations":[{"start":{"line":133,"column":2913},"end":{"line":133,"column":2922}},{"start":{"line":133,"column":2924},"end":{"line":133,"column":2926}}],"line":133},"1825":{"loc":{"start":{"line":133,"column":3326},"end":{"line":133,"column":3360}},"type":"binary-expr","locations":[{"start":{"line":133,"column":3326},"end":{"line":133,"column":3355}},{"start":{"line":133,"column":3357},"end":{"line":133,"column":3360}}],"line":133},"1826":{"loc":{"start":{"line":133,"column":3369},"end":{"line":133,"column":3403}},"type":"binary-expr","locations":[{"start":{"line":133,"column":3369},"end":{"line":133,"column":3398}},{"start":{"line":133,"column":3400},"end":{"line":133,"column":3403}}],"line":133},"1827":{"loc":{"start":{"line":133,"column":3989},"end":{"line":133,"column":4040}},"type":"cond-expr","locations":[{"start":{"line":133,"column":4008},"end":{"line":133,"column":4009}},{"start":{"line":133,"column":4010},"end":{"line":133,"column":4040}}],"line":133},"1828":{"loc":{"start":{"line":133,"column":4010},"end":{"line":133,"column":4040}},"type":"cond-expr","locations":[{"start":{"line":133,"column":4028},"end":{"line":133,"column":4035}},{"start":{"line":133,"column":4036},"end":{"line":133,"column":4040}}],"line":133},"1829":{"loc":{"start":{"line":133,"column":4041},"end":{"line":133,"column":4107}},"type":"binary-expr","locations":[{"start":{"line":133,"column":4041},"end":{"line":133,"column":4042}},{"start":{"line":133,"column":4044},"end":{"line":133,"column":4107}}],"line":133},"1830":{"loc":{"start":{"line":133,"column":4069},"end":{"line":133,"column":4083}},"type":"binary-expr","locations":[{"start":{"line":133,"column":4069},"end":{"line":133,"column":4079}},{"start":{"line":133,"column":4081},"end":{"line":133,"column":4083}}],"line":133},"1831":{"loc":{"start":{"line":133,"column":4086},"end":{"line":133,"column":4104}},"type":"binary-expr","locations":[{"start":{"line":133,"column":4086},"end":{"line":133,"column":4095}},{"start":{"line":133,"column":4097},"end":{"line":133,"column":4104}}],"line":133},"1832":{"loc":{"start":{"line":133,"column":4294},"end":{"line":133,"column":4380}},"type":"cond-expr","locations":[{"start":{"line":133,"column":4311},"end":{"line":133,"column":4339}},{"start":{"line":133,"column":4340},"end":{"line":133,"column":4380}}],"line":133},"1833":{"loc":{"start":{"line":133,"column":4340},"end":{"line":133,"column":4380}},"type":"binary-expr","locations":[{"start":{"line":133,"column":4340},"end":{"line":133,"column":4341}},{"start":{"line":133,"column":4343},"end":{"line":133,"column":4380}}],"line":133},"1834":{"loc":{"start":{"line":133,"column":4908},"end":{"line":133,"column":5132}},"type":"if","locations":[{"start":{"line":133,"column":4908},"end":{"line":133,"column":5132}},{"start":{},"end":{}}],"line":133},"1835":{"loc":{"start":{"line":133,"column":4911},"end":{"line":133,"column":4941}},"type":"binary-expr","locations":[{"start":{"line":133,"column":4911},"end":{"line":133,"column":4925}},{"start":{"line":133,"column":4927},"end":{"line":133,"column":4941}}],"line":133},"1836":{"loc":{"start":{"line":133,"column":5007},"end":{"line":133,"column":5084}},"type":"cond-expr","locations":[{"start":{"line":133,"column":5024},"end":{"line":133,"column":5051}},{"start":{"line":133,"column":5052},"end":{"line":133,"column":5084}}],"line":133},"1837":{"loc":{"start":{"line":133,"column":5703},"end":{"line":133,"column":5878}},"type":"if","locations":[{"start":{"line":133,"column":5703},"end":{"line":133,"column":5878}},{"start":{},"end":{}}],"line":133},"1838":{"loc":{"start":{"line":133,"column":6371},"end":{"line":133,"column":6461}},"type":"if","locations":[{"start":{"line":133,"column":6371},"end":{"line":133,"column":6461}},{"start":{},"end":{}}],"line":133},"1839":{"loc":{"start":{"line":133,"column":6374},"end":{"line":133,"column":6404}},"type":"binary-expr","locations":[{"start":{"line":133,"column":6374},"end":{"line":133,"column":6388}},{"start":{"line":133,"column":6390},"end":{"line":133,"column":6404}}],"line":133},"1840":{"loc":{"start":{"line":133,"column":6866},"end":{"line":133,"column":7035}},"type":"if","locations":[{"start":{"line":133,"column":6866},"end":{"line":133,"column":7035}},{"start":{},"end":{}}],"line":133},"1841":{"loc":{"start":{"line":133,"column":7298},"end":{"line":133,"column":7542}},"type":"if","locations":[{"start":{"line":133,"column":7298},"end":{"line":133,"column":7542}},{"start":{},"end":{}}],"line":133},"1842":{"loc":{"start":{"line":133,"column":7548},"end":{"line":133,"column":7619}},"type":"binary-expr","locations":[{"start":{"line":133,"column":7548},"end":{"line":133,"column":7565}},{"start":{"line":133,"column":7567},"end":{"line":133,"column":7619}}],"line":133},"1843":{"loc":{"start":{"line":133,"column":7681},"end":{"line":133,"column":7709}},"type":"binary-expr","locations":[{"start":{"line":133,"column":7681},"end":{"line":133,"column":7706}},{"start":{"line":133,"column":7708},"end":{"line":133,"column":7709}}],"line":133},"1844":{"loc":{"start":{"line":133,"column":7848},"end":{"line":133,"column":7905}},"type":"binary-expr","locations":[{"start":{"line":133,"column":7848},"end":{"line":133,"column":7858}},{"start":{"line":133,"column":7860},"end":{"line":133,"column":7905}}],"line":133},"1845":{"loc":{"start":{"line":133,"column":7914},"end":{"line":133,"column":7971}},"type":"binary-expr","locations":[{"start":{"line":133,"column":7914},"end":{"line":133,"column":7924}},{"start":{"line":133,"column":7926},"end":{"line":133,"column":7971}}],"line":133},"1846":{"loc":{"start":{"line":133,"column":7987},"end":{"line":133,"column":8058}},"type":"binary-expr","locations":[{"start":{"line":133,"column":7987},"end":{"line":133,"column":8004}},{"start":{"line":133,"column":8006},"end":{"line":133,"column":8058}}],"line":133},"1847":{"loc":{"start":{"line":133,"column":8505},"end":{"line":133,"column":8938}},"type":"cond-expr","locations":[{"start":{"line":133,"column":8526},"end":{"line":133,"column":8881}},{"start":{"line":133,"column":8882},"end":{"line":133,"column":8938}}],"line":133},"1848":{"loc":{"start":{"line":133,"column":8526},"end":{"line":133,"column":8881}},"type":"cond-expr","locations":[{"start":{"line":133,"column":8589},"end":{"line":133,"column":8821}},{"start":{"line":133,"column":8822},"end":{"line":133,"column":8881}}],"line":133},"1849":{"loc":{"start":{"line":133,"column":9121},"end":{"line":133,"column":9147}},"type":"binary-expr","locations":[{"start":{"line":133,"column":9121},"end":{"line":133,"column":9143}},{"start":{"line":133,"column":9145},"end":{"line":133,"column":9147}}],"line":133},"1850":{"loc":{"start":{"line":133,"column":9438},"end":{"line":133,"column":9479}},"type":"cond-expr","locations":[{"start":{"line":133,"column":9446},"end":{"line":133,"column":9470}},{"start":{"line":133,"column":9471},"end":{"line":133,"column":9479}}],"line":133},"1851":{"loc":{"start":{"line":133,"column":9533},"end":{"line":133,"column":9621}},"type":"if","locations":[{"start":{"line":133,"column":9533},"end":{"line":133,"column":9621}},{"start":{},"end":{}}],"line":133},"1852":{"loc":{"start":{"line":133,"column":9673},"end":{"line":133,"column":9717}},"type":"binary-expr","locations":[{"start":{"line":133,"column":9673},"end":{"line":133,"column":9674}},{"start":{"line":133,"column":9677},"end":{"line":133,"column":9716}}],"line":133},"1853":{"loc":{"start":{"line":133,"column":9718},"end":{"line":133,"column":9770}},"type":"binary-expr","locations":[{"start":{"line":133,"column":9718},"end":{"line":133,"column":9740}},{"start":{"line":133,"column":9742},"end":{"line":133,"column":9748}},{"start":{"line":133,"column":9750},"end":{"line":133,"column":9770}}],"line":133},"1854":{"loc":{"start":{"line":133,"column":9801},"end":{"line":133,"column":9951}},"type":"cond-expr","locations":[{"start":{"line":133,"column":9809},"end":{"line":133,"column":9949}},{"start":{"line":133,"column":9950},"end":{"line":133,"column":9951}}],"line":133},"1855":{"loc":{"start":{"line":133,"column":10253},"end":{"line":133,"column":10261}},"type":"cond-expr","locations":[{"start":{"line":133,"column":10255},"end":{"line":133,"column":10259}},{"start":{"line":133,"column":10260},"end":{"line":133,"column":10261}}],"line":133},"1856":{"loc":{"start":{"line":133,"column":10596},"end":{"line":134,"column":3}},"type":"binary-expr","locations":[{"start":{"line":133,"column":10596},"end":{"line":133,"column":10622}},{"start":{"line":133,"column":10625},"end":{"line":134,"column":2}}],"line":133},"1857":{"loc":{"start":{"line":134,"column":4},"end":{"line":134,"column":35}},"type":"binary-expr","locations":[{"start":{"line":134,"column":4},"end":{"line":134,"column":21}},{"start":{"line":134,"column":23},"end":{"line":134,"column":35}}],"line":134},"1858":{"loc":{"start":{"line":134,"column":588},"end":{"line":134,"column":617}},"type":"cond-expr","locations":[{"start":{"line":134,"column":594},"end":{"line":134,"column":610}},{"start":{"line":134,"column":611},"end":{"line":134,"column":617}}],"line":134},"1859":{"loc":{"start":{"line":134,"column":640},"end":{"line":134,"column":678}},"type":"binary-expr","locations":[{"start":{"line":134,"column":640},"end":{"line":134,"column":656}},{"start":{"line":134,"column":658},"end":{"line":134,"column":678}}],"line":134},"1860":{"loc":{"start":{"line":134,"column":859},"end":{"line":134,"column":881}},"type":"if","locations":[{"start":{"line":134,"column":859},"end":{"line":134,"column":881}},{"start":{},"end":{}}],"line":134},"1861":{"loc":{"start":{"line":134,"column":881},"end":{"line":134,"column":950}},"type":"if","locations":[{"start":{"line":134,"column":881},"end":{"line":134,"column":950}},{"start":{},"end":{}}],"line":134},"1862":{"loc":{"start":{"line":134,"column":998},"end":{"line":134,"column":1475}},"type":"binary-expr","locations":[{"start":{"line":134,"column":998},"end":{"line":134,"column":999}},{"start":{"line":134,"column":1002},"end":{"line":134,"column":1474}}],"line":134}},"s":{"0":1,"1":1,"2":1,"3":1,"4":1,"5":1,"6":1,"7":2,"8":2,"9":1,"10":14,"11":20,"12":1,"13":7,"14":100,"15":1,"16":31,"17":31,"18":981,"19":24,"20":31,"21":1,"22":30,"23":1,"24":1,"25":1,"26":1,"27":36,"28":36,"29":36,"30":36,"31":1,"32":1,"33":1,"34":1,"35":1,"36":1,"37":1,"38":4,"39":4,"40":0,"41":4,"42":0,"43":4,"44":0,"45":4,"46":0,"47":4,"48":4,"49":0,"50":4,"51":0,"52":0,"53":4,"54":0,"55":0,"56":4,"57":0,"58":4,"59":4,"60":0,"61":0,"62":0,"63":0,"64":0,"65":0,"66":2,"67":2,"68":1,"69":1,"70":1,"71":1,"72":2,"73":0,"74":0,"75":2,"76":6,"77":2,"78":2,"79":2,"80":0,"81":2,"82":0,"83":2,"84":0,"85":2,"86":0,"87":2,"88":0,"89":2,"90":0,"91":2,"92":2,"93":2,"94":0,"95":0,"96":2,"97":0,"98":0,"99":0,"100":0,"101":0,"102":0,"103":0,"104":0,"105":0,"106":1,"107":1,"108":1,"109":1,"110":1,"111":1,"112":1,"113":1,"114":1,"115":1,"116":1,"117":0,"118":0,"119":0,"120":1,"121":1,"122":0,"123":0,"124":0,"125":0,"126":0,"127":0,"128":0,"129":0,"130":0,"131":0,"132":1,"133":1,"134":0,"135":0,"136":1,"137":1,"138":1,"139":0,"140":1,"141":1,"142":1,"143":1,"144":1,"145":1,"146":1,"147":1,"148":1,"149":1,"150":3,"151":3,"152":3,"153":3,"154":18,"155":18,"156":18,"157":18,"158":18,"159":3,"160":0,"161":0,"162":0,"163":0,"164":0,"165":0,"166":0,"167":0,"168":0,"169":0,"170":0,"171":0,"172":0,"173":0,"174":0,"175":0,"176":0,"177":0,"178":0,"179":0,"180":3,"181":0,"182":0,"183":0,"184":0,"185":0,"186":0,"187":0,"188":0,"189":0,"190":0,"191":0,"192":0,"193":0,"194":0,"195":0,"196":0,"197":0,"198":0,"199":0,"200":0,"201":0,"202":0,"203":0,"204":0,"205":0,"206":0,"207":0,"208":0,"209":3,"210":0,"211":0,"212":0,"213":0,"214":3,"215":3,"216":3,"217":3,"218":3,"219":3,"220":3,"221":3,"222":0,"223":0,"224":0,"225":3,"226":3,"227":3,"228":3,"229":3,"230":0,"231":3,"232":3,"233":3,"234":3,"235":0,"236":0,"237":0,"238":0,"239":0,"240":0,"241":0,"242":0,"243":0,"244":0,"245":0,"246":0,"247":0,"248":0,"249":0,"250":0,"251":0,"252":0,"253":0,"254":0,"255":6,"256":6,"257":6,"258":0,"259":0,"260":6,"261":36,"262":1,"263":1,"264":1,"265":1,"266":1,"267":1,"268":1,"269":1,"270":1,"271":1,"272":1,"273":0,"274":0,"275":0,"276":0,"277":0,"278":0,"279":0,"280":0,"281":0,"282":0,"283":0,"284":0,"285":0,"286":0,"287":0,"288":0,"289":1,"290":1,"291":1,"292":0,"293":1,"294":0,"295":0,"296":0,"297":0,"298":0,"299":0,"300":0,"301":0,"302":0,"303":0,"304":0,"305":0,"306":0,"307":0,"308":0,"309":0,"310":0,"311":0,"312":0,"313":0,"314":0,"315":0,"316":0,"317":0,"318":0,"319":0,"320":1,"321":1,"322":1,"323":1,"324":0,"325":1,"326":1,"327":1,"328":0,"329":1,"330":1,"331":1,"332":1,"333":1,"334":1,"335":0,"336":1,"337":1,"338":0,"339":0,"340":0,"341":1,"342":1,"343":1,"344":1,"345":1,"346":0,"347":1,"348":1,"349":0,"350":1,"351":1,"352":1,"353":1,"354":1,"355":1,"356":1,"357":1,"358":1,"359":0,"360":0,"361":0,"362":1,"363":1,"364":1,"365":0,"366":0,"367":1,"368":1,"369":0,"370":0,"371":0,"372":0,"373":0,"374":0,"375":0,"376":0,"377":0,"378":0,"379":0,"380":0,"381":0,"382":0,"383":0,"384":0,"385":0,"386":0,"387":0,"388":0,"389":0,"390":0,"391":0,"392":0,"393":0,"394":0,"395":0,"396":1,"397":1,"398":1,"399":26,"400":26,"401":26,"402":26,"403":8,"404":1,"405":1,"406":1,"407":1,"408":1,"409":1,"410":1,"411":1,"412":1,"413":1,"414":1,"415":1,"416":1,"417":1,"418":1,"419":1,"420":1,"421":1,"422":1,"423":1,"424":1,"425":1,"426":1,"427":1,"428":1,"429":1,"430":1,"431":1,"432":1,"433":1,"434":1,"435":1,"436":1,"437":1,"438":1,"439":0,"440":0,"441":0,"442":83,"443":83,"444":83,"445":83,"446":83,"447":83,"448":83,"449":0,"450":0,"451":15,"452":15,"453":52,"454":52,"455":0,"456":0,"457":0,"458":0,"459":15,"460":0,"461":0,"462":1,"463":16,"464":0,"465":0,"466":0,"467":0,"468":0,"469":0,"470":0,"471":0,"472":0,"473":0,"474":0,"475":0,"476":0,"477":0,"478":1,"479":1,"480":1,"481":2,"482":2,"483":0,"484":1,"485":1,"486":2,"487":2,"488":1,"489":1,"490":1,"491":1,"492":1,"493":1,"494":1,"495":42,"496":1,"497":28,"498":1,"499":28,"500":0,"501":0,"502":0,"503":0,"504":28,"505":14,"506":0,"507":14,"508":0,"509":0,"510":0,"511":0,"512":0,"513":0,"514":0,"515":0,"516":0,"517":0,"518":0,"519":0,"520":0,"521":0,"522":0,"523":0,"524":0,"525":0,"526":0,"527":0,"528":0,"529":14,"530":14,"531":14,"532":14,"533":1,"534":0,"535":1,"536":0,"537":0,"538":8,"539":0,"540":0,"541":0,"542":0,"543":0,"544":0,"545":0,"546":0,"547":0,"548":0,"549":0,"550":0,"551":0,"552":0,"553":0,"554":0,"555":0,"556":0,"557":0,"558":0,"559":0,"560":0,"561":0,"562":0,"563":0,"564":0,"565":0,"566":0,"567":0,"568":8,"569":0,"570":0,"571":0,"572":0,"573":0,"574":0,"575":0,"576":0,"577":0,"578":0,"579":0,"580":0,"581":0,"582":1,"583":0,"584":1,"585":1,"586":0,"587":0,"588":0,"589":0,"590":0,"591":0,"592":0,"593":0,"594":0,"595":0,"596":0,"597":0,"598":0,"599":0,"600":0,"601":0,"602":0,"603":1,"604":1,"605":1,"606":0,"607":0,"608":0,"609":0,"610":0,"611":0,"612":0,"613":0,"614":0,"615":0,"616":0,"617":0,"618":0,"619":0,"620":0,"621":0,"622":0,"623":0,"624":0,"625":0,"626":0,"627":0,"628":0,"629":1,"630":1,"631":1,"632":0,"633":0,"634":0,"635":0,"636":0,"637":0,"638":0,"639":0,"640":0,"641":0,"642":0,"643":0,"644":0,"645":0,"646":0,"647":0,"648":0,"649":0,"650":0,"651":1,"652":1,"653":0,"654":1,"655":0,"656":1,"657":0,"658":1,"659":0,"660":1,"661":0,"662":0,"663":0,"664":0,"665":1,"666":4,"667":1,"668":16,"669":16,"670":4,"671":12,"672":12,"673":12,"674":12,"675":12,"676":12,"677":0,"678":12,"679":14,"680":12,"681":6,"682":6,"683":0,"684":0,"685":4,"686":0,"687":0,"688":0,"689":0,"690":0,"691":1,"692":1,"693":1,"694":0,"695":0,"696":1,"697":1,"698":1,"699":2,"700":2,"701":2,"702":0,"703":0,"704":0,"705":0,"706":0,"707":2,"708":0,"709":2,"710":2,"711":2,"712":2,"713":2,"714":2,"715":2,"716":2,"717":2,"718":2,"719":2,"720":2,"721":0,"722":0,"723":0,"724":2,"725":0,"726":0,"727":0,"728":0,"729":0,"730":0,"731":0,"732":0,"733":2,"734":2,"735":2,"736":2,"737":2,"738":0,"739":0,"740":0,"741":0,"742":0,"743":2,"744":2,"745":2,"746":2,"747":2,"748":2,"749":0,"750":2,"751":2,"752":2,"753":2,"754":2,"755":0,"756":2,"757":0,"758":0,"759":2,"760":2,"761":2,"762":2,"763":2,"764":2,"765":2,"766":0,"767":0,"768":0,"769":0,"770":0,"771":0,"772":0,"773":0,"774":0,"775":0,"776":0,"777":0,"778":0,"779":0,"780":2,"781":2,"782":2,"783":2,"784":2,"785":2,"786":2862,"787":0,"788":0,"789":0,"790":4,"791":4,"792":6,"793":2,"794":2,"795":1,"796":6,"797":4,"798":2,"799":2,"800":2,"801":2,"802":2,"803":2,"804":2,"805":0,"806":0,"807":0,"808":0,"809":2,"810":2,"811":0,"812":2,"813":0,"814":2,"815":0,"816":2,"817":0,"818":2,"819":0,"820":2,"821":0,"822":2,"823":0,"824":2,"825":0,"826":2,"827":0,"828":2,"829":0,"830":0,"831":2,"832":0,"833":0,"834":0,"835":0,"836":0,"837":0,"838":2,"839":2,"840":1,"841":1,"842":0,"843":0,"844":0,"845":0,"846":0,"847":0,"848":0,"849":0,"850":0,"851":0,"852":0,"853":0,"854":0,"855":0,"856":0,"857":0,"858":0,"859":0,"860":0,"861":0,"862":0,"863":0,"864":0,"865":0,"866":0,"867":0,"868":0,"869":0,"870":0,"871":0,"872":0,"873":1,"874":1,"875":1,"876":1,"877":1,"878":1,"879":1,"880":1,"881":1,"882":1,"883":1,"884":1,"885":1,"886":1,"887":1,"888":1,"889":1,"890":1,"891":1,"892":1,"893":1,"894":1,"895":1,"896":1,"897":0,"898":1,"899":0,"900":0,"901":0,"902":1,"903":0,"904":0,"905":0,"906":0,"907":1,"908":0,"909":1,"910":0,"911":1,"912":0,"913":1,"914":0,"915":1,"916":1,"917":1,"918":1,"919":1,"920":1,"921":1,"922":1,"923":1,"924":0,"925":0,"926":0,"927":0,"928":0,"929":1,"930":1,"931":1,"932":1,"933":1,"934":1,"935":1,"936":1,"937":1,"938":1,"939":1,"940":1,"941":1,"942":1,"943":0,"944":1,"945":0,"946":0,"947":1,"948":0,"949":0,"950":0,"951":0,"952":0,"953":0,"954":0,"955":1,"956":0,"957":1,"958":1,"959":0,"960":1,"961":0,"962":1,"963":1,"964":2,"965":2,"966":2,"967":2,"968":0,"969":1,"970":1,"971":1,"972":1,"973":0,"974":1,"975":1,"976":1,"977":1,"978":1,"979":1,"980":1,"981":1,"982":1,"983":1,"984":1,"985":1,"986":1,"987":1,"988":1,"989":1,"990":1,"991":1,"992":1,"993":1,"994":1,"995":1,"996":1,"997":1,"998":1,"999":1,"1000":1,"1001":0,"1002":0,"1003":0,"1004":0,"1005":0,"1006":0,"1007":0,"1008":0,"1009":0,"1010":0,"1011":0,"1012":0,"1013":0,"1014":0,"1015":0,"1016":0,"1017":0,"1018":0,"1019":0,"1020":0,"1021":0,"1022":0,"1023":0,"1024":0,"1025":0,"1026":0,"1027":0,"1028":0,"1029":0,"1030":0,"1031":1,"1032":0,"1033":0,"1034":0,"1035":0,"1036":0,"1037":1,"1038":1,"1039":2,"1040":1,"1041":0,"1042":1,"1043":0,"1044":0,"1045":0,"1046":0,"1047":0,"1048":0,"1049":0,"1050":0,"1051":0,"1052":0,"1053":0,"1054":0,"1055":0,"1056":0,"1057":0,"1058":0,"1059":0,"1060":0,"1061":0,"1062":1,"1063":1,"1064":0,"1065":0,"1066":0,"1067":0,"1068":0,"1069":0,"1070":0,"1071":1,"1072":1,"1073":0,"1074":0,"1075":0,"1076":0,"1077":0,"1078":0,"1079":0,"1080":0,"1081":0,"1082":1,"1083":0,"1084":1,"1085":1,"1086":1,"1087":3,"1088":3,"1089":18,"1090":0,"1091":0,"1092":0,"1093":0,"1094":0,"1095":0,"1096":0,"1097":0,"1098":0,"1099":3,"1100":18,"1101":18,"1102":3,"1103":18,"1104":3,"1105":1,"1106":3,"1107":3,"1108":3,"1109":3,"1110":1,"1111":1,"1112":1,"1113":0,"1114":0,"1115":0,"1116":0,"1117":0,"1118":0,"1119":0,"1120":0,"1121":0,"1122":0,"1123":0,"1124":0,"1125":0,"1126":0,"1127":0,"1128":6,"1129":3,"1130":3,"1131":3,"1132":3,"1133":3,"1134":4,"1135":6,"1136":0,"1137":32,"1138":32,"1139":438,"1140":32,"1141":0,"1142":0,"1143":0,"1144":0,"1145":0,"1146":0,"1147":0,"1148":22,"1149":1,"1150":1,"1151":0,"1152":1,"1153":0,"1154":0,"1155":1,"1156":1,"1157":0,"1158":0,"1159":1,"1160":1,"1161":0,"1162":0,"1163":1,"1164":1,"1165":0,"1166":0,"1167":1,"1168":1,"1169":0,"1170":0,"1171":0,"1172":1,"1173":1,"1174":1,"1175":1,"1176":1,"1177":1,"1178":1,"1179":1,"1180":1,"1181":1,"1182":1,"1183":1,"1184":1,"1185":1,"1186":1,"1187":1,"1188":1,"1189":1,"1190":1,"1191":1,"1192":1,"1193":1,"1194":1,"1195":1,"1196":1,"1197":1,"1198":0,"1199":0,"1200":1,"1201":0,"1202":1,"1203":0,"1204":0,"1205":0,"1206":0,"1207":0,"1208":0,"1209":0,"1210":1,"1211":0,"1212":0,"1213":0,"1214":0,"1215":0,"1216":0,"1217":0,"1218":0,"1219":0,"1220":0,"1221":0,"1222":0,"1223":0,"1224":0,"1225":0,"1226":0,"1227":0,"1228":1,"1229":0,"1230":0,"1231":0,"1232":1,"1233":0,"1234":0,"1235":0,"1236":0,"1237":0,"1238":0,"1239":0,"1240":0,"1241":0,"1242":0,"1243":0,"1244":0,"1245":0,"1246":0,"1247":1,"1248":0,"1249":0,"1250":0,"1251":0,"1252":0,"1253":0,"1254":0,"1255":0,"1256":1,"1257":0,"1258":1,"1259":0,"1260":0,"1261":0,"1262":1,"1263":0,"1264":1,"1265":0,"1266":1,"1267":0,"1268":1,"1269":0,"1270":0,"1271":1,"1272":0,"1273":0,"1274":0,"1275":0,"1276":0,"1277":0,"1278":0,"1279":0,"1280":0,"1281":0,"1282":0,"1283":0,"1284":0,"1285":1,"1286":0,"1287":0,"1288":0,"1289":0,"1290":0,"1291":0,"1292":0,"1293":0,"1294":0,"1295":0,"1296":0,"1297":0,"1298":0,"1299":1,"1300":0,"1301":0,"1302":0,"1303":1,"1304":0,"1305":0,"1306":0,"1307":0,"1308":0,"1309":0,"1310":1,"1311":0,"1312":0,"1313":0,"1314":1,"1315":0,"1316":0,"1317":0,"1318":1,"1319":0,"1320":0,"1321":0,"1322":1,"1323":0,"1324":0,"1325":0,"1326":1,"1327":0,"1328":0,"1329":0,"1330":0,"1331":0,"1332":0,"1333":0,"1334":0,"1335":0,"1336":0,"1337":0,"1338":0,"1339":0,"1340":0,"1341":0,"1342":0,"1343":0,"1344":0,"1345":0,"1346":1,"1347":0,"1348":1,"1349":0,"1350":1,"1351":0,"1352":1,"1353":0,"1354":1,"1355":0,"1356":1,"1357":0,"1358":1,"1359":0,"1360":1,"1361":0,"1362":1,"1363":0,"1364":0,"1365":0,"1366":0,"1367":0,"1368":0,"1369":0,"1370":0,"1371":0,"1372":0,"1373":0,"1374":0,"1375":0,"1376":0,"1377":0,"1378":0,"1379":0,"1380":0,"1381":0,"1382":0,"1383":0,"1384":0,"1385":0,"1386":0,"1387":1,"1388":0,"1389":0,"1390":0,"1391":0,"1392":0,"1393":0,"1394":0,"1395":0,"1396":0,"1397":0,"1398":0,"1399":0,"1400":0,"1401":0,"1402":0,"1403":0,"1404":0,"1405":0,"1406":0,"1407":0,"1408":0,"1409":0,"1410":0,"1411":0,"1412":0,"1413":0,"1414":0,"1415":0,"1416":0,"1417":0,"1418":0,"1419":0,"1420":0,"1421":0,"1422":0,"1423":1,"1424":0,"1425":0,"1426":0,"1427":1,"1428":0,"1429":1,"1430":0,"1431":1,"1432":0,"1433":0,"1434":1,"1435":0,"1436":0,"1437":0,"1438":0,"1439":0,"1440":0,"1441":0,"1442":0,"1443":0,"1444":0,"1445":0,"1446":0,"1447":0,"1448":0,"1449":0,"1450":0,"1451":0,"1452":1,"1453":0,"1454":0,"1455":0,"1456":0,"1457":1,"1458":0,"1459":0,"1460":0,"1461":1,"1462":0,"1463":0,"1464":0,"1465":1,"1466":0,"1467":0,"1468":0,"1469":0,"1470":0,"1471":0,"1472":0,"1473":0,"1474":0,"1475":0,"1476":0,"1477":0,"1478":0,"1479":0,"1480":0,"1481":0,"1482":0,"1483":1,"1484":0,"1485":0,"1486":0,"1487":1,"1488":0,"1489":0,"1490":0,"1491":0,"1492":0,"1493":0,"1494":0,"1495":0,"1496":0,"1497":0,"1498":0,"1499":0,"1500":0,"1501":0,"1502":0,"1503":1,"1504":0,"1505":1,"1506":0,"1507":0,"1508":0,"1509":1,"1510":0,"1511":0,"1512":0,"1513":1,"1514":0,"1515":0,"1516":0,"1517":1,"1518":0,"1519":0,"1520":0,"1521":0,"1522":0,"1523":0,"1524":0,"1525":0,"1526":0,"1527":0,"1528":0,"1529":0,"1530":0,"1531":1,"1532":0,"1533":1,"1534":0,"1535":0,"1536":0,"1537":0,"1538":0,"1539":0,"1540":0,"1541":0,"1542":0,"1543":0,"1544":0,"1545":1,"1546":0,"1547":1,"1548":0,"1549":1,"1550":0,"1551":0,"1552":0,"1553":0,"1554":0,"1555":0,"1556":0,"1557":0,"1558":0,"1559":0,"1560":0,"1561":0,"1562":0,"1563":0,"1564":0,"1565":0,"1566":0,"1567":1,"1568":0,"1569":0,"1570":0,"1571":1,"1572":0,"1573":0,"1574":0,"1575":1,"1576":0,"1577":0,"1578":0,"1579":0,"1580":1,"1581":0,"1582":1,"1583":0,"1584":0,"1585":0,"1586":0,"1587":0,"1588":0,"1589":0,"1590":0,"1591":0,"1592":0,"1593":0,"1594":0,"1595":0,"1596":0,"1597":0,"1598":0,"1599":0,"1600":0,"1601":0,"1602":0,"1603":0,"1604":0,"1605":0,"1606":0,"1607":0,"1608":0,"1609":0,"1610":0,"1611":0,"1612":0,"1613":0,"1614":0,"1615":0,"1616":0,"1617":0,"1618":0,"1619":0,"1620":0,"1621":1,"1622":0,"1623":0,"1624":0,"1625":0,"1626":0,"1627":0,"1628":0,"1629":0,"1630":0,"1631":0,"1632":0,"1633":0,"1634":0,"1635":0,"1636":0,"1637":0,"1638":0,"1639":1,"1640":0,"1641":0,"1642":0,"1643":0,"1644":0,"1645":0,"1646":0,"1647":0,"1648":0,"1649":0,"1650":0,"1651":0,"1652":0,"1653":0,"1654":0,"1655":0,"1656":0,"1657":0,"1658":0,"1659":0,"1660":0,"1661":0,"1662":0,"1663":0,"1664":0,"1665":0,"1666":0,"1667":0,"1668":0,"1669":0,"1670":0,"1671":0,"1672":0,"1673":0,"1674":0,"1675":0,"1676":0,"1677":0,"1678":0,"1679":0,"1680":0,"1681":0,"1682":0,"1683":0,"1684":0,"1685":0,"1686":0,"1687":0,"1688":0,"1689":0,"1690":0,"1691":0,"1692":0,"1693":0,"1694":0,"1695":0,"1696":0,"1697":0,"1698":0,"1699":0,"1700":0,"1701":0,"1702":0,"1703":0,"1704":0,"1705":0,"1706":0,"1707":0,"1708":0,"1709":0,"1710":0,"1711":0,"1712":0,"1713":0,"1714":0,"1715":0,"1716":0,"1717":0,"1718":0,"1719":0,"1720":0,"1721":0,"1722":0,"1723":0,"1724":0,"1725":0,"1726":0,"1727":0,"1728":0,"1729":0,"1730":0,"1731":0,"1732":0,"1733":0,"1734":0,"1735":0,"1736":0,"1737":0,"1738":0,"1739":0,"1740":0,"1741":0,"1742":0,"1743":0,"1744":0,"1745":0,"1746":0,"1747":0,"1748":0,"1749":0,"1750":0,"1751":0,"1752":0,"1753":0,"1754":0,"1755":0,"1756":0,"1757":0,"1758":0,"1759":0,"1760":0,"1761":0,"1762":0,"1763":0,"1764":0,"1765":0,"1766":0,"1767":0,"1768":0,"1769":0,"1770":0,"1771":0,"1772":0,"1773":0,"1774":0,"1775":0,"1776":0,"1777":0,"1778":0,"1779":0,"1780":0,"1781":0,"1782":0,"1783":0,"1784":0,"1785":0,"1786":0,"1787":0,"1788":0,"1789":2,"1790":2,"1791":2,"1792":2,"1793":2,"1794":292,"1795":2,"1796":0,"1797":2,"1798":10,"1799":2,"1800":0,"1801":2,"1802":0,"1803":0,"1804":0,"1805":0,"1806":0,"1807":0,"1808":0,"1809":0,"1810":0,"1811":0,"1812":0,"1813":0,"1814":0,"1815":0,"1816":0,"1817":0,"1818":0,"1819":0,"1820":0,"1821":0,"1822":0,"1823":0,"1824":0,"1825":0,"1826":0,"1827":0,"1828":0,"1829":0,"1830":0,"1831":0,"1832":0,"1833":0,"1834":0,"1835":0,"1836":0,"1837":0,"1838":0,"1839":0,"1840":0,"1841":0,"1842":0,"1843":0,"1844":0,"1845":0,"1846":0,"1847":0,"1848":0,"1849":0,"1850":0,"1851":0,"1852":0,"1853":0,"1854":0,"1855":0,"1856":0,"1857":0,"1858":0,"1859":0,"1860":0,"1861":0,"1862":0,"1863":0,"1864":0,"1865":0,"1866":0,"1867":0,"1868":0,"1869":0,"1870":0,"1871":0,"1872":0,"1873":0,"1874":0,"1875":0,"1876":0,"1877":0,"1878":0,"1879":0,"1880":0,"1881":0,"1882":0,"1883":0,"1884":0,"1885":0,"1886":0,"1887":0,"1888":0,"1889":0,"1890":0,"1891":0,"1892":0,"1893":0,"1894":0,"1895":0,"1896":0,"1897":0,"1898":0,"1899":0,"1900":0,"1901":0,"1902":0,"1903":0,"1904":1,"1905":0,"1906":1,"1907":1,"1908":1,"1909":7,"1910":7,"1911":7,"1912":0,"1913":1,"1914":1,"1915":1,"1916":0,"1917":0,"1918":0,"1919":1,"1920":0,"1921":1,"1922":0,"1923":0,"1924":2,"1925":2,"1926":0,"1927":2,"1928":0,"1929":0,"1930":2,"1931":0,"1932":0,"1933":0,"1934":0,"1935":0,"1936":0,"1937":0,"1938":0,"1939":0,"1940":0,"1941":0,"1942":0,"1943":2,"1944":2,"1945":0,"1946":0,"1947":0,"1948":1,"1949":1,"1950":8,"1951":1,"1952":0,"1953":0,"1954":0,"1955":0,"1956":0,"1957":0,"1958":0,"1959":0,"1960":0,"1961":0,"1962":0,"1963":29,"1964":0,"1965":0,"1966":0,"1967":0,"1968":0,"1969":0,"1970":0,"1971":0,"1972":0,"1973":0,"1974":0,"1975":0,"1976":0,"1977":0,"1978":0,"1979":0,"1980":0,"1981":0,"1982":0,"1983":0,"1984":0,"1985":0,"1986":0,"1987":0,"1988":0,"1989":0,"1990":0,"1991":0,"1992":0,"1993":0,"1994":0,"1995":0,"1996":0,"1997":0,"1998":0,"1999":0,"2000":0,"2001":0,"2002":0,"2003":0,"2004":0,"2005":0,"2006":0,"2007":0,"2008":0,"2009":0,"2010":0,"2011":0,"2012":1,"2013":1,"2014":1,"2015":1,"2016":1,"2017":1,"2018":544,"2019":92,"2020":60,"2021":0,"2022":0,"2023":0,"2024":48,"2025":0,"2026":12,"2027":0,"2028":1,"2029":6,"2030":0,"2031":4,"2032":16,"2033":16,"2034":12,"2035":4,"2036":4,"2037":0,"2038":0,"2039":0,"2040":0,"2041":0,"2042":0,"2043":1,"2044":0,"2045":0,"2046":0,"2047":0,"2048":0,"2049":0,"2050":30,"2051":0,"2052":27,"2053":1,"2054":1,"2055":0,"2056":0,"2057":0,"2058":0,"2059":1,"2060":1,"2061":1,"2062":1,"2063":1,"2064":0,"2065":0,"2066":0,"2067":1,"2068":0,"2069":1,"2070":1,"2071":1,"2072":0,"2073":0,"2074":0,"2075":0,"2076":159,"2077":83,"2078":80,"2079":80,"2080":25,"2081":4,"2082":21,"2083":21,"2084":66,"2085":21,"2086":5,"2087":12,"2088":50,"2089":2,"2090":2,"2091":7,"2092":2,"2093":1,"2094":1,"2095":1,"2096":1,"2097":9,"2098":9,"2099":1,"2100":4,"2101":9,"2102":1,"2103":1,"2104":79,"2105":25,"2106":25,"2107":25,"2108":79,"2109":79,"2110":79,"2111":79,"2112":79,"2113":0,"2114":0,"2115":0,"2116":0,"2117":0,"2118":0,"2119":0,"2120":0,"2121":0,"2122":0,"2123":0,"2124":0,"2125":0,"2126":0,"2127":0,"2128":0,"2129":0,"2130":0,"2131":0,"2132":0,"2133":0,"2134":0,"2135":0,"2136":0,"2137":0,"2138":0,"2139":0,"2140":0,"2141":0,"2142":0,"2143":0,"2144":0,"2145":0,"2146":0,"2147":0,"2148":0,"2149":0,"2150":0,"2151":0,"2152":0,"2153":0,"2154":0,"2155":0,"2156":0,"2157":0,"2158":0,"2159":0,"2160":0,"2161":0,"2162":0,"2163":0,"2164":0,"2165":0,"2166":0,"2167":0,"2168":0,"2169":0,"2170":0,"2171":0,"2172":0,"2173":0,"2174":0,"2175":0,"2176":0,"2177":0,"2178":0,"2179":0,"2180":0,"2181":0,"2182":0,"2183":0,"2184":0,"2185":0,"2186":0,"2187":0,"2188":0,"2189":1,"2190":1,"2191":1,"2192":1,"2193":1,"2194":1,"2195":1,"2196":1,"2197":0,"2198":1,"2199":0,"2200":0,"2201":0,"2202":0,"2203":0,"2204":0,"2205":0,"2206":1,"2207":0,"2208":0,"2209":0,"2210":0,"2211":0,"2212":0,"2213":0,"2214":0,"2215":0,"2216":0,"2217":0,"2218":0,"2219":0,"2220":0,"2221":0,"2222":0,"2223":0,"2224":0,"2225":0,"2226":0,"2227":0,"2228":0,"2229":0,"2230":1,"2231":0,"2232":1,"2233":0,"2234":0,"2235":0,"2236":0,"2237":0,"2238":0,"2239":0,"2240":0,"2241":0,"2242":0,"2243":0,"2244":0,"2245":0,"2246":0,"2247":0,"2248":0,"2249":0,"2250":0,"2251":0,"2252":0,"2253":0,"2254":0,"2255":0,"2256":0,"2257":0,"2258":0,"2259":0,"2260":0,"2261":0,"2262":0,"2263":0,"2264":0,"2265":0,"2266":0,"2267":0,"2268":0,"2269":0,"2270":0,"2271":0,"2272":0,"2273":0,"2274":0,"2275":0,"2276":0,"2277":0,"2278":0,"2279":0,"2280":0,"2281":0,"2282":0,"2283":0,"2284":0,"2285":0,"2286":0,"2287":0,"2288":0,"2289":1,"2290":0,"2291":0,"2292":0,"2293":0,"2294":0,"2295":0,"2296":0,"2297":0,"2298":0,"2299":0,"2300":0,"2301":0,"2302":0,"2303":0,"2304":0,"2305":0,"2306":0,"2307":0,"2308":0,"2309":0,"2310":0,"2311":0,"2312":0,"2313":0,"2314":0,"2315":0,"2316":0,"2317":0,"2318":0,"2319":1,"2320":0,"2321":0,"2322":0,"2323":0,"2324":0,"2325":0,"2326":1,"2327":1,"2328":0,"2329":0,"2330":0,"2331":0,"2332":0,"2333":0,"2334":0,"2335":0,"2336":0,"2337":0,"2338":0,"2339":0,"2340":0,"2341":0,"2342":0,"2343":0,"2344":0,"2345":0,"2346":0,"2347":0,"2348":0,"2349":0,"2350":0,"2351":0,"2352":0,"2353":1,"2354":1,"2355":0,"2356":0,"2357":0,"2358":1,"2359":0,"2360":1,"2361":1,"2362":1,"2363":0,"2364":1,"2365":0,"2366":0,"2367":0,"2368":0,"2369":0,"2370":0,"2371":0,"2372":0,"2373":0,"2374":1,"2375":0,"2376":0,"2377":1,"2378":0,"2379":0,"2380":0,"2381":0,"2382":0,"2383":0,"2384":0,"2385":0,"2386":0,"2387":0,"2388":0,"2389":0,"2390":0,"2391":0,"2392":0,"2393":1,"2394":0,"2395":0,"2396":0,"2397":0,"2398":0,"2399":0,"2400":0,"2401":0,"2402":0,"2403":0,"2404":0,"2405":0,"2406":0,"2407":0,"2408":0,"2409":0,"2410":0,"2411":0,"2412":0,"2413":0,"2414":0,"2415":0,"2416":0,"2417":0,"2418":0,"2419":0,"2420":0,"2421":0,"2422":0,"2423":0,"2424":0,"2425":0,"2426":0,"2427":0,"2428":0,"2429":0,"2430":0,"2431":0,"2432":0,"2433":0,"2434":0,"2435":0,"2436":0,"2437":0,"2438":0,"2439":0,"2440":0,"2441":0,"2442":0,"2443":0,"2444":0,"2445":0,"2446":0,"2447":0,"2448":0,"2449":0,"2450":0,"2451":0,"2452":0,"2453":0,"2454":0,"2455":0,"2456":0,"2457":0,"2458":0,"2459":1,"2460":0,"2461":0,"2462":0,"2463":0,"2464":0,"2465":1,"2466":0,"2467":0,"2468":0,"2469":0,"2470":0,"2471":0,"2472":0,"2473":0,"2474":0,"2475":0,"2476":0,"2477":0,"2478":0,"2479":0,"2480":0,"2481":0,"2482":0,"2483":0,"2484":0,"2485":0,"2486":0,"2487":0,"2488":0,"2489":0,"2490":0,"2491":0,"2492":0,"2493":0,"2494":0,"2495":0,"2496":0,"2497":0,"2498":0,"2499":0,"2500":0,"2501":0,"2502":0,"2503":0,"2504":0,"2505":0,"2506":0,"2507":0,"2508":0,"2509":0,"2510":0,"2511":0,"2512":0,"2513":0,"2514":0,"2515":0,"2516":0,"2517":0,"2518":0,"2519":0,"2520":0,"2521":0,"2522":0,"2523":0,"2524":0,"2525":0,"2526":0,"2527":0,"2528":0,"2529":0,"2530":0,"2531":0,"2532":0,"2533":0,"2534":0,"2535":0,"2536":0,"2537":0,"2538":0,"2539":0,"2540":0,"2541":0,"2542":0,"2543":0,"2544":0,"2545":0,"2546":0,"2547":0,"2548":0,"2549":0,"2550":0,"2551":0,"2552":0,"2553":0,"2554":0,"2555":0,"2556":0,"2557":0,"2558":0,"2559":0,"2560":0,"2561":0,"2562":0,"2563":0,"2564":0,"2565":0,"2566":0,"2567":0,"2568":0,"2569":0,"2570":0,"2571":0,"2572":0,"2573":0,"2574":0,"2575":0,"2576":0,"2577":0,"2578":0,"2579":0,"2580":0,"2581":0,"2582":0,"2583":0,"2584":0,"2585":0,"2586":0,"2587":0,"2588":0,"2589":0,"2590":0,"2591":0,"2592":0,"2593":0,"2594":0,"2595":0,"2596":0,"2597":0,"2598":0,"2599":0,"2600":0,"2601":0,"2602":0,"2603":0,"2604":0,"2605":0,"2606":0,"2607":0,"2608":0,"2609":0,"2610":0,"2611":0,"2612":0,"2613":0,"2614":0,"2615":0,"2616":0,"2617":0,"2618":0,"2619":0,"2620":0,"2621":0,"2622":0,"2623":0,"2624":0,"2625":0,"2626":0,"2627":0,"2628":0,"2629":0,"2630":0,"2631":0,"2632":0,"2633":0,"2634":0,"2635":0,"2636":0,"2637":0,"2638":0,"2639":0,"2640":0,"2641":0,"2642":0,"2643":0,"2644":0,"2645":0,"2646":0,"2647":0,"2648":0,"2649":0,"2650":0,"2651":0,"2652":0,"2653":0,"2654":0,"2655":0,"2656":0,"2657":0,"2658":0,"2659":0,"2660":0,"2661":0,"2662":0,"2663":0,"2664":0,"2665":0,"2666":0,"2667":0,"2668":0,"2669":0,"2670":0,"2671":0,"2672":0,"2673":0,"2674":0,"2675":1,"2676":0,"2677":0,"2678":0,"2679":0,"2680":0,"2681":1,"2682":0,"2683":0,"2684":0,"2685":0,"2686":30,"2687":1,"2688":1,"2689":1,"2690":3,"2691":3,"2692":0,"2693":1,"2694":0,"2695":1,"2696":1,"2697":1,"2698":1,"2699":1,"2700":1,"2701":1,"2702":3,"2703":1,"2704":1,"2705":0,"2706":0,"2707":0,"2708":0,"2709":0,"2710":0,"2711":0,"2712":1,"2713":0,"2714":0,"2715":0,"2716":0,"2717":0,"2718":0,"2719":0,"2720":0,"2721":0,"2722":0,"2723":0,"2724":0,"2725":0,"2726":0,"2727":0,"2728":0,"2729":0,"2730":0,"2731":0,"2732":0,"2733":0,"2734":0,"2735":0,"2736":0,"2737":0,"2738":0,"2739":0,"2740":0,"2741":0,"2742":0,"2743":0,"2744":0,"2745":0,"2746":0,"2747":0,"2748":0,"2749":0,"2750":0,"2751":0,"2752":0,"2753":0,"2754":0,"2755":0,"2756":0,"2757":20,"2758":20,"2759":0,"2760":0,"2761":0,"2762":0,"2763":0,"2764":0,"2765":0,"2766":0,"2767":0,"2768":0,"2769":0,"2770":0,"2771":0,"2772":0,"2773":0,"2774":1,"2775":1,"2776":0,"2777":0,"2778":0,"2779":0,"2780":0,"2781":0,"2782":27,"2783":27,"2784":0,"2785":0,"2786":0,"2787":0,"2788":0,"2789":0,"2790":1,"2791":0,"2792":0,"2793":0,"2794":0,"2795":0,"2796":0,"2797":0,"2798":0,"2799":0,"2800":0,"2801":0,"2802":0,"2803":0,"2804":0,"2805":0,"2806":0,"2807":0,"2808":0,"2809":0,"2810":0,"2811":0,"2812":0,"2813":0,"2814":1,"2815":2,"2816":2,"2817":0,"2818":32,"2819":0,"2820":28,"2821":2,"2822":4,"2823":0,"2824":0,"2825":1,"2826":0,"2827":30,"2828":0,"2829":1,"2830":1,"2831":1,"2832":0,"2833":0,"2834":1,"2835":86,"2836":1,"2837":1,"2838":16,"2839":16,"2840":28,"2841":28,"2842":28,"2843":27,"2844":27,"2845":12,"2846":12,"2847":0,"2848":12,"2849":12,"2850":0,"2851":0,"2852":12,"2853":12,"2854":12,"2855":12,"2856":0,"2857":0,"2858":0,"2859":0,"2860":27,"2861":27,"2862":27,"2863":27,"2864":0,"2865":0,"2866":0,"2867":0,"2868":0,"2869":1,"2870":1,"2871":1,"2872":1,"2873":10,"2874":0,"2875":10,"2876":10,"2877":10,"2878":10,"2879":10,"2880":0,"2881":0,"2882":10,"2883":10,"2884":10,"2885":0,"2886":1,"2887":54,"2888":0,"2889":54,"2890":24,"2891":30,"2892":0,"2893":30,"2894":0,"2895":0,"2896":0,"2897":30,"2898":0,"2899":30,"2900":0,"2901":30,"2902":3,"2903":27,"2904":0,"2905":0,"2906":27,"2907":0,"2908":27,"2909":0,"2910":27,"2911":0,"2912":0,"2913":0,"2914":27,"2915":0,"2916":27,"2917":27,"2918":0,"2919":55,"2920":0,"2921":55,"2922":55,"2923":48,"2924":48,"2925":48,"2926":55,"2927":3,"2928":3,"2929":3,"2930":6,"2931":6,"2932":6,"2933":0,"2934":0,"2935":6,"2936":3,"2937":27,"2938":27,"2939":22,"2940":1,"2941":92,"2942":92,"2943":0,"2944":0,"2945":0,"2946":0,"2947":0,"2948":0,"2949":0,"2950":27,"2951":0,"2952":28,"2953":28,"2954":44,"2955":458,"2956":22,"2957":22,"2958":22,"2959":27,"2960":27,"2961":27,"2962":0,"2963":0,"2964":54,"2965":0,"2966":0,"2967":1,"2968":2,"2969":0,"2970":0,"2971":1,"2972":0,"2973":1,"2974":0,"2975":0,"2976":0,"2977":0,"2978":1,"2979":1,"2980":1,"2981":0,"2982":0,"2983":0,"2984":0,"2985":0,"2986":0,"2987":1,"2988":1,"2989":1,"2990":1,"2991":1,"2992":1,"2993":1,"2994":0,"2995":1,"2996":0,"2997":1,"2998":1,"2999":1,"3000":1,"3001":0,"3002":0,"3003":0,"3004":0,"3005":0,"3006":0,"3007":0,"3008":0,"3009":0,"3010":0,"3011":0,"3012":0,"3013":0,"3014":0,"3015":0,"3016":0,"3017":0,"3018":0,"3019":0,"3020":0,"3021":0,"3022":0,"3023":0,"3024":0,"3025":0,"3026":0,"3027":0,"3028":0,"3029":0,"3030":0,"3031":0,"3032":1,"3033":1,"3034":0,"3035":4,"3036":4,"3037":0,"3038":20,"3039":20,"3040":0,"3041":6,"3042":6,"3043":6,"3044":16,"3045":4,"3046":0,"3047":1,"3048":16,"3049":16,"3050":0,"3051":0,"3052":0,"3053":0,"3054":0,"3055":1,"3056":6,"3057":6,"3058":6,"3059":34,"3060":0,"3061":34,"3062":34,"3063":0,"3064":0,"3065":0,"3066":0,"3067":0,"3068":0,"3069":0,"3070":6,"3071":0,"3072":0,"3073":0,"3074":0,"3075":0,"3076":0,"3077":0,"3078":6,"3079":0,"3080":0,"3081":6,"3082":6,"3083":32,"3084":32,"3085":174,"3086":6,"3087":0,"3088":0,"3089":0,"3090":0,"3091":0,"3092":0,"3093":0,"3094":0,"3095":0,"3096":0,"3097":1,"3098":0,"3099":0,"3100":0,"3101":1,"3102":0,"3103":0,"3104":0,"3105":0,"3106":1,"3107":1,"3108":0,"3109":0,"3110":0,"3111":0,"3112":0,"3113":0,"3114":0,"3115":1,"3116":0,"3117":0,"3118":1,"3119":1,"3120":0,"3121":0,"3122":0,"3123":0,"3124":0,"3125":0,"3126":1,"3127":0,"3128":0,"3129":1,"3130":0,"3131":0,"3132":1,"3133":0,"3134":1,"3135":32,"3136":0,"3137":0,"3138":0,"3139":0,"3140":0,"3141":0,"3142":0,"3143":0,"3144":0,"3145":32,"3146":1,"3147":0,"3148":0,"3149":0,"3150":0,"3151":0,"3152":0,"3153":0,"3154":0,"3155":0,"3156":0,"3157":0,"3158":0,"3159":0,"3160":0,"3161":0,"3162":0,"3163":0,"3164":0,"3165":0,"3166":0,"3167":0,"3168":0,"3169":0,"3170":0,"3171":0,"3172":0,"3173":0,"3174":0,"3175":0,"3176":0,"3177":0,"3178":0,"3179":0,"3180":0,"3181":0,"3182":0,"3183":0,"3184":0,"3185":0,"3186":0,"3187":0,"3188":0,"3189":1,"3190":16,"3191":1,"3192":16,"3193":0,"3194":1,"3195":0,"3196":0,"3197":16,"3198":16,"3199":16,"3200":298,"3201":16,"3202":16,"3203":16,"3204":16,"3205":16,"3206":16,"3207":16,"3208":16,"3209":16,"3210":0,"3211":0,"3212":0,"3213":16,"3214":298,"3215":42,"3216":1,"3217":1,"3218":4,"3219":4,"3220":0,"3221":0,"3222":0,"3223":4,"3224":4,"3225":4,"3226":4,"3227":4,"3228":16,"3229":16,"3230":16,"3231":16,"3232":16,"3233":16,"3234":16,"3235":16,"3236":0,"3237":4,"3238":0,"3239":0,"3240":4,"3241":4,"3242":1,"3243":2,"3244":0,"3245":0,"3246":2,"3247":2,"3248":2,"3249":2,"3250":2,"3251":2,"3252":1,"3253":2,"3254":2,"3255":2,"3256":2,"3257":2,"3258":4,"3259":4,"3260":4,"3261":0,"3262":0,"3263":0,"3264":0,"3265":0,"3266":0,"3267":0,"3268":0,"3269":0,"3270":0,"3271":0,"3272":0,"3273":0,"3274":0,"3275":0,"3276":0,"3277":0,"3278":0,"3279":0,"3280":0,"3281":0,"3282":0,"3283":0,"3284":0,"3285":0,"3286":0,"3287":0,"3288":0,"3289":0,"3290":0,"3291":0,"3292":0,"3293":0,"3294":0,"3295":0,"3296":0,"3297":0,"3298":0,"3299":0,"3300":0,"3301":0,"3302":0,"3303":0,"3304":0,"3305":0,"3306":0,"3307":0,"3308":0,"3309":0,"3310":0,"3311":0,"3312":0,"3313":16,"3314":0,"3315":0,"3316":1,"3317":1,"3318":0,"3319":0,"3320":0,"3321":0,"3322":0,"3323":0,"3324":0,"3325":0,"3326":0,"3327":0,"3328":0,"3329":0,"3330":0,"3331":0,"3332":0,"3333":0,"3334":0,"3335":0,"3336":0,"3337":0,"3338":0,"3339":0,"3340":0,"3341":0,"3342":0,"3343":0,"3344":0,"3345":0,"3346":0,"3347":0,"3348":0,"3349":0,"3350":0,"3351":0,"3352":0,"3353":0,"3354":0,"3355":0,"3356":0,"3357":0,"3358":16,"3359":16,"3360":16,"3361":16,"3362":0,"3363":0,"3364":2,"3365":0,"3366":0,"3367":0,"3368":0,"3369":0,"3370":0,"3371":0,"3372":0,"3373":0,"3374":0,"3375":0,"3376":1,"3377":0,"3378":0,"3379":0,"3380":1,"3381":1,"3382":2,"3383":0,"3384":0,"3385":2,"3386":1,"3387":0,"3388":1,"3389":0,"3390":1,"3391":0,"3392":1,"3393":0,"3394":1,"3395":0,"3396":1,"3397":0,"3398":0,"3399":0,"3400":1,"3401":0,"3402":0,"3403":1,"3404":1,"3405":0,"3406":0,"3407":0,"3408":0,"3409":0,"3410":0,"3411":0,"3412":0,"3413":0,"3414":0,"3415":0,"3416":0,"3417":0,"3418":0,"3419":0,"3420":0,"3421":0,"3422":0,"3423":0,"3424":0,"3425":0,"3426":0,"3427":0,"3428":0,"3429":1,"3430":1,"3431":0,"3432":2,"3433":2,"3434":0,"3435":2,"3436":2,"3437":2,"3438":0,"3439":0,"3440":0,"3441":0,"3442":0,"3443":0,"3444":0,"3445":0,"3446":0,"3447":2,"3448":2,"3449":2,"3450":2,"3451":2,"3452":2,"3453":2,"3454":2,"3455":2,"3456":0,"3457":2,"3458":1,"3459":0,"3460":0,"3461":0,"3462":0,"3463":1,"3464":0,"3465":0,"3466":0,"3467":0,"3468":0,"3469":0,"3470":0,"3471":0,"3472":0,"3473":0,"3474":0,"3475":0,"3476":0,"3477":0,"3478":1,"3479":1,"3480":0,"3481":0,"3482":0,"3483":0,"3484":0,"3485":0,"3486":1,"3487":0,"3488":0,"3489":0,"3490":0,"3491":1,"3492":0,"3493":0,"3494":0,"3495":0,"3496":0,"3497":0,"3498":0,"3499":0,"3500":0,"3501":0,"3502":0,"3503":0,"3504":0,"3505":0,"3506":0,"3507":2,"3508":2,"3509":2,"3510":2,"3511":0,"3512":2,"3513":0,"3514":2,"3515":1,"3516":0,"3517":0,"3518":1,"3519":0,"3520":0,"3521":1,"3522":0,"3523":0,"3524":0,"3525":1,"3526":1,"3527":0,"3528":0,"3529":0,"3530":1,"3531":1,"3532":0,"3533":0,"3534":0,"3535":1,"3536":1,"3537":0,"3538":0,"3539":0,"3540":0,"3541":0,"3542":1,"3543":0,"3544":0,"3545":0,"3546":1,"3547":1,"3548":1,"3549":0,"3550":0,"3551":0,"3552":1,"3553":1,"3554":0,"3555":0,"3556":0,"3557":1,"3558":1,"3559":0,"3560":0,"3561":0,"3562":1,"3563":1,"3564":0,"3565":0,"3566":0,"3567":1,"3568":1,"3569":1,"3570":0,"3571":0,"3572":0,"3573":1,"3574":1,"3575":1,"3576":0,"3577":0,"3578":0,"3579":1,"3580":1,"3581":1,"3582":0,"3583":0,"3584":0,"3585":1,"3586":1,"3587":1,"3588":0,"3589":0,"3590":0,"3591":1,"3592":1,"3593":1,"3594":0,"3595":0,"3596":0,"3597":1,"3598":1,"3599":1,"3600":0,"3601":0,"3602":0,"3603":1,"3604":1,"3605":1,"3606":0,"3607":0,"3608":0,"3609":1,"3610":0,"3611":0,"3612":0,"3613":0,"3614":0,"3615":0,"3616":0,"3617":0,"3618":0,"3619":0,"3620":0,"3621":0,"3622":0,"3623":0,"3624":0,"3625":0,"3626":0,"3627":0,"3628":0,"3629":0,"3630":0,"3631":0,"3632":0,"3633":0,"3634":0,"3635":0,"3636":0,"3637":0,"3638":0,"3639":0,"3640":0,"3641":0,"3642":0,"3643":0,"3644":0,"3645":0,"3646":0,"3647":0,"3648":0,"3649":0,"3650":0,"3651":0,"3652":0,"3653":0,"3654":0,"3655":0,"3656":0,"3657":0,"3658":0,"3659":0,"3660":0,"3661":0,"3662":0,"3663":0,"3664":0,"3665":0,"3666":0,"3667":0,"3668":0,"3669":0,"3670":0,"3671":0,"3672":0,"3673":0,"3674":1,"3675":0,"3676":0,"3677":0,"3678":0,"3679":0,"3680":0,"3681":0,"3682":0,"3683":0,"3684":0,"3685":0,"3686":0,"3687":0,"3688":0,"3689":1,"3690":1,"3691":0,"3692":0,"3693":0,"3694":1,"3695":0,"3696":0,"3697":0,"3698":0,"3699":0,"3700":0,"3701":0,"3702":1,"3703":1,"3704":0,"3705":0,"3706":0,"3707":0,"3708":0,"3709":0,"3710":0,"3711":0,"3712":0,"3713":0,"3714":0,"3715":0,"3716":0,"3717":0,"3718":0,"3719":0,"3720":0,"3721":0,"3722":0,"3723":0,"3724":0,"3725":0,"3726":0,"3727":0,"3728":0,"3729":0,"3730":0,"3731":0,"3732":1,"3733":1,"3734":1,"3735":0,"3736":0,"3737":0,"3738":0,"3739":0,"3740":0,"3741":0,"3742":1,"3743":0,"3744":0,"3745":0,"3746":0,"3747":0,"3748":0,"3749":0,"3750":0,"3751":0,"3752":0,"3753":0,"3754":0,"3755":0,"3756":0,"3757":0,"3758":0,"3759":0,"3760":0,"3761":0,"3762":0,"3763":0,"3764":0,"3765":0,"3766":0,"3767":0,"3768":0,"3769":0,"3770":0,"3771":0,"3772":0,"3773":0,"3774":0,"3775":0,"3776":0,"3777":0,"3778":0,"3779":0,"3780":0,"3781":0,"3782":0,"3783":0,"3784":0,"3785":0,"3786":0,"3787":0,"3788":0,"3789":0,"3790":0,"3791":0,"3792":0,"3793":0,"3794":0,"3795":0,"3796":0,"3797":0,"3798":0,"3799":0,"3800":0,"3801":0,"3802":0,"3803":0,"3804":0,"3805":0,"3806":0,"3807":0,"3808":0,"3809":0,"3810":0,"3811":0,"3812":0,"3813":0,"3814":0,"3815":0,"3816":0,"3817":0,"3818":0,"3819":0,"3820":0,"3821":0,"3822":0,"3823":0,"3824":0,"3825":0,"3826":0,"3827":0,"3828":0,"3829":0,"3830":0,"3831":0,"3832":0,"3833":0,"3834":0,"3835":0,"3836":0,"3837":0,"3838":0,"3839":0,"3840":1,"3841":1,"3842":1,"3843":2,"3844":2,"3845":2,"3846":2,"3847":1,"3848":1,"3849":1,"3850":1,"3851":1,"3852":1,"3853":2,"3854":2,"3855":2,"3856":2,"3857":2,"3858":0,"3859":0,"3860":1,"3861":0,"3862":0,"3863":0,"3864":0,"3865":0,"3866":0,"3867":0,"3868":0,"3869":0,"3870":0,"3871":0,"3872":0,"3873":0,"3874":0,"3875":0,"3876":0,"3877":0,"3878":0,"3879":0,"3880":1,"3881":1,"3882":0,"3883":0,"3884":1,"3885":1,"3886":1,"3887":19,"3888":19,"3889":1,"3890":2,"3891":2,"3892":2,"3893":2,"3894":2,"3895":2,"3896":12,"3897":19,"3898":19,"3899":19,"3900":19,"3901":0,"3902":0,"3903":0,"3904":0,"3905":0,"3906":0,"3907":0,"3908":0,"3909":0,"3910":0,"3911":0,"3912":0,"3913":0,"3914":0,"3915":0,"3916":0,"3917":0,"3918":0,"3919":0,"3920":2,"3921":0,"3922":2,"3923":2,"3924":2,"3925":0,"3926":2,"3927":2,"3928":2,"3929":0,"3930":2,"3931":16,"3932":0,"3933":16,"3934":16,"3935":0,"3936":2,"3937":2,"3938":2,"3939":2,"3940":2,"3941":2,"3942":2,"3943":0,"3944":0,"3945":0,"3946":0,"3947":0,"3948":0,"3949":0,"3950":0,"3951":0,"3952":0,"3953":0,"3954":0,"3955":0,"3956":16,"3957":0,"3958":16,"3959":14,"3960":2,"3961":2,"3962":2,"3963":2,"3964":2,"3965":0,"3966":0,"3967":2,"3968":2,"3969":1,"3970":0,"3971":1,"3972":0,"3973":1,"3974":1,"3975":1,"3976":1,"3977":1,"3978":1,"3979":2,"3980":0,"3981":16,"3982":16,"3983":16,"3984":16,"3985":16,"3986":16,"3987":16,"3988":16,"3989":16,"3990":0,"3991":16,"3992":0,"3993":16,"3994":0,"3995":0,"3996":0,"3997":0,"3998":0,"3999":0,"4000":0,"4001":0,"4002":0,"4003":0,"4004":0,"4005":0,"4006":0,"4007":0,"4008":0,"4009":0,"4010":0,"4011":0,"4012":0,"4013":0,"4014":0,"4015":0,"4016":0,"4017":0,"4018":0,"4019":0,"4020":0,"4021":0,"4022":0,"4023":0,"4024":0,"4025":0,"4026":0,"4027":0,"4028":2,"4029":2,"4030":2,"4031":2,"4032":2,"4033":2,"4034":2,"4035":2,"4036":2,"4037":2,"4038":2,"4039":0,"4040":2,"4041":2,"4042":1,"4043":0,"4044":1,"4045":0,"4046":0,"4047":0,"4048":0,"4049":0,"4050":0,"4051":0,"4052":0,"4053":0,"4054":0,"4055":0,"4056":0,"4057":0,"4058":0,"4059":0,"4060":0,"4061":0,"4062":0,"4063":0,"4064":0,"4065":0,"4066":0,"4067":0,"4068":0,"4069":0,"4070":0,"4071":0,"4072":0,"4073":0,"4074":0,"4075":0,"4076":0,"4077":0,"4078":0,"4079":0,"4080":0,"4081":1,"4082":1,"4083":0,"4084":0,"4085":1,"4086":0,"4087":0,"4088":0,"4089":0,"4090":0,"4091":0,"4092":0,"4093":0,"4094":0,"4095":0,"4096":0,"4097":0,"4098":0,"4099":0,"4100":0,"4101":0,"4102":1,"4103":0,"4104":0,"4105":0,"4106":1,"4107":0,"4108":0,"4109":2,"4110":16,"4111":16,"4112":16,"4113":0,"4114":16,"4115":0,"4116":16,"4117":0,"4118":0,"4119":0,"4120":0,"4121":16,"4122":1,"4123":1,"4124":21,"4125":19,"4126":41,"4127":1,"4128":21,"4129":19,"4130":0,"4131":32,"4132":41,"4133":113,"4134":113,"4135":113,"4136":2,"4137":0,"4138":0,"4139":0,"4140":0,"4141":0,"4142":0,"4143":0,"4144":1,"4145":2,"4146":0,"4147":16,"4148":0,"4149":0,"4150":1,"4151":0,"4152":16,"4153":6,"4154":10,"4155":10,"4156":52,"4157":77,"4158":77,"4159":1,"4160":16,"4161":1,"4162":2,"4163":2,"4164":2,"4165":16,"4166":16,"4167":10,"4168":10,"4169":10,"4170":10,"4171":10,"4172":10,"4173":0,"4174":0,"4175":0,"4176":0,"4177":0,"4178":0,"4179":0,"4180":0,"4181":0,"4182":0,"4183":0,"4184":0,"4185":0,"4186":0,"4187":0,"4188":0,"4189":0,"4190":0,"4191":0,"4192":0,"4193":0,"4194":0,"4195":0,"4196":0,"4197":0,"4198":0,"4199":0,"4200":0,"4201":0,"4202":0,"4203":0,"4204":0,"4205":0,"4206":0,"4207":0,"4208":0,"4209":0,"4210":0,"4211":0,"4212":0,"4213":0,"4214":0,"4215":0,"4216":0,"4217":0,"4218":0,"4219":0,"4220":0,"4221":0,"4222":0,"4223":0,"4224":0,"4225":0,"4226":1,"4227":1,"4228":2,"4229":0,"4230":0,"4231":0,"4232":0,"4233":0,"4234":0,"4235":0,"4236":0,"4237":0,"4238":0,"4239":0,"4240":0,"4241":16,"4242":16,"4243":16,"4244":16,"4245":0,"4246":16,"4247":16,"4248":0,"4249":0,"4250":16,"4251":16,"4252":16,"4253":0,"4254":0,"4255":0,"4256":0,"4257":0,"4258":0,"4259":0,"4260":0,"4261":0,"4262":0,"4263":0,"4264":0,"4265":0,"4266":0,"4267":0,"4268":0,"4269":0,"4270":0,"4271":0,"4272":0,"4273":0,"4274":0,"4275":16,"4276":0,"4277":16,"4278":16,"4279":16,"4280":0,"4281":16,"4282":16,"4283":16,"4284":0,"4285":0,"4286":0,"4287":0,"4288":0,"4289":0,"4290":0,"4291":0,"4292":0,"4293":0,"4294":0,"4295":0,"4296":0,"4297":0,"4298":0,"4299":0,"4300":1,"4301":1,"4302":1,"4303":1,"4304":0,"4305":0,"4306":1,"4307":1,"4308":1,"4309":1,"4310":1,"4311":0,"4312":0,"4313":0,"4314":0,"4315":0,"4316":0,"4317":0,"4318":0,"4319":0,"4320":0,"4321":0,"4322":0,"4323":0,"4324":0,"4325":0,"4326":0,"4327":0,"4328":0,"4329":0,"4330":0,"4331":0,"4332":0,"4333":0,"4334":0,"4335":0,"4336":0,"4337":0,"4338":0,"4339":0,"4340":0,"4341":0,"4342":0,"4343":0,"4344":0,"4345":0,"4346":0,"4347":0,"4348":0,"4349":0,"4350":0,"4351":0,"4352":0,"4353":0,"4354":0,"4355":0,"4356":0,"4357":0,"4358":0,"4359":0,"4360":0,"4361":0,"4362":0,"4363":0,"4364":0,"4365":0,"4366":0,"4367":0,"4368":0,"4369":0,"4370":0,"4371":0,"4372":0,"4373":0,"4374":0,"4375":0,"4376":0,"4377":0,"4378":0,"4379":0,"4380":0,"4381":0,"4382":0,"4383":0,"4384":0,"4385":0,"4386":0,"4387":0,"4388":0,"4389":0,"4390":0,"4391":0,"4392":0,"4393":0,"4394":0,"4395":0,"4396":0,"4397":0,"4398":0,"4399":0,"4400":0,"4401":0,"4402":0,"4403":0,"4404":0,"4405":0,"4406":0,"4407":0,"4408":0,"4409":0,"4410":0,"4411":0,"4412":0,"4413":0,"4414":0,"4415":0,"4416":0,"4417":0,"4418":0,"4419":0,"4420":0,"4421":0,"4422":0,"4423":0,"4424":0,"4425":0,"4426":0,"4427":0,"4428":0,"4429":0,"4430":0,"4431":0,"4432":0,"4433":0,"4434":0,"4435":0,"4436":0,"4437":0,"4438":0,"4439":0,"4440":0,"4441":0,"4442":0,"4443":0,"4444":0,"4445":0,"4446":0,"4447":0,"4448":0,"4449":0,"4450":0,"4451":0,"4452":0,"4453":0,"4454":0,"4455":0,"4456":0,"4457":0,"4458":0,"4459":0,"4460":1,"4461":1,"4462":1,"4463":16,"4464":16,"4465":1,"4466":1,"4467":0,"4468":2,"4469":2,"4470":2,"4471":2,"4472":2,"4473":2,"4474":2,"4475":2,"4476":0,"4477":0,"4478":0,"4479":0,"4480":0,"4481":0,"4482":2,"4483":2,"4484":2,"4485":2,"4486":2,"4487":2,"4488":2,"4489":2,"4490":2,"4491":2,"4492":0,"4493":0,"4494":0,"4495":0,"4496":0,"4497":0,"4498":2,"4499":0,"4500":0,"4501":0,"4502":0,"4503":0,"4504":0,"4505":1,"4506":1,"4507":0,"4508":1,"4509":0,"4510":0,"4511":0,"4512":0,"4513":0,"4514":0,"4515":0,"4516":0,"4517":0,"4518":0,"4519":0,"4520":0,"4521":0,"4522":0,"4523":0,"4524":0,"4525":0,"4526":0,"4527":0,"4528":0,"4529":0,"4530":0,"4531":0,"4532":0,"4533":0,"4534":0,"4535":0,"4536":0,"4537":0,"4538":0,"4539":0,"4540":0,"4541":0,"4542":0,"4543":0,"4544":0,"4545":0,"4546":0,"4547":0,"4548":0,"4549":0,"4550":0,"4551":0,"4552":0,"4553":0,"4554":0,"4555":0,"4556":0,"4557":0,"4558":0,"4559":0,"4560":0,"4561":16,"4562":16,"4563":16,"4564":16,"4565":16,"4566":16,"4567":16,"4568":16,"4569":0,"4570":0,"4571":0,"4572":16,"4573":16,"4574":16,"4575":16,"4576":16,"4577":16,"4578":16,"4579":16,"4580":16,"4581":16,"4582":16,"4583":16,"4584":16,"4585":16,"4586":0,"4587":2,"4588":0,"4589":0,"4590":2,"4591":1,"4592":0,"4593":0,"4594":1,"4595":1,"4596":0,"4597":0,"4598":0,"4599":0,"4600":1,"4601":1},"f":{"0":2,"1":2,"2":14,"3":20,"4":7,"5":31,"6":24,"7":30,"8":1,"9":1,"10":36,"11":1,"12":4,"13":4,"14":0,"15":2,"16":1,"17":2,"18":6,"19":2,"20":1,"21":1,"22":1,"23":1,"24":0,"25":0,"26":1,"27":0,"28":1,"29":0,"30":1,"31":0,"32":1,"33":1,"34":3,"35":0,"36":0,"37":0,"38":0,"39":3,"40":0,"41":0,"42":3,"43":0,"44":3,"45":3,"46":0,"47":6,"48":1,"49":0,"50":1,"51":1,"52":0,"53":0,"54":1,"55":1,"56":0,"57":1,"58":1,"59":1,"60":0,"61":1,"62":1,"63":1,"64":1,"65":1,"66":1,"67":0,"68":1,"69":1,"70":0,"71":0,"72":0,"73":1,"74":1,"75":1,"76":1,"77":1,"78":0,"79":1,"80":1,"81":0,"82":1,"83":1,"84":1,"85":1,"86":1,"87":1,"88":0,"89":0,"90":0,"91":1,"92":0,"93":0,"94":0,"95":0,"96":0,"97":0,"98":0,"99":0,"100":0,"101":0,"102":0,"103":0,"104":0,"105":0,"106":0,"107":0,"108":0,"109":0,"110":0,"111":0,"112":0,"113":0,"114":0,"115":0,"116":0,"117":0,"118":0,"119":0,"120":0,"121":26,"122":8,"123":0,"124":0,"125":83,"126":83,"127":83,"128":83,"129":0,"130":15,"131":0,"132":52,"133":0,"134":0,"135":0,"136":16,"137":0,"138":0,"139":0,"140":0,"141":0,"142":0,"143":1,"144":2,"145":2,"146":42,"147":28,"148":28,"149":0,"150":0,"151":0,"152":0,"153":14,"154":0,"155":0,"156":0,"157":8,"158":0,"159":0,"160":0,"161":0,"162":0,"163":0,"164":0,"165":0,"166":0,"167":0,"168":0,"169":0,"170":0,"171":0,"172":0,"173":0,"174":0,"175":0,"176":0,"177":0,"178":0,"179":0,"180":0,"181":8,"182":0,"183":0,"184":0,"185":0,"186":0,"187":0,"188":0,"189":0,"190":0,"191":0,"192":0,"193":1,"194":0,"195":0,"196":0,"197":0,"198":0,"199":0,"200":0,"201":0,"202":0,"203":0,"204":0,"205":0,"206":0,"207":0,"208":0,"209":0,"210":0,"211":1,"212":0,"213":0,"214":0,"215":0,"216":0,"217":0,"218":0,"219":0,"220":0,"221":0,"222":0,"223":0,"224":0,"225":0,"226":0,"227":0,"228":0,"229":0,"230":0,"231":0,"232":0,"233":0,"234":0,"235":1,"236":0,"237":0,"238":0,"239":0,"240":0,"241":0,"242":0,"243":0,"244":0,"245":0,"246":0,"247":0,"248":0,"249":0,"250":0,"251":0,"252":0,"253":0,"254":0,"255":0,"256":0,"257":0,"258":0,"259":0,"260":4,"261":16,"262":16,"263":0,"264":14,"265":6,"266":4,"267":0,"268":0,"269":0,"270":0,"271":0,"272":2,"273":2,"274":0,"275":0,"276":0,"277":2,"278":0,"279":0,"280":0,"281":0,"282":0,"283":0,"284":0,"285":0,"286":2,"287":0,"288":2,"289":2,"290":2,"291":2,"292":0,"293":2,"294":0,"295":0,"296":2,"297":2,"298":2,"299":2862,"300":4,"301":6,"302":2,"303":6,"304":2,"305":0,"306":0,"307":0,"308":0,"309":0,"310":2,"311":2,"312":0,"313":0,"314":0,"315":0,"316":0,"317":0,"318":0,"319":0,"320":0,"321":0,"322":0,"323":0,"324":0,"325":0,"326":0,"327":0,"328":0,"329":0,"330":0,"331":0,"332":0,"333":0,"334":0,"335":0,"336":0,"337":0,"338":0,"339":0,"340":0,"341":0,"342":0,"343":0,"344":0,"345":0,"346":0,"347":0,"348":0,"349":0,"350":0,"351":0,"352":0,"353":0,"354":0,"355":0,"356":0,"357":0,"358":2,"359":2,"360":0,"361":0,"362":0,"363":0,"364":0,"365":0,"366":0,"367":0,"368":0,"369":0,"370":0,"371":0,"372":0,"373":0,"374":0,"375":0,"376":0,"377":0,"378":2,"379":0,"380":0,"381":0,"382":0,"383":0,"384":0,"385":0,"386":0,"387":0,"388":0,"389":0,"390":0,"391":0,"392":0,"393":0,"394":0,"395":0,"396":0,"397":0,"398":0,"399":0,"400":0,"401":0,"402":0,"403":0,"404":0,"405":0,"406":0,"407":3,"408":18,"409":0,"410":3,"411":1,"412":0,"413":0,"414":6,"415":4,"416":6,"417":0,"418":32,"419":0,"420":22,"421":0,"422":0,"423":0,"424":0,"425":0,"426":0,"427":0,"428":0,"429":0,"430":0,"431":0,"432":0,"433":0,"434":0,"435":0,"436":0,"437":0,"438":0,"439":0,"440":0,"441":0,"442":0,"443":0,"444":0,"445":0,"446":0,"447":0,"448":0,"449":0,"450":0,"451":0,"452":0,"453":0,"454":0,"455":0,"456":0,"457":0,"458":0,"459":0,"460":0,"461":0,"462":0,"463":0,"464":0,"465":0,"466":0,"467":0,"468":0,"469":0,"470":0,"471":0,"472":0,"473":0,"474":0,"475":0,"476":0,"477":0,"478":0,"479":0,"480":0,"481":0,"482":0,"483":0,"484":0,"485":0,"486":0,"487":0,"488":0,"489":0,"490":0,"491":0,"492":0,"493":0,"494":0,"495":1,"496":0,"497":0,"498":0,"499":0,"500":0,"501":0,"502":0,"503":0,"504":0,"505":0,"506":0,"507":0,"508":0,"509":0,"510":0,"511":0,"512":0,"513":2,"514":0,"515":0,"516":0,"517":0,"518":0,"519":0,"520":0,"521":0,"522":0,"523":0,"524":0,"525":0,"526":0,"527":0,"528":0,"529":0,"530":0,"531":0,"532":0,"533":1,"534":0,"535":0,"536":1,"537":2,"538":0,"539":0,"540":0,"541":0,"542":29,"543":0,"544":0,"545":0,"546":0,"547":0,"548":0,"549":0,"550":0,"551":0,"552":0,"553":0,"554":0,"555":0,"556":0,"557":0,"558":0,"559":0,"560":0,"561":0,"562":0,"563":544,"564":92,"565":60,"566":0,"567":4,"568":16,"569":0,"570":0,"571":1,"572":0,"573":0,"574":0,"575":30,"576":0,"577":27,"578":0,"579":0,"580":0,"581":0,"582":1,"583":0,"584":0,"585":0,"586":0,"587":0,"588":159,"589":83,"590":80,"591":12,"592":2,"593":1,"594":79,"595":25,"596":0,"597":0,"598":0,"599":0,"600":0,"601":0,"602":0,"603":0,"604":0,"605":0,"606":0,"607":0,"608":0,"609":0,"610":0,"611":0,"612":0,"613":0,"614":0,"615":0,"616":0,"617":0,"618":0,"619":0,"620":0,"621":0,"622":0,"623":0,"624":0,"625":0,"626":0,"627":0,"628":0,"629":0,"630":0,"631":0,"632":0,"633":0,"634":0,"635":0,"636":0,"637":0,"638":0,"639":0,"640":0,"641":0,"642":0,"643":0,"644":0,"645":0,"646":0,"647":0,"648":0,"649":0,"650":0,"651":0,"652":0,"653":0,"654":0,"655":0,"656":0,"657":0,"658":0,"659":0,"660":0,"661":0,"662":0,"663":0,"664":0,"665":0,"666":0,"667":0,"668":0,"669":0,"670":0,"671":0,"672":0,"673":0,"674":0,"675":0,"676":0,"677":0,"678":0,"679":0,"680":0,"681":0,"682":0,"683":0,"684":0,"685":0,"686":0,"687":0,"688":0,"689":0,"690":0,"691":0,"692":0,"693":0,"694":0,"695":0,"696":0,"697":0,"698":0,"699":0,"700":0,"701":0,"702":0,"703":0,"704":0,"705":0,"706":0,"707":0,"708":0,"709":0,"710":0,"711":0,"712":0,"713":0,"714":0,"715":0,"716":0,"717":0,"718":0,"719":0,"720":0,"721":0,"722":0,"723":0,"724":0,"725":0,"726":0,"727":0,"728":0,"729":0,"730":0,"731":0,"732":0,"733":0,"734":0,"735":0,"736":0,"737":0,"738":0,"739":0,"740":0,"741":0,"742":0,"743":0,"744":0,"745":0,"746":0,"747":0,"748":0,"749":0,"750":0,"751":0,"752":0,"753":0,"754":0,"755":0,"756":0,"757":0,"758":0,"759":0,"760":0,"761":0,"762":0,"763":0,"764":0,"765":0,"766":0,"767":0,"768":0,"769":0,"770":0,"771":0,"772":30,"773":3,"774":3,"775":0,"776":0,"777":3,"778":0,"779":0,"780":0,"781":0,"782":0,"783":0,"784":0,"785":0,"786":0,"787":0,"788":0,"789":0,"790":0,"791":0,"792":0,"793":20,"794":20,"795":0,"796":0,"797":0,"798":0,"799":0,"800":0,"801":0,"802":0,"803":0,"804":0,"805":0,"806":1,"807":27,"808":0,"809":0,"810":0,"811":0,"812":0,"813":0,"814":0,"815":0,"816":0,"817":0,"818":0,"819":2,"820":2,"821":0,"822":32,"823":0,"824":28,"825":2,"826":4,"827":0,"828":0,"829":0,"830":30,"831":0,"832":1,"833":0,"834":86,"835":16,"836":28,"837":28,"838":27,"839":12,"840":27,"841":1,"842":54,"843":55,"844":3,"845":27,"846":27,"847":22,"848":92,"849":0,"850":0,"851":0,"852":0,"853":0,"854":0,"855":27,"856":0,"857":28,"858":44,"859":458,"860":22,"861":27,"862":27,"863":54,"864":0,"865":2,"866":0,"867":0,"868":1,"869":0,"870":0,"871":0,"872":0,"873":0,"874":0,"875":0,"876":0,"877":0,"878":0,"879":0,"880":1,"881":0,"882":0,"883":0,"884":0,"885":0,"886":0,"887":1,"888":0,"889":4,"890":4,"891":0,"892":20,"893":20,"894":0,"895":6,"896":6,"897":16,"898":4,"899":0,"900":16,"901":0,"902":0,"903":0,"904":0,"905":0,"906":6,"907":34,"908":0,"909":0,"910":6,"911":0,"912":0,"913":0,"914":0,"915":6,"916":0,"917":0,"918":0,"919":0,"920":0,"921":0,"922":0,"923":0,"924":0,"925":0,"926":0,"927":0,"928":0,"929":0,"930":0,"931":0,"932":0,"933":0,"934":32,"935":0,"936":0,"937":32,"938":0,"939":0,"940":0,"941":0,"942":0,"943":0,"944":0,"945":0,"946":0,"947":0,"948":0,"949":0,"950":0,"951":0,"952":0,"953":0,"954":0,"955":0,"956":0,"957":0,"958":0,"959":0,"960":0,"961":16,"962":16,"963":0,"964":0,"965":0,"966":16,"967":16,"968":16,"969":298,"970":16,"971":16,"972":16,"973":298,"974":42,"975":4,"976":0,"977":0,"978":0,"979":4,"980":4,"981":16,"982":16,"983":16,"984":16,"985":0,"986":4,"987":0,"988":4,"989":4,"990":2,"991":0,"992":0,"993":2,"994":2,"995":1,"996":2,"997":2,"998":4,"999":0,"1000":0,"1001":0,"1002":0,"1003":0,"1004":0,"1005":0,"1006":0,"1007":0,"1008":0,"1009":0,"1010":0,"1011":0,"1012":16,"1013":0,"1014":0,"1015":0,"1016":0,"1017":0,"1018":0,"1019":0,"1020":0,"1021":16,"1022":2,"1023":0,"1024":0,"1025":0,"1026":0,"1027":0,"1028":0,"1029":0,"1030":2,"1031":2,"1032":0,"1033":0,"1034":0,"1035":0,"1036":0,"1037":0,"1038":0,"1039":0,"1040":0,"1041":0,"1042":0,"1043":0,"1044":0,"1045":0,"1046":0,"1047":0,"1048":0,"1049":0,"1050":0,"1051":0,"1052":0,"1053":0,"1054":2,"1055":0,"1056":0,"1057":2,"1058":2,"1059":0,"1060":0,"1061":0,"1062":0,"1063":0,"1064":0,"1065":0,"1066":0,"1067":0,"1068":0,"1069":0,"1070":0,"1071":0,"1072":0,"1073":0,"1074":0,"1075":0,"1076":0,"1077":0,"1078":0,"1079":0,"1080":0,"1081":0,"1082":2,"1083":0,"1084":0,"1085":0,"1086":0,"1087":0,"1088":0,"1089":0,"1090":0,"1091":0,"1092":0,"1093":0,"1094":0,"1095":0,"1096":0,"1097":0,"1098":0,"1099":0,"1100":0,"1101":0,"1102":0,"1103":0,"1104":0,"1105":0,"1106":0,"1107":0,"1108":0,"1109":0,"1110":0,"1111":0,"1112":0,"1113":0,"1114":0,"1115":0,"1116":0,"1117":0,"1118":0,"1119":0,"1120":0,"1121":0,"1122":0,"1123":0,"1124":0,"1125":0,"1126":0,"1127":0,"1128":0,"1129":0,"1130":0,"1131":0,"1132":0,"1133":0,"1134":0,"1135":0,"1136":0,"1137":0,"1138":0,"1139":0,"1140":0,"1141":0,"1142":0,"1143":0,"1144":0,"1145":0,"1146":0,"1147":0,"1148":0,"1149":0,"1150":2,"1151":2,"1152":2,"1153":2,"1154":0,"1155":0,"1156":0,"1157":0,"1158":0,"1159":0,"1160":0,"1161":19,"1162":2,"1163":2,"1164":12,"1165":19,"1166":0,"1167":0,"1168":2,"1169":2,"1170":2,"1171":2,"1172":16,"1173":2,"1174":0,"1175":0,"1176":0,"1177":0,"1178":0,"1179":16,"1180":2,"1181":1,"1182":1,"1183":1,"1184":2,"1185":0,"1186":16,"1187":0,"1188":0,"1189":0,"1190":0,"1191":0,"1192":0,"1193":0,"1194":2,"1195":2,"1196":0,"1197":0,"1198":0,"1199":0,"1200":0,"1201":0,"1202":0,"1203":0,"1204":0,"1205":0,"1206":0,"1207":0,"1208":0,"1209":0,"1210":0,"1211":0,"1212":0,"1213":0,"1214":2,"1215":16,"1216":16,"1217":0,"1218":16,"1219":0,"1220":0,"1221":0,"1222":16,"1223":21,"1224":19,"1225":0,"1226":32,"1227":41,"1228":21,"1229":19,"1230":0,"1231":32,"1232":41,"1233":113,"1234":2,"1235":0,"1236":0,"1237":0,"1238":0,"1239":0,"1240":0,"1241":0,"1242":16,"1243":0,"1244":0,"1245":0,"1246":16,"1247":52,"1248":77,"1249":16,"1250":2,"1251":16,"1252":10,"1253":10,"1254":10,"1255":10,"1256":0,"1257":0,"1258":0,"1259":0,"1260":0,"1261":0,"1262":0,"1263":0,"1264":0,"1265":0,"1266":0,"1267":0,"1268":0,"1269":0,"1270":0,"1271":2,"1272":0,"1273":0,"1274":0,"1275":0,"1276":16,"1277":16,"1278":0,"1279":16,"1280":16,"1281":0,"1282":0,"1283":0,"1284":16,"1285":0,"1286":0,"1287":0,"1288":0,"1289":0,"1290":0,"1291":0,"1292":0,"1293":0,"1294":0,"1295":0,"1296":0,"1297":0,"1298":0,"1299":0,"1300":0,"1301":0,"1302":0,"1303":0,"1304":0,"1305":0,"1306":0,"1307":0,"1308":0,"1309":0,"1310":0,"1311":0,"1312":0,"1313":0,"1314":0,"1315":0,"1316":0,"1317":0,"1318":0,"1319":0,"1320":0,"1321":0,"1322":0,"1323":0,"1324":16,"1325":16,"1326":0,"1327":1,"1328":2,"1329":0,"1330":0,"1331":0,"1332":0,"1333":0,"1334":0,"1335":0,"1336":1,"1337":0,"1338":0,"1339":0,"1340":0,"1341":0,"1342":0,"1343":0,"1344":0,"1345":0,"1346":0,"1347":0,"1348":0,"1349":0,"1350":0,"1351":0,"1352":0,"1353":0,"1354":0,"1355":0,"1356":0,"1357":0,"1358":0,"1359":0,"1360":0,"1361":0,"1362":0,"1363":16,"1364":16,"1365":0,"1366":0,"1367":16,"1368":16,"1369":16,"1370":16,"1371":0,"1372":0,"1373":0,"1374":0,"1375":1,"1376":0,"1377":1},"b":{"0":[2,2],"1":[20,14],"2":[31,0],"3":[31,31,8],"4":[981,980,980],"5":[980,980],"6":[30,0],"7":[28,2],"8":[30,27,27],"9":[36],"10":[0,36],"11":[0,36],"12":[36,0,0],"13":[0,1],"14":[1,1,1,1],"15":[1,1,1,1,0],"16":[1,0],"17":[0,0],"18":[0,0],"19":[0,0],"20":[0,4],"21":[0,4],"22":[0,4],"23":[4,4,4],"24":[0,4],"25":[0,4],"26":[4,4,0],"27":[4,4],"28":[0,4],"29":[0,4],"30":[0,0],"31":[0,0],"32":[0,0],"33":[0,4],"34":[0,0],"35":[0,0],"36":[0,4],"37":[0,0],"38":[4,0],"39":[0,0],"40":[0,0],"41":[0,0],"42":[0,0],"43":[0,0],"44":[0,0],"45":[0,0],"46":[2,2],"47":[0,2],"48":[0,0],"49":[2,0],"50":[0,2],"51":[0,0],"52":[0,2],"53":[2,2,2,2],"54":[0,2],"55":[2,2,2],"56":[0,2],"57":[2,2,2],"58":[0,2],"59":[0,2],"60":[2,2,2],"61":[2,0],"62":[2,0],"63":[0,0,2,0],"64":[0,0],"65":[2,2,2],"66":[0,0],"67":[0,0],"68":[0,0],"69":[0],"70":[0,0],"71":[0],"72":[0,0],"73":[0,0],"74":[0,0],"75":[0,0],"76":[0,0],"77":[0],"78":[0],"79":[0,0],"80":[0,0],"81":[18,0],"82":[18,9],"83":[0,0],"84":[0,0],"85":[0,3],"86":[3,3,0],"87":[0,3],"88":[3,0],"89":[0,0],"90":[0,0],"91":[0,0],"92":[0,0],"93":[0,0],"94":[0,0,0],"95":[0,0],"96":[0,0],"97":[0,0],"98":[0,0],"99":[0,0],"100":[0,3],"101":[0,0,0],"102":[3,3],"103":[0,3],"104":[3,3],"105":[3,0],"106":[3,0],"107":[3,3],"108":[3,0],"109":[0,0],"110":[3,3,0],"111":[0,3],"112":[3,0],"113":[0,0],"114":[0,0],"115":[0,0],"116":[0,0],"117":[0],"118":[6,6],"119":[6,6],"120":[0,6],"121":[18,18],"122":[18,0],"123":[18,0],"124":[0,0],"125":[0],"126":[0,0],"127":[0,0],"128":[0,0],"129":[0,0],"130":[0,0],"131":[0,0],"132":[0,0],"133":[0,0],"134":[0,0],"135":[0,0],"136":[0,0],"137":[0,0],"138":[0,0],"139":[0,0],"140":[0,0],"141":[0,0],"142":[0,0],"143":[0,0],"144":[1,1],"145":[1,0],"146":[1,1],"147":[1,1,1,1,0,1],"148":[0,8],"149":[8,8],"150":[0,8],"151":[1,0],"152":[0,0],"153":[0,0],"154":[0,0],"155":[83,0],"156":[83,0],"157":[83,0],"158":[83,0],"159":[83,0],"160":[0,0],"161":[0,52],"162":[52,52],"163":[52,0],"164":[52,52],"165":[0,0],"166":[0,0],"167":[0],"168":[0,0],"169":[0,0],"170":[0,0],"171":[0,0],"172":[0],"173":[0,0],"174":[0,0],"175":[0,2],"176":[2,2],"177":[2,0],"178":[0,2],"179":[0,0],"180":[0,2],"181":[0,0],"182":[0,2],"183":[42,42],"184":[28,28],"185":[0,28],"186":[0,0,0],"187":[14,14],"188":[0,14],"189":[0,14],"190":[0,0],"191":[0,0],"192":[0,0],"193":[0,0],"194":[0,0],"195":[0,0],"196":[0,0],"197":[0,0],"198":[0,0],"199":[0,0,0,0],"200":[0,0],"201":[14,0,0,14],"202":[0,0],"203":[0,0],"204":[0,0],"205":[0,0],"206":[0,0],"207":[0,0],"208":[0,0],"209":[0,0],"210":[0,0],"211":[0,0],"212":[0,0],"213":[0,0],"214":[0,0],"215":[0,0],"216":[0,0],"217":[0,0],"218":[0,0],"219":[0,0],"220":[0,0],"221":[0,0],"222":[0,0],"223":[0,0,0],"224":[0,0],"225":[0,0],"226":[0,0],"227":[0,0],"228":[0,0],"229":[0,0],"230":[0,0],"231":[0,0],"232":[0,0,0],"233":[0,0],"234":[0,0],"235":[0,0],"236":[0,0],"237":[0,0],"238":[0,0],"239":[4,12],"240":[0,12],"241":[12,2],"242":[12,2],"243":[8,4],"244":[12,4,0],"245":[0,4],"246":[0,0],"247":[6,0],"248":[0,0],"249":[4,0],"250":[0,0],"251":[0,0],"252":[0,2],"253":[0,0],"254":[0,0],"255":[0,0],"256":[0,2],"257":[2,2,2,0],"258":[2,2,2,0],"259":[0,0],"260":[0,0],"261":[0,0,0,0],"262":[0,0],"263":[2,0],"264":[2,2],"265":[0,2],"266":[2,0],"267":[2,0],"268":[2,0],"269":[0,0],"270":[0,0],"271":[0,0],"272":[0,0],"273":[0,0],"274":[2,0],"275":[2862,2],"276":[0,0],"277":[4,2],"278":[2,2,0],"279":[0,2],"280":[2,2],"281":[0,2],"282":[2,2,0],"283":[2,0],"284":[0,2],"285":[0,2],"286":[0,2],"287":[0,2],"288":[0,2],"289":[0,2],"290":[2,2],"291":[0,2],"292":[2,2],"293":[0,0],"294":[0,0],"295":[0,2],"296":[2,2],"297":[0,0],"298":[0,2],"299":[2,2],"300":[0,0],"301":[0,0],"302":[2,0],"303":[2,2,2],"304":[0,0],"305":[0,0],"306":[0,0],"307":[2,0],"308":[1,0],"309":[1,0],"310":[1,0],"311":[1,0],"312":[1,1,1,1],"313":[1,1,1],"314":[1,1,0,0],"315":[1,1,0,1],"316":[1,1,1,1],"317":[1,1],"318":[1,1],"319":[0,1],"320":[0,0],"321":[0,0],"322":[0,0],"323":[0,0],"324":[0,0],"325":[0,0],"326":[0,0],"327":[0],"328":[0],"329":[0],"330":[0],"331":[0,1],"332":[0,1],"333":[0,0],"334":[0,0],"335":[0,1],"336":[0],"337":[0,0],"338":[0,0],"339":[0,0],"340":[0],"341":[0],"342":[0,0],"343":[0,0,0],"344":[0,0,0],"345":[0,0],"346":[0,0],"347":[0,0],"348":[0],"349":[0],"350":[0,0],"351":[0,0],"352":[0,0],"353":[0],"354":[2,2],"355":[2,0],"356":[0,0],"357":[0,0],"358":[0,2],"359":[0,2],"360":[0,2],"361":[0,0],"362":[0,0],"363":[0,0],"364":[0,0],"365":[0,0],"366":[0,0],"367":[0,0],"368":[0,0],"369":[0,0],"370":[2,0],"371":[0,0],"372":[0,0],"373":[0,0],"374":[0,0],"375":[0,0],"376":[0,0],"377":[0,0],"378":[0,0],"379":[0,3],"380":[18,18],"381":[0,0],"382":[0,0],"383":[0,0],"384":[0,0],"385":[18,0],"386":[0],"387":[3,1],"388":[3,3],"389":[3,3,0],"390":[0,3],"391":[0,1],"392":[1,0,0,0],"393":[0,0],"394":[0,0],"395":[0,0],"396":[0,0],"397":[0,0],"398":[0,0],"399":[3,3],"400":[0,3],"401":[4,0,0],"402":[6,3],"403":[0,0],"404":[0,0],"405":[0,0],"406":[0,0],"407":[0,0],"408":[0,0],"409":[0,0],"410":[0,0],"411":[0,0],"412":[0,0],"413":[0,0],"414":[0,0],"415":[0,0],"416":[0,0],"417":[0,0],"418":[0,0],"419":[0,0],"420":[0,0],"421":[0,0],"422":[0,0],"423":[0,0],"424":[0,0],"425":[0,0],"426":[0,0],"427":[0,0],"428":[0,0],"429":[0,0],"430":[0,0],"431":[0,0],"432":[0,0],"433":[0,0],"434":[0,0],"435":[0,0],"436":[0,0],"437":[0,0],"438":[0,0],"439":[0,0],"440":[0,0],"441":[0,0],"442":[0,0],"443":[0,0],"444":[0,0],"445":[0,0],"446":[0,0,0],"447":[0,0],"448":[0,0],"449":[0,0,0,0],"450":[0,0],"451":[0,0],"452":[0,0],"453":[0,0],"454":[0,0],"455":[0,0],"456":[0,0],"457":[0,0],"458":[0,0],"459":[0,0],"460":[0,0],"461":[0,0],"462":[0,0],"463":[0,0],"464":[0,0],"465":[0,0],"466":[0,0],"467":[0,0],"468":[0,0],"469":[0,0],"470":[0,0],"471":[0,0],"472":[0,0],"473":[0,0],"474":[0,0],"475":[0,0],"476":[0,0],"477":[0,0],"478":[0,0],"479":[0,0],"480":[0,0],"481":[0,0],"482":[0,0],"483":[0,0],"484":[0,0],"485":[0,0],"486":[0,0],"487":[0,0],"488":[0,0],"489":[0,0],"490":[0,0],"491":[0,0],"492":[0,0],"493":[0,0],"494":[0,0,0,0],"495":[0,0],"496":[0,0,0,0],"497":[0,0],"498":[0,0],"499":[0,0],"500":[0,0],"501":[0,0],"502":[0,0],"503":[0,0],"504":[0,0],"505":[0,0],"506":[0,0],"507":[0,0],"508":[0,0],"509":[0,0],"510":[0,0],"511":[0,0],"512":[0,0],"513":[0,0],"514":[0,0],"515":[0,0],"516":[0,0],"517":[0,0],"518":[0,0],"519":[0,0],"520":[0,0],"521":[0,0],"522":[0,0],"523":[0,0],"524":[0,0],"525":[0,0],"526":[0,0],"527":[0,0],"528":[0,0],"529":[0,0],"530":[0,0],"531":[0,0],"532":[0,0],"533":[0,0],"534":[0,0,0,0],"535":[0,0],"536":[0,0,0],"537":[0,0],"538":[0,0],"539":[0,0],"540":[0,0],"541":[0,0],"542":[0,0],"543":[0,0],"544":[0,0],"545":[0,0],"546":[0,0],"547":[0,0],"548":[0,0],"549":[0,0],"550":[0,0],"551":[0,0],"552":[0,0],"553":[0,0],"554":[0,0],"555":[0,0],"556":[0,0],"557":[0,0],"558":[0,0,0,0],"559":[0,0],"560":[0,0,0],"561":[0,0],"562":[0,0],"563":[0,0],"564":[0,0],"565":[0,0,0],"566":[0,0],"567":[0,0,0,0],"568":[0,0],"569":[0,0],"570":[0,0],"571":[0,0],"572":[0,0],"573":[0,0],"574":[0,0],"575":[0,0],"576":[0,0,0],"577":[0,0],"578":[0,0],"579":[0,0,0,0],"580":[0,0],"581":[0,0],"582":[0,0],"583":[0,0],"584":[0,0],"585":[0,0,0,0],"586":[0,0],"587":[0,0,0,0,0,0,0],"588":[0,0],"589":[0,0],"590":[0,0],"591":[0,0],"592":[0,0],"593":[0,0],"594":[0,0],"595":[0,0],"596":[0,0],"597":[0,0],"598":[0,0],"599":[0,0],"600":[0,0],"601":[0,0],"602":[0,0],"603":[0,0],"604":[0,0],"605":[0,0],"606":[0,0],"607":[0,0],"608":[0,0],"609":[0,0],"610":[0,0],"611":[0,0],"612":[0,0],"613":[0,0],"614":[0,0],"615":[0,0],"616":[0,0],"617":[0,0],"618":[0,0],"619":[0,0],"620":[0,0],"621":[0,0,0,0],"622":[0,0],"623":[0,0],"624":[0,0],"625":[0,0],"626":[0,0],"627":[0,0],"628":[0,0],"629":[0,0],"630":[0,0],"631":[0,0],"632":[0,0,0],"633":[0,0],"634":[0,0],"635":[0,0],"636":[0,0],"637":[0,0],"638":[0,0],"639":[0,0],"640":[0,0],"641":[0,0],"642":[0,0],"643":[0,0],"644":[0,0],"645":[0,0],"646":[0,0],"647":[0,0],"648":[0,0],"649":[0,0],"650":[0,0],"651":[0,0],"652":[0,0],"653":[0,0],"654":[0,0],"655":[0,0],"656":[0,0],"657":[0,0],"658":[0,0],"659":[0,0,0],"660":[0,0],"661":[0,0],"662":[0,0],"663":[0,0],"664":[0,0],"665":[0,0,0,0,0,0],"666":[0,0,0,0,0,0,0,0],"667":[0,0],"668":[0,0],"669":[0,0],"670":[0,0],"671":[0,0,0,0,0,0],"672":[0,0,0,0,0,0,0],"673":[0,0],"674":[0,0],"675":[0,0],"676":[0,0],"677":[0,0],"678":[0,0],"679":[0,0],"680":[0,0],"681":[0,0],"682":[0,0],"683":[0,0],"684":[0,0],"685":[0,0],"686":[0,0,0,0],"687":[0,0],"688":[0,0,0],"689":[0,0],"690":[0,0],"691":[0,0],"692":[0,0,0],"693":[0,0],"694":[0,0],"695":[0,0],"696":[0,0],"697":[0,0],"698":[0,0],"699":[0,0],"700":[0,0],"701":[0,0,0],"702":[0,0],"703":[0,0],"704":[0,0],"705":[0,0],"706":[0,0],"707":[0,0],"708":[0,0],"709":[0,0],"710":[0,0],"711":[0,0],"712":[0,0],"713":[0,0],"714":[0,0],"715":[0,0],"716":[0,0],"717":[0,0],"718":[0,0],"719":[0,0],"720":[0,0],"721":[0,0],"722":[0,0,0],"723":[0,0],"724":[0,0],"725":[0,0],"726":[0,0],"727":[0,0],"728":[0,0],"729":[0,0],"730":[0,0],"731":[0,0],"732":[0,0],"733":[0,0,0,0],"734":[0,0],"735":[0,0],"736":[0,0,0,0],"737":[0,0],"738":[0,0,0,0,0,0,0],"739":[0,0],"740":[0,0],"741":[0,0],"742":[0,0],"743":[0,0],"744":[0,0],"745":[0,0],"746":[0,0],"747":[0,0],"748":[0,0],"749":[0,0],"750":[0,0],"751":[0,0],"752":[0,0],"753":[0,0],"754":[0,0],"755":[0,0],"756":[0,0],"757":[0,0],"758":[0,0],"759":[0,0],"760":[0,0],"761":[0,0],"762":[0,0,0],"763":[0,0],"764":[0,0,0],"765":[0,0],"766":[0,0,0],"767":[0,0],"768":[0,0],"769":[0,0],"770":[0,0],"771":[0,0],"772":[0,0],"773":[0,0],"774":[0,0],"775":[0,0,0],"776":[0,0],"777":[0,0,0,0],"778":[0,0],"779":[0,0,0],"780":[0,0],"781":[0,0],"782":[0,0],"783":[0,0],"784":[0,0],"785":[0,0],"786":[0,0],"787":[0,0],"788":[0,0],"789":[0,0],"790":[0,0],"791":[0,0,0,0,0,0],"792":[0,0],"793":[0,0],"794":[0,0],"795":[0,0],"796":[0,0],"797":[0,0],"798":[0,0,0,0],"799":[0,0],"800":[0,0],"801":[0,0],"802":[0,0],"803":[0,0],"804":[0,0],"805":[2,2],"806":[0,2],"807":[0,0],"808":[2,0],"809":[2,0],"810":[2,0],"811":[2,0],"812":[2,2],"813":[2,2],"814":[0,2],"815":[2,0],"816":[0,0],"817":[0,0],"818":[0,0],"819":[0,0],"820":[0,0],"821":[0,0],"822":[0,0],"823":[0,0],"824":[0,0],"825":[0,0],"826":[0,0],"827":[0,0],"828":[0,0],"829":[0,0],"830":[0,0],"831":[0,0],"832":[0,0],"833":[0,0],"834":[0,0],"835":[0,0],"836":[0,0],"837":[0,0],"838":[0,0],"839":[0,0],"840":[0,0],"841":[0,0],"842":[0,0],"843":[0,0],"844":[0,0],"845":[0,0],"846":[0,0],"847":[0,0],"848":[0,0],"849":[0,0],"850":[0,0],"851":[0,0],"852":[0,0],"853":[0,0],"854":[0,0],"855":[0,0],"856":[0,0],"857":[0,0],"858":[0,0],"859":[0,0],"860":[0,0],"861":[0,0,0,0],"862":[0,0],"863":[0,0,0,0,0,0,0],"864":[0,0],"865":[0,0],"866":[0,0],"867":[0,0],"868":[0,0],"869":[0,0],"870":[0,0],"871":[0,0],"872":[0,0],"873":[0,0],"874":[0,0],"875":[0,0],"876":[0,0],"877":[0,0],"878":[0,0],"879":[0,0],"880":[0,0],"881":[0,0],"882":[0,0],"883":[0,0],"884":[0,0],"885":[0,0],"886":[0,0],"887":[0,0],"888":[0,0],"889":[0,0],"890":[0,0],"891":[0,0],"892":[0,1],"893":[1,1],"894":[7,0],"895":[7,0],"896":[7,0],"897":[7,7,7],"898":[1,0],"899":[1,0],"900":[1,0],"901":[1,1,0,0],"902":[0,1],"903":[0,0],"904":[0,0,0,0],"905":[0,2],"906":[0,2],"907":[0,0],"908":[0,0],"909":[0,0],"910":[0,0],"911":[0,0],"912":[0,2],"913":[0,0],"914":[0,0],"915":[0,0],"916":[0,0],"917":[0,0],"918":[0,0],"919":[0,0],"920":[0,0],"921":[0,0],"922":[0,0],"923":[2,0],"924":[0,2],"925":[2,0],"926":[2,0],"927":[0,0],"928":[0,0],"929":[1,0],"930":[1,0],"931":[1,1],"932":[8,0],"933":[0,0],"934":[0,0],"935":[0,0],"936":[29,29,29,29],"937":[0,0],"938":[0,0],"939":[0,0],"940":[0,0],"941":[0,0],"942":[0,0],"943":[0,0,0],"944":[0,0],"945":[0,0],"946":[0,0],"947":[0,0],"948":[0,0],"949":[0,0],"950":[111,433],"951":[39,394],"952":[92,302],"953":[60,32],"954":[92,92,92],"955":[0,0,48,0,12,0],"956":[12,4],"957":[0,0],"958":[30,30],"959":[0,27],"960":[27,27,27,0,0,0],"961":[1,1],"962":[1,0],"963":[1,0],"964":[0,0],"965":[0,0],"966":[83,24],"967":[25,5,50],"968":[80,2],"969":[4,21],"970":[66,66],"971":[0,5],"972":[1,1],"973":[9,0],"974":[1,8],"975":[4,4],"976":[9,9],"977":[79,4,4],"978":[25,1],"979":[79,0],"980":[79,67],"981":[19,60],"982":[79,24],"983":[60,5,5],"984":[0,0],"985":[0,0],"986":[0,0],"987":[0,0],"988":[0,0],"989":[0,0],"990":[0,0],"991":[0,0],"992":[0,0],"993":[0,0],"994":[0,0],"995":[0,0],"996":[0,0],"997":[0,0,0,0],"998":[0,0],"999":[0,0],"1000":[0,0],"1001":[0,0],"1002":[0,0],"1003":[0,0],"1004":[0,0],"1005":[0,0],"1006":[0,0],"1007":[0,0],"1008":[0,0],"1009":[0,0],"1010":[0,0],"1011":[0,0],"1012":[0,0],"1013":[1,0],"1014":[0,0],"1015":[0,0],"1016":[0,0],"1017":[0,0],"1018":[0,0],"1019":[0,0],"1020":[0,0],"1021":[0,0],"1022":[0,0],"1023":[0,0,0],"1024":[0,0],"1025":[0,0,0],"1026":[0,0],"1027":[0,0],"1028":[0,0],"1029":[0,0],"1030":[0,0],"1031":[0,0],"1032":[0,0],"1033":[0,0],"1034":[0,0],"1035":[0,0],"1036":[0,0],"1037":[0,0],"1038":[0,0],"1039":[0,0],"1040":[0,0],"1041":[0,0],"1042":[0,0],"1043":[0,0],"1044":[0,0],"1045":[0,0],"1046":[0,0],"1047":[0,0],"1048":[0,0],"1049":[0,0],"1050":[0,0,0,0,0],"1051":[0,0],"1052":[0,0],"1053":[0,0],"1054":[0],"1055":[0,0],"1056":[0],"1057":[0,0],"1058":[0,0],"1059":[0,0],"1060":[0,0],"1061":[0,0],"1062":[0,0],"1063":[0,0],"1064":[0,0],"1065":[0,0],"1066":[0,0],"1067":[0,0],"1068":[0,0],"1069":[0,0],"1070":[0,0],"1071":[0,0],"1072":[0,0],"1073":[0,0],"1074":[0,0],"1075":[0,0],"1076":[0,0],"1077":[0,0],"1078":[0,0],"1079":[0,0],"1080":[0,0],"1081":[0,0],"1082":[0,0],"1083":[0,0],"1084":[0,0,0,0,0,0,0,0,0,0,0,0,0,0,0],"1085":[0,0],"1086":[0,0],"1087":[0,0],"1088":[0,0],"1089":[0,0],"1090":[0,0],"1091":[0,0],"1092":[0,0],"1093":[0,0],"1094":[0,0],"1095":[0,0],"1096":[0,0],"1097":[0,0],"1098":[0,0],"1099":[0,0],"1100":[0,0],"1101":[0,0],"1102":[0,0,0],"1103":[0,0],"1104":[0,0],"1105":[0,0],"1106":[0,0],"1107":[0,0],"1108":[0,0],"1109":[0,0],"1110":[0,0],"1111":[0,0],"1112":[0,0],"1113":[0,0],"1114":[0,0],"1115":[0,0],"1116":[0,0],"1117":[0,0],"1118":[0,0],"1119":[0,0],"1120":[0,0],"1121":[0,0],"1122":[0,0],"1123":[0,0],"1124":[0,0],"1125":[0,0],"1126":[0,0],"1127":[0,0],"1128":[0,0],"1129":[0,0],"1130":[0,0],"1131":[0,0],"1132":[0,0],"1133":[0,0],"1134":[0,0],"1135":[0,0],"1136":[0,0,0],"1137":[0,0,0],"1138":[0,0],"1139":[0,0],"1140":[0,0],"1141":[0,0],"1142":[0,0],"1143":[0,0],"1144":[0,0],"1145":[0,0],"1146":[0,0],"1147":[0,0],"1148":[0,0],"1149":[0,0],"1150":[0,0],"1151":[0,0,0],"1152":[0,0],"1153":[0,0],"1154":[3,0],"1155":[0,0],"1156":[0,0],"1157":[0,0],"1158":[0,0],"1159":[0,0],"1160":[0,0],"1161":[0,0],"1162":[0,0],"1163":[0,0],"1164":[0,0],"1165":[0,0],"1166":[0,0],"1167":[0,0],"1168":[0,0],"1169":[0,0],"1170":[0,0],"1171":[0,0],"1172":[0,0],"1173":[0,0],"1174":[0,0],"1175":[0,0],"1176":[0,0],"1177":[0,0],"1178":[0,0],"1179":[0,0],"1180":[1,0],"1181":[0,0],"1182":[27,0],"1183":[0,0],"1184":[0,0],"1185":[0,0],"1186":[0,0],"1187":[0,0],"1188":[0,0],"1189":[0,0],"1190":[0,0],"1191":[0,0],"1192":[0,0],"1193":[0,0,0,0],"1194":[0,0],"1195":[0,0],"1196":[0,0],"1197":[0,0,0],"1198":[0,0],"1199":[0,0],"1200":[0,0],"1201":[0,0],"1202":[0,0],"1203":[0,0],"1204":[0,1],"1205":[0,0],"1206":[0],"1207":[0],"1208":[1,27],"1209":[0,1],"1210":[1,0],"1211":[27,27,27],"1212":[27,12],"1213":[0,12],"1214":[0,12],"1215":[12,12],"1216":[12,0],"1217":[12,12,0],"1218":[8,4],"1219":[0,0],"1220":[0,0],"1221":[0,0,0],"1222":[0,10],"1223":[10,0],"1224":[10,0],"1225":[0,10],"1226":[10,10,10],"1227":[10,0],"1228":[0,10],"1229":[0,54],"1230":[24,30],"1231":[54,30,30],"1232":[0,30],"1233":[0,30],"1234":[0,0],"1235":[0,30],"1236":[0,30],"1237":[3,27],"1238":[0,27],"1239":[0,27],"1240":[0,27],"1241":[0,27],"1242":[0,0],"1243":[0,27],"1244":[27,0],"1245":[0,55],"1246":[48,48],"1247":[48,0],"1248":[0,0],"1249":[0,6],"1250":[6,6],"1251":[0,0],"1252":[27,27,27],"1253":[27,27,27],"1254":[22,0,0],"1255":[92,82],"1256":[82,0],"1257":[0,0],"1258":[0,0],"1259":[0,0],"1260":[28,0],"1261":[12,10],"1262":[27,0],"1263":[27,27],"1264":[27,27],"1265":[9,9,9,9,9,26,26,26,27,27,27,0,0,0,0,0,0,0,0,0,0,0,0],"1266":[0,0],"1267":[0,0],"1268":[0,1],"1269":[0,0],"1270":[0,0],"1271":[0,0],"1272":[0],"1273":[0],"1274":[0],"1275":[0,0],"1276":[0,0],"1277":[0,34],"1278":[33,1],"1279":[0,0],"1280":[0,0],"1281":[0,0],"1282":[0,6],"1283":[0,0],"1284":[0,0],"1285":[0,0],"1286":[0,0],"1287":[0,0],"1288":[0,0],"1289":[0,0],"1290":[0,0],"1291":[0,0,0,0,0],"1292":[0,0,0,0,0],"1293":[0,0],"1294":[0,0],"1295":[0,0],"1296":[0,0],"1297":[0,0,0],"1298":[0,0],"1299":[0,0],"1300":[0,0],"1301":[0,0],"1302":[0,0],"1303":[0,0],"1304":[0,0],"1305":[0,0],"1306":[0,0],"1307":[0,0],"1308":[0,0,0],"1309":[0,0],"1310":[0,0],"1311":[0,0],"1312":[0,0],"1313":[0,0],"1314":[0,0],"1315":[0,0],"1316":[0,0],"1317":[0,0],"1318":[0,0],"1319":[0,0],"1320":[0,0],"1321":[0,0,0,0,0,0,0,0,0,0,0,0],"1322":[0,0],"1323":[0,0],"1324":[0,32],"1325":[0,0],"1326":[0,0],"1327":[0],"1328":[0,0],"1329":[0],"1330":[0,0],"1331":[0],"1332":[0,0],"1333":[0],"1334":[0,0],"1335":[0],"1336":[0,0],"1337":[0],"1338":[0,0],"1339":[0,0],"1340":[0,0],"1341":[0],"1342":[0,0],"1343":[0,0],"1344":[0,0],"1345":[0,0],"1346":[0,0],"1347":[0,0],"1348":[0,0],"1349":[16,0],"1350":[0,0],"1351":[16,0],"1352":[16,0],"1353":[16,0],"1354":[16,0],"1355":[0,0],"1356":[16,0],"1357":[4,4],"1358":[16,0],"1359":[0,0],"1360":[2,0],"1361":[4,0],"1362":[0,0],"1363":[0,0],"1364":[0,0],"1365":[0,0],"1366":[0,0],"1367":[0,0],"1368":[0,0],"1369":[0,0],"1370":[0,0],"1371":[0,0],"1372":[0,0],"1373":[0,0],"1374":[0,0],"1375":[0,0],"1376":[0,0],"1377":[0,0],"1378":[0,0],"1379":[0,0],"1380":[0,0],"1381":[0,0],"1382":[0,0,0],"1383":[0,0],"1384":[0,0,0],"1385":[0,0],"1386":[16,0],"1387":[16,0,0,0],"1388":[0,0],"1389":[0,0],"1390":[0,0],"1391":[0,0],"1392":[0,0],"1393":[0,0],"1394":[0,0,0,0],"1395":[0,0],"1396":[0,0],"1397":[0,0],"1398":[0,0],"1399":[0,0],"1400":[0,0],"1401":[0],"1402":[0,0,0],"1403":[0,0],"1404":[0,0],"1405":[0,0],"1406":[0,0],"1407":[0],"1408":[16,0],"1409":[16,0],"1410":[0,0],"1411":[0,0],"1412":[0,0],"1413":[0,0],"1414":[0,0],"1415":[0],"1416":[0],"1417":[0],"1418":[0,2],"1419":[2,0,0],"1420":[2,0],"1421":[0,2],"1422":[0,2],"1423":[0,0],"1424":[0,0],"1425":[0,0],"1426":[0,0],"1427":[0,0],"1428":[0,0],"1429":[2,2],"1430":[0,2],"1431":[2,0],"1432":[2,2,0],"1433":[0,0],"1434":[0,0],"1435":[0,0],"1436":[0,0],"1437":[0,0],"1438":[2,0],"1439":[2,0],"1440":[2,0],"1441":[2,0],"1442":[0,0],"1443":[0,0],"1444":[0],"1445":[0],"1446":[0],"1447":[0,0],"1448":[0,0],"1449":[0,0],"1450":[0,0],"1451":[0],"1452":[0,0],"1453":[0,0],"1454":[0,0],"1455":[0,2],"1456":[0,2],"1457":[0,2],"1458":[0,2],"1459":[2,2],"1460":[2,2],"1461":[0,2],"1462":[0,0],"1463":[0,0],"1464":[0,0],"1465":[0,0],"1466":[0],"1467":[0],"1468":[0],"1469":[0],"1470":[0,0],"1471":[0],"1472":[0],"1473":[0,0],"1474":[0,0],"1475":[0,0],"1476":[0,0],"1477":[0,0],"1478":[0,0,0],"1479":[0,0],"1480":[0,0,0],"1481":[0,0],"1482":[0,0],"1483":[0,0],"1484":[0,0],"1485":[0,0],"1486":[0,0],"1487":[0,0],"1488":[0,0],"1489":[0,0],"1490":[0,0],"1491":[0,0],"1492":[0,0],"1493":[0,0],"1494":[0,0],"1495":[0,0],"1496":[0,0],"1497":[0,0],"1498":[0,0],"1499":[0,0],"1500":[0,0],"1501":[0,0],"1502":[0,0],"1503":[0,0],"1504":[0,0],"1505":[0,0],"1506":[0,0],"1507":[0],"1508":[0,0],"1509":[0,0],"1510":[0,0],"1511":[0,0],"1512":[0,0,0],"1513":[0,0],"1514":[0,0],"1515":[0,0],"1516":[0,0],"1517":[0,0,0],"1518":[0,0],"1519":[0,0],"1520":[0,0],"1521":[0,0],"1522":[0,0],"1523":[0],"1524":[0,0],"1525":[0,0],"1526":[0,0],"1527":[0,0],"1528":[0,0],"1529":[0,0],"1530":[0,0],"1531":[0,0],"1532":[0,0],"1533":[0,0],"1534":[0,0,0,0,0,0,0],"1535":[0,0],"1536":[0,0],"1537":[0,0],"1538":[0,0],"1539":[0,0],"1540":[0,0],"1541":[0,0],"1542":[0,0],"1543":[0,0],"1544":[0,0],"1545":[0,0],"1546":[0,0],"1547":[0,0],"1548":[0,0],"1549":[0,0],"1550":[0,0],"1551":[0,0],"1552":[0,0],"1553":[0,0],"1554":[0,0],"1555":[0,0],"1556":[0,0],"1557":[0,0],"1558":[0,0],"1559":[0,0],"1560":[0,0],"1561":[0,0],"1562":[0,0],"1563":[0,0],"1564":[0,0],"1565":[0,0],"1566":[2,1],"1567":[1,1],"1568":[1,1],"1569":[0,0],"1570":[0,0],"1571":[0,0],"1572":[0,0],"1573":[0,0],"1574":[0,0],"1575":[0,0],"1576":[19,0],"1577":[2,2],"1578":[2,0],"1579":[0,0],"1580":[2,2],"1581":[2,2],"1582":[2,0],"1583":[2,0,0],"1584":[0,19],"1585":[0,0],"1586":[0,0],"1587":[0,0],"1588":[0,0],"1589":[0,0],"1590":[0,0],"1591":[0,0],"1592":[0,2],"1593":[0,2],"1594":[0,2],"1595":[0,16],"1596":[2,0],"1597":[2,2],"1598":[2,2],"1599":[2,0],"1600":[2,2],"1601":[2,2],"1602":[0,0],"1603":[0,0],"1604":[0,0],"1605":[0,0],"1606":[0,0],"1607":[0,16],"1608":[14,2],"1609":[0,0],"1610":[0,1],"1611":[0,1],"1612":[2,0],"1613":[0,16],"1614":[0,0],"1615":[0,16],"1616":[0,0],"1617":[0,0],"1618":[0,0],"1619":[0,0],"1620":[0,0],"1621":[0,0],"1622":[0,0],"1623":[0,0],"1624":[0,0],"1625":[0,0],"1626":[0,0],"1627":[0,0],"1628":[0,0],"1629":[0,0],"1630":[0,0],"1631":[0,0],"1632":[0,0],"1633":[0,0,0],"1634":[0],"1635":[2,2],"1636":[2,2,0],"1637":[2,2],"1638":[0,2],"1639":[2,0,2,0],"1640":[0,0],"1641":[0,0],"1642":[0,2],"1643":[2,0],"1644":[2,0],"1645":[0,0],"1646":[0,0],"1647":[0,0],"1648":[0,0],"1649":[0,0],"1650":[0,0],"1651":[0,0],"1652":[0,0],"1653":[0,0],"1654":[0,0],"1655":[0,0],"1656":[0,0],"1657":[0,0],"1658":[0,0],"1659":[0,0],"1660":[0,0],"1661":[0,0],"1662":[0,0],"1663":[0,0],"1664":[0,0],"1665":[0,0,0],"1666":[0,0],"1667":[0,0],"1668":[0,0],"1669":[0,0],"1670":[0,0,0,0,0,0,0],"1671":[0,0],"1672":[16],"1673":[16,0],"1674":[16,0],"1675":[0,0],"1676":[16,0],"1677":[113,113,113],"1678":[0],"1679":[0,0],"1680":[0,0],"1681":[0,0],"1682":[0,0],"1683":[0,0],"1684":[0,0,0],"1685":[6,10],"1686":[16,6],"1687":[10,10],"1688":[10,10],"1689":[32,45],"1690":[77,32],"1691":[10,6],"1692":[10,10],"1693":[10,10],"1694":[10,0],"1695":[0,10],"1696":[0,0],"1697":[0,0],"1698":[0,0],"1699":[0,0,0,0,0,0,0,0,0,0,0,0,0],"1700":[0,0],"1701":[0,16],"1702":[0,16],"1703":[0,0],"1704":[0,0],"1705":[0,16],"1706":[0,0],"1707":[0,0],"1708":[0,0],"1709":[0,0],"1710":[0,0],"1711":[0,0],"1712":[0,0],"1713":[0,0],"1714":[0,0],"1715":[0,0],"1716":[0,0],"1717":[0,0],"1718":[0,0],"1719":[0,16],"1720":[16,16],"1721":[16,16],"1722":[0,0],"1723":[0,16],"1724":[0,16],"1725":[0,0],"1726":[0,0],"1727":[0,0],"1728":[0,0,0],"1729":[0,0],"1730":[0,0],"1731":[0,0],"1732":[0,0],"1733":[0,0],"1734":[0,0],"1735":[0,0],"1736":[0,0],"1737":[0,0],"1738":[0,0],"1739":[0,0],"1740":[0,0],"1741":[0,0],"1742":[0,0],"1743":[0,0],"1744":[0,0],"1745":[0,0],"1746":[0,0],"1747":[0,0],"1748":[0,0],"1749":[0,0],"1750":[0,0],"1751":[0,0],"1752":[0,0],"1753":[0,0],"1754":[0,0],"1755":[0,0],"1756":[0,0],"1757":[0,0],"1758":[0,0],"1759":[0,0],"1760":[0,0],"1761":[0,0],"1762":[0,0],"1763":[0,0],"1764":[0,0],"1765":[0,0],"1766":[0,0],"1767":[0,0],"1768":[0,0],"1769":[0,0],"1770":[0,0],"1771":[0,0],"1772":[0,0],"1773":[0,0],"1774":[0,0],"1775":[0,0],"1776":[0,0],"1777":[0,0],"1778":[0,0],"1779":[0,0],"1780":[0,0],"1781":[0,0],"1782":[0,0],"1783":[0,0],"1784":[0,0],"1785":[0,0],"1786":[0,0],"1787":[0,0],"1788":[0,0,0,0],"1789":[0,0],"1790":[0,0],"1791":[0,0],"1792":[0,0],"1793":[0,0],"1794":[0,0],"1795":[0,0],"1796":[0,0],"1797":[1,1],"1798":[2,2],"1799":[2,0],"1800":[2,0],"1801":[2,2],"1802":[2,0],"1803":[2,2],"1804":[0,2],"1805":[0,0],"1806":[0,0],"1807":[0,0],"1808":[0,0],"1809":[2,2,2,0],"1810":[2,2],"1811":[2,2],"1812":[2,0],"1813":[2,0],"1814":[2,2],"1815":[0,2],"1816":[0,2],"1817":[0,2],"1818":[0,2],"1819":[2,2],"1820":[2,0],"1821":[2,0],"1822":[0,0],"1823":[0,0],"1824":[2,0],"1825":[2,2],"1826":[2,2],"1827":[0,0],"1828":[0,0],"1829":[0,0],"1830":[0,0],"1831":[0,0],"1832":[0,0],"1833":[0,0],"1834":[0,0],"1835":[0,0],"1836":[0,0],"1837":[0,0],"1838":[0,0],"1839":[0,0],"1840":[0,0],"1841":[0,0],"1842":[0,0],"1843":[0,0],"1844":[0,0],"1845":[0,0],"1846":[0,0],"1847":[0,0],"1848":[0,0],"1849":[16,16],"1850":[16,0],"1851":[0,16],"1852":[16,16],"1853":[16,0,0],"1854":[16,0],"1855":[0,16],"1856":[16,0],"1857":[16,0],"1858":[0,0],"1859":[0,0],"1860":[0,0],"1861":[0,0],"1862":[1,0]},"inputSourceMap":null,"_coverageSchema":"1a1c01bbd47fc00a2c39e90264f33305004495a9","hash":"c3688eadf5051f8879bf7907a65e04015433c1d8"},"/home/aflesch/mathquest/app/backend/src/config/redis.ts":{"path":"/home/aflesch/mathquest/app/backend/src/config/redis.ts","statementMap":{"0":{"start":{"line":1,"column":0},"end":{"line":1,"column":28}},"1":{"start":{"line":2,"column":0},"end":{"line":2,"column":41}},"2":{"start":{"line":4,"column":17},"end":{"line":4,"column":38}},"3":{"start":{"line":6,"column":0},"end":{"line":9,"column":1}},"4":{"start":{"line":7,"column":4},"end":{"line":7,"column":71}},"5":{"start":{"line":8,"column":4},"end":{"line":8,"column":49}},"6":{"start":{"line":11,"column":20},"end":{"line":16,"column":2}},"7":{"start":{"line":28,"column":9},"end":{"line":28,"column":20}},"8":{"start":{"line":18,"column":0},"end":{"line":20,"column":3}},"9":{"start":{"line":19,"column":4},"end":{"line":19,"column":52}},"10":{"start":{"line":22,"column":0},"end":{"line":26,"column":3}},"11":{"start":{"line":23,"column":4},"end":{"line":23,"column":49}}},"fnMap":{"0":{"name":"(anonymous_1)","decl":{"start":{"line":18,"column":26},"end":{"line":18,"column":29}},"loc":{"start":{"line":18,"column":31},"end":{"line":20,"column":1}}},"1":{"name":"(anonymous_2)","decl":{"start":{"line":22,"column":24},"end":{"line":22,"column":25}},"loc":{"start":{"line":22,"column":32},"end":{"line":26,"column":1}}}},"branchMap":{"0":{"loc":{"start":{"line":6,"column":0},"end":{"line":9,"column":1}},"type":"if","locations":[{"start":{"line":6,"column":0},"end":{"line":9,"column":1}}]}},"s":{"0":1,"1":1,"2":1,"3":1,"4":0,"5":0,"6":1,"7":1,"8":1,"9":1,"10":1,"11":0},"f":{"0":1,"1":0},"b":{"0":[0]}},"/home/aflesch/mathquest/app/backend/src/utils/logger.ts":{"path":"/home/aflesch/mathquest/app/backend/src/utils/logger.ts","statementMap":{"0":{"start":{"line":169,"column":0},"end":{"line":169,"column":16}},"1":{"start":{"line":20,"column":0},"end":{"line":20,"column":30}},"2":{"start":{"line":21,"column":0},"end":{"line":21,"column":24}},"3":{"start":{"line":24,"column":18},"end":{"line":29,"column":2}},"4":{"start":{"line":32,"column":26},"end":{"line":32,"column":82}},"5":{"start":{"line":33,"column":18},"end":{"line":33,"column":105}},"6":{"start":{"line":36,"column":16},"end":{"line":36,"column":48}},"7":{"start":{"line":39,"column":19},"end":{"line":39,"column":21}},"8":{"start":{"line":41,"column":0},"end":{"line":94,"column":1}},"9":{"start":{"line":43,"column":4},"end":{"line":55,"column":6}},"10":{"start":{"line":49,"column":41},"end":{"line":49,"column":75}},"11":{"start":{"line":50,"column":36},"end":{"line":50,"column":103}},"12":{"start":{"line":51,"column":20},"end":{"line":51,"column":87}},"13":{"start":{"line":56,"column":4},"end":{"line":67,"column":6}},"14":{"start":{"line":68,"column":4},"end":{"line":79,"column":6}},"15":{"start":{"line":82,"column":4},"end":{"line":93,"column":6}},"16":{"start":{"line":96,"column":22},"end":{"line":105,"column":2}},"17":{"start":{"line":108,"column":19},"end":{"line":108,"column":54}},"18":{"start":{"line":123,"column":4},"end":{"line":136,"column":6}},"19":{"start":{"line":125,"column":12},"end":{"line":125,"column":68}},"20":{"start":{"line":128,"column":12},"end":{"line":128,"column":67}},"21":{"start":{"line":131,"column":12},"end":{"line":131,"column":67}},"22":{"start":{"line":134,"column":12},"end":{"line":134,"column":68}},"23":{"start":{"line":143,"column":4},"end":{"line":155,"column":17}},"24":{"start":{"line":144,"column":8},"end":{"line":146,"column":9}},"25":{"start":{"line":145,"column":12},"end":{"line":145,"column":72}},"26":{"start":{"line":147,"column":8},"end":{"line":153,"column":9}},"27":{"start":{"line":148,"column":12},"end":{"line":152,"column":13}},"28":{"start":{"line":149,"column":16},"end":{"line":149,"column":52}},"29":{"start":{"line":151,"column":16},"end":{"line":151,"column":49}},"30":{"start":{"line":154,"column":8},"end":{"line":154,"column":27}},"31":{"start":{"line":159,"column":13},"end":{"line":159,"column":45}},"32":{"start":{"line":162,"column":0},"end":{"line":166,"column":3}},"33":{"start":{"line":170,"column":4},"end":{"line":173,"column":7}},"34":{"start":{"line":171,"column":8},"end":{"line":171,"column":41}},"35":{"start":{"line":172,"column":8},"end":{"line":172,"column":25}},"36":{"start":{"line":177,"column":0},"end":{"line":177,"column":28}}},"fnMap":{"0":{"name":"(anonymous_1)","decl":{"start":{"line":48,"column":38},"end":{"line":48,"column":39}},"loc":{"start":{"line":48,"column":92},"end":{"line":52,"column":17}}},"1":{"name":"createLogger","decl":{"start":{"line":122,"column":9},"end":{"line":122,"column":21}},"loc":{"start":{"line":122,"column":39},"end":{"line":137,"column":1}}},"2":{"name":"(anonymous_3)","decl":{"start":{"line":124,"column":15},"end":{"line":124,"column":16}},"loc":{"start":{"line":124,"column":34},"end":{"line":126,"column":9}}},"3":{"name":"(anonymous_4)","decl":{"start":{"line":127,"column":14},"end":{"line":127,"column":15}},"loc":{"start":{"line":127,"column":33},"end":{"line":129,"column":9}}},"4":{"name":"(anonymous_5)","decl":{"start":{"line":130,"column":14},"end":{"line":130,"column":15}},"loc":{"start":{"line":130,"column":33},"end":{"line":132,"column":9}}},"5":{"name":"(anonymous_6)","decl":{"start":{"line":133,"column":15},"end":{"line":133,"column":16}},"loc":{"start":{"line":133,"column":34},"end":{"line":135,"column":9}}},"6":{"name":"formatMessage","decl":{"start":{"line":142,"column":9},"end":{"line":142,"column":22}},"loc":{"start":{"line":142,"column":37},"end":{"line":156,"column":1}}},"7":{"name":"(anonymous_8)","decl":{"start":{"line":143,"column":20},"end":{"line":143,"column":23}},"loc":{"start":{"line":143,"column":26},"end":{"line":155,"column":5}}},"8":{"name":"flushLogger","decl":{"start":{"line":169,"column":16},"end":{"line":169,"column":27}},"loc":{"start":{"line":169,"column":27},"end":{"line":174,"column":1}}},"9":{"name":"(anonymous_10)","decl":{"start":{"line":170,"column":23},"end":{"line":170,"column":24}},"loc":{"start":{"line":170,"column":35},"end":{"line":173,"column":5}}}},"branchMap":{"0":{"loc":{"start":{"line":32,"column":26},"end":{"line":32,"column":82}},"type":"cond-expr","locations":[{"start":{"line":32,"column":66},"end":{"line":32,"column":72}},{"start":{"line":32,"column":75},"end":{"line":32,"column":82}}]},"1":{"loc":{"start":{"line":33,"column":18},"end":{"line":33,"column":105}},"type":"cond-expr","locations":[{"start":{"line":33,"column":52},"end":{"line":33,"column":58}},{"start":{"line":33,"column":62},"end":{"line":33,"column":104}}]},"2":{"loc":{"start":{"line":33,"column":62},"end":{"line":33,"column":104}},"type":"binary-expr","locations":[{"start":{"line":33,"column":62},"end":{"line":33,"column":83}},{"start":{"line":33,"column":87},"end":{"line":33,"column":104}}]},"3":{"loc":{"start":{"line":41,"column":0},"end":{"line":94,"column":1}},"type":"if","locations":[{"start":{"line":41,"column":0},"end":{"line":94,"column":1}},{"start":{"line":80,"column":7},"end":{"line":94,"column":1}}]},"4":{"loc":{"start":{"line":49,"column":41},"end":{"line":49,"column":75}},"type":"cond-expr","locations":[{"start":{"line":49,"column":53},"end":{"line":49,"column":70}},{"start":{"line":49,"column":73},"end":{"line":49,"column":75}}]},"5":{"loc":{"start":{"line":50,"column":36},"end":{"line":50,"column":103}},"type":"cond-expr","locations":[{"start":{"line":50,"column":63},"end":{"line":50,"column":98}},{"start":{"line":50,"column":101},"end":{"line":50,"column":103}}]},"6":{"loc":{"start":{"line":144,"column":8},"end":{"line":146,"column":9}},"type":"if","locations":[{"start":{"line":144,"column":8},"end":{"line":146,"column":9}}]},"7":{"loc":{"start":{"line":145,"column":36},"end":{"line":145,"column":69}},"type":"cond-expr","locations":[{"start":{"line":145,"column":48},"end":{"line":145,"column":64}},{"start":{"line":145,"column":67},"end":{"line":145,"column":69}}]},"8":{"loc":{"start":{"line":147,"column":8},"end":{"line":153,"column":9}},"type":"if","locations":[{"start":{"line":147,"column":8},"end":{"line":153,"column":9}}]},"9":{"loc":{"start":{"line":147,"column":12},"end":{"line":147,"column":51}},"type":"binary-expr","locations":[{"start":{"line":147,"column":12},"end":{"line":147,"column":35}},{"start":{"line":147,"column":39},"end":{"line":147,"column":51}}]}},"s":{"0":1,"1":1,"2":1,"3":1,"4":1,"5":1,"6":1,"7":1,"8":1,"9":1,"10":111,"11":111,"12":111,"13":1,"14":1,"15":0,"16":1,"17":1,"18":43,"19":17,"20":94,"21":17,"22":0,"23":128,"24":250,"25":0,"26":250,"27":120,"28":120,"29":0,"30":130,"31":1,"32":1,"33":0,"34":0,"35":0,"36":1},"f":{"0":111,"1":43,"2":17,"3":94,"4":17,"5":0,"6":128,"7":250,"8":0,"9":0},"b":{"0":[0,1],"1":[1,0],"2":[0,0],"3":[1,0],"4":[111,0],"5":[0,111],"6":[0],"7":[0,0],"8":[120],"9":[250,120]}},"/home/aflesch/mathquest/app/backend/src/utils/gameAuthorization.ts":{"path":"/home/aflesch/mathquest/app/backend/src/utils/gameAuthorization.ts","statementMap":{"0":{"start":{"line":13,"column":0},"end":{"line":13,"column":7}},"1":{"start":{"line":99,"column":0},"end":{"line":99,"column":7}},"2":{"start":{"line":1,"column":0},"end":{"line":1,"column":37}},"3":{"start":{"line":2,"column":0},"end":{"line":2,"column":42}},"4":{"start":{"line":3,"column":0},"end":{"line":3,"column":24}},"5":{"start":{"line":5,"column":15},"end":{"line":5,"column":54}},"6":{"start":{"line":19,"column":67},"end":{"line":19,"column":74}},"7":{"start":{"line":20,"column":4},"end":{"line":92,"column":5}},"8":{"start":{"line":22,"column":29},"end":{"line":25,"column":10}},"9":{"start":{"line":27,"column":8},"end":{"line":33,"column":9}},"10":{"start":{"line":28,"column":12},"end":{"line":32,"column":14}},"11":{"start":{"line":35,"column":8},"end":{"line":35,"column":39}},"12":{"start":{"line":37,"column":29},"end":{"line":38,"column":59}},"13":{"start":{"line":40,"column":8},"end":{"line":56,"column":9}},"14":{"start":{"line":41,"column":12},"end":{"line":48,"column":52}},"15":{"start":{"line":50,"column":12},"end":{"line":55,"column":14}},"16":{"start":{"line":58,"column":8},"end":{"line":60,"column":9}},"17":{"start":{"line":59,"column":12},"end":{"line":59,"column":95}},"18":{"start":{"line":63,"column":8},"end":{"line":78,"column":9}},"19":{"start":{"line":64,"column":12},"end":{"line":71,"column":84}},"20":{"start":{"line":72,"column":12},"end":{"line":77,"column":14}},"21":{"start":{"line":80,"column":8},"end":{"line":83,"column":10}},"22":{"start":{"line":86,"column":8},"end":{"line":86,"column":80}},"23":{"start":{"line":87,"column":8},"end":{"line":91,"column":10}},"24":{"start":{"line":105,"column":71},"end":{"line":105,"column":78}},"25":{"start":{"line":106,"column":4},"end":{"line":138,"column":5}},"26":{"start":{"line":107,"column":8},"end":{"line":107,"column":116}},"27":{"start":{"line":110,"column":29},"end":{"line":113,"column":10}},"28":{"start":{"line":115,"column":8},"end":{"line":121,"column":9}},"29":{"start":{"line":116,"column":12},"end":{"line":120,"column":14}},"30":{"start":{"line":124,"column":8},"end":{"line":129,"column":11}},"31":{"start":{"line":132,"column":8},"end":{"line":132,"column":92}},"32":{"start":{"line":133,"column":8},"end":{"line":137,"column":10}},"33":{"start":{"line":141,"column":13},"end":{"line":147,"column":3}}},"fnMap":{"0":{"name":"validateGameAccess","decl":{"start":{"line":13,"column":22},"end":{"line":13,"column":40}},"loc":{"start":{"line":13,"column":67},"end":{"line":93,"column":1}}},"1":{"name":"validateGameAccessByCode","decl":{"start":{"line":99,"column":22},"end":{"line":99,"column":46}},"loc":{"start":{"line":99,"column":73},"end":{"line":139,"column":1}}}},"branchMap":{"0":{"loc":{"start":{"line":27,"column":8},"end":{"line":33,"column":9}},"type":"if","locations":[{"start":{"line":27,"column":8},"end":{"line":33,"column":9}}]},"1":{"loc":{"start":{"line":37,"column":29},"end":{"line":38,"column":59}},"type":"binary-expr","locations":[{"start":{"line":37,"column":29},"end":{"line":37,"column":68}},{"start":{"line":38,"column":12},"end":{"line":38,"column":59}}]},"2":{"loc":{"start":{"line":40,"column":8},"end":{"line":56,"column":9}},"type":"if","locations":[{"start":{"line":40,"column":8},"end":{"line":56,"column":9}}]},"3":{"loc":{"start":{"line":40,"column":12},"end":{"line":40,"column":47}},"type":"binary-expr","locations":[{"start":{"line":40,"column":12},"end":{"line":40,"column":25}},{"start":{"line":40,"column":29},"end":{"line":40,"column":47}}]},"4":{"loc":{"start":{"line":58,"column":8},"end":{"line":60,"column":9}},"type":"if","locations":[{"start":{"line":58,"column":8},"end":{"line":60,"column":9}}]},"5":{"loc":{"start":{"line":58,"column":12},"end":{"line":58,"column":46}},"type":"binary-expr","locations":[{"start":{"line":58,"column":12},"end":{"line":58,"column":25}},{"start":{"line":58,"column":29},"end":{"line":58,"column":46}}]},"6":{"loc":{"start":{"line":63,"column":8},"end":{"line":78,"column":9}},"type":"if","locations":[{"start":{"line":63,"column":8},"end":{"line":78,"column":9}}]},"7":{"loc":{"start":{"line":63,"column":12},"end":{"line":63,"column":63}},"type":"binary-expr","locations":[{"start":{"line":63,"column":12},"end":{"line":63,"column":27}},{"start":{"line":63,"column":31},"end":{"line":63,"column":63}}]},"8":{"loc":{"start":{"line":115,"column":8},"end":{"line":121,"column":9}},"type":"if","locations":[{"start":{"line":115,"column":8},"end":{"line":121,"column":9}}]}},"s":{"0":1,"1":1,"2":1,"3":1,"4":1,"5":1,"6":1,"7":1,"8":1,"9":1,"10":0,"11":1,"12":1,"13":1,"14":0,"15":0,"16":1,"17":0,"18":1,"19":0,"20":0,"21":1,"22":0,"23":0,"24":1,"25":1,"26":1,"27":1,"28":1,"29":0,"30":1,"31":0,"32":0,"33":1},"f":{"0":1,"1":1},"b":{"0":[0],"1":[1,0],"2":[0],"3":[1,0],"4":[0],"5":[1,0],"6":[0],"7":[1,1],"8":[0]}},"/home/aflesch/mathquest/app/backend/src/sockets/handlers/teacherControl/helpers.ts":{"path":"/home/aflesch/mathquest/app/backend/src/sockets/handlers/teacherControl/helpers.ts","statementMap":{"0":{"start":{"line":22,"column":0},"end":{"line":22,"column":7}},"1":{"start":{"line":212,"column":0},"end":{"line":212,"column":7}},"2":{"start":{"line":1,"column":0},"end":{"line":1,"column":37}},"3":{"start":{"line":2,"column":0},"end":{"line":2,"column":45}},"4":{"start":{"line":3,"column":0},"end":{"line":3,"column":42}},"5":{"start":{"line":4,"column":0},"end":{"line":4,"column":87}},"6":{"start":{"line":7,"column":0},"end":{"line":7,"column":89}},"7":{"start":{"line":10,"column":15},"end":{"line":10,"column":52}},"8":{"start":{"line":13,"column":13},"end":{"line":13,"column":55}},"9":{"start":{"line":14,"column":13},"end":{"line":14,"column":60}},"10":{"start":{"line":27,"column":4},"end":{"line":30,"column":5}},"11":{"start":{"line":28,"column":8},"end":{"line":28,"column":56}},"12":{"start":{"line":29,"column":8},"end":{"line":29,"column":76}},"13":{"start":{"line":31,"column":4},"end":{"line":205,"column":5}},"14":{"start":{"line":32,"column":8},"end":{"line":32,"column":90}},"15":{"start":{"line":35,"column":29},"end":{"line":48,"column":10}},"16":{"start":{"line":50,"column":8},"end":{"line":53,"column":9}},"17":{"start":{"line":51,"column":12},"end":{"line":51,"column":89}},"18":{"start":{"line":52,"column":12},"end":{"line":52,"column":101}},"19":{"start":{"line":55,"column":8},"end":{"line":55,"column":125}},"20":{"start":{"line":58,"column":29},"end":{"line":70,"column":10}},"21":{"start":{"line":72,"column":8},"end":{"line":75,"column":9}},"22":{"start":{"line":73,"column":12},"end":{"line":73,"column":71}},"23":{"start":{"line":74,"column":12},"end":{"line":74,"column":83}},"24":{"start":{"line":77,"column":8},"end":{"line":77,"column":130}},"25":{"start":{"line":80,"column":26},"end":{"line":80,"column":90}},"26":{"start":{"line":81,"column":8},"end":{"line":84,"column":9}},"27":{"start":{"line":82,"column":12},"end":{"line":82,"column":106}},"28":{"start":{"line":83,"column":12},"end":{"line":83,"column":89}},"29":{"start":{"line":86,"column":26},"end":{"line":86,"column":45}},"30":{"start":{"line":89,"column":26},"end":{"line":120,"column":10}},"31":{"start":{"line":90,"column":29},"end":{"line":90,"column":39}},"32":{"start":{"line":92,"column":32},"end":{"line":92,"column":53}},"33":{"start":{"line":93,"column":12},"end":{"line":99,"column":13}},"34":{"start":{"line":94,"column":16},"end":{"line":96,"column":17}},"35":{"start":{"line":95,"column":20},"end":{"line":95,"column":52}},"36":{"start":{"line":98,"column":16},"end":{"line":98,"column":48}},"37":{"start":{"line":101,"column":12},"end":{"line":119,"column":14}},"38":{"start":{"line":123,"column":33},"end":{"line":123,"column":113}},"39":{"start":{"line":126,"column":35},"end":{"line":130,"column":18}},"40":{"start":{"line":133,"column":62},"end":{"line":133,"column":71}},"41":{"start":{"line":134,"column":8},"end":{"line":136,"column":9}},"42":{"start":{"line":135,"column":12},"end":{"line":135,"column":92}},"43":{"start":{"line":140,"column":29},"end":{"line":140,"column":38}},"44":{"start":{"line":141,"column":35},"end":{"line":141,"column":53}},"45":{"start":{"line":142,"column":8},"end":{"line":144,"column":9}},"46":{"start":{"line":143,"column":12},"end":{"line":143,"column":52}},"47":{"start":{"line":145,"column":8},"end":{"line":177,"column":9}},"48":{"start":{"line":147,"column":22},"end":{"line":147,"column":80}},"49":{"start":{"line":147,"column":49},"end":{"line":147,"column":79}},"50":{"start":{"line":148,"column":29},"end":{"line":155,"column":null}},"51":{"start":{"line":158,"column":51},"end":{"line":158,"column":57}},"52":{"start":{"line":159,"column":12},"end":{"line":162,"column":13}},"53":{"start":{"line":160,"column":16},"end":{"line":161,"column":138}},"54":{"start":{"line":160,"column":48},"end":{"line":160,"column":63}},"55":{"start":{"line":161,"column":21},"end":{"line":161,"column":138}},"56":{"start":{"line":161,"column":113},"end":{"line":161,"column":138}},"57":{"start":{"line":164,"column":35},"end":{"line":164,"column":118}},"58":{"start":{"line":165,"column":12},"end":{"line":169,"column":32}},"59":{"start":{"line":172,"column":12},"end":{"line":176,"column":32}},"60":{"start":{"line":179,"column":29},"end":{"line":190,"column":10}},"61":{"start":{"line":193,"column":8},"end":{"line":193,"column":88}},"62":{"start":{"line":195,"column":8},"end":{"line":201,"column":9}},"63":{"start":{"line":196,"column":12},"end":{"line":196,"column":62}},"64":{"start":{"line":197,"column":12},"end":{"line":197,"column":36}},"65":{"start":{"line":199,"column":12},"end":{"line":199,"column":103}},"66":{"start":{"line":200,"column":12},"end":{"line":200,"column":113}},"67":{"start":{"line":203,"column":8},"end":{"line":203,"column":86}},"68":{"start":{"line":204,"column":8},"end":{"line":204,"column":100}},"69":{"start":{"line":213,"column":42},"end":{"line":213,"column":44}},"70":{"start":{"line":215,"column":4},"end":{"line":331,"column":5}},"71":{"start":{"line":217,"column":28},"end":{"line":217,"column":106}},"72":{"start":{"line":219,"column":8},"end":{"line":221,"column":9}},"73":{"start":{"line":220,"column":12},"end":{"line":220,"column":25}},"74":{"start":{"line":224,"column":25},"end":{"line":224,"column":90}},"75":{"start":{"line":225,"column":8},"end":{"line":228,"column":9}},"76":{"start":{"line":226,"column":12},"end":{"line":226,"column":86}},"77":{"start":{"line":227,"column":12},"end":{"line":227,"column":25}},"78":{"start":{"line":230,"column":33},"end":{"line":231,"column":72}},"79":{"start":{"line":234,"column":31},"end":{"line":234,"column":61}},"80":{"start":{"line":237,"column":8},"end":{"line":293,"column":11}},"81":{"start":{"line":238,"column":12},"end":{"line":292,"column":13}},"82":{"start":{"line":239,"column":35},"end":{"line":239,"column":67}},"83":{"start":{"line":240,"column":31},"end":{"line":240,"column":48}},"84":{"start":{"line":242,"column":16},"end":{"line":242,"column":36}},"85":{"start":{"line":242,"column":29},"end":{"line":242,"column":36}},"86":{"start":{"line":245,"column":16},"end":{"line":247,"column":17}},"87":{"start":{"line":246,"column":20},"end":{"line":246,"column":58}},"88":{"start":{"line":249,"column":38},"end":{"line":249,"column":65}},"89":{"start":{"line":252,"column":38},"end":{"line":252,"column":92}},"90":{"start":{"line":254,"column":16},"end":{"line":263,"column":61}},"91":{"start":{"line":267,"column":16},"end":{"line":273,"column":17}},"92":{"start":{"line":268,"column":20},"end":{"line":268,"column":51}},"93":{"start":{"line":269,"column":23},"end":{"line":273,"column":17}},"94":{"start":{"line":270,"column":20},"end":{"line":270,"column":53}},"95":{"start":{"line":272,"column":20},"end":{"line":272,"column":38}},"96":{"start":{"line":276,"column":16},"end":{"line":280,"column":19}},"97":{"start":{"line":277,"column":20},"end":{"line":279,"column":21}},"98":{"start":{"line":278,"column":24},"end":{"line":278,"column":61}},"99":{"start":{"line":282,"column":16},"end":{"line":288,"column":55}},"100":{"start":{"line":291,"column":16},"end":{"line":291,"column":72}},"101":{"start":{"line":296,"column":53},"end":{"line":296,"column":55}},"102":{"start":{"line":297,"column":8},"end":{"line":301,"column":11}},"103":{"start":{"line":298,"column":12},"end":{"line":300,"column":15}},"104":{"start":{"line":299,"column":16},"end":{"line":299,"column":71}},"105":{"start":{"line":303,"column":8},"end":{"line":308,"column":57}},"106":{"start":{"line":311,"column":27},"end":{"line":311,"column":46}},"107":{"start":{"line":312,"column":8},"end":{"line":317,"column":9}},"108":{"start":{"line":313,"column":12},"end":{"line":316,"column":15}},"109":{"start":{"line":314,"column":34},"end":{"line":314,"column":57}},"110":{"start":{"line":315,"column":16},"end":{"line":315,"column":78}},"111":{"start":{"line":319,"column":8},"end":{"line":325,"column":38}},"112":{"start":{"line":327,"column":8},"end":{"line":327,"column":21}},"113":{"start":{"line":329,"column":8},"end":{"line":329,"column":87}},"114":{"start":{"line":330,"column":8},"end":{"line":330,"column":21}}},"fnMap":{"0":{"name":"getGameControlState","decl":{"start":{"line":22,"column":22},"end":{"line":22,"column":41}},"loc":{"start":{"line":25,"column":30},"end":{"line":206,"column":1}}},"1":{"name":"(anonymous_11)","decl":{"start":{"line":89,"column":53},"end":{"line":89,"column":54}},"loc":{"start":{"line":89,"column":64},"end":{"line":120,"column":9}}},"2":{"name":"(anonymous_12)","decl":{"start":{"line":147,"column":37},"end":{"line":147,"column":38}},"loc":{"start":{"line":147,"column":49},"end":{"line":147,"column":79}}},"3":{"name":"getAnswerStats","decl":{"start":{"line":212,"column":22},"end":{"line":212,"column":36}},"loc":{"start":{"line":212,"column":76},"end":{"line":332,"column":1}}},"4":{"name":"(anonymous_14)","decl":{"start":{"line":237,"column":43},"end":{"line":237,"column":53}},"loc":{"start":{"line":237,"column":56},"end":{"line":293,"column":9}}},"5":{"name":"(anonymous_15)","decl":{"start":{"line":276,"column":37},"end":{"line":276,"column":43}},"loc":{"start":{"line":276,"column":46},"end":{"line":280,"column":17}}},"6":{"name":"(anonymous_16)","decl":{"start":{"line":297,"column":31},"end":{"line":297,"column":32}},"loc":{"start":{"line":297,"column":53},"end":{"line":301,"column":9}}},"7":{"name":"(anonymous_17)","decl":{"start":{"line":298,"column":30},"end":{"line":298,"column":36}},"loc":{"start":{"line":298,"column":39},"end":{"line":300,"column":13}}},"8":{"name":"(anonymous_18)","decl":{"start":{"line":313,"column":46},"end":{"line":313,"column":55}},"loc":{"start":{"line":313,"column":58},"end":{"line":316,"column":13}}}},"branchMap":{"0":{"loc":{"start":{"line":27,"column":4},"end":{"line":30,"column":5}},"type":"if","locations":[{"start":{"line":27,"column":4},"end":{"line":30,"column":5}}]},"1":{"loc":{"start":{"line":38,"column":20},"end":{"line":43,"column":18}},"type":"cond-expr","locations":[{"start":{"line":38,"column":40},"end":{"line":38,"column":42}},{"start":{"line":38,"column":45},"end":{"line":43,"column":18}}]},"2":{"loc":{"start":{"line":50,"column":8},"end":{"line":53,"column":9}},"type":"if","locations":[{"start":{"line":50,"column":8},"end":{"line":53,"column":9}}]},"3":{"loc":{"start":{"line":72,"column":8},"end":{"line":75,"column":9}},"type":"if","locations":[{"start":{"line":72,"column":8},"end":{"line":75,"column":9}}]},"4":{"loc":{"start":{"line":81,"column":8},"end":{"line":84,"column":9}},"type":"if","locations":[{"start":{"line":81,"column":8},"end":{"line":84,"column":9}}]},"5":{"loc":{"start":{"line":81,"column":12},"end":{"line":81,"column":46}},"type":"binary-expr","locations":[{"start":{"line":81,"column":12},"end":{"line":81,"column":22}},{"start":{"line":81,"column":26},"end":{"line":81,"column":46}}]},"6":{"loc":{"start":{"line":93,"column":12},"end":{"line":99,"column":13}},"type":"if","locations":[{"start":{"line":93,"column":12},"end":{"line":99,"column":13}},{"start":{"line":97,"column":19},"end":{"line":99,"column":13}}]},"7":{"loc":{"start":{"line":94,"column":16},"end":{"line":96,"column":17}},"type":"if","locations":[{"start":{"line":94,"column":16},"end":{"line":96,"column":17}}]},"8":{"loc":{"start":{"line":94,"column":20},"end":{"line":94,"column":119}},"type":"binary-expr","locations":[{"start":{"line":94,"column":20},"end":{"line":94,"column":68}},{"start":{"line":94,"column":72},"end":{"line":94,"column":119}}]},"9":{"loc":{"start":{"line":103,"column":22},"end":{"line":103,"column":41}},"type":"binary-expr","locations":[{"start":{"line":103,"column":22},"end":{"line":103,"column":35}},{"start":{"line":103,"column":39},"end":{"line":103,"column":41}}]},"10":{"loc":{"start":{"line":105,"column":28},"end":{"line":105,"column":53}},"type":"binary-expr","locations":[{"start":{"line":105,"column":28},"end":{"line":105,"column":47}},{"start":{"line":105,"column":51},"end":{"line":105,"column":53}}]},"11":{"loc":{"start":{"line":106,"column":24},"end":{"line":106,"column":77}},"type":"cond-expr","locations":[{"start":{"line":106,"column":57},"end":{"line":106,"column":72}},{"start":{"line":106,"column":75},"end":{"line":106,"column":77}}]},"12":{"loc":{"start":{"line":107,"column":28},"end":{"line":107,"column":93}},"type":"cond-expr","locations":[{"start":{"line":107,"column":70},"end":{"line":107,"column":89}},{"start":{"line":107,"column":92},"end":{"line":107,"column":93}}]},"13":{"loc":{"start":{"line":108,"column":28},"end":{"line":108,"column":53}},"type":"binary-expr","locations":[{"start":{"line":108,"column":28},"end":{"line":108,"column":47}},{"start":{"line":108,"column":51},"end":{"line":108,"column":53}}]},"14":{"loc":{"start":{"line":109,"column":29},"end":{"line":109,"column":62}},"type":"binary-expr","locations":[{"start":{"line":109,"column":29},"end":{"line":109,"column":49}},{"start":{"line":109,"column":53},"end":{"line":109,"column":62}}]},"15":{"loc":{"start":{"line":110,"column":22},"end":{"line":110,"column":71}},"type":"cond-expr","locations":[{"start":{"line":110,"column":53},"end":{"line":110,"column":66}},{"start":{"line":110,"column":69},"end":{"line":110,"column":71}}]},"16":{"loc":{"start":{"line":114,"column":31},"end":{"line":114,"column":98}},"type":"cond-expr","locations":[{"start":{"line":114,"column":71},"end":{"line":114,"column":93}},{"start":{"line":114,"column":96},"end":{"line":114,"column":98}}]},"17":{"loc":{"start":{"line":115,"column":32},"end":{"line":115,"column":101}},"type":"cond-expr","locations":[{"start":{"line":115,"column":73},"end":{"line":115,"column":96}},{"start":{"line":115,"column":99},"end":{"line":115,"column":101}}]},"18":{"loc":{"start":{"line":116,"column":34},"end":{"line":116,"column":111}},"type":"cond-expr","locations":[{"start":{"line":116,"column":82},"end":{"line":116,"column":107}},{"start":{"line":116,"column":110},"end":{"line":116,"column":111}}]},"19":{"loc":{"start":{"line":118,"column":28},"end":{"line":118,"column":97}},"type":"cond-expr","locations":[{"start":{"line":118,"column":70},"end":{"line":118,"column":89}},{"start":{"line":118,"column":92},"end":{"line":118,"column":97}}]},"20":{"loc":{"start":{"line":126,"column":35},"end":{"line":130,"column":18}},"type":"cond-expr","locations":[{"start":{"line":129,"column":14},"end":{"line":129,"column":68}},{"start":{"line":130,"column":14},"end":{"line":130,"column":18}}]},"21":{"loc":{"start":{"line":126,"column":35},"end":{"line":128,"column":66}},"type":"binary-expr","locations":[{"start":{"line":126,"column":35},"end":{"line":126,"column":70}},{"start":{"line":127,"column":12},"end":{"line":127,"column":34}},{"start":{"line":128,"column":12},"end":{"line":128,"column":66}}]},"22":{"loc":{"start":{"line":134,"column":8},"end":{"line":136,"column":9}},"type":"if","locations":[{"start":{"line":134,"column":8},"end":{"line":136,"column":9}}]},"23":{"loc":{"start":{"line":142,"column":8},"end":{"line":144,"column":9}},"type":"if","locations":[{"start":{"line":142,"column":8},"end":{"line":144,"column":9}}]},"24":{"loc":{"start":{"line":142,"column":12},"end":{"line":142,"column":57}},"type":"binary-expr","locations":[{"start":{"line":142,"column":12},"end":{"line":142,"column":33}},{"start":{"line":142,"column":37},"end":{"line":142,"column":57}}]},"25":{"loc":{"start":{"line":145,"column":8},"end":{"line":177,"column":9}},"type":"if","locations":[{"start":{"line":145,"column":8},"end":{"line":177,"column":9}},{"start":{"line":170,"column":15},"end":{"line":177,"column":9}}]},"26":{"loc":{"start":{"line":153,"column":16},"end":{"line":153,"column":72}},"type":"cond-expr","locations":[{"start":{"line":153,"column":56},"end":{"line":153,"column":68}},{"start":{"line":153,"column":71},"end":{"line":153,"column":72}}]},"27":{"loc":{"start":{"line":153,"column":16},"end":{"line":153,"column":53}},"type":"binary-expr","locations":[{"start":{"line":153,"column":16},"end":{"line":153,"column":17}},{"start":{"line":153,"column":21},"end":{"line":153,"column":53}}]},"28":{"loc":{"start":{"line":159,"column":12},"end":{"line":162,"column":13}},"type":"if","locations":[{"start":{"line":159,"column":12},"end":{"line":162,"column":13}}]},"29":{"loc":{"start":{"line":159,"column":16},"end":{"line":159,"column":63}},"type":"binary-expr","locations":[{"start":{"line":159,"column":16},"end":{"line":159,"column":24}},{"start":{"line":159,"column":28},"end":{"line":159,"column":63}}]},"30":{"loc":{"start":{"line":160,"column":16},"end":{"line":161,"column":138}},"type":"if","locations":[{"start":{"line":160,"column":16},"end":{"line":161,"column":138}},{"start":{"line":161,"column":21},"end":{"line":161,"column":138}}]},"31":{"loc":{"start":{"line":161,"column":21},"end":{"line":161,"column":138}},"type":"if","locations":[{"start":{"line":161,"column":21},"end":{"line":161,"column":138}}]},"32":{"loc":{"start":{"line":161,"column":25},"end":{"line":161,"column":111}},"type":"binary-expr","locations":[{"start":{"line":161,"column":25},"end":{"line":161,"column":50}},{"start":{"line":161,"column":54},"end":{"line":161,"column":81}},{"start":{"line":161,"column":85},"end":{"line":161,"column":111}}]},"33":{"loc":{"start":{"line":164,"column":35},"end":{"line":164,"column":118}},"type":"cond-expr","locations":[{"start":{"line":164,"column":82},"end":{"line":164,"column":105}},{"start":{"line":164,"column":108},"end":{"line":164,"column":118}}]},"34":{"loc":{"start":{"line":168,"column":29},"end":{"line":168,"column":126}},"type":"cond-expr","locations":[{"start":{"line":168,"column":73},"end":{"line":168,"column":93}},{"start":{"line":168,"column":97},"end":{"line":168,"column":125}}]},"35":{"loc":{"start":{"line":168,"column":97},"end":{"line":168,"column":125}},"type":"binary-expr","locations":[{"start":{"line":168,"column":97},"end":{"line":168,"column":117}},{"start":{"line":168,"column":121},"end":{"line":168,"column":125}}]},"36":{"loc":{"start":{"line":175,"column":29},"end":{"line":175,"column":57}},"type":"binary-expr","locations":[{"start":{"line":175,"column":29},"end":{"line":175,"column":49}},{"start":{"line":175,"column":53},"end":{"line":175,"column":57}}]},"37":{"loc":{"start":{"line":200,"column":55},"end":{"line":200,"column":110}},"type":"cond-expr","locations":[{"start":{"line":200,"column":83},"end":{"line":200,"column":99}},{"start":{"line":200,"column":102},"end":{"line":200,"column":110}}]},"38":{"loc":{"start":{"line":204,"column":51},"end":{"line":204,"column":97}},"type":"cond-expr","locations":[{"start":{"line":204,"column":76},"end":{"line":204,"column":89}},{"start":{"line":204,"column":92},"end":{"line":204,"column":97}}]},"39":{"loc":{"start":{"line":219,"column":8},"end":{"line":221,"column":9}},"type":"if","locations":[{"start":{"line":219,"column":8},"end":{"line":221,"column":9}}]},"40":{"loc":{"start":{"line":225,"column":8},"end":{"line":228,"column":9}},"type":"if","locations":[{"start":{"line":225,"column":8},"end":{"line":228,"column":9}}]},"41":{"loc":{"start":{"line":230,"column":33},"end":{"line":231,"column":72}},"type":"binary-expr","locations":[{"start":{"line":230,"column":33},"end":{"line":230,"column":93}},{"start":{"line":231,"column":12},"end":{"line":231,"column":72}}]},"42":{"loc":{"start":{"line":242,"column":16},"end":{"line":242,"column":36}},"type":"if","locations":[{"start":{"line":242,"column":16},"end":{"line":242,"column":36}}]},"43":{"loc":{"start":{"line":245,"column":16},"end":{"line":247,"column":17}},"type":"if","locations":[{"start":{"line":245,"column":16},"end":{"line":247,"column":17}}]},"44":{"loc":{"start":{"line":252,"column":38},"end":{"line":252,"column":92}},"type":"binary-expr","locations":[{"start":{"line":252,"column":38},"end":{"line":252,"column":71}},{"start":{"line":252,"column":75},"end":{"line":252,"column":92}}]},"45":{"loc":{"start":{"line":267,"column":16},"end":{"line":273,"column":17}},"type":"if","locations":[{"start":{"line":267,"column":16},"end":{"line":273,"column":17}},{"start":{"line":269,"column":23},"end":{"line":273,"column":17}}]},"46":{"loc":{"start":{"line":269,"column":23},"end":{"line":273,"column":17}},"type":"if","locations":[{"start":{"line":269,"column":23},"end":{"line":273,"column":17}},{"start":{"line":271,"column":23},"end":{"line":273,"column":17}}]},"47":{"loc":{"start":{"line":269,"column":27},"end":{"line":269,"column":84}},"type":"binary-expr","locations":[{"start":{"line":269,"column":27},"end":{"line":269,"column":56}},{"start":{"line":269,"column":60},"end":{"line":269,"column":84}}]},"48":{"loc":{"start":{"line":277,"column":20},"end":{"line":279,"column":21}},"type":"if","locations":[{"start":{"line":277,"column":20},"end":{"line":279,"column":21}}]},"49":{"loc":{"start":{"line":277,"column":24},"end":{"line":277,"column":63}},"type":"binary-expr","locations":[{"start":{"line":277,"column":24},"end":{"line":277,"column":44}},{"start":{"line":277,"column":48},"end":{"line":277,"column":63}}]},"50":{"loc":{"start":{"line":299,"column":40},"end":{"line":299,"column":65}},"type":"binary-expr","locations":[{"start":{"line":299,"column":40},"end":{"line":299,"column":60}},{"start":{"line":299,"column":64},"end":{"line":299,"column":65}}]},"51":{"loc":{"start":{"line":312,"column":8},"end":{"line":317,"column":9}},"type":"if","locations":[{"start":{"line":312,"column":8},"end":{"line":317,"column":9}}]}},"s":{"0":1,"1":1,"2":1,"3":1,"4":1,"5":1,"6":1,"7":1,"8":1,"9":1,"10":1,"11":0,"12":0,"13":1,"14":1,"15":1,"16":1,"17":0,"18":0,"19":1,"20":1,"21":1,"22":0,"23":0,"24":1,"25":1,"26":1,"27":0,"28":0,"29":1,"30":1,"31":2,"32":2,"33":2,"34":2,"35":2,"36":0,"37":2,"38":1,"39":1,"40":1,"41":1,"42":1,"43":1,"44":1,"45":1,"46":0,"47":1,"48":1,"49":1,"50":1,"51":1,"52":1,"53":1,"54":0,"55":1,"56":1,"57":1,"58":1,"59":0,"60":1,"61":1,"62":1,"63":1,"64":1,"65":0,"66":0,"67":0,"68":0,"69":1,"70":1,"71":1,"72":1,"73":0,"74":1,"75":1,"76":0,"77":0,"78":1,"79":1,"80":1,"81":0,"82":0,"83":0,"84":0,"85":0,"86":0,"87":0,"88":0,"89":0,"90":0,"91":0,"92":0,"93":0,"94":0,"95":0,"96":0,"97":0,"98":0,"99":0,"100":0,"101":1,"102":1,"103":0,"104":0,"105":1,"106":1,"107":1,"108":0,"109":0,"110":0,"111":1,"112":1,"113":0,"114":0},"f":{"0":1,"1":2,"2":1,"3":1,"4":0,"5":0,"6":0,"7":0,"8":0},"b":{"0":[0],"1":[1,0],"2":[0],"3":[0],"4":[0],"5":[1,1],"6":[2,0],"7":[2],"8":[2,0],"9":[2,0],"10":[2,0],"11":[2,0],"12":[2,0],"13":[2,0],"14":[2,2],"15":[2,0],"16":[2,0],"17":[2,0],"18":[2,0],"19":[0,2],"20":[1,0],"21":[1,1,1],"22":[1],"23":[0],"24":[1,0],"25":[1,0],"26":[1,0],"27":[1,1],"28":[1],"29":[1,1],"30":[0,1],"31":[1],"32":[1,1,0],"33":[1,0],"34":[1,0],"35":[0,0],"36":[0,0],"37":[0,0],"38":[0,0],"39":[0],"40":[0],"41":[1,1],"42":[0],"43":[0],"44":[0,0],"45":[0,0],"46":[0,0],"47":[0,0],"48":[0],"49":[0,0],"50":[0,0],"51":[0]}},"/home/aflesch/mathquest/app/backend/src/core/services/gameStateService.ts":{"path":"/home/aflesch/mathquest/app/backend/src/core/services/gameStateService.ts","statementMap":{"0":{"start":{"line":27,"column":0},"end":{"line":27,"column":7}},"1":{"start":{"line":92,"column":0},"end":{"line":92,"column":7}},"2":{"start":{"line":176,"column":0},"end":{"line":176,"column":7}},"3":{"start":{"line":268,"column":0},"end":{"line":268,"column":7}},"4":{"start":{"line":415,"column":0},"end":{"line":415,"column":7}},"5":{"start":{"line":459,"column":0},"end":{"line":459,"column":7}},"6":{"start":{"line":617,"column":0},"end":{"line":617,"column":7}},"7":{"start":{"line":641,"column":0},"end":{"line":641,"column":7}},"8":{"start":{"line":674,"column":0},"end":{"line":674,"column":7}},"9":{"start":{"line":732,"column":0},"end":{"line":732,"column":7}},"10":{"start":{"line":1,"column":0},"end":{"line":1,"column":45}},"11":{"start":{"line":2,"column":0},"end":{"line":2,"column":37}},"12":{"start":{"line":3,"column":0},"end":{"line":3,"column":42}},"13":{"start":{"line":4,"column":0},"end":{"line":4,"column":65}},"14":{"start":{"line":6,"column":0},"end":{"line":6,"column":78}},"15":{"start":{"line":12,"column":15},"end":{"line":12,"column":47}},"16":{"start":{"line":15,"column":24},"end":{"line":15,"column":41}},"17":{"start":{"line":16,"column":33},"end":{"line":16,"column":63}},"18":{"start":{"line":17,"column":28},"end":{"line":17,"column":53}},"19":{"start":{"line":18,"column":32},"end":{"line":18,"column":61}},"20":{"start":{"line":19,"column":34},"end":{"line":19,"column":65}},"21":{"start":{"line":28,"column":4},"end":{"line":82,"column":5}},"22":{"start":{"line":29,"column":8},"end":{"line":29,"column":83}},"23":{"start":{"line":32,"column":29},"end":{"line":45,"column":10}},"24":{"start":{"line":47,"column":8},"end":{"line":50,"column":9}},"25":{"start":{"line":48,"column":12},"end":{"line":48,"column":81}},"26":{"start":{"line":49,"column":12},"end":{"line":49,"column":22}},"27":{"start":{"line":52,"column":8},"end":{"line":56,"column":51}},"28":{"start":{"line":55,"column":55},"end":{"line":55,"column":63}},"29":{"start":{"line":59,"column":28},"end":{"line":68,"column":11}},"30":{"start":{"line":59,"column":70},"end":{"line":68,"column":10}},"31":{"start":{"line":70,"column":8},"end":{"line":75,"column":60}},"32":{"start":{"line":73,"column":47},"end":{"line":73,"column":77}},"33":{"start":{"line":74,"column":51},"end":{"line":74,"column":85}},"34":{"start":{"line":77,"column":8},"end":{"line":77,"column":27}},"35":{"start":{"line":80,"column":8},"end":{"line":80,"column":84}},"36":{"start":{"line":81,"column":8},"end":{"line":81,"column":18}},"37":{"start":{"line":93,"column":4},"end":{"line":166,"column":5}},"38":{"start":{"line":95,"column":29},"end":{"line":111,"column":10}},"39":{"start":{"line":113,"column":8},"end":{"line":116,"column":9}},"40":{"start":{"line":114,"column":12},"end":{"line":114,"column":72}},"41":{"start":{"line":115,"column":12},"end":{"line":115,"column":24}},"42":{"start":{"line":119,"column":29},"end":{"line":119,"column":97}},"43":{"start":{"line":119,"column":76},"end":{"line":119,"column":90}},"44":{"start":{"line":121,"column":8},"end":{"line":124,"column":9}},"45":{"start":{"line":122,"column":12},"end":{"line":122,"column":83}},"46":{"start":{"line":123,"column":12},"end":{"line":123,"column":24}},"47":{"start":{"line":127,"column":37},"end":{"line":146,"column":10}},"48":{"start":{"line":149,"column":8},"end":{"line":154,"column":10}},"49":{"start":{"line":157,"column":8},"end":{"line":157,"column":87}},"50":{"start":{"line":160,"column":8},"end":{"line":160,"column":112}},"51":{"start":{"line":162,"column":8},"end":{"line":162,"column":25}},"52":{"start":{"line":164,"column":8},"end":{"line":164,"column":81}},"53":{"start":{"line":165,"column":8},"end":{"line":165,"column":20}},"54":{"start":{"line":177,"column":4},"end":{"line":259,"column":5}},"55":{"start":{"line":179,"column":29},"end":{"line":179,"column":85}},"56":{"start":{"line":180,"column":8},"end":{"line":183,"column":9}},"57":{"start":{"line":181,"column":12},"end":{"line":181,"column":73}},"58":{"start":{"line":182,"column":12},"end":{"line":182,"column":24}},"59":{"start":{"line":185,"column":37},"end":{"line":185,"column":61}},"60":{"start":{"line":188,"column":8},"end":{"line":192,"column":9}},"61":{"start":{"line":189,"column":12},"end":{"line":190,"column":42}},"62":{"start":{"line":191,"column":12},"end":{"line":191,"column":24}},"63":{"start":{"line":195,"column":28},"end":{"line":195,"column":65}},"64":{"start":{"line":196,"column":25},"end":{"line":198,"column":10}},"65":{"start":{"line":200,"column":8},"end":{"line":203,"column":9}},"66":{"start":{"line":201,"column":12},"end":{"line":201,"column":75}},"67":{"start":{"line":202,"column":12},"end":{"line":202,"column":24}},"68":{"start":{"line":206,"column":27},"end":{"line":206,"column":59}},"69":{"start":{"line":207,"column":8},"end":{"line":207,"column":36}},"70":{"start":{"line":208,"column":8},"end":{"line":208,"column":55}},"71":{"start":{"line":214,"column":24},"end":{"line":217,"column":11}},"72":{"start":{"line":214,"column":72},"end":{"line":217,"column":10}},"73":{"start":{"line":219,"column":29},"end":{"line":227,"column":10}},"74":{"start":{"line":229,"column":8},"end":{"line":229,"column":46}},"75":{"start":{"line":232,"column":8},"end":{"line":232,"column":111}},"76":{"start":{"line":235,"column":8},"end":{"line":235,"column":84}},"77":{"start":{"line":238,"column":8},"end":{"line":244,"column":11}},"78":{"start":{"line":247,"column":8},"end":{"line":252,"column":10}},"79":{"start":{"line":254,"column":8},"end":{"line":254,"column":101}},"80":{"start":{"line":255,"column":8},"end":{"line":255,"column":25}},"81":{"start":{"line":257,"column":8},"end":{"line":257,"column":93}},"82":{"start":{"line":258,"column":8},"end":{"line":258,"column":20}},"83":{"start":{"line":274,"column":4},"end":{"line":406,"column":5}},"84":{"start":{"line":276,"column":29},"end":{"line":276,"column":85}},"85":{"start":{"line":277,"column":8},"end":{"line":280,"column":9}},"86":{"start":{"line":278,"column":12},"end":{"line":278,"column":73}},"87":{"start":{"line":279,"column":12},"end":{"line":279,"column":24}},"88":{"start":{"line":282,"column":37},"end":{"line":282,"column":61}},"89":{"start":{"line":285,"column":33},"end":{"line":285,"column":102}},"90":{"start":{"line":286,"column":29},"end":{"line":288,"column":16}},"91":{"start":{"line":287,"column":55},"end":{"line":287,"column":78}},"92":{"start":{"line":291,"column":8},"end":{"line":296,"column":79}},"93":{"start":{"line":295,"column":49},"end":{"line":295,"column":119}},"94":{"start":{"line":299,"column":47},"end":{"line":299,"column":49}},"95":{"start":{"line":300,"column":8},"end":{"line":316,"column":9}},"96":{"start":{"line":301,"column":39},"end":{"line":301,"column":93}},"97":{"start":{"line":302,"column":29},"end":{"line":302,"column":88}},"98":{"start":{"line":303,"column":51},"end":{"line":303,"column":60}},"99":{"start":{"line":304,"column":12},"end":{"line":308,"column":13}},"100":{"start":{"line":307,"column":16},"end":{"line":307,"column":204}},"101":{"start":{"line":309,"column":32},"end":{"line":309,"column":69}},"102":{"start":{"line":310,"column":12},"end":{"line":315,"column":13}},"103":{"start":{"line":311,"column":36},"end":{"line":311,"column":96}},"104":{"start":{"line":311,"column":72},"end":{"line":311,"column":95}},"105":{"start":{"line":312,"column":16},"end":{"line":312,"column":58}},"106":{"start":{"line":314,"column":16},"end":{"line":314,"column":49}},"107":{"start":{"line":319,"column":31},"end":{"line":323,"column":null}},"108":{"start":{"line":326,"column":28},"end":{"line":326,"column":30}},"109":{"start":{"line":329,"column":8},"end":{"line":333,"column":80}},"110":{"start":{"line":335,"column":8},"end":{"line":372,"column":9}},"111":{"start":{"line":335,"column":21},"end":{"line":335,"column":22}},"112":{"start":{"line":336,"column":27},"end":{"line":336,"column":44}},"113":{"start":{"line":337,"column":26},"end":{"line":337,"column":61}},"114":{"start":{"line":340,"column":27},"end":{"line":340,"column":70}},"115":{"start":{"line":340,"column":50},"end":{"line":340,"column":69}},"116":{"start":{"line":342,"column":12},"end":{"line":348,"column":92}},"117":{"start":{"line":350,"column":12},"end":{"line":371,"column":13}},"118":{"start":{"line":351,"column":16},"end":{"line":356,"column":19}},"119":{"start":{"line":359,"column":16},"end":{"line":363,"column":96}},"120":{"start":{"line":365,"column":16},"end":{"line":370,"column":19}},"121":{"start":{"line":387,"column":8},"end":{"line":395,"column":54}},"122":{"start":{"line":397,"column":8},"end":{"line":402,"column":10}},"123":{"start":{"line":404,"column":8},"end":{"line":404,"column":77}},"124":{"start":{"line":405,"column":8},"end":{"line":405,"column":20}},"125":{"start":{"line":416,"column":4},"end":{"line":446,"column":5}},"126":{"start":{"line":418,"column":29},"end":{"line":418,"column":85}},"127":{"start":{"line":419,"column":8},"end":{"line":422,"column":9}},"128":{"start":{"line":420,"column":12},"end":{"line":420,"column":73}},"129":{"start":{"line":421,"column":12},"end":{"line":421,"column":24}},"130":{"start":{"line":424,"column":37},"end":{"line":424,"column":61}},"131":{"start":{"line":430,"column":30},"end":{"line":430,"column":62}},"132":{"start":{"line":431,"column":8},"end":{"line":431,"column":157}},"133":{"start":{"line":434,"column":8},"end":{"line":439,"column":10}},"134":{"start":{"line":441,"column":8},"end":{"line":441,"column":107}},"135":{"start":{"line":442,"column":8},"end":{"line":442,"column":25}},"136":{"start":{"line":444,"column":8},"end":{"line":444,"column":77}},"137":{"start":{"line":445,"column":8},"end":{"line":445,"column":20}},"138":{"start":{"line":461,"column":4},"end":{"line":465,"column":93}},"139":{"start":{"line":466,"column":4},"end":{"line":607,"column":5}},"140":{"start":{"line":467,"column":25},"end":{"line":469,"column":10}},"141":{"start":{"line":471,"column":8},"end":{"line":474,"column":9}},"142":{"start":{"line":472,"column":12},"end":{"line":472,"column":87}},"143":{"start":{"line":473,"column":12},"end":{"line":473,"column":25}},"144":{"start":{"line":476,"column":32},"end":{"line":476,"column":74}},"145":{"start":{"line":477,"column":31},"end":{"line":477,"column":72}},"146":{"start":{"line":479,"column":33},"end":{"line":479,"column":75}},"147":{"start":{"line":481,"column":8},"end":{"line":484,"column":9}},"148":{"start":{"line":482,"column":12},"end":{"line":482,"column":105}},"149":{"start":{"line":483,"column":12},"end":{"line":483,"column":24}},"150":{"start":{"line":486,"column":41},"end":{"line":486,"column":43}},"151":{"start":{"line":489,"column":8},"end":{"line":506,"column":9}},"152":{"start":{"line":490,"column":33},"end":{"line":490,"column":85}},"153":{"start":{"line":490,"column":73},"end":{"line":490,"column":84}},"154":{"start":{"line":491,"column":12},"end":{"line":493,"column":13}},"155":{"start":{"line":492,"column":16},"end":{"line":492,"column":77}},"156":{"start":{"line":494,"column":15},"end":{"line":506,"column":9}},"157":{"start":{"line":495,"column":12},"end":{"line":495,"column":119}},"158":{"start":{"line":495,"column":78},"end":{"line":495,"column":117}},"159":{"start":{"line":496,"column":15},"end":{"line":506,"column":9}},"160":{"start":{"line":499,"column":33},"end":{"line":499,"column":85}},"161":{"start":{"line":499,"column":73},"end":{"line":499,"column":84}},"162":{"start":{"line":500,"column":12},"end":{"line":502,"column":13}},"163":{"start":{"line":501,"column":16},"end":{"line":501,"column":77}},"164":{"start":{"line":505,"column":12},"end":{"line":505,"column":119}},"165":{"start":{"line":505,"column":78},"end":{"line":505,"column":117}},"166":{"start":{"line":508,"column":8},"end":{"line":511,"column":9}},"167":{"start":{"line":509,"column":12},"end":{"line":510,"column":120}},"168":{"start":{"line":513,"column":8},"end":{"line":599,"column":9}},"169":{"start":{"line":516,"column":34},"end":{"line":516,"column":35}},"170":{"start":{"line":517,"column":25},"end":{"line":517,"column":26}},"171":{"start":{"line":518,"column":12},"end":{"line":598,"column":13}},"172":{"start":{"line":519,"column":40},"end":{"line":519,"column":64}},"173":{"start":{"line":520,"column":16},"end":{"line":523,"column":17}},"174":{"start":{"line":521,"column":20},"end":{"line":521,"column":122}},"175":{"start":{"line":522,"column":20},"end":{"line":522,"column":29}},"176":{"start":{"line":524,"column":16},"end":{"line":524,"column":68}},"177":{"start":{"line":526,"column":16},"end":{"line":529,"column":17}},"178":{"start":{"line":528,"column":20},"end":{"line":528,"column":29}},"179":{"start":{"line":531,"column":35},"end":{"line":531,"column":106}},"180":{"start":{"line":531,"column":74},"end":{"line":531,"column":105}},"181":{"start":{"line":533,"column":16},"end":{"line":536,"column":17}},"182":{"start":{"line":535,"column":20},"end":{"line":535,"column":29}},"183":{"start":{"line":538,"column":32},"end":{"line":538,"column":37}},"184":{"start":{"line":541,"column":40},"end":{"line":541,"column":57}},"185":{"start":{"line":543,"column":16},"end":{"line":575,"column":17}},"186":{"start":{"line":544,"column":48},"end":{"line":544,"column":125}},"187":{"start":{"line":545,"column":46},"end":{"line":545,"column":74}},"188":{"start":{"line":546,"column":20},"end":{"line":546,"column":153}},"189":{"start":{"line":546,"column":125},"end":{"line":546,"column":151}},"190":{"start":{"line":547,"column":23},"end":{"line":575,"column":17}},"191":{"start":{"line":550,"column":20},"end":{"line":550,"column":86}},"192":{"start":{"line":552,"column":20},"end":{"line":562,"column":21}},"193":{"start":{"line":553,"column":53},"end":{"line":553,"column":92}},"194":{"start":{"line":554,"column":24},"end":{"line":554,"column":87}},"195":{"start":{"line":555,"column":27},"end":{"line":562,"column":21}},"196":{"start":{"line":558,"column":24},"end":{"line":558,"column":67}},"197":{"start":{"line":561,"column":24},"end":{"line":561,"column":123}},"198":{"start":{"line":565,"column":20},"end":{"line":569,"column":21}},"199":{"start":{"line":566,"column":24},"end":{"line":566,"column":123}},"200":{"start":{"line":568,"column":24},"end":{"line":568,"column":67}},"201":{"start":{"line":570,"column":40},"end":{"line":570,"column":72}},"202":{"start":{"line":571,"column":20},"end":{"line":571,"column":63}},"203":{"start":{"line":573,"column":20},"end":{"line":574,"column":53}},"204":{"start":{"line":577,"column":16},"end":{"line":577,"column":70}},"205":{"start":{"line":578,"column":16},"end":{"line":578,"column":78}},"206":{"start":{"line":580,"column":16},"end":{"line":580,"column":93}},"207":{"start":{"line":581,"column":16},"end":{"line":581,"column":146}},"208":{"start":{"line":584,"column":37},"end":{"line":584,"column":54}},"209":{"start":{"line":585,"column":38},"end":{"line":585,"column":44}},"210":{"start":{"line":586,"column":16},"end":{"line":586,"column":203}},"211":{"start":{"line":587,"column":16},"end":{"line":592,"column":17}},"212":{"start":{"line":588,"column":39},"end":{"line":588,"column":106}},"213":{"start":{"line":589,"column":20},"end":{"line":589,"column":235}},"214":{"start":{"line":591,"column":20},"end":{"line":591,"column":179}},"215":{"start":{"line":597,"column":16},"end":{"line":597,"column":181}},"216":{"start":{"line":601,"column":8},"end":{"line":601,"column":83}},"217":{"start":{"line":602,"column":8},"end":{"line":602,"column":20}},"218":{"start":{"line":605,"column":8},"end":{"line":605,"column":133}},"219":{"start":{"line":606,"column":8},"end":{"line":606,"column":21}},"220":{"start":{"line":618,"column":4},"end":{"line":632,"column":5}},"221":{"start":{"line":620,"column":8},"end":{"line":625,"column":10}},"222":{"start":{"line":627,"column":8},"end":{"line":627,"column":58}},"223":{"start":{"line":628,"column":8},"end":{"line":628,"column":25}},"224":{"start":{"line":630,"column":8},"end":{"line":630,"column":75}},"225":{"start":{"line":631,"column":8},"end":{"line":631,"column":114}},"226":{"start":{"line":648,"column":4},"end":{"line":665,"column":5}},"227":{"start":{"line":649,"column":25},"end":{"line":649,"column":91}},"228":{"start":{"line":650,"column":8},"end":{"line":659,"column":9}},"229":{"start":{"line":652,"column":12},"end":{"line":658,"column":14}},"230":{"start":{"line":661,"column":8},"end":{"line":661,"column":36}},"231":{"start":{"line":663,"column":8},"end":{"line":663,"column":86}},"232":{"start":{"line":664,"column":8},"end":{"line":664,"column":20}},"233":{"start":{"line":681,"column":4},"end":{"line":707,"column":5}},"234":{"start":{"line":683,"column":25},"end":{"line":689,"column":10}},"235":{"start":{"line":692,"column":25},"end":{"line":695,"column":10}},"236":{"start":{"line":697,"column":8},"end":{"line":702,"column":10}},"237":{"start":{"line":704,"column":8},"end":{"line":704,"column":83}},"238":{"start":{"line":706,"column":8},"end":{"line":706,"column":94}},"239":{"start":{"line":741,"column":4},"end":{"line":746,"column":5}},"240":{"start":{"line":742,"column":8},"end":{"line":742,"column":140}},"241":{"start":{"line":744,"column":8},"end":{"line":744,"column":108}},"242":{"start":{"line":745,"column":8},"end":{"line":745,"column":20}},"243":{"start":{"line":750,"column":30},"end":{"line":750,"column":68}},"244":{"start":{"line":752,"column":0},"end":{"line":761,"column":2}}},"fnMap":{"0":{"name":"getFormattedLeaderboard","decl":{"start":{"line":27,"column":22},"end":{"line":27,"column":45}},"loc":{"start":{"line":27,"column":64},"end":{"line":83,"column":1}}},"1":{"name":"(anonymous_2)","decl":{"start":{"line":55,"column":50},"end":{"line":55,"column":51}},"loc":{"start":{"line":55,"column":55},"end":{"line":55,"column":63}}},"2":{"name":"(anonymous_3)","decl":{"start":{"line":59,"column":45},"end":{"line":59,"column":46}},"loc":{"start":{"line":59,"column":70},"end":{"line":68,"column":10}}},"3":{"name":"(anonymous_4)","decl":{"start":{"line":73,"column":42},"end":{"line":73,"column":43}},"loc":{"start":{"line":73,"column":47},"end":{"line":73,"column":77}}},"4":{"name":"(anonymous_5)","decl":{"start":{"line":74,"column":46},"end":{"line":74,"column":47}},"loc":{"start":{"line":74,"column":51},"end":{"line":74,"column":85}}},"5":{"name":"initializeGameState","decl":{"start":{"line":92,"column":22},"end":{"line":92,"column":41}},"loc":{"start":{"line":92,"column":64},"end":{"line":167,"column":1}}},"6":{"name":"(anonymous_7)","decl":{"start":{"line":119,"column":71},"end":{"line":119,"column":72}},"loc":{"start":{"line":119,"column":76},"end":{"line":119,"column":90}}},"7":{"name":"setCurrentQuestion","decl":{"start":{"line":176,"column":22},"end":{"line":176,"column":40}},"loc":{"start":{"line":176,"column":82},"end":{"line":260,"column":1}}},"8":{"name":"(anonymous_9)","decl":{"start":{"line":214,"column":51},"end":{"line":214,"column":52}},"loc":{"start":{"line":214,"column":72},"end":{"line":217,"column":10}}},"9":{"name":"getFullGameState","decl":{"start":{"line":268,"column":22},"end":{"line":268,"column":38}},"loc":{"start":{"line":268,"column":57},"end":{"line":407,"column":1}}},"10":{"name":"(anonymous_11)","decl":{"start":{"line":287,"column":50},"end":{"line":287,"column":51}},"loc":{"start":{"line":287,"column":55},"end":{"line":287,"column":78}}},"11":{"name":"(anonymous_12)","decl":{"start":{"line":295,"column":43},"end":{"line":295,"column":44}},"loc":{"start":{"line":295,"column":49},"end":{"line":295,"column":119}}},"12":{"name":"(anonymous_13)","decl":{"start":{"line":311,"column":67},"end":{"line":311,"column":68}},"loc":{"start":{"line":311,"column":72},"end":{"line":311,"column":95}}},"13":{"name":"(anonymous_14)","decl":{"start":{"line":340,"column":45},"end":{"line":340,"column":46}},"loc":{"start":{"line":340,"column":50},"end":{"line":340,"column":69}}},"14":{"name":"endCurrentQuestion","decl":{"start":{"line":415,"column":22},"end":{"line":415,"column":40}},"loc":{"start":{"line":415,"column":59},"end":{"line":447,"column":1}}},"15":{"name":"calculateScores","decl":{"start":{"line":459,"column":22},"end":{"line":459,"column":37}},"loc":{"start":{"line":459,"column":77},"end":{"line":608,"column":1}}},"16":{"name":"(anonymous_17)","decl":{"start":{"line":490,"column":67},"end":{"line":490,"column":69}},"loc":{"start":{"line":490,"column":73},"end":{"line":490,"column":84}}},"17":{"name":"(anonymous_18)","decl":{"start":{"line":495,"column":64},"end":{"line":495,"column":65}},"loc":{"start":{"line":495,"column":78},"end":{"line":495,"column":117}}},"18":{"name":"(anonymous_19)","decl":{"start":{"line":499,"column":67},"end":{"line":499,"column":69}},"loc":{"start":{"line":499,"column":73},"end":{"line":499,"column":84}}},"19":{"name":"(anonymous_20)","decl":{"start":{"line":505,"column":64},"end":{"line":505,"column":65}},"loc":{"start":{"line":505,"column":78},"end":{"line":505,"column":117}}},"20":{"name":"(anonymous_21)","decl":{"start":{"line":531,"column":60},"end":{"line":531,"column":61}},"loc":{"start":{"line":531,"column":74},"end":{"line":531,"column":105}}},"21":{"name":"(anonymous_22)","decl":{"start":{"line":546,"column":118},"end":{"line":546,"column":121}},"loc":{"start":{"line":546,"column":125},"end":{"line":546,"column":151}}},"22":{"name":"updateGameState","decl":{"start":{"line":617,"column":22},"end":{"line":617,"column":37}},"loc":{"start":{"line":617,"column":78},"end":{"line":633,"column":1}}},"23":{"name":"getProjectionDisplayState","decl":{"start":{"line":641,"column":22},"end":{"line":641,"column":47}},"loc":{"start":{"line":641,"column":66},"end":{"line":666,"column":1}}},"24":{"name":"updateProjectionDisplayState","decl":{"start":{"line":674,"column":22},"end":{"line":674,"column":50}},"loc":{"start":{"line":680,"column":1},"end":{"line":708,"column":1}}},"25":{"name":"getCanonicalTimer","decl":{"start":{"line":732,"column":22},"end":{"line":732,"column":39}},"loc":{"start":{"line":739,"column":25},"end":{"line":747,"column":1}}}},"branchMap":{"0":{"loc":{"start":{"line":47,"column":8},"end":{"line":50,"column":9}},"type":"if","locations":[{"start":{"line":47,"column":8},"end":{"line":50,"column":9}}]},"1":{"loc":{"start":{"line":61,"column":22},"end":{"line":61,"column":68}},"type":"binary-expr","locations":[{"start":{"line":61,"column":22},"end":{"line":61,"column":48}},{"start":{"line":61,"column":52},"end":{"line":61,"column":68}}]},"2":{"loc":{"start":{"line":62,"column":25},"end":{"line":62,"column":67}},"type":"binary-expr","locations":[{"start":{"line":62,"column":25},"end":{"line":62,"column":54}},{"start":{"line":62,"column":58},"end":{"line":62,"column":67}}]},"3":{"loc":{"start":{"line":63,"column":19},"end":{"line":63,"column":41}},"type":"binary-expr","locations":[{"start":{"line":63,"column":19},"end":{"line":63,"column":36}},{"start":{"line":63,"column":40},"end":{"line":63,"column":41}}]},"4":{"loc":{"start":{"line":66,"column":26},"end":{"line":66,"column":55}},"type":"binary-expr","locations":[{"start":{"line":66,"column":26},"end":{"line":66,"column":50}},{"start":{"line":66,"column":54},"end":{"line":66,"column":55}}]},"5":{"loc":{"start":{"line":113,"column":8},"end":{"line":116,"column":9}},"type":"if","locations":[{"start":{"line":113,"column":8},"end":{"line":116,"column":9}}]},"6":{"loc":{"start":{"line":119,"column":29},"end":{"line":119,"column":97}},"type":"binary-expr","locations":[{"start":{"line":119,"column":29},"end":{"line":119,"column":91}},{"start":{"line":119,"column":95},"end":{"line":119,"column":97}}]},"7":{"loc":{"start":{"line":121,"column":8},"end":{"line":124,"column":9}},"type":"if","locations":[{"start":{"line":121,"column":8},"end":{"line":124,"column":9}}]},"8":{"loc":{"start":{"line":138,"column":32},"end":{"line":140,"column":25}},"type":"cond-expr","locations":[{"start":{"line":139,"column":23},"end":{"line":139,"column":74}},{"start":{"line":140,"column":22},"end":{"line":140,"column":25}}]},"9":{"loc":{"start":{"line":138,"column":32},"end":{"line":138,"column":107}},"type":"binary-expr","locations":[{"start":{"line":138,"column":32},"end":{"line":138,"column":73}},{"start":{"line":138,"column":77},"end":{"line":138,"column":107}}]},"10":{"loc":{"start":{"line":139,"column":23},"end":{"line":139,"column":74}},"type":"binary-expr","locations":[{"start":{"line":139,"column":23},"end":{"line":139,"column":67}},{"start":{"line":139,"column":71},"end":{"line":139,"column":74}}]},"11":{"loc":{"start":{"line":141,"column":33},"end":{"line":143,"column":26}},"type":"cond-expr","locations":[{"start":{"line":142,"column":23},"end":{"line":142,"column":76}},{"start":{"line":143,"column":22},"end":{"line":143,"column":26}}]},"12":{"loc":{"start":{"line":141,"column":33},"end":{"line":141,"column":108}},"type":"binary-expr","locations":[{"start":{"line":141,"column":33},"end":{"line":141,"column":74}},{"start":{"line":141,"column":78},"end":{"line":141,"column":108}}]},"13":{"loc":{"start":{"line":142,"column":23},"end":{"line":142,"column":76}},"type":"binary-expr","locations":[{"start":{"line":142,"column":23},"end":{"line":142,"column":68}},{"start":{"line":142,"column":72},"end":{"line":142,"column":76}}]},"14":{"loc":{"start":{"line":180,"column":8},"end":{"line":183,"column":9}},"type":"if","locations":[{"start":{"line":180,"column":8},"end":{"line":183,"column":9}}]},"15":{"loc":{"start":{"line":188,"column":8},"end":{"line":192,"column":9}},"type":"if","locations":[{"start":{"line":188,"column":8},"end":{"line":192,"column":9}}]},"16":{"loc":{"start":{"line":188,"column":12},"end":{"line":188,"column":79}},"type":"binary-expr","locations":[{"start":{"line":188,"column":12},"end":{"line":188,"column":29}},{"start":{"line":188,"column":33},"end":{"line":188,"column":79}}]},"17":{"loc":{"start":{"line":200,"column":8},"end":{"line":203,"column":9}},"type":"if","locations":[{"start":{"line":200,"column":8},"end":{"line":203,"column":9}}]},"18":{"loc":{"start":{"line":221,"column":19},"end":{"line":221,"column":46}},"type":"binary-expr","locations":[{"start":{"line":221,"column":19},"end":{"line":221,"column":33}},{"start":{"line":221,"column":37},"end":{"line":221,"column":46}}]},"19":{"loc":{"start":{"line":226,"column":24},"end":{"line":226,"column":48}},"type":"binary-expr","locations":[{"start":{"line":226,"column":24},"end":{"line":226,"column":42}},{"start":{"line":226,"column":46},"end":{"line":226,"column":48}}]},"20":{"loc":{"start":{"line":226,"column":53},"end":{"line":226,"column":91}},"type":"binary-expr","locations":[{"start":{"line":226,"column":53},"end":{"line":226,"column":86}},{"start":{"line":226,"column":90},"end":{"line":226,"column":91}}]},"21":{"loc":{"start":{"line":277,"column":8},"end":{"line":280,"column":9}},"type":"if","locations":[{"start":{"line":277,"column":8},"end":{"line":280,"column":9}}]},"22":{"loc":{"start":{"line":286,"column":29},"end":{"line":288,"column":16}},"type":"cond-expr","locations":[{"start":{"line":287,"column":14},"end":{"line":287,"column":79}},{"start":{"line":288,"column":14},"end":{"line":288,"column":16}}]},"23":{"loc":{"start":{"line":293,"column":34},"end":{"line":293,"column":89}},"type":"cond-expr","locations":[{"start":{"line":293,"column":53},"end":{"line":293,"column":82}},{"start":{"line":293,"column":85},"end":{"line":293,"column":89}}]},"24":{"loc":{"start":{"line":300,"column":8},"end":{"line":316,"column":9}},"type":"if","locations":[{"start":{"line":300,"column":8},"end":{"line":316,"column":9}}]},"25":{"loc":{"start":{"line":304,"column":12},"end":{"line":308,"column":13}},"type":"if","locations":[{"start":{"line":304,"column":12},"end":{"line":308,"column":13}}]},"26":{"loc":{"start":{"line":304,"column":16},"end":{"line":304,"column":84}},"type":"binary-expr","locations":[{"start":{"line":304,"column":16},"end":{"line":304,"column":51}},{"start":{"line":304,"column":55},"end":{"line":304,"column":84}}]},"27":{"loc":{"start":{"line":310,"column":12},"end":{"line":315,"column":13}},"type":"if","locations":[{"start":{"line":310,"column":12},"end":{"line":315,"column":13}},{"start":{"line":313,"column":19},"end":{"line":315,"column":13}}]},"28":{"loc":{"start":{"line":347,"column":28},"end":{"line":347,"column":106}},"type":"cond-expr","locations":[{"start":{"line":347,"column":37},"end":{"line":347,"column":99}},{"start":{"line":347,"column":102},"end":{"line":347,"column":106}}]},"29":{"loc":{"start":{"line":350,"column":12},"end":{"line":371,"column":13}},"type":"if","locations":[{"start":{"line":350,"column":12},"end":{"line":371,"column":13}},{"start":{"line":357,"column":19},"end":{"line":371,"column":13}}]},"30":{"loc":{"start":{"line":390,"column":26},"end":{"line":390,"column":72}},"type":"cond-expr","locations":[{"start":{"line":390,"column":51},"end":{"line":390,"column":60}},{"start":{"line":390,"column":63},"end":{"line":390,"column":72}}]},"31":{"loc":{"start":{"line":419,"column":8},"end":{"line":422,"column":9}},"type":"if","locations":[{"start":{"line":419,"column":8},"end":{"line":422,"column":9}}]},"32":{"loc":{"start":{"line":471,"column":8},"end":{"line":474,"column":9}},"type":"if","locations":[{"start":{"line":471,"column":8},"end":{"line":474,"column":9}}]},"33":{"loc":{"start":{"line":481,"column":8},"end":{"line":484,"column":9}},"type":"if","locations":[{"start":{"line":481,"column":8},"end":{"line":484,"column":9}}]},"34":{"loc":{"start":{"line":481,"column":12},"end":{"line":481,"column":75}},"type":"binary-expr","locations":[{"start":{"line":481,"column":12},"end":{"line":481,"column":29}},{"start":{"line":481,"column":33},"end":{"line":481,"column":75}}]},"35":{"loc":{"start":{"line":489,"column":8},"end":{"line":506,"column":9}},"type":"if","locations":[{"start":{"line":489,"column":8},"end":{"line":506,"column":9}},{"start":{"line":494,"column":15},"end":{"line":506,"column":9}}]},"36":{"loc":{"start":{"line":489,"column":12},"end":{"line":489,"column":128}},"type":"binary-expr","locations":[{"start":{"line":489,"column":12},"end":{"line":489,"column":82}},{"start":{"line":489,"column":86},"end":{"line":489,"column":128}}]},"37":{"loc":{"start":{"line":491,"column":12},"end":{"line":493,"column":13}},"type":"if","locations":[{"start":{"line":491,"column":12},"end":{"line":493,"column":13}}]},"38":{"loc":{"start":{"line":491,"column":16},"end":{"line":491,"column":89}},"type":"binary-expr","locations":[{"start":{"line":491,"column":16},"end":{"line":491,"column":35}},{"start":{"line":491,"column":39},"end":{"line":491,"column":89}}]},"39":{"loc":{"start":{"line":494,"column":15},"end":{"line":506,"column":9}},"type":"if","locations":[{"start":{"line":494,"column":15},"end":{"line":506,"column":9}},{"start":{"line":496,"column":15},"end":{"line":506,"column":9}}]},"40":{"loc":{"start":{"line":496,"column":15},"end":{"line":506,"column":9}},"type":"if","locations":[{"start":{"line":496,"column":15},"end":{"line":506,"column":9}},{"start":{"line":503,"column":15},"end":{"line":506,"column":9}}]},"41":{"loc":{"start":{"line":500,"column":12},"end":{"line":502,"column":13}},"type":"if","locations":[{"start":{"line":500,"column":12},"end":{"line":502,"column":13}}]},"42":{"loc":{"start":{"line":500,"column":16},"end":{"line":500,"column":89}},"type":"binary-expr","locations":[{"start":{"line":500,"column":16},"end":{"line":500,"column":35}},{"start":{"line":500,"column":39},"end":{"line":500,"column":89}}]},"43":{"loc":{"start":{"line":508,"column":8},"end":{"line":511,"column":9}},"type":"if","locations":[{"start":{"line":508,"column":8},"end":{"line":511,"column":9}}]},"44":{"loc":{"start":{"line":520,"column":16},"end":{"line":523,"column":17}},"type":"if","locations":[{"start":{"line":520,"column":16},"end":{"line":523,"column":17}}]},"45":{"loc":{"start":{"line":526,"column":16},"end":{"line":529,"column":17}},"type":"if","locations":[{"start":{"line":526,"column":16},"end":{"line":529,"column":17}}]},"46":{"loc":{"start":{"line":526,"column":20},"end":{"line":526,"column":95}},"type":"binary-expr","locations":[{"start":{"line":526,"column":20},"end":{"line":526,"column":32}},{"start":{"line":526,"column":36},"end":{"line":526,"column":56}},{"start":{"line":526,"column":60},"end":{"line":526,"column":95}}]},"47":{"loc":{"start":{"line":533,"column":16},"end":{"line":536,"column":17}},"type":"if","locations":[{"start":{"line":533,"column":16},"end":{"line":536,"column":17}}]},"48":{"loc":{"start":{"line":543,"column":16},"end":{"line":575,"column":17}},"type":"if","locations":[{"start":{"line":543,"column":16},"end":{"line":575,"column":17}},{"start":{"line":547,"column":23},"end":{"line":575,"column":17}}]},"49":{"loc":{"start":{"line":544,"column":56},"end":{"line":544,"column":124}},"type":"cond-expr","locations":[{"start":{"line":544,"column":89},"end":{"line":544,"column":104}},{"start":{"line":544,"column":107},"end":{"line":544,"column":124}}]},"50":{"loc":{"start":{"line":546,"column":32},"end":{"line":546,"column":152}},"type":"binary-expr","locations":[{"start":{"line":546,"column":32},"end":{"line":546,"column":83}},{"start":{"line":546,"column":87},"end":{"line":546,"column":152}}]},"51":{"loc":{"start":{"line":547,"column":23},"end":{"line":575,"column":17}},"type":"if","locations":[{"start":{"line":547,"column":23},"end":{"line":575,"column":17}},{"start":{"line":551,"column":23},"end":{"line":575,"column":17}}]},"52":{"loc":{"start":{"line":552,"column":20},"end":{"line":562,"column":21}},"type":"if","locations":[{"start":{"line":552,"column":20},"end":{"line":562,"column":21}},{"start":{"line":555,"column":27},"end":{"line":562,"column":21}}]},"53":{"loc":{"start":{"line":552,"column":24},"end":{"line":552,"column":134}},"type":"binary-expr","locations":[{"start":{"line":552,"column":24},"end":{"line":552,"column":59}},{"start":{"line":552,"column":63},"end":{"line":552,"column":83}},{"start":{"line":552,"column":87},"end":{"line":552,"column":134}}]},"54":{"loc":{"start":{"line":555,"column":27},"end":{"line":562,"column":21}},"type":"if","locations":[{"start":{"line":555,"column":27},"end":{"line":562,"column":21}},{"start":{"line":559,"column":27},"end":{"line":562,"column":21}}]},"55":{"loc":{"start":{"line":558,"column":42},"end":{"line":558,"column":66}},"type":"binary-expr","locations":[{"start":{"line":558,"column":42},"end":{"line":558,"column":60}},{"start":{"line":558,"column":64},"end":{"line":558,"column":66}}]},"56":{"loc":{"start":{"line":561,"column":42},"end":{"line":561,"column":122}},"type":"cond-expr","locations":[{"start":{"line":561,"column":72},"end":{"line":561,"column":99}},{"start":{"line":561,"column":102},"end":{"line":561,"column":122}}]},"57":{"loc":{"start":{"line":565,"column":20},"end":{"line":569,"column":21}},"type":"if","locations":[{"start":{"line":565,"column":20},"end":{"line":569,"column":21}},{"start":{"line":567,"column":27},"end":{"line":569,"column":21}}]},"58":{"loc":{"start":{"line":566,"column":42},"end":{"line":566,"column":122}},"type":"cond-expr","locations":[{"start":{"line":566,"column":72},"end":{"line":566,"column":99}},{"start":{"line":566,"column":102},"end":{"line":566,"column":122}}]},"59":{"loc":{"start":{"line":568,"column":42},"end":{"line":568,"column":66}},"type":"binary-expr","locations":[{"start":{"line":568,"column":42},"end":{"line":568,"column":60}},{"start":{"line":568,"column":64},"end":{"line":568,"column":66}}]},"60":{"loc":{"start":{"line":577,"column":37},"end":{"line":577,"column":59}},"type":"binary-expr","locations":[{"start":{"line":577,"column":37},"end":{"line":577,"column":54}},{"start":{"line":577,"column":58},"end":{"line":577,"column":59}}]},"61":{"loc":{"start":{"line":578,"column":43},"end":{"line":578,"column":77}},"type":"binary-expr","locations":[{"start":{"line":578,"column":43},"end":{"line":578,"column":63}},{"start":{"line":578,"column":67},"end":{"line":578,"column":77}}]},"62":{"loc":{"start":{"line":631,"column":56},"end":{"line":631,"column":110}},"type":"cond-expr","locations":[{"start":{"line":631,"column":81},"end":{"line":631,"column":94}},{"start":{"line":631,"column":97},"end":{"line":631,"column":110}}]},"63":{"loc":{"start":{"line":650,"column":8},"end":{"line":659,"column":9}},"type":"if","locations":[{"start":{"line":650,"column":8},"end":{"line":659,"column":9}}]},"64":{"loc":{"start":{"line":683,"column":25},"end":{"line":689,"column":10}},"type":"binary-expr","locations":[{"start":{"line":683,"column":25},"end":{"line":683,"column":68}},{"start":{"line":683,"column":72},"end":{"line":689,"column":10}}]}},"s":{"0":1,"1":1,"2":1,"3":1,"4":1,"5":1,"6":1,"7":1,"8":1,"9":1,"10":1,"11":1,"12":1,"13":1,"14":1,"15":1,"16":1,"17":1,"18":1,"19":1,"20":1,"21":0,"22":0,"23":0,"24":0,"25":0,"26":0,"27":0,"28":0,"29":0,"30":0,"31":0,"32":0,"33":0,"34":0,"35":0,"36":0,"37":0,"38":0,"39":0,"40":0,"41":0,"42":0,"43":0,"44":0,"45":0,"46":0,"47":0,"48":0,"49":0,"50":0,"51":0,"52":0,"53":0,"54":0,"55":0,"56":0,"57":0,"58":0,"59":0,"60":0,"61":0,"62":0,"63":0,"64":0,"65":0,"66":0,"67":0,"68":0,"69":0,"70":0,"71":0,"72":0,"73":0,"74":0,"75":0,"76":0,"77":0,"78":0,"79":0,"80":0,"81":0,"82":0,"83":5,"84":5,"85":5,"86":0,"87":0,"88":5,"89":5,"90":5,"91":5,"92":5,"93":5,"94":5,"95":5,"96":5,"97":5,"98":5,"99":5,"100":0,"101":5,"102":5,"103":5,"104":0,"105":5,"106":0,"107":5,"108":5,"109":5,"110":5,"111":5,"112":5,"113":5,"114":5,"115":5,"116":5,"117":5,"118":5,"119":0,"120":0,"121":5,"122":5,"123":0,"124":0,"125":0,"126":0,"127":0,"128":0,"129":0,"130":0,"131":0,"132":0,"133":0,"134":0,"135":0,"136":0,"137":0,"138":0,"139":0,"140":0,"141":0,"142":0,"143":0,"144":0,"145":0,"146":0,"147":0,"148":0,"149":0,"150":0,"151":0,"152":0,"153":0,"154":0,"155":0,"156":0,"157":0,"158":0,"159":0,"160":0,"161":0,"162":0,"163":0,"164":0,"165":0,"166":0,"167":0,"168":0,"169":0,"170":0,"171":0,"172":0,"173":0,"174":0,"175":0,"176":0,"177":0,"178":0,"179":0,"180":0,"181":0,"182":0,"183":0,"184":0,"185":0,"186":0,"187":0,"188":0,"189":0,"190":0,"191":0,"192":0,"193":0,"194":0,"195":0,"196":0,"197":0,"198":0,"199":0,"200":0,"201":0,"202":0,"203":0,"204":0,"205":0,"206":0,"207":0,"208":0,"209":0,"210":0,"211":0,"212":0,"213":0,"214":0,"215":0,"216":0,"217":0,"218":0,"219":0,"220":1,"221":1,"222":1,"223":1,"224":0,"225":0,"226":0,"227":0,"228":0,"229":0,"230":0,"231":0,"232":0,"233":0,"234":0,"235":0,"236":0,"237":0,"238":0,"239":5,"240":5,"241":0,"242":0,"243":1,"244":1},"f":{"0":0,"1":0,"2":0,"3":0,"4":0,"5":0,"6":0,"7":0,"8":0,"9":5,"10":5,"11":5,"12":0,"13":5,"14":0,"15":0,"16":0,"17":0,"18":0,"19":0,"20":0,"21":0,"22":1,"23":0,"24":0,"25":5},"b":{"0":[0],"1":[0,0],"2":[0,0],"3":[0,0],"4":[0,0],"5":[0],"6":[0,0],"7":[0],"8":[0,0],"9":[0,0],"10":[0,0],"11":[0,0],"12":[0,0],"13":[0,0],"14":[0],"15":[0],"16":[0,0],"17":[0],"18":[0,0],"19":[0,0],"20":[0,0],"21":[0],"22":[5,0],"23":[5,0],"24":[5],"25":[0],"26":[5,0],"27":[5,0],"28":[5,0],"29":[5,0],"30":[0,5],"31":[0],"32":[0],"33":[0],"34":[0,0],"35":[0,0],"36":[0,0],"37":[0],"38":[0,0],"39":[0,0],"40":[0,0],"41":[0],"42":[0,0],"43":[0],"44":[0],"45":[0],"46":[0,0,0],"47":[0],"48":[0,0],"49":[0,0],"50":[0,0],"51":[0,0],"52":[0,0],"53":[0,0,0],"54":[0,0],"55":[0,0],"56":[0,0],"57":[0,0],"58":[0,0],"59":[0,0],"60":[0,0],"61":[0,0],"62":[0,0],"63":[0],"64":[0,0]}},"/home/aflesch/mathquest/app/backend/src/core/services/canonicalTimerService.ts":{"path":"/home/aflesch/mathquest/app/backend/src/core/services/canonicalTimerService.ts","statementMap":{"0":{"start":{"line":2,"column":0},"end":{"line":2,"column":37}},"1":{"start":{"line":3,"column":0},"end":{"line":3,"column":42}},"2":{"start":{"line":5,"column":0},"end":{"line":5,"column":45}},"3":{"start":{"line":7,"column":15},"end":{"line":7,"column":52}},"4":{"start":{"line":27,"column":8},"end":{"line":27,"column":33}},"5":{"start":{"line":37,"column":8},"end":{"line":43,"column":11}},"6":{"start":{"line":53,"column":8},"end":{"line":53,"column":49}},"7":{"start":{"line":53,"column":37},"end":{"line":53,"column":49}},"8":{"start":{"line":54,"column":20},"end":{"line":54,"column":100}},"9":{"start":{"line":55,"column":20},"end":{"line":55,"column":30}},"10":{"start":{"line":56,"column":48},"end":{"line":56,"column":52}},"11":{"start":{"line":57,"column":20},"end":{"line":57,"column":45}},"12":{"start":{"line":58,"column":8},"end":{"line":58,"column":41}},"13":{"start":{"line":58,"column":17},"end":{"line":58,"column":41}},"14":{"start":{"line":59,"column":8},"end":{"line":68,"column":46}},"15":{"start":{"line":69,"column":8},"end":{"line":81,"column":9}},"16":{"start":{"line":70,"column":12},"end":{"line":76,"column":14}},"17":{"start":{"line":77,"column":15},"end":{"line":81,"column":9}},"18":{"start":{"line":79,"column":12},"end":{"line":79,"column":34}},"19":{"start":{"line":80,"column":12},"end":{"line":80,"column":40}},"20":{"start":{"line":82,"column":8},"end":{"line":82,"column":57}},"21":{"start":{"line":83,"column":8},"end":{"line":83,"column":83}},"22":{"start":{"line":84,"column":8},"end":{"line":84,"column":21}},"23":{"start":{"line":94,"column":8},"end":{"line":94,"column":49}},"24":{"start":{"line":94,"column":37},"end":{"line":94,"column":49}},"25":{"start":{"line":95,"column":20},"end":{"line":95,"column":100}},"26":{"start":{"line":96,"column":20},"end":{"line":96,"column":30}},"27":{"start":{"line":97,"column":20},"end":{"line":97,"column":45}},"28":{"start":{"line":98,"column":8},"end":{"line":101,"column":9}},"29":{"start":{"line":99,"column":12},"end":{"line":99,"column":144}},"30":{"start":{"line":100,"column":12},"end":{"line":100,"column":24}},"31":{"start":{"line":102,"column":43},"end":{"line":102,"column":58}},"32":{"start":{"line":103,"column":8},"end":{"line":103,"column":97}},"33":{"start":{"line":104,"column":8},"end":{"line":112,"column":9}},"34":{"start":{"line":105,"column":12},"end":{"line":105,"column":65}},"35":{"start":{"line":106,"column":12},"end":{"line":106,"column":35}},"36":{"start":{"line":107,"column":12},"end":{"line":107,"column":40}},"37":{"start":{"line":108,"column":12},"end":{"line":108,"column":61}},"38":{"start":{"line":109,"column":12},"end":{"line":109,"column":107}},"39":{"start":{"line":111,"column":12},"end":{"line":111,"column":120}},"40":{"start":{"line":113,"column":8},"end":{"line":113,"column":21}},"41":{"start":{"line":138,"column":8},"end":{"line":138,"column":49}},"42":{"start":{"line":138,"column":37},"end":{"line":138,"column":49}},"43":{"start":{"line":139,"column":20},"end":{"line":139,"column":100}},"44":{"start":{"line":140,"column":20},"end":{"line":140,"column":45}},"45":{"start":{"line":141,"column":20},"end":{"line":141,"column":30}},"46":{"start":{"line":142,"column":8},"end":{"line":154,"column":9}},"47":{"start":{"line":144,"column":12},"end":{"line":144,"column":190}},"48":{"start":{"line":145,"column":12},"end":{"line":153,"column":14}},"49":{"start":{"line":155,"column":22},"end":{"line":155,"column":60}},"50":{"start":{"line":157,"column":47},"end":{"line":157,"column":53}},"51":{"start":{"line":158,"column":8},"end":{"line":160,"column":28}},"52":{"start":{"line":158,"column":38},"end":{"line":158,"column":55}},"53":{"start":{"line":159,"column":13},"end":{"line":160,"column":28}},"54":{"start":{"line":159,"column":42},"end":{"line":159,"column":58}},"55":{"start":{"line":160,"column":13},"end":{"line":160,"column":28}},"56":{"start":{"line":162,"column":25},"end":{"line":162,"column":35}},"57":{"start":{"line":163,"column":22},"end":{"line":163,"column":23}},"58":{"start":{"line":164,"column":29},"end":{"line":164,"column":30}},"59":{"start":{"line":165,"column":8},"end":{"line":178,"column":9}},"60":{"start":{"line":166,"column":12},"end":{"line":168,"column":20}},"61":{"start":{"line":169,"column":12},"end":{"line":169,"column":59}},"62":{"start":{"line":170,"column":12},"end":{"line":170,"column":46}},"63":{"start":{"line":171,"column":15},"end":{"line":178,"column":9}},"64":{"start":{"line":172,"column":12},"end":{"line":172,"column":49}},"65":{"start":{"line":173,"column":12},"end":{"line":173,"column":59}},"66":{"start":{"line":174,"column":12},"end":{"line":174,"column":31}},"67":{"start":{"line":176,"column":12},"end":{"line":176,"column":36}},"68":{"start":{"line":177,"column":12},"end":{"line":177,"column":31}},"69":{"start":{"line":180,"column":8},"end":{"line":185,"column":9}},"70":{"start":{"line":181,"column":12},"end":{"line":181,"column":234}},"71":{"start":{"line":182,"column":12},"end":{"line":182,"column":28}},"72":{"start":{"line":183,"column":12},"end":{"line":183,"column":36}},"73":{"start":{"line":184,"column":12},"end":{"line":184,"column":31}},"74":{"start":{"line":186,"column":8},"end":{"line":186,"column":225}},"75":{"start":{"line":187,"column":8},"end":{"line":195,"column":10}},"76":{"start":{"line":205,"column":8},"end":{"line":205,"column":46}},"77":{"start":{"line":205,"column":37},"end":{"line":205,"column":46}},"78":{"start":{"line":207,"column":25},"end":{"line":207,"column":26}},"79":{"start":{"line":208,"column":8},"end":{"line":215,"column":9}},"80":{"start":{"line":209,"column":29},"end":{"line":209,"column":94}},"81":{"start":{"line":210,"column":12},"end":{"line":212,"column":13}},"82":{"start":{"line":211,"column":16},"end":{"line":211,"column":55}},"83":{"start":{"line":214,"column":12},"end":{"line":214,"column":113}},"84":{"start":{"line":216,"column":8},"end":{"line":219,"column":9}},"85":{"start":{"line":217,"column":12},"end":{"line":217,"column":112}},"86":{"start":{"line":220,"column":22},"end":{"line":220,"column":122}},"87":{"start":{"line":221,"column":8},"end":{"line":229,"column":52}},"88":{"start":{"line":230,"column":8},"end":{"line":230,"column":29}},"89":{"start":{"line":230,"column":20},"end":{"line":230,"column":29}},"90":{"start":{"line":231,"column":8},"end":{"line":235,"column":9}},"91":{"start":{"line":232,"column":12},"end":{"line":232,"column":80}},"92":{"start":{"line":234,"column":12},"end":{"line":234,"column":41}},"93":{"start":{"line":245,"column":8},"end":{"line":245,"column":44}},"94":{"start":{"line":245,"column":37},"end":{"line":245,"column":44}},"95":{"start":{"line":246,"column":20},"end":{"line":246,"column":100}},"96":{"start":{"line":247,"column":8},"end":{"line":247,"column":34}},"97":{"start":{"line":248,"column":8},"end":{"line":248,"column":80}},"98":{"start":{"line":258,"column":8},"end":{"line":258,"column":44}},"99":{"start":{"line":258,"column":37},"end":{"line":258,"column":44}},"100":{"start":{"line":259,"column":20},"end":{"line":259,"column":100}},"101":{"start":{"line":260,"column":20},"end":{"line":260,"column":45}},"102":{"start":{"line":261,"column":48},"end":{"line":261,"column":76}},"103":{"start":{"line":262,"column":20},"end":{"line":262,"column":30}},"104":{"start":{"line":263,"column":8},"end":{"line":271,"column":9}},"105":{"start":{"line":264,"column":12},"end":{"line":270,"column":14}},"106":{"start":{"line":274,"column":8},"end":{"line":274,"column":57}},"107":{"start":{"line":275,"column":8},"end":{"line":275,"column":102}},"108":{"start":{"line":276,"column":8},"end":{"line":276,"column":21}},"109":{"start":{"line":24,"column":0},"end":{"line":24,"column":13}}},"fnMap":{"0":{"name":"(anonymous_1)","decl":{"start":{"line":26,"column":4},"end":{"line":26,"column":16}},"loc":{"start":{"line":26,"column":34},"end":{"line":28,"column":5}}},"1":{"name":"(anonymous_2)","decl":{"start":{"line":35,"column":12},"end":{"line":35,"column":18}},"loc":{"start":{"line":35,"column":141},"end":{"line":44,"column":5}}},"2":{"name":"(anonymous_3)","decl":{"start":{"line":52,"column":4},"end":{"line":52,"column":9}},"loc":{"start":{"line":52,"column":141},"end":{"line":85,"column":5}}},"3":{"name":"(anonymous_4)","decl":{"start":{"line":93,"column":4},"end":{"line":93,"column":9}},"loc":{"start":{"line":93,"column":141},"end":{"line":114,"column":5}}},"4":{"name":"(anonymous_6)","decl":{"start":{"line":204,"column":4},"end":{"line":204,"column":9}},"loc":{"start":{"line":204,"column":147},"end":{"line":236,"column":5}}},"5":{"name":"(anonymous_7)","decl":{"start":{"line":244,"column":4},"end":{"line":244,"column":9}},"loc":{"start":{"line":244,"column":141},"end":{"line":249,"column":5}}},"6":{"name":"(anonymous_8)","decl":{"start":{"line":257,"column":4},"end":{"line":257,"column":9}},"loc":{"start":{"line":257,"column":162},"end":{"line":277,"column":5}}}},"branchMap":{"0":{"loc":{"start":{"line":39,"column":20},"end":{"line":39,"column":32}},"type":"binary-expr","locations":[{"start":{"line":39,"column":20},"end":{"line":39,"column":26}},{"start":{"line":39,"column":30},"end":{"line":39,"column":32}}]},"1":{"loc":{"start":{"line":53,"column":8},"end":{"line":53,"column":49}},"type":"if","locations":[{"start":{"line":53,"column":8},"end":{"line":53,"column":49}}]},"2":{"loc":{"start":{"line":58,"column":8},"end":{"line":58,"column":41}},"type":"if","locations":[{"start":{"line":58,"column":8},"end":{"line":58,"column":41}}]},"3":{"loc":{"start":{"line":69,"column":8},"end":{"line":81,"column":9}},"type":"if","locations":[{"start":{"line":69,"column":8},"end":{"line":81,"column":9}},{"start":{"line":77,"column":15},"end":{"line":81,"column":9}}]},"4":{"loc":{"start":{"line":77,"column":15},"end":{"line":81,"column":9}},"type":"if","locations":[{"start":{"line":77,"column":15},"end":{"line":81,"column":9}}]},"5":{"loc":{"start":{"line":94,"column":8},"end":{"line":94,"column":49}},"type":"if","locations":[{"start":{"line":94,"column":8},"end":{"line":94,"column":49}}]},"6":{"loc":{"start":{"line":98,"column":8},"end":{"line":101,"column":9}},"type":"if","locations":[{"start":{"line":98,"column":8},"end":{"line":101,"column":9}}]},"7":{"loc":{"start":{"line":104,"column":8},"end":{"line":112,"column":9}},"type":"if","locations":[{"start":{"line":104,"column":8},"end":{"line":112,"column":9}},{"start":{"line":110,"column":15},"end":{"line":112,"column":9}}]},"8":{"loc":{"start":{"line":138,"column":8},"end":{"line":138,"column":49}},"type":"if","locations":[{"start":{"line":138,"column":8},"end":{"line":138,"column":49}}]},"9":{"loc":{"start":{"line":142,"column":8},"end":{"line":154,"column":9}},"type":"if","locations":[{"start":{"line":142,"column":8},"end":{"line":154,"column":9}}]},"10":{"loc":{"start":{"line":158,"column":8},"end":{"line":160,"column":28}},"type":"if","locations":[{"start":{"line":158,"column":8},"end":{"line":160,"column":28}},{"start":{"line":159,"column":13},"end":{"line":160,"column":28}}]},"11":{"loc":{"start":{"line":159,"column":13},"end":{"line":160,"column":28}},"type":"if","locations":[{"start":{"line":159,"column":13},"end":{"line":160,"column":28}},{"start":{"line":160,"column":13},"end":{"line":160,"column":28}}]},"12":{"loc":{"start":{"line":165,"column":8},"end":{"line":178,"column":9}},"type":"if","locations":[{"start":{"line":165,"column":8},"end":{"line":178,"column":9}},{"start":{"line":171,"column":15},"end":{"line":178,"column":9}}]},"13":{"loc":{"start":{"line":166,"column":22},"end":{"line":168,"column":19}},"type":"cond-expr","locations":[{"start":{"line":167,"column":18},"end":{"line":167,"column":78}},{"start":{"line":168,"column":18},"end":{"line":168,"column":19}}]},"14":{"loc":{"start":{"line":166,"column":23},"end":{"line":166,"column":63}},"type":"binary-expr","locations":[{"start":{"line":166,"column":23},"end":{"line":166,"column":44}},{"start":{"line":166,"column":48},"end":{"line":166,"column":63}}]},"15":{"loc":{"start":{"line":167,"column":51},"end":{"line":167,"column":77}},"type":"binary-expr","locations":[{"start":{"line":167,"column":51},"end":{"line":167,"column":72}},{"start":{"line":167,"column":76},"end":{"line":167,"column":77}}]},"16":{"loc":{"start":{"line":171,"column":15},"end":{"line":178,"column":9}},"type":"if","locations":[{"start":{"line":171,"column":15},"end":{"line":178,"column":9}},{"start":{"line":175,"column":15},"end":{"line":178,"column":9}}]},"17":{"loc":{"start":{"line":172,"column":22},"end":{"line":172,"column":48}},"type":"binary-expr","locations":[{"start":{"line":172,"column":22},"end":{"line":172,"column":43}},{"start":{"line":172,"column":47},"end":{"line":172,"column":48}}]},"18":{"loc":{"start":{"line":180,"column":8},"end":{"line":185,"column":9}},"type":"if","locations":[{"start":{"line":180,"column":8},"end":{"line":185,"column":9}}]},"19":{"loc":{"start":{"line":180,"column":12},"end":{"line":180,"column":68}},"type":"binary-expr","locations":[{"start":{"line":180,"column":12},"end":{"line":180,"column":28}},{"start":{"line":180,"column":33},"end":{"line":180,"column":48}},{"start":{"line":180,"column":52},"end":{"line":180,"column":67}}]},"20":{"loc":{"start":{"line":191,"column":25},"end":{"line":191,"column":57}},"type":"binary-expr","locations":[{"start":{"line":191,"column":25},"end":{"line":191,"column":42}},{"start":{"line":191,"column":46},"end":{"line":191,"column":57}}]},"21":{"loc":{"start":{"line":205,"column":8},"end":{"line":205,"column":46}},"type":"if","locations":[{"start":{"line":205,"column":8},"end":{"line":205,"column":46}}]},"22":{"loc":{"start":{"line":210,"column":12},"end":{"line":212,"column":13}},"type":"if","locations":[{"start":{"line":210,"column":12},"end":{"line":212,"column":13}}]},"23":{"loc":{"start":{"line":210,"column":16},"end":{"line":210,"column":92}},"type":"binary-expr","locations":[{"start":{"line":210,"column":16},"end":{"line":210,"column":24}},{"start":{"line":210,"column":28},"end":{"line":210,"column":66}},{"start":{"line":210,"column":70},"end":{"line":210,"column":92}}]},"24":{"loc":{"start":{"line":216,"column":8},"end":{"line":219,"column":9}},"type":"if","locations":[{"start":{"line":216,"column":8},"end":{"line":219,"column":9}}]},"25":{"loc":{"start":{"line":230,"column":8},"end":{"line":230,"column":29}},"type":"if","locations":[{"start":{"line":230,"column":8},"end":{"line":230,"column":29}}]},"26":{"loc":{"start":{"line":231,"column":8},"end":{"line":235,"column":9}},"type":"if","locations":[{"start":{"line":231,"column":8},"end":{"line":235,"column":9}},{"start":{"line":233,"column":15},"end":{"line":235,"column":9}}]},"27":{"loc":{"start":{"line":245,"column":8},"end":{"line":245,"column":44}},"type":"if","locations":[{"start":{"line":245,"column":8},"end":{"line":245,"column":44}}]},"28":{"loc":{"start":{"line":258,"column":8},"end":{"line":258,"column":44}},"type":"if","locations":[{"start":{"line":258,"column":8},"end":{"line":258,"column":44}}]},"29":{"loc":{"start":{"line":261,"column":48},"end":{"line":261,"column":76}},"type":"cond-expr","locations":[{"start":{"line":261,"column":54},"end":{"line":261,"column":69}},{"start":{"line":261,"column":72},"end":{"line":261,"column":76}}]},"30":{"loc":{"start":{"line":263,"column":8},"end":{"line":271,"column":9}},"type":"if","locations":[{"start":{"line":263,"column":8},"end":{"line":271,"column":9}}]}},"s":{"0":1,"1":1,"2":1,"3":1,"4":6,"5":9,"6":1,"7":0,"8":1,"9":1,"10":1,"11":1,"12":1,"13":0,"14":1,"15":1,"16":1,"17":0,"18":0,"19":0,"20":1,"21":1,"22":1,"23":2,"24":0,"25":2,"26":2,"27":2,"28":2,"29":1,"30":1,"31":1,"32":1,"33":1,"34":1,"35":1,"36":1,"37":1,"38":1,"39":0,"40":1,"41":5,"42":0,"43":5,"44":5,"45":5,"46":5,"47":1,"48":1,"49":4,"50":4,"51":4,"52":3,"53":1,"54":0,"55":1,"56":4,"57":4,"58":4,"59":4,"60":1,"61":1,"62":1,"63":3,"64":3,"65":3,"66":3,"67":0,"68":0,"69":4,"70":0,"71":0,"72":0,"73":0,"74":4,"75":4,"76":0,"77":0,"78":0,"79":0,"80":0,"81":0,"82":0,"83":0,"84":0,"85":0,"86":0,"87":0,"88":0,"89":0,"90":0,"91":0,"92":0,"93":1,"94":0,"95":1,"96":1,"97":1,"98":0,"99":0,"100":0,"101":0,"102":0,"103":0,"104":0,"105":0,"106":0,"107":0,"108":0,"109":1},"f":{"0":6,"1":9,"2":1,"3":2,"4":0,"5":1,"6":0},"b":{"0":[9,5],"1":[0],"2":[0],"3":[1,0],"4":[0],"5":[0],"6":[1],"7":[1,0],"8":[0],"9":[1],"10":[3,1],"11":[0,1],"12":[1,3],"13":[1,0],"14":[1,1],"15":[1,1],"16":[3,0],"17":[3,0],"18":[0],"19":[4,1,1],"20":[4,0],"21":[0],"22":[0],"23":[0,0,0],"24":[0],"25":[0],"26":[0,0],"27":[0],"28":[0],"29":[0,0],"30":[0]}},"/home/aflesch/mathquest/app/backend/src/core/services/timerKeyUtil.ts":{"path":"/home/aflesch/mathquest/app/backend/src/core/services/timerKeyUtil.ts","statementMap":{"0":{"start":{"line":12,"column":0},"end":{"line":12,"column":16}},"1":{"start":{"line":13,"column":4},"end":{"line":16,"column":5}},"2":{"start":{"line":14,"column":8},"end":{"line":14,"column":94}},"3":{"start":{"line":14,"column":34},"end":{"line":14,"column":94}},"4":{"start":{"line":15,"column":8},"end":{"line":15,"column":97}},"5":{"start":{"line":18,"column":4},"end":{"line":18,"column":58}}},"fnMap":{"0":{"name":"getTimerKey","decl":{"start":{"line":12,"column":16},"end":{"line":12,"column":27}},"loc":{"start":{"line":12,"column":105},"end":{"line":19,"column":1}}}},"branchMap":{"0":{"loc":{"start":{"line":13,"column":4},"end":{"line":16,"column":5}},"type":"if","locations":[{"start":{"line":13,"column":4},"end":{"line":16,"column":5}}]},"1":{"loc":{"start":{"line":14,"column":8},"end":{"line":14,"column":94}},"type":"if","locations":[{"start":{"line":14,"column":8},"end":{"line":14,"column":94}}]}},"s":{"0":1,"1":9,"2":0,"3":0,"4":0,"5":9},"f":{"0":9},"b":{"0":[0],"1":[0]}},"/home/aflesch/mathquest/app/backend/src/sockets/utils/participantCountUtils.ts":{"path":"/home/aflesch/mathquest/app/backend/src/sockets/utils/participantCountUtils.ts","statementMap":{"0":{"start":{"line":17,"column":0},"end":{"line":17,"column":7}},"1":{"start":{"line":97,"column":0},"end":{"line":97,"column":7}},"2":{"start":{"line":2,"column":0},"end":{"line":2,"column":37}},"3":{"start":{"line":3,"column":0},"end":{"line":3,"column":42}},"4":{"start":{"line":4,"column":0},"end":{"line":4,"column":45}},"5":{"start":{"line":7,"column":15},"end":{"line":7,"column":52}},"6":{"start":{"line":21,"column":4},"end":{"line":24,"column":5}},"7":{"start":{"line":22,"column":8},"end":{"line":22,"column":70}},"8":{"start":{"line":23,"column":8},"end":{"line":23,"column":15}},"9":{"start":{"line":26,"column":4},"end":{"line":86,"column":5}},"10":{"start":{"line":28,"column":29},"end":{"line":31,"column":10}},"11":{"start":{"line":33,"column":8},"end":{"line":36,"column":9}},"12":{"start":{"line":34,"column":12},"end":{"line":34,"column":83}},"13":{"start":{"line":35,"column":12},"end":{"line":35,"column":19}},"14":{"start":{"line":38,"column":23},"end":{"line":38,"column":38}},"15":{"start":{"line":41,"column":26},"end":{"line":41,"column":98}},"16":{"start":{"line":42,"column":25},"end":{"line":42,"column":96}},"17":{"start":{"line":45,"column":29},"end":{"line":48,"column":10}},"18":{"start":{"line":51,"column":26},"end":{"line":51,"column":43}},"19":{"start":{"line":52,"column":8},"end":{"line":55,"column":9}},"20":{"start":{"line":53,"column":27},"end":{"line":53,"column":65}},"21":{"start":{"line":54,"column":12},"end":{"line":54,"column":46}},"22":{"start":{"line":54,"column":24},"end":{"line":54,"column":46}},"23":{"start":{"line":57,"column":32},"end":{"line":57,"column":46}},"24":{"start":{"line":59,"column":8},"end":{"line":67,"column":61}},"25":{"start":{"line":70,"column":30},"end":{"line":70,"column":51}},"26":{"start":{"line":71,"column":8},"end":{"line":71,"column":111}},"27":{"start":{"line":73,"column":8},"end":{"line":79,"column":47}},"28":{"start":{"line":82,"column":8},"end":{"line":85,"column":47}},"29":{"start":{"line":101,"column":4},"end":{"line":104,"column":5}},"30":{"start":{"line":102,"column":8},"end":{"line":102,"column":69}},"31":{"start":{"line":103,"column":8},"end":{"line":103,"column":17}},"32":{"start":{"line":106,"column":4},"end":{"line":143,"column":5}},"33":{"start":{"line":108,"column":26},"end":{"line":108,"column":98}},"34":{"start":{"line":109,"column":25},"end":{"line":109,"column":96}},"35":{"start":{"line":112,"column":29},"end":{"line":115,"column":10}},"36":{"start":{"line":118,"column":26},"end":{"line":118,"column":43}},"37":{"start":{"line":119,"column":8},"end":{"line":122,"column":9}},"38":{"start":{"line":120,"column":27},"end":{"line":120,"column":65}},"39":{"start":{"line":121,"column":12},"end":{"line":121,"column":46}},"40":{"start":{"line":121,"column":24},"end":{"line":121,"column":46}},"41":{"start":{"line":124,"column":32},"end":{"line":124,"column":46}},"42":{"start":{"line":126,"column":8},"end":{"line":133,"column":49}},"43":{"start":{"line":135,"column":8},"end":{"line":135,"column":31}},"44":{"start":{"line":138,"column":8},"end":{"line":141,"column":46}},"45":{"start":{"line":142,"column":8},"end":{"line":142,"column":17}},"46":{"start":{"line":150,"column":19},"end":{"line":150,"column":51}},"47":{"start":{"line":151,"column":4},"end":{"line":153,"column":5}},"48":{"start":{"line":152,"column":8},"end":{"line":152,"column":34}},"49":{"start":{"line":155,"column":4},"end":{"line":161,"column":5}},"50":{"start":{"line":156,"column":23},"end":{"line":156,"column":86}},"51":{"start":{"line":157,"column":8},"end":{"line":157,"column":30}},"52":{"start":{"line":159,"column":8},"end":{"line":159,"column":75}},"53":{"start":{"line":160,"column":8},"end":{"line":160,"column":20}}},"fnMap":{"0":{"name":"emitParticipantCount","decl":{"start":{"line":17,"column":22},"end":{"line":17,"column":42}},"loc":{"start":{"line":19,"column":22},"end":{"line":87,"column":1}}},"1":{"name":"getParticipantCount","decl":{"start":{"line":97,"column":22},"end":{"line":97,"column":41}},"loc":{"start":{"line":99,"column":22},"end":{"line":144,"column":1}}},"2":{"name":"getUserIdForSocket","decl":{"start":{"line":149,"column":15},"end":{"line":149,"column":33}},"loc":{"start":{"line":149,"column":70},"end":{"line":162,"column":1}}}},"branchMap":{"0":{"loc":{"start":{"line":21,"column":4},"end":{"line":24,"column":5}},"type":"if","locations":[{"start":{"line":21,"column":4},"end":{"line":24,"column":5}}]},"1":{"loc":{"start":{"line":33,"column":8},"end":{"line":36,"column":9}},"type":"if","locations":[{"start":{"line":33,"column":8},"end":{"line":36,"column":9}}]},"2":{"loc":{"start":{"line":41,"column":26},"end":{"line":41,"column":98}},"type":"binary-expr","locations":[{"start":{"line":41,"column":26},"end":{"line":41,"column":77}},{"start":{"line":41,"column":81},"end":{"line":41,"column":98}}]},"3":{"loc":{"start":{"line":42,"column":25},"end":{"line":42,"column":96}},"type":"binary-expr","locations":[{"start":{"line":42,"column":25},"end":{"line":42,"column":75}},{"start":{"line":42,"column":79},"end":{"line":42,"column":96}}]},"4":{"loc":{"start":{"line":54,"column":12},"end":{"line":54,"column":46}},"type":"if","locations":[{"start":{"line":54,"column":12},"end":{"line":54,"column":46}}]},"5":{"loc":{"start":{"line":101,"column":4},"end":{"line":104,"column":5}},"type":"if","locations":[{"start":{"line":101,"column":4},"end":{"line":104,"column":5}}]},"6":{"loc":{"start":{"line":108,"column":26},"end":{"line":108,"column":98}},"type":"binary-expr","locations":[{"start":{"line":108,"column":26},"end":{"line":108,"column":77}},{"start":{"line":108,"column":81},"end":{"line":108,"column":98}}]},"7":{"loc":{"start":{"line":109,"column":25},"end":{"line":109,"column":96}},"type":"binary-expr","locations":[{"start":{"line":109,"column":25},"end":{"line":109,"column":75}},{"start":{"line":109,"column":79},"end":{"line":109,"column":96}}]},"8":{"loc":{"start":{"line":121,"column":12},"end":{"line":121,"column":46}},"type":"if","locations":[{"start":{"line":121,"column":12},"end":{"line":121,"column":46}}]},"9":{"loc":{"start":{"line":151,"column":4},"end":{"line":153,"column":5}},"type":"if","locations":[{"start":{"line":151,"column":4},"end":{"line":153,"column":5}}]},"10":{"loc":{"start":{"line":151,"column":8},"end":{"line":151,"column":51}},"type":"binary-expr","locations":[{"start":{"line":151,"column":8},"end":{"line":151,"column":14}},{"start":{"line":151,"column":18},"end":{"line":151,"column":29}},{"start":{"line":151,"column":33},"end":{"line":151,"column":51}}]},"11":{"loc":{"start":{"line":157,"column":15},"end":{"line":157,"column":29}},"type":"binary-expr","locations":[{"start":{"line":157,"column":15},"end":{"line":157,"column":21}},{"start":{"line":157,"column":25},"end":{"line":157,"column":29}}]}},"s":{"0":1,"1":1,"2":1,"3":1,"4":1,"5":1,"6":0,"7":0,"8":0,"9":0,"10":0,"11":0,"12":0,"13":0,"14":0,"15":0,"16":0,"17":0,"18":0,"19":0,"20":0,"21":0,"22":0,"23":0,"24":0,"25":0,"26":0,"27":0,"28":0,"29":1,"30":0,"31":0,"32":1,"33":1,"34":1,"35":1,"36":1,"37":1,"38":0,"39":0,"40":0,"41":1,"42":1,"43":1,"44":0,"45":0,"46":0,"47":0,"48":0,"49":0,"50":0,"51":0,"52":0,"53":0},"f":{"0":0,"1":1,"2":0},"b":{"0":[0],"1":[0],"2":[0,0],"3":[0,0],"4":[0],"5":[0],"6":[1,1],"7":[1,1],"8":[0],"9":[0],"10":[0,0,0],"11":[0,0]}},"/home/aflesch/mathquest/app/backend/src/sockets/handlers/teacherControl/setQuestion.ts":{"path":"/home/aflesch/mathquest/app/backend/src/sockets/handlers/teacherControl/setQuestion.ts","statementMap":{"0":{"start":{"line":27,"column":0},"end":{"line":27,"column":16}},"1":{"start":{"line":2,"column":0},"end":{"line":2,"column":37}},"2":{"start":{"line":3,"column":0},"end":{"line":3,"column":64}},"3":{"start":{"line":4,"column":0},"end":{"line":4,"column":74}},"4":{"start":{"line":5,"column":0},"end":{"line":5,"column":42}},"5":{"start":{"line":7,"column":0},"end":{"line":7,"column":90}},"6":{"start":{"line":14,"column":0},"end":{"line":14,"column":74}},"7":{"start":{"line":15,"column":0},"end":{"line":15,"column":66}},"8":{"start":{"line":16,"column":0},"end":{"line":16,"column":78}},"9":{"start":{"line":17,"column":0},"end":{"line":17,"column":45}},"10":{"start":{"line":18,"column":0},"end":{"line":18,"column":69}},"11":{"start":{"line":22,"column":15},"end":{"line":22,"column":49}},"12":{"start":{"line":25,"column":28},"end":{"line":25,"column":53}},"13":{"start":{"line":28,"column":25},"end":{"line":28,"column":56}},"14":{"start":{"line":29,"column":34},"end":{"line":29,"column":72}},"15":{"start":{"line":30,"column":4},"end":{"line":389,"column":6}},"16":{"start":{"line":32,"column":28},"end":{"line":32,"column":71}},"17":{"start":{"line":33,"column":8},"end":{"line":56,"column":9}},"18":{"start":{"line":34,"column":33},"end":{"line":34,"column":59}},"19":{"start":{"line":35,"column":12},"end":{"line":40,"column":51}},"20":{"start":{"line":42,"column":47},"end":{"line":46,"column":14}},"21":{"start":{"line":48,"column":12},"end":{"line":48,"column":70}},"22":{"start":{"line":49,"column":12},"end":{"line":54,"column":13}},"23":{"start":{"line":50,"column":16},"end":{"line":53,"column":19}},"24":{"start":{"line":55,"column":12},"end":{"line":55,"column":19}},"25":{"start":{"line":58,"column":29},"end":{"line":58,"column":45}},"26":{"start":{"line":59,"column":59},"end":{"line":59,"column":71}},"27":{"start":{"line":60,"column":29},"end":{"line":60,"column":34}},"28":{"start":{"line":63,"column":29},"end":{"line":76,"column":10}},"29":{"start":{"line":78,"column":8},"end":{"line":92,"column":9}},"30":{"start":{"line":79,"column":12},"end":{"line":79,"column":67}},"31":{"start":{"line":80,"column":12},"end":{"line":83,"column":31}},"32":{"start":{"line":84,"column":12},"end":{"line":90,"column":13}},"33":{"start":{"line":85,"column":16},"end":{"line":85,"column":38}},"34":{"start":{"line":86,"column":16},"end":{"line":89,"column":19}},"35":{"start":{"line":91,"column":12},"end":{"line":91,"column":19}},"36":{"start":{"line":94,"column":23},"end":{"line":94,"column":38}},"37":{"start":{"line":95,"column":23},"end":{"line":95,"column":71}},"38":{"start":{"line":96,"column":34},"end":{"line":96,"column":102}},"39":{"start":{"line":97,"column":30},"end":{"line":97,"column":36}},"40":{"start":{"line":98,"column":8},"end":{"line":105,"column":9}},"41":{"start":{"line":99,"column":31},"end":{"line":99,"column":59}},"42":{"start":{"line":100,"column":12},"end":{"line":104,"column":13}},"43":{"start":{"line":101,"column":16},"end":{"line":101,"column":48}},"44":{"start":{"line":102,"column":16},"end":{"line":102,"column":75}},"45":{"start":{"line":103,"column":16},"end":{"line":103,"column":45}},"46":{"start":{"line":106,"column":8},"end":{"line":119,"column":9}},"47":{"start":{"line":107,"column":12},"end":{"line":110,"column":31}},"48":{"start":{"line":111,"column":12},"end":{"line":117,"column":13}},"49":{"start":{"line":112,"column":16},"end":{"line":115,"column":19}},"50":{"start":{"line":116,"column":16},"end":{"line":116,"column":38}},"51":{"start":{"line":118,"column":12},"end":{"line":118,"column":19}},"52":{"start":{"line":121,"column":8},"end":{"line":121,"column":90}},"53":{"start":{"line":123,"column":8},"end":{"line":388,"column":9}},"54":{"start":{"line":125,"column":33},"end":{"line":136,"column":14}},"55":{"start":{"line":138,"column":12},"end":{"line":158,"column":13}},"56":{"start":{"line":139,"column":16},"end":{"line":145,"column":17}},"57":{"start":{"line":140,"column":20},"end":{"line":143,"column":21}},"58":{"start":{"line":141,"column":24},"end":{"line":141,"column":73}},"59":{"start":{"line":142,"column":24},"end":{"line":142,"column":46}},"60":{"start":{"line":144,"column":20},"end":{"line":144,"column":27}},"61":{"start":{"line":146,"column":16},"end":{"line":149,"column":35}},"62":{"start":{"line":150,"column":16},"end":{"line":156,"column":17}},"63":{"start":{"line":151,"column":20},"end":{"line":154,"column":23}},"64":{"start":{"line":155,"column":20},"end":{"line":155,"column":42}},"65":{"start":{"line":157,"column":16},"end":{"line":157,"column":23}},"66":{"start":{"line":161,"column":28},"end":{"line":161,"column":92}},"67":{"start":{"line":162,"column":28},"end":{"line":162,"column":60}},"68":{"start":{"line":163,"column":12},"end":{"line":189,"column":13}},"69":{"start":{"line":165,"column":16},"end":{"line":165,"column":156}},"70":{"start":{"line":166,"column":16},"end":{"line":166,"column":88}},"71":{"start":{"line":167,"column":16},"end":{"line":181,"column":17}},"72":{"start":{"line":168,"column":20},"end":{"line":168,"column":135}},"73":{"start":{"line":169,"column":20},"end":{"line":172,"column":39}},"74":{"start":{"line":173,"column":20},"end":{"line":179,"column":21}},"75":{"start":{"line":174,"column":24},"end":{"line":177,"column":27}},"76":{"start":{"line":178,"column":24},"end":{"line":178,"column":46}},"77":{"start":{"line":180,"column":20},"end":{"line":180,"column":27}},"78":{"start":{"line":183,"column":16},"end":{"line":188,"column":18}},"79":{"start":{"line":192,"column":12},"end":{"line":194,"column":13}},"80":{"start":{"line":193,"column":16},"end":{"line":193,"column":177}},"81":{"start":{"line":197,"column":39},"end":{"line":197,"column":97}},"82":{"start":{"line":197,"column":78},"end":{"line":197,"column":96}},"83":{"start":{"line":198,"column":12},"end":{"line":212,"column":13}},"84":{"start":{"line":199,"column":16},"end":{"line":199,"column":130}},"85":{"start":{"line":200,"column":16},"end":{"line":203,"column":35}},"86":{"start":{"line":204,"column":16},"end":{"line":210,"column":17}},"87":{"start":{"line":205,"column":20},"end":{"line":208,"column":23}},"88":{"start":{"line":209,"column":20},"end":{"line":209,"column":42}},"89":{"start":{"line":211,"column":16},"end":{"line":211,"column":23}},"90":{"start":{"line":215,"column":35},"end":{"line":216,"column":77}},"91":{"start":{"line":219,"column":12},"end":{"line":219,"column":64}},"92":{"start":{"line":222,"column":12},"end":{"line":224,"column":13}},"93":{"start":{"line":223,"column":16},"end":{"line":223,"column":44}},"94":{"start":{"line":229,"column":29},"end":{"line":229,"column":47}},"95":{"start":{"line":230,"column":31},"end":{"line":230,"column":63}},"96":{"start":{"line":231,"column":33},"end":{"line":231,"column":42}},"97":{"start":{"line":233,"column":29},"end":{"line":233,"column":34}},"98":{"start":{"line":234,"column":32},"end":{"line":234,"column":36}},"99":{"start":{"line":235,"column":38},"end":{"line":235,"column":40}},"100":{"start":{"line":236,"column":12},"end":{"line":238,"column":13}},"101":{"start":{"line":237,"column":16},"end":{"line":237,"column":83}},"102":{"start":{"line":239,"column":32},"end":{"line":239,"column":114}},"103":{"start":{"line":239,"column":69},"end":{"line":239,"column":113}},"104":{"start":{"line":240,"column":12},"end":{"line":243,"column":13}},"105":{"start":{"line":241,"column":16},"end":{"line":241,"column":67}},"106":{"start":{"line":242,"column":16},"end":{"line":242,"column":53}},"107":{"start":{"line":244,"column":12},"end":{"line":247,"column":13}},"108":{"start":{"line":245,"column":16},"end":{"line":245,"column":111}},"109":{"start":{"line":249,"column":12},"end":{"line":256,"column":14}},"110":{"start":{"line":258,"column":12},"end":{"line":265,"column":14}},"111":{"start":{"line":267,"column":35},"end":{"line":274,"column":null}},"112":{"start":{"line":276,"column":12},"end":{"line":285,"column":85}},"113":{"start":{"line":287,"column":12},"end":{"line":287,"column":44}},"114":{"start":{"line":289,"column":12},"end":{"line":289,"column":87}},"115":{"start":{"line":290,"column":12},"end":{"line":293,"column":72}},"116":{"start":{"line":295,"column":12},"end":{"line":312,"column":13}},"117":{"start":{"line":296,"column":16},"end":{"line":296,"column":117}},"118":{"start":{"line":297,"column":16},"end":{"line":297,"column":89}},"119":{"start":{"line":300,"column":38},"end":{"line":300,"column":59}},"120":{"start":{"line":301,"column":16},"end":{"line":304,"column":56}},"121":{"start":{"line":307,"column":16},"end":{"line":311,"column":17}},"122":{"start":{"line":308,"column":38},"end":{"line":308,"column":72}},"123":{"start":{"line":309,"column":20},"end":{"line":309,"column":168}},"124":{"start":{"line":310,"column":20},"end":{"line":310,"column":118}},"125":{"start":{"line":315,"column":34},"end":{"line":315,"column":55}},"126":{"start":{"line":316,"column":12},"end":{"line":320,"column":50}},"127":{"start":{"line":323,"column":29},"end":{"line":323,"column":62}},"128":{"start":{"line":326,"column":35},"end":{"line":328,"column":20}},"129":{"start":{"line":331,"column":27},"end":{"line":331,"column":31}},"130":{"start":{"line":332,"column":27},"end":{"line":332,"column":104}},"131":{"start":{"line":332,"column":59},"end":{"line":332,"column":103}},"132":{"start":{"line":333,"column":12},"end":{"line":335,"column":13}},"133":{"start":{"line":334,"column":16},"end":{"line":334,"column":43}},"134":{"start":{"line":338,"column":12},"end":{"line":368,"column":13}},"135":{"start":{"line":340,"column":52},"end":{"line":340,"column":106}},"136":{"start":{"line":341,"column":41},"end":{"line":341,"column":74}},"137":{"start":{"line":342,"column":44},"end":{"line":347,"column":18}},"138":{"start":{"line":351,"column":40},"end":{"line":351,"column":78}},"139":{"start":{"line":352,"column":42},"end":{"line":352,"column":92}},"140":{"start":{"line":353,"column":16},"end":{"line":357,"column":66}},"141":{"start":{"line":359,"column":16},"end":{"line":363,"column":19}},"142":{"start":{"line":364,"column":16},"end":{"line":364,"column":92}},"143":{"start":{"line":366,"column":39},"end":{"line":366,"column":61}},"144":{"start":{"line":367,"column":16},"end":{"line":367,"column":98}},"145":{"start":{"line":370,"column":12},"end":{"line":370,"column":113}},"146":{"start":{"line":371,"column":12},"end":{"line":374,"column":13}},"147":{"start":{"line":372,"column":16},"end":{"line":372,"column":65}},"148":{"start":{"line":373,"column":16},"end":{"line":373,"column":38}},"149":{"start":{"line":376,"column":12},"end":{"line":376,"column":75}},"150":{"start":{"line":377,"column":12},"end":{"line":380,"column":31}},"151":{"start":{"line":381,"column":12},"end":{"line":387,"column":13}},"152":{"start":{"line":382,"column":16},"end":{"line":385,"column":19}},"153":{"start":{"line":386,"column":16},"end":{"line":386,"column":38}}},"fnMap":{"0":{"name":"setQuestionHandler","decl":{"start":{"line":27,"column":16},"end":{"line":27,"column":34}},"loc":{"start":{"line":27,"column":69},"end":{"line":390,"column":1}}},"1":{"name":"(anonymous_11)","decl":{"start":{"line":30,"column":11},"end":{"line":30,"column":16}},"loc":{"start":{"line":30,"column":66},"end":{"line":389,"column":5}}},"2":{"name":"(anonymous_12)","decl":{"start":{"line":197,"column":72},"end":{"line":197,"column":74}},"loc":{"start":{"line":197,"column":78},"end":{"line":197,"column":96}}},"3":{"name":"(anonymous_13)","decl":{"start":{"line":239,"column":57},"end":{"line":239,"column":58}},"loc":{"start":{"line":239,"column":69},"end":{"line":239,"column":113}}},"4":{"name":"(anonymous_14)","decl":{"start":{"line":332,"column":47},"end":{"line":332,"column":48}},"loc":{"start":{"line":332,"column":59},"end":{"line":332,"column":103}}},"5":{"name":"(anonymous_15)","decl":{"start":{"line":340,"column":52},"end":{"line":340,"column":65}},"loc":{"start":{"line":340,"column":52},"end":{"line":340,"column":106}}}},"branchMap":{"0":{"loc":{"start":{"line":33,"column":8},"end":{"line":56,"column":9}},"type":"if","locations":[{"start":{"line":33,"column":8},"end":{"line":56,"column":9}}]},"1":{"loc":{"start":{"line":49,"column":12},"end":{"line":54,"column":13}},"type":"if","locations":[{"start":{"line":49,"column":12},"end":{"line":54,"column":13}}]},"2":{"loc":{"start":{"line":78,"column":8},"end":{"line":92,"column":9}},"type":"if","locations":[{"start":{"line":78,"column":8},"end":{"line":92,"column":9}}]},"3":{"loc":{"start":{"line":84,"column":12},"end":{"line":90,"column":13}},"type":"if","locations":[{"start":{"line":84,"column":12},"end":{"line":90,"column":13}}]},"4":{"loc":{"start":{"line":84,"column":16},"end":{"line":84,"column":43}},"type":"binary-expr","locations":[{"start":{"line":84,"column":16},"end":{"line":84,"column":24}},{"start":{"line":84,"column":28},"end":{"line":84,"column":43}}]},"5":{"loc":{"start":{"line":95,"column":23},"end":{"line":95,"column":71}},"type":"binary-expr","locations":[{"start":{"line":95,"column":23},"end":{"line":95,"column":42}},{"start":{"line":95,"column":46},"end":{"line":95,"column":71}}]},"6":{"loc":{"start":{"line":96,"column":34},"end":{"line":96,"column":102}},"type":"binary-expr","locations":[{"start":{"line":96,"column":34},"end":{"line":96,"column":65}},{"start":{"line":96,"column":69},"end":{"line":96,"column":102}}]},"7":{"loc":{"start":{"line":98,"column":8},"end":{"line":105,"column":9}},"type":"if","locations":[{"start":{"line":98,"column":8},"end":{"line":105,"column":9}}]},"8":{"loc":{"start":{"line":100,"column":12},"end":{"line":104,"column":13}},"type":"if","locations":[{"start":{"line":100,"column":12},"end":{"line":104,"column":13}}]},"9":{"loc":{"start":{"line":100,"column":16},"end":{"line":100,"column":74}},"type":"binary-expr","locations":[{"start":{"line":100,"column":16},"end":{"line":100,"column":26}},{"start":{"line":100,"column":30},"end":{"line":100,"column":74}}]},"10":{"loc":{"start":{"line":106,"column":8},"end":{"line":119,"column":9}},"type":"if","locations":[{"start":{"line":106,"column":8},"end":{"line":119,"column":9}}]},"11":{"loc":{"start":{"line":111,"column":12},"end":{"line":117,"column":13}},"type":"if","locations":[{"start":{"line":111,"column":12},"end":{"line":117,"column":13}}]},"12":{"loc":{"start":{"line":111,"column":16},"end":{"line":111,"column":43}},"type":"binary-expr","locations":[{"start":{"line":111,"column":16},"end":{"line":111,"column":24}},{"start":{"line":111,"column":28},"end":{"line":111,"column":43}}]},"13":{"loc":{"start":{"line":138,"column":12},"end":{"line":158,"column":13}},"type":"if","locations":[{"start":{"line":138,"column":12},"end":{"line":158,"column":13}}]},"14":{"loc":{"start":{"line":139,"column":16},"end":{"line":145,"column":17}},"type":"if","locations":[{"start":{"line":139,"column":16},"end":{"line":145,"column":17}}]},"15":{"loc":{"start":{"line":140,"column":20},"end":{"line":143,"column":21}},"type":"if","locations":[{"start":{"line":140,"column":20},"end":{"line":143,"column":21}}]},"16":{"loc":{"start":{"line":140,"column":24},"end":{"line":140,"column":51}},"type":"binary-expr","locations":[{"start":{"line":140,"column":24},"end":{"line":140,"column":32}},{"start":{"line":140,"column":36},"end":{"line":140,"column":51}}]},"17":{"loc":{"start":{"line":150,"column":16},"end":{"line":156,"column":17}},"type":"if","locations":[{"start":{"line":150,"column":16},"end":{"line":156,"column":17}}]},"18":{"loc":{"start":{"line":150,"column":20},"end":{"line":150,"column":47}},"type":"binary-expr","locations":[{"start":{"line":150,"column":20},"end":{"line":150,"column":28}},{"start":{"line":150,"column":32},"end":{"line":150,"column":47}}]},"19":{"loc":{"start":{"line":162,"column":28},"end":{"line":162,"column":60}},"type":"binary-expr","locations":[{"start":{"line":162,"column":28},"end":{"line":162,"column":37}},{"start":{"line":162,"column":41},"end":{"line":162,"column":60}}]},"20":{"loc":{"start":{"line":163,"column":12},"end":{"line":189,"column":13}},"type":"if","locations":[{"start":{"line":163,"column":12},"end":{"line":189,"column":13}}]},"21":{"loc":{"start":{"line":167,"column":16},"end":{"line":181,"column":17}},"type":"if","locations":[{"start":{"line":167,"column":16},"end":{"line":181,"column":17}}]},"22":{"loc":{"start":{"line":173,"column":20},"end":{"line":179,"column":21}},"type":"if","locations":[{"start":{"line":173,"column":20},"end":{"line":179,"column":21}}]},"23":{"loc":{"start":{"line":173,"column":24},"end":{"line":173,"column":51}},"type":"binary-expr","locations":[{"start":{"line":173,"column":24},"end":{"line":173,"column":32}},{"start":{"line":173,"column":36},"end":{"line":173,"column":51}}]},"24":{"loc":{"start":{"line":192,"column":12},"end":{"line":194,"column":13}},"type":"if","locations":[{"start":{"line":192,"column":12},"end":{"line":194,"column":13}}]},"25":{"loc":{"start":{"line":198,"column":12},"end":{"line":212,"column":13}},"type":"if","locations":[{"start":{"line":198,"column":12},"end":{"line":212,"column":13}}]},"26":{"loc":{"start":{"line":204,"column":16},"end":{"line":210,"column":17}},"type":"if","locations":[{"start":{"line":204,"column":16},"end":{"line":210,"column":17}}]},"27":{"loc":{"start":{"line":204,"column":20},"end":{"line":204,"column":47}},"type":"binary-expr","locations":[{"start":{"line":204,"column":20},"end":{"line":204,"column":28}},{"start":{"line":204,"column":32},"end":{"line":204,"column":47}}]},"28":{"loc":{"start":{"line":215,"column":35},"end":{"line":216,"column":77}},"type":"cond-expr","locations":[{"start":{"line":216,"column":16},"end":{"line":216,"column":70}},{"start":{"line":216,"column":73},"end":{"line":216,"column":77}}]},"29":{"loc":{"start":{"line":222,"column":12},"end":{"line":224,"column":13}},"type":"if","locations":[{"start":{"line":222,"column":12},"end":{"line":224,"column":13}}]},"30":{"loc":{"start":{"line":236,"column":12},"end":{"line":238,"column":13}},"type":"if","locations":[{"start":{"line":236,"column":12},"end":{"line":238,"column":13}}]},"31":{"loc":{"start":{"line":236,"column":16},"end":{"line":236,"column":104}},"type":"binary-expr","locations":[{"start":{"line":236,"column":16},"end":{"line":236,"column":41}},{"start":{"line":236,"column":45},"end":{"line":236,"column":104}}]},"32":{"loc":{"start":{"line":239,"column":69},"end":{"line":239,"column":113}},"type":"binary-expr","locations":[{"start":{"line":239,"column":69},"end":{"line":239,"column":79}},{"start":{"line":239,"column":83},"end":{"line":239,"column":113}}]},"33":{"loc":{"start":{"line":240,"column":12},"end":{"line":243,"column":13}},"type":"if","locations":[{"start":{"line":240,"column":12},"end":{"line":243,"column":13}}]},"34":{"loc":{"start":{"line":240,"column":16},"end":{"line":240,"column":143}},"type":"binary-expr","locations":[{"start":{"line":240,"column":16},"end":{"line":240,"column":27}},{"start":{"line":240,"column":31},"end":{"line":240,"column":51}},{"start":{"line":240,"column":55},"end":{"line":240,"column":105}},{"start":{"line":240,"column":109},"end":{"line":240,"column":143}}]},"35":{"loc":{"start":{"line":244,"column":12},"end":{"line":247,"column":13}},"type":"if","locations":[{"start":{"line":244,"column":12},"end":{"line":247,"column":13}}]},"36":{"loc":{"start":{"line":244,"column":16},"end":{"line":244,"column":65}},"type":"binary-expr","locations":[{"start":{"line":244,"column":16},"end":{"line":244,"column":46}},{"start":{"line":244,"column":50},"end":{"line":244,"column":65}}]},"37":{"loc":{"start":{"line":295,"column":12},"end":{"line":312,"column":13}},"type":"if","locations":[{"start":{"line":295,"column":12},"end":{"line":312,"column":13}}]},"38":{"loc":{"start":{"line":307,"column":16},"end":{"line":311,"column":17}},"type":"if","locations":[{"start":{"line":307,"column":16},"end":{"line":311,"column":17}}]},"39":{"loc":{"start":{"line":326,"column":35},"end":{"line":328,"column":20}},"type":"cond-expr","locations":[{"start":{"line":327,"column":19},"end":{"line":327,"column":62}},{"start":{"line":328,"column":18},"end":{"line":328,"column":20}}]},"40":{"loc":{"start":{"line":326,"column":35},"end":{"line":326,"column":123}},"type":"binary-expr","locations":[{"start":{"line":326,"column":35},"end":{"line":326,"column":60}},{"start":{"line":326,"column":64},"end":{"line":326,"column":123}}]},"41":{"loc":{"start":{"line":332,"column":59},"end":{"line":332,"column":103}},"type":"binary-expr","locations":[{"start":{"line":332,"column":59},"end":{"line":332,"column":69}},{"start":{"line":332,"column":73},"end":{"line":332,"column":103}}]},"42":{"loc":{"start":{"line":333,"column":12},"end":{"line":335,"column":13}},"type":"if","locations":[{"start":{"line":333,"column":12},"end":{"line":335,"column":13}}]},"43":{"loc":{"start":{"line":333,"column":16},"end":{"line":333,"column":41}},"type":"binary-expr","locations":[{"start":{"line":333,"column":16},"end":{"line":333,"column":22}},{"start":{"line":333,"column":26},"end":{"line":333,"column":41}}]},"44":{"loc":{"start":{"line":338,"column":12},"end":{"line":368,"column":13}},"type":"if","locations":[{"start":{"line":338,"column":12},"end":{"line":368,"column":13}}]},"45":{"loc":{"start":{"line":352,"column":42},"end":{"line":352,"column":92}},"type":"cond-expr","locations":[{"start":{"line":352,"column":60},"end":{"line":352,"column":87}},{"start":{"line":352,"column":90},"end":{"line":352,"column":92}}]},"46":{"loc":{"start":{"line":371,"column":12},"end":{"line":374,"column":13}},"type":"if","locations":[{"start":{"line":371,"column":12},"end":{"line":374,"column":13}}]},"47":{"loc":{"start":{"line":371,"column":16},"end":{"line":371,"column":43}},"type":"binary-expr","locations":[{"start":{"line":371,"column":16},"end":{"line":371,"column":24}},{"start":{"line":371,"column":28},"end":{"line":371,"column":43}}]},"48":{"loc":{"start":{"line":381,"column":12},"end":{"line":387,"column":13}},"type":"if","locations":[{"start":{"line":381,"column":12},"end":{"line":387,"column":13}}]},"49":{"loc":{"start":{"line":381,"column":16},"end":{"line":381,"column":43}},"type":"binary-expr","locations":[{"start":{"line":381,"column":16},"end":{"line":381,"column":24}},{"start":{"line":381,"column":28},"end":{"line":381,"column":43}}]}},"s":{"0":1,"1":1,"2":1,"3":1,"4":1,"5":1,"6":1,"7":1,"8":1,"9":1,"10":1,"11":1,"12":1,"13":3,"14":3,"15":3,"16":1,"17":1,"18":0,"19":0,"20":0,"21":0,"22":0,"23":0,"24":0,"25":1,"26":1,"27":1,"28":1,"29":1,"30":0,"31":0,"32":0,"33":0,"34":0,"35":0,"36":1,"37":1,"38":1,"39":1,"40":1,"41":0,"42":0,"43":0,"44":0,"45":0,"46":1,"47":0,"48":0,"49":0,"50":0,"51":0,"52":1,"53":1,"54":1,"55":1,"56":0,"57":0,"58":0,"59":0,"60":0,"61":0,"62":0,"63":0,"64":0,"65":0,"66":1,"67":1,"68":1,"69":0,"70":0,"71":0,"72":0,"73":0,"74":0,"75":0,"76":0,"77":0,"78":0,"79":1,"80":0,"81":1,"82":1,"83":1,"84":0,"85":0,"86":0,"87":0,"88":0,"89":0,"90":1,"91":1,"92":1,"93":0,"94":1,"95":1,"96":1,"97":1,"98":1,"99":1,"100":1,"101":0,"102":1,"103":0,"104":1,"105":0,"106":0,"107":1,"108":0,"109":1,"110":1,"111":1,"112":1,"113":1,"114":1,"115":1,"116":1,"117":1,"118":1,"119":1,"120":1,"121":1,"122":1,"123":1,"124":1,"125":1,"126":1,"127":1,"128":1,"129":1,"130":1,"131":0,"132":1,"133":0,"134":1,"135":0,"136":0,"137":0,"138":0,"139":0,"140":0,"141":0,"142":0,"143":0,"144":0,"145":1,"146":1,"147":0,"148":0,"149":0,"150":0,"151":0,"152":0,"153":0},"f":{"0":3,"1":1,"2":1,"3":0,"4":0,"5":0},"b":{"0":[0],"1":[0],"2":[0],"3":[0],"4":[0,0],"5":[1,0],"6":[1,0],"7":[0],"8":[0],"9":[0,0],"10":[0],"11":[0],"12":[0,0],"13":[0],"14":[0],"15":[0],"16":[0,0],"17":[0],"18":[0,0],"19":[1,1],"20":[0],"21":[0],"22":[0],"23":[0,0],"24":[0],"25":[0],"26":[0],"27":[0,0],"28":[1,0],"29":[0],"30":[0],"31":[1,1],"32":[0,0],"33":[0],"34":[1,0,0,0],"35":[0],"36":[1,1],"37":[1],"38":[1],"39":[0,1],"40":[1,1],"41":[0,0],"42":[0],"43":[1,0],"44":[0],"45":[0,0],"46":[0],"47":[1,0],"48":[0],"49":[0,0]}},"/home/aflesch/mathquest/app/backend/src/core/services/gameInstanceService.ts":{"path":"/home/aflesch/mathquest/app/backend/src/core/services/gameInstanceService.ts","statementMap":{"0":{"start":{"line":1,"column":0},"end":{"line":1,"column":37}},"1":{"start":{"line":3,"column":0},"end":{"line":3,"column":42}},"2":{"start":{"line":10,"column":15},"end":{"line":10,"column":50}},"3":{"start":{"line":33,"column":8},"end":{"line":65,"column":9}},"4":{"start":{"line":35,"column":31},"end":{"line":35,"column":68}},"5":{"start":{"line":38,"column":33},"end":{"line":59,"column":14}},"6":{"start":{"line":61,"column":12},"end":{"line":61,"column":32}},"7":{"start":{"line":63,"column":12},"end":{"line":63,"column":68}},"8":{"start":{"line":64,"column":12},"end":{"line":64,"column":24}},"9":{"start":{"line":72,"column":8},"end":{"line":111,"column":9}},"10":{"start":{"line":73,"column":31},"end":{"line":73,"column":68}},"11":{"start":{"line":76,"column":27},"end":{"line":76,"column":78}},"12":{"start":{"line":78,"column":36},"end":{"line":86,"column":14}},"13":{"start":{"line":87,"column":12},"end":{"line":87,"column":88}},"14":{"start":{"line":87,"column":38},"end":{"line":87,"column":88}},"15":{"start":{"line":88,"column":33},"end":{"line":106,"column":14}},"16":{"start":{"line":107,"column":12},"end":{"line":107,"column":32}},"17":{"start":{"line":109,"column":12},"end":{"line":109,"column":78}},"18":{"start":{"line":110,"column":12},"end":{"line":110,"column":24}},"19":{"start":{"line":118,"column":8},"end":{"line":154,"column":9}},"20":{"start":{"line":119,"column":27},"end":{"line":148,"column":14}},"21":{"start":{"line":150,"column":12},"end":{"line":150,"column":26}},"22":{"start":{"line":152,"column":12},"end":{"line":152,"column":99}},"23":{"start":{"line":153,"column":12},"end":{"line":153,"column":24}},"24":{"start":{"line":161,"column":8},"end":{"line":197,"column":9}},"25":{"start":{"line":162,"column":12},"end":{"line":193,"column":15}},"26":{"start":{"line":195,"column":12},"end":{"line":195,"column":82}},"27":{"start":{"line":196,"column":12},"end":{"line":196,"column":24}},"28":{"start":{"line":205,"column":8},"end":{"line":226,"column":9}},"29":{"start":{"line":206,"column":12},"end":{"line":222,"column":15}},"30":{"start":{"line":224,"column":12},"end":{"line":224,"column":105}},"31":{"start":{"line":225,"column":12},"end":{"line":225,"column":24}},"32":{"start":{"line":233,"column":8},"end":{"line":284,"column":9}},"33":{"start":{"line":234,"column":49},"end":{"line":236,"column":14}},"34":{"start":{"line":239,"column":12},"end":{"line":251,"column":13}},"35":{"start":{"line":241,"column":37},"end":{"line":244,"column":18}},"36":{"start":{"line":246,"column":16},"end":{"line":248,"column":17}},"37":{"start":{"line":247,"column":20},"end":{"line":247,"column":51}},"38":{"start":{"line":249,"column":19},"end":{"line":251,"column":13}},"39":{"start":{"line":250,"column":16},"end":{"line":250,"column":45}},"40":{"start":{"line":254,"column":12},"end":{"line":256,"column":13}},"41":{"start":{"line":255,"column":16},"end":{"line":255,"column":79}},"42":{"start":{"line":259,"column":32},"end":{"line":278,"column":14}},"43":{"start":{"line":280,"column":12},"end":{"line":280,"column":31}},"44":{"start":{"line":282,"column":12},"end":{"line":282,"column":88}},"45":{"start":{"line":283,"column":12},"end":{"line":283,"column":24}},"46":{"start":{"line":291,"column":8},"end":{"line":305,"column":9}},"47":{"start":{"line":292,"column":49},"end":{"line":296,"column":14}},"48":{"start":{"line":297,"column":32},"end":{"line":300,"column":14}},"49":{"start":{"line":301,"column":12},"end":{"line":301,"column":31}},"50":{"start":{"line":303,"column":12},"end":{"line":303,"column":90}},"51":{"start":{"line":304,"column":12},"end":{"line":304,"column":24}},"52":{"start":{"line":316,"column":8},"end":{"line":342,"column":9}},"53":{"start":{"line":317,"column":49},"end":{"line":317,"column":51}},"54":{"start":{"line":319,"column":12},"end":{"line":319,"column":78}},"55":{"start":{"line":319,"column":47},"end":{"line":319,"column":78}},"56":{"start":{"line":320,"column":12},"end":{"line":320,"column":90}},"57":{"start":{"line":320,"column":51},"end":{"line":320,"column":90}},"58":{"start":{"line":321,"column":12},"end":{"line":321,"column":90}},"59":{"start":{"line":321,"column":51},"end":{"line":321,"column":90}},"60":{"start":{"line":323,"column":32},"end":{"line":336,"column":14}},"61":{"start":{"line":338,"column":12},"end":{"line":338,"column":31}},"62":{"start":{"line":340,"column":12},"end":{"line":340,"column":78}},"63":{"start":{"line":341,"column":12},"end":{"line":341,"column":24}},"64":{"start":{"line":350,"column":8},"end":{"line":379,"column":9}},"65":{"start":{"line":352,"column":29},"end":{"line":356,"column":14}},"66":{"start":{"line":359,"column":26},"end":{"line":359,"column":27}},"67":{"start":{"line":360,"column":12},"end":{"line":369,"column":13}},"68":{"start":{"line":361,"column":29},"end":{"line":361,"column":44}},"69":{"start":{"line":363,"column":16},"end":{"line":368,"column":17}},"70":{"start":{"line":364,"column":40},"end":{"line":364,"column":58}},"71":{"start":{"line":365,"column":20},"end":{"line":367,"column":21}},"72":{"start":{"line":366,"column":24},"end":{"line":366,"column":46}},"73":{"start":{"line":372,"column":29},"end":{"line":372,"column":61}},"74":{"start":{"line":375,"column":12},"end":{"line":375,"column":39}},"75":{"start":{"line":377,"column":12},"end":{"line":377,"column":65}},"76":{"start":{"line":378,"column":12},"end":{"line":378,"column":69}},"77":{"start":{"line":386,"column":8},"end":{"line":411,"column":9}},"78":{"start":{"line":387,"column":12},"end":{"line":407,"column":15}},"79":{"start":{"line":409,"column":12},"end":{"line":409,"column":72}},"80":{"start":{"line":410,"column":12},"end":{"line":410,"column":24}},"81":{"start":{"line":418,"column":8},"end":{"line":443,"column":9}},"82":{"start":{"line":419,"column":12},"end":{"line":439,"column":15}},"83":{"start":{"line":441,"column":12},"end":{"line":441,"column":125}},"84":{"start":{"line":442,"column":12},"end":{"line":442,"column":24}},"85":{"start":{"line":450,"column":8},"end":{"line":456,"column":11}},"86":{"start":{"line":463,"column":8},"end":{"line":491,"column":9}},"87":{"start":{"line":465,"column":29},"end":{"line":474,"column":14}},"88":{"start":{"line":476,"column":12},"end":{"line":478,"column":13}},"89":{"start":{"line":477,"column":16},"end":{"line":477,"column":81}},"90":{"start":{"line":481,"column":12},"end":{"line":483,"column":13}},"91":{"start":{"line":482,"column":16},"end":{"line":482,"column":91}},"92":{"start":{"line":485,"column":12},"end":{"line":485,"column":76}},"93":{"start":{"line":487,"column":12},"end":{"line":487,"column":86}},"94":{"start":{"line":489,"column":12},"end":{"line":489,"column":88}},"95":{"start":{"line":490,"column":12},"end":{"line":490,"column":24}},"96":{"start":{"line":28,"column":0},"end":{"line":28,"column":13}}},"fnMap":{"0":{"name":"(anonymous_1)","decl":{"start":{"line":32,"column":4},"end":{"line":32,"column":9}},"loc":{"start":{"line":32,"column":84},"end":{"line":66,"column":5}}},"1":{"name":"(anonymous_2)","decl":{"start":{"line":71,"column":4},"end":{"line":71,"column":9}},"loc":{"start":{"line":71,"column":73},"end":{"line":112,"column":5}}},"2":{"name":"(anonymous_3)","decl":{"start":{"line":117,"column":4},"end":{"line":117,"column":9}},"loc":{"start":{"line":117,"column":94},"end":{"line":155,"column":5}}},"3":{"name":"(anonymous_4)","decl":{"start":{"line":160,"column":4},"end":{"line":160,"column":9}},"loc":{"start":{"line":160,"column":78},"end":{"line":198,"column":5}}},"4":{"name":"(anonymous_5)","decl":{"start":{"line":204,"column":4},"end":{"line":204,"column":9}},"loc":{"start":{"line":204,"column":52},"end":{"line":227,"column":5}}},"5":{"name":"(anonymous_6)","decl":{"start":{"line":232,"column":4},"end":{"line":232,"column":9}},"loc":{"start":{"line":232,"column":75},"end":{"line":285,"column":5}}},"6":{"name":"(anonymous_7)","decl":{"start":{"line":290,"column":4},"end":{"line":290,"column":9}},"loc":{"start":{"line":290,"column":132},"end":{"line":306,"column":5}}},"7":{"name":"(anonymous_8)","decl":{"start":{"line":311,"column":4},"end":{"line":311,"column":9}},"loc":{"start":{"line":315,"column":5},"end":{"line":343,"column":5}}},"8":{"name":"(anonymous_9)","decl":{"start":{"line":349,"column":4},"end":{"line":349,"column":9}},"loc":{"start":{"line":349,"column":34},"end":{"line":380,"column":5}}},"9":{"name":"(anonymous_10)","decl":{"start":{"line":385,"column":4},"end":{"line":385,"column":9}},"loc":{"start":{"line":385,"column":46},"end":{"line":412,"column":5}}},"10":{"name":"(anonymous_11)","decl":{"start":{"line":417,"column":4},"end":{"line":417,"column":9}},"loc":{"start":{"line":417,"column":80},"end":{"line":444,"column":5}}},"11":{"name":"(anonymous_12)","decl":{"start":{"line":449,"column":4},"end":{"line":449,"column":9}},"loc":{"start":{"line":449,"column":57},"end":{"line":457,"column":5}}},"12":{"name":"(anonymous_13)","decl":{"start":{"line":462,"column":4},"end":{"line":462,"column":9}},"loc":{"start":{"line":462,"column":63},"end":{"line":492,"column":5}}}},"branchMap":{"0":{"loc":{"start":{"line":46,"column":30},"end":{"line":46,"column":49}},"type":"binary-expr","locations":[{"start":{"line":46,"column":30},"end":{"line":46,"column":43}},{"start":{"line":46,"column":47},"end":{"line":46,"column":49}}]},"1":{"loc":{"start":{"line":76,"column":27},"end":{"line":76,"column":78}},"type":"cond-expr","locations":[{"start":{"line":76,"column":58},"end":{"line":76,"column":66}},{"start":{"line":76,"column":69},"end":{"line":76,"column":78}}]},"2":{"loc":{"start":{"line":84,"column":26},"end":{"line":84,"column":45}},"type":"binary-expr","locations":[{"start":{"line":84,"column":26},"end":{"line":84,"column":39}},{"start":{"line":84,"column":43},"end":{"line":84,"column":45}}]},"3":{"loc":{"start":{"line":87,"column":12},"end":{"line":87,"column":88}},"type":"if","locations":[{"start":{"line":87,"column":12},"end":{"line":87,"column":88}}]},"4":{"loc":{"start":{"line":117,"column":58},"end":{"line":117,"column":94}},"type":"default-arg","locations":[{"start":{"line":117,"column":89},"end":{"line":117,"column":94}}]},"5":{"loc":{"start":{"line":134,"column":34},"end":{"line":146,"column":29}},"type":"cond-expr","locations":[{"start":{"line":134,"column":56},"end":{"line":146,"column":22}},{"start":{"line":146,"column":24},"end":{"line":146,"column":29}}]},"6":{"loc":{"start":{"line":160,"column":42},"end":{"line":160,"column":78}},"type":"default-arg","locations":[{"start":{"line":160,"column":73},"end":{"line":160,"column":78}}]},"7":{"loc":{"start":{"line":179,"column":34},"end":{"line":191,"column":29}},"type":"cond-expr","locations":[{"start":{"line":179,"column":56},"end":{"line":191,"column":22}},{"start":{"line":191,"column":24},"end":{"line":191,"column":29}}]},"8":{"loc":{"start":{"line":239,"column":12},"end":{"line":251,"column":13}},"type":"if","locations":[{"start":{"line":239,"column":12},"end":{"line":251,"column":13}},{"start":{"line":249,"column":19},"end":{"line":251,"column":13}}]},"9":{"loc":{"start":{"line":239,"column":16},"end":{"line":239,"column":87}},"type":"binary-expr","locations":[{"start":{"line":239,"column":16},"end":{"line":239,"column":46}},{"start":{"line":239,"column":50},"end":{"line":239,"column":87}}]},"10":{"loc":{"start":{"line":246,"column":16},"end":{"line":248,"column":17}},"type":"if","locations":[{"start":{"line":246,"column":16},"end":{"line":248,"column":17}}]},"11":{"loc":{"start":{"line":249,"column":19},"end":{"line":251,"column":13}},"type":"if","locations":[{"start":{"line":249,"column":19},"end":{"line":251,"column":13}}]},"12":{"loc":{"start":{"line":249,"column":23},"end":{"line":249,"column":92}},"type":"binary-expr","locations":[{"start":{"line":249,"column":23},"end":{"line":249,"column":56}},{"start":{"line":249,"column":60},"end":{"line":249,"column":92}}]},"13":{"loc":{"start":{"line":254,"column":12},"end":{"line":256,"column":13}},"type":"if","locations":[{"start":{"line":254,"column":12},"end":{"line":256,"column":13}}]},"14":{"loc":{"start":{"line":319,"column":12},"end":{"line":319,"column":78}},"type":"if","locations":[{"start":{"line":319,"column":12},"end":{"line":319,"column":78}}]},"15":{"loc":{"start":{"line":320,"column":12},"end":{"line":320,"column":90}},"type":"if","locations":[{"start":{"line":320,"column":12},"end":{"line":320,"column":90}}]},"16":{"loc":{"start":{"line":321,"column":12},"end":{"line":321,"column":90}},"type":"if","locations":[{"start":{"line":321,"column":12},"end":{"line":321,"column":90}}]},"17":{"loc":{"start":{"line":363,"column":16},"end":{"line":368,"column":17}},"type":"if","locations":[{"start":{"line":363,"column":16},"end":{"line":368,"column":17}}]},"18":{"loc":{"start":{"line":365,"column":20},"end":{"line":367,"column":21}},"type":"if","locations":[{"start":{"line":365,"column":20},"end":{"line":367,"column":21}}]},"19":{"loc":{"start":{"line":372,"column":29},"end":{"line":372,"column":61}},"type":"cond-expr","locations":[{"start":{"line":372,"column":43},"end":{"line":372,"column":54}},{"start":{"line":372,"column":57},"end":{"line":372,"column":61}}]},"20":{"loc":{"start":{"line":476,"column":12},"end":{"line":478,"column":13}},"type":"if","locations":[{"start":{"line":476,"column":12},"end":{"line":478,"column":13}}]},"21":{"loc":{"start":{"line":481,"column":12},"end":{"line":483,"column":13}},"type":"if","locations":[{"start":{"line":481,"column":12},"end":{"line":483,"column":13}}]},"22":{"loc":{"start":{"line":481,"column":16},"end":{"line":481,"column":97}},"type":"binary-expr","locations":[{"start":{"line":481,"column":16},"end":{"line":481,"column":58}},{"start":{"line":481,"column":62},"end":{"line":481,"column":97}}]}},"s":{"0":1,"1":1,"2":1,"3":0,"4":0,"5":0,"6":0,"7":0,"8":0,"9":0,"10":0,"11":0,"12":0,"13":0,"14":0,"15":0,"16":0,"17":0,"18":0,"19":0,"20":0,"21":0,"22":0,"23":0,"24":0,"25":0,"26":0,"27":0,"28":0,"29":0,"30":0,"31":0,"32":1,"33":1,"34":1,"35":0,"36":0,"37":0,"38":1,"39":0,"40":1,"41":0,"42":1,"43":1,"44":0,"45":0,"46":0,"47":0,"48":0,"49":0,"50":0,"51":0,"52":0,"53":0,"54":0,"55":0,"56":0,"57":0,"58":0,"59":0,"60":0,"61":0,"62":0,"63":0,"64":0,"65":0,"66":0,"67":0,"68":0,"69":0,"70":0,"71":0,"72":0,"73":0,"74":0,"75":0,"76":0,"77":0,"78":0,"79":0,"80":0,"81":0,"82":0,"83":0,"84":0,"85":0,"86":0,"87":0,"88":0,"89":0,"90":0,"91":0,"92":0,"93":0,"94":0,"95":0,"96":1},"f":{"0":0,"1":0,"2":0,"3":0,"4":0,"5":1,"6":0,"7":0,"8":0,"9":0,"10":0,"11":0,"12":0},"b":{"0":[0,0],"1":[0,0],"2":[0,0],"3":[0],"4":[0],"5":[0,0],"6":[0],"7":[0,0],"8":[0,1],"9":[1,1],"10":[0],"11":[0],"12":[1,1],"13":[0],"14":[0],"15":[0],"16":[0],"17":[0],"18":[0],"19":[0,0],"20":[0],"21":[0],"22":[0,0]}},"/home/aflesch/mathquest/app/backend/src/sockets/handlers/game/emitQuestionHandler.ts":{"path":"/home/aflesch/mathquest/app/backend/src/sockets/handlers/game/emitQuestionHandler.ts","statementMap":{"0":{"start":{"line":18,"column":0},"end":{"line":18,"column":16}},"1":{"start":{"line":2,"column":0},"end":{"line":2,"column":37}},"2":{"start":{"line":3,"column":0},"end":{"line":3,"column":42}},"3":{"start":{"line":5,"column":0},"end":{"line":5,"column":60}},"4":{"start":{"line":6,"column":0},"end":{"line":6,"column":65}},"5":{"start":{"line":7,"column":0},"end":{"line":7,"column":78}},"6":{"start":{"line":8,"column":0},"end":{"line":8,"column":45}},"7":{"start":{"line":10,"column":15},"end":{"line":10,"column":50}},"8":{"start":{"line":22,"column":4},"end":{"line":144,"column":6}},"9":{"start":{"line":23,"column":8},"end":{"line":23,"column":71}},"10":{"start":{"line":24,"column":52},"end":{"line":24,"column":59}},"11":{"start":{"line":26,"column":29},"end":{"line":34,"column":10}},"12":{"start":{"line":35,"column":8},"end":{"line":39,"column":9}},"13":{"start":{"line":36,"column":47},"end":{"line":36,"column":77}},"14":{"start":{"line":37,"column":12},"end":{"line":37,"column":76}},"15":{"start":{"line":38,"column":12},"end":{"line":38,"column":19}},"16":{"start":{"line":41,"column":28},"end":{"line":43,"column":10}},"17":{"start":{"line":44,"column":8},"end":{"line":48,"column":9}},"18":{"start":{"line":45,"column":47},"end":{"line":45,"column":84}},"19":{"start":{"line":46,"column":12},"end":{"line":46,"column":76}},"20":{"start":{"line":47,"column":12},"end":{"line":47,"column":19}},"21":{"start":{"line":50,"column":29},"end":{"line":54,"column":10}},"22":{"start":{"line":55,"column":29},"end":{"line":55,"column":33}},"23":{"start":{"line":56,"column":8},"end":{"line":63,"column":9}},"24":{"start":{"line":58,"column":26},"end":{"line":58,"column":79}},"25":{"start":{"line":58,"column":49},"end":{"line":58,"column":78}},"26":{"start":{"line":59,"column":12},"end":{"line":59,"column":55}},"27":{"start":{"line":59,"column":23},"end":{"line":59,"column":55}},"28":{"start":{"line":62,"column":12},"end":{"line":62,"column":55}},"29":{"start":{"line":64,"column":8},"end":{"line":68,"column":9}},"30":{"start":{"line":65,"column":47},"end":{"line":65,"column":81}},"31":{"start":{"line":66,"column":12},"end":{"line":66,"column":76}},"32":{"start":{"line":67,"column":12},"end":{"line":67,"column":19}},"33":{"start":{"line":70,"column":38},"end":{"line":70,"column":76}},"34":{"start":{"line":71,"column":27},"end":{"line":71,"column":31}},"35":{"start":{"line":72,"column":8},"end":{"line":78,"column":72}},"36":{"start":{"line":80,"column":8},"end":{"line":125,"column":9}},"37":{"start":{"line":82,"column":12},"end":{"line":82,"column":131}},"38":{"start":{"line":83,"column":12},"end":{"line":83,"column":131}},"39":{"start":{"line":84,"column":28},"end":{"line":84,"column":152}},"40":{"start":{"line":85,"column":12},"end":{"line":92,"column":100}},"41":{"start":{"line":93,"column":12},"end":{"line":100,"column":14}},"42":{"start":{"line":101,"column":15},"end":{"line":125,"column":9}},"43":{"start":{"line":103,"column":12},"end":{"line":103,"column":139}},"44":{"start":{"line":104,"column":12},"end":{"line":104,"column":139}},"45":{"start":{"line":105,"column":28},"end":{"line":105,"column":160}},"46":{"start":{"line":106,"column":12},"end":{"line":113,"column":111}},"47":{"start":{"line":114,"column":12},"end":{"line":121,"column":14}},"48":{"start":{"line":122,"column":15},"end":{"line":125,"column":9}},"49":{"start":{"line":124,"column":12},"end":{"line":124,"column":32}},"50":{"start":{"line":127,"column":30},"end":{"line":127,"column":95}},"51":{"start":{"line":127,"column":58},"end":{"line":127,"column":94}},"52":{"start":{"line":128,"column":31},"end":{"line":128,"column":50}},"53":{"start":{"line":129,"column":36},"end":{"line":140,"column":10}},"54":{"start":{"line":142,"column":8},"end":{"line":142,"column":82}},"55":{"start":{"line":143,"column":8},"end":{"line":143,"column":113}}},"fnMap":{"0":{"name":"emitQuestionHandler","decl":{"start":{"line":18,"column":16},"end":{"line":18,"column":35}},"loc":{"start":{"line":20,"column":93},"end":{"line":145,"column":1}}},"1":{"name":"(anonymous_2)","decl":{"start":{"line":22,"column":11},"end":{"line":22,"column":16}},"loc":{"start":{"line":22,"column":50},"end":{"line":144,"column":5}}},"2":{"name":"(anonymous_3)","decl":{"start":{"line":58,"column":44},"end":{"line":58,"column":45}},"loc":{"start":{"line":58,"column":49},"end":{"line":58,"column":78}}},"3":{"name":"(anonymous_4)","decl":{"start":{"line":127,"column":53},"end":{"line":127,"column":54}},"loc":{"start":{"line":127,"column":58},"end":{"line":127,"column":94}}}},"branchMap":{"0":{"loc":{"start":{"line":35,"column":8},"end":{"line":39,"column":9}},"type":"if","locations":[{"start":{"line":35,"column":8},"end":{"line":39,"column":9}}]},"1":{"loc":{"start":{"line":44,"column":8},"end":{"line":48,"column":9}},"type":"if","locations":[{"start":{"line":44,"column":8},"end":{"line":48,"column":9}}]},"2":{"loc":{"start":{"line":56,"column":8},"end":{"line":63,"column":9}},"type":"if","locations":[{"start":{"line":56,"column":8},"end":{"line":63,"column":9}},{"start":{"line":60,"column":15},"end":{"line":63,"column":9}}]},"3":{"loc":{"start":{"line":59,"column":12},"end":{"line":59,"column":55}},"type":"if","locations":[{"start":{"line":59,"column":12},"end":{"line":59,"column":55}}]},"4":{"loc":{"start":{"line":64,"column":8},"end":{"line":68,"column":9}},"type":"if","locations":[{"start":{"line":64,"column":8},"end":{"line":68,"column":9}}]},"5":{"loc":{"start":{"line":80,"column":8},"end":{"line":125,"column":9}},"type":"if","locations":[{"start":{"line":80,"column":8},"end":{"line":125,"column":9}},{"start":{"line":101,"column":15},"end":{"line":125,"column":9}}]},"6":{"loc":{"start":{"line":80,"column":12},"end":{"line":80,"column":116}},"type":"binary-expr","locations":[{"start":{"line":80,"column":13},"end":{"line":80,"column":45}},{"start":{"line":80,"column":49},"end":{"line":80,"column":87}},{"start":{"line":80,"column":92},"end":{"line":80,"column":116}}]},"7":{"loc":{"start":{"line":95,"column":29},"end":{"line":95,"column":59}},"type":"binary-expr","locations":[{"start":{"line":95,"column":29},"end":{"line":95,"column":53}},{"start":{"line":95,"column":57},"end":{"line":95,"column":59}}]},"8":{"loc":{"start":{"line":96,"column":29},"end":{"line":96,"column":59}},"type":"binary-expr","locations":[{"start":{"line":96,"column":29},"end":{"line":96,"column":53}},{"start":{"line":96,"column":57},"end":{"line":96,"column":59}}]},"9":{"loc":{"start":{"line":99,"column":34},"end":{"line":99,"column":64}},"type":"binary-expr","locations":[{"start":{"line":99,"column":34},"end":{"line":99,"column":58}},{"start":{"line":99,"column":62},"end":{"line":99,"column":64}}]},"10":{"loc":{"start":{"line":101,"column":15},"end":{"line":125,"column":9}},"type":"if","locations":[{"start":{"line":101,"column":15},"end":{"line":125,"column":9}},{"start":{"line":122,"column":15},"end":{"line":125,"column":9}}]},"11":{"loc":{"start":{"line":101,"column":19},"end":{"line":101,"column":84}},"type":"binary-expr","locations":[{"start":{"line":101,"column":19},"end":{"line":101,"column":57}},{"start":{"line":101,"column":61},"end":{"line":101,"column":84}}]},"12":{"loc":{"start":{"line":116,"column":29},"end":{"line":116,"column":59}},"type":"binary-expr","locations":[{"start":{"line":116,"column":29},"end":{"line":116,"column":53}},{"start":{"line":116,"column":57},"end":{"line":116,"column":59}}]},"13":{"loc":{"start":{"line":117,"column":29},"end":{"line":117,"column":59}},"type":"binary-expr","locations":[{"start":{"line":117,"column":29},"end":{"line":117,"column":53}},{"start":{"line":117,"column":57},"end":{"line":117,"column":59}}]},"14":{"loc":{"start":{"line":120,"column":34},"end":{"line":120,"column":64}},"type":"binary-expr","locations":[{"start":{"line":120,"column":34},"end":{"line":120,"column":58}},{"start":{"line":120,"column":62},"end":{"line":120,"column":64}}]},"15":{"loc":{"start":{"line":122,"column":15},"end":{"line":125,"column":9}},"type":"if","locations":[{"start":{"line":122,"column":15},"end":{"line":125,"column":9}}]},"16":{"loc":{"start":{"line":133,"column":30},"end":{"line":133,"column":105}},"type":"binary-expr","locations":[{"start":{"line":133,"column":30},"end":{"line":133,"column":57}},{"start":{"line":133,"column":61},"end":{"line":133,"column":105}}]},"17":{"loc":{"start":{"line":134,"column":31},"end":{"line":134,"column":65}},"type":"binary-expr","locations":[{"start":{"line":134,"column":31},"end":{"line":134,"column":59}},{"start":{"line":134,"column":63},"end":{"line":134,"column":65}}]},"18":{"loc":{"start":{"line":136,"column":16},"end":{"line":136,"column":59}},"type":"cond-expr","locations":[{"start":{"line":136,"column":31},"end":{"line":136,"column":54}},{"start":{"line":136,"column":57},"end":{"line":136,"column":59}}]}},"s":{"0":1,"1":1,"2":1,"3":1,"4":1,"5":1,"6":1,"7":1,"8":6,"9":0,"10":0,"11":0,"12":0,"13":0,"14":0,"15":0,"16":0,"17":0,"18":0,"19":0,"20":0,"21":0,"22":0,"23":0,"24":0,"25":0,"26":0,"27":0,"28":0,"29":0,"30":0,"31":0,"32":0,"33":0,"34":0,"35":0,"36":0,"37":0,"38":0,"39":0,"40":0,"41":0,"42":0,"43":0,"44":0,"45":0,"46":0,"47":0,"48":0,"49":0,"50":0,"51":0,"52":0,"53":0,"54":0,"55":0},"f":{"0":6,"1":0,"2":0,"3":0},"b":{"0":[0],"1":[0],"2":[0,0],"3":[0],"4":[0],"5":[0,0],"6":[0,0,0],"7":[0,0],"8":[0,0],"9":[0,0],"10":[0,0],"11":[0,0],"12":[0,0],"13":[0,0],"14":[0,0],"15":[0],"16":[0,0],"17":[0,0],"18":[0,0]}},"/home/aflesch/mathquest/app/backend/src/sockets/handlers/teacherControl/timerAction.ts":{"path":"/home/aflesch/mathquest/app/backend/src/sockets/handlers/teacherControl/timerAction.ts","statementMap":{"0":{"start":{"line":202,"column":0},"end":{"line":202,"column":16}},"1":{"start":{"line":12,"column":0},"end":{"line":12,"column":37}},"2":{"start":{"line":13,"column":0},"end":{"line":13,"column":45}},"3":{"start":{"line":14,"column":0},"end":{"line":14,"column":87}},"4":{"start":{"line":16,"column":0},"end":{"line":16,"column":78}},"5":{"start":{"line":17,"column":0},"end":{"line":17,"column":74}},"6":{"start":{"line":18,"column":0},"end":{"line":18,"column":42}},"7":{"start":{"line":20,"column":0},"end":{"line":20,"column":74}},"8":{"start":{"line":22,"column":0},"end":{"line":22,"column":76}},"9":{"start":{"line":25,"column":0},"end":{"line":25,"column":84}},"10":{"start":{"line":31,"column":15},"end":{"line":31,"column":49}},"11":{"start":{"line":34,"column":24},"end":{"line":34,"column":41}},"12":{"start":{"line":37,"column":28},"end":{"line":37,"column":53}},"13":{"start":{"line":40,"column":30},"end":{"line":40,"column":68}},"14":{"start":{"line":43,"column":21},"end":{"line":43,"column":54}},"15":{"start":{"line":49,"column":26},"end":{"line":49,"column":50}},"16":{"start":{"line":50,"column":4},"end":{"line":54,"column":5}},"17":{"start":{"line":51,"column":8},"end":{"line":51,"column":36}},"18":{"start":{"line":52,"column":8},"end":{"line":52,"column":36}},"19":{"start":{"line":53,"column":8},"end":{"line":53,"column":73}},"20":{"start":{"line":62,"column":4},"end":{"line":62,"column":27}},"21":{"start":{"line":64,"column":16},"end":{"line":64,"column":26}},"22":{"start":{"line":65,"column":23},"end":{"line":65,"column":43}},"23":{"start":{"line":66,"column":4},"end":{"line":69,"column":5}},"24":{"start":{"line":67,"column":8},"end":{"line":67,"column":147}},"25":{"start":{"line":68,"column":8},"end":{"line":68,"column":15}},"26":{"start":{"line":71,"column":4},"end":{"line":71,"column":131}},"27":{"start":{"line":73,"column":20},"end":{"line":124,"column":18}},"28":{"start":{"line":74,"column":8},"end":{"line":123,"column":9}},"29":{"start":{"line":75,"column":12},"end":{"line":75,"column":108}},"30":{"start":{"line":78,"column":12},"end":{"line":78,"column":40}},"31":{"start":{"line":81,"column":33},"end":{"line":81,"column":89}},"32":{"start":{"line":82,"column":12},"end":{"line":85,"column":13}},"33":{"start":{"line":83,"column":16},"end":{"line":83,"column":110}},"34":{"start":{"line":84,"column":16},"end":{"line":84,"column":23}},"35":{"start":{"line":87,"column":41},"end":{"line":87,"column":65}},"36":{"start":{"line":90,"column":49},"end":{"line":94,"column":14}},"37":{"start":{"line":97,"column":12},"end":{"line":97,"column":74}},"38":{"start":{"line":100,"column":34},"end":{"line":100,"column":55}},"39":{"start":{"line":101,"column":29},"end":{"line":101,"column":49}},"40":{"start":{"line":102,"column":35},"end":{"line":102,"column":57}},"41":{"start":{"line":104,"column":12},"end":{"line":104,"column":167}},"42":{"start":{"line":106,"column":34},"end":{"line":106,"column":122}},"43":{"start":{"line":107,"column":35},"end":{"line":107,"column":108}},"44":{"start":{"line":108,"column":34},"end":{"line":108,"column":112}},"45":{"start":{"line":109,"column":12},"end":{"line":119,"column":15}},"46":{"start":{"line":122,"column":12},"end":{"line":122,"column":102}},"47":{"start":{"line":126,"column":4},"end":{"line":126,"column":38}},"48":{"start":{"line":131,"column":4},"end":{"line":131,"column":35}},"49":{"start":{"line":131,"column":22},"end":{"line":131,"column":35}},"50":{"start":{"line":132,"column":21},"end":{"line":132,"column":86}},"51":{"start":{"line":134,"column":4},"end":{"line":136,"column":5}},"52":{"start":{"line":135,"column":8},"end":{"line":135,"column":41}},"53":{"start":{"line":137,"column":4},"end":{"line":137,"column":17}},"54":{"start":{"line":142,"column":0},"end":{"line":142,"column":94}},"55":{"start":{"line":147,"column":4},"end":{"line":147,"column":58}},"56":{"start":{"line":161,"column":33},"end":{"line":165,"column":24}},"57":{"start":{"line":166,"column":68},"end":{"line":173,"column":6}},"58":{"start":{"line":174,"column":23},"end":{"line":174,"column":85}},"59":{"start":{"line":175,"column":4},"end":{"line":178,"column":5}},"60":{"start":{"line":176,"column":8},"end":{"line":176,"column":143}},"61":{"start":{"line":177,"column":8},"end":{"line":177,"column":15}},"62":{"start":{"line":179,"column":4},"end":{"line":192,"column":5}},"63":{"start":{"line":181,"column":8},"end":{"line":190,"column":68}},"64":{"start":{"line":191,"column":8},"end":{"line":191,"column":67}},"65":{"start":{"line":203,"column":4},"end":{"line":581,"column":6}},"66":{"start":{"line":205,"column":28},"end":{"line":205,"column":71}},"67":{"start":{"line":206,"column":8},"end":{"line":229,"column":9}},"68":{"start":{"line":207,"column":33},"end":{"line":207,"column":59}},"69":{"start":{"line":208,"column":12},"end":{"line":213,"column":51}},"70":{"start":{"line":215,"column":47},"end":{"line":219,"column":14}},"71":{"start":{"line":221,"column":12},"end":{"line":226,"column":89}},"72":{"start":{"line":227,"column":12},"end":{"line":227,"column":70}},"73":{"start":{"line":228,"column":12},"end":{"line":228,"column":19}},"74":{"start":{"line":231,"column":29},"end":{"line":231,"column":45}},"75":{"start":{"line":232,"column":8},"end":{"line":240,"column":11}},"76":{"start":{"line":242,"column":8},"end":{"line":242,"column":83}},"77":{"start":{"line":245,"column":68},"end":{"line":245,"column":80}},"78":{"start":{"line":246,"column":29},"end":{"line":248,"column":10}},"79":{"start":{"line":250,"column":8},"end":{"line":264,"column":9}},"80":{"start":{"line":251,"column":12},"end":{"line":251,"column":67}},"81":{"start":{"line":252,"column":33},"end":{"line":255,"column":30}},"82":{"start":{"line":256,"column":12},"end":{"line":261,"column":94}},"83":{"start":{"line":262,"column":12},"end":{"line":262,"column":70}},"84":{"start":{"line":263,"column":12},"end":{"line":263,"column":19}},"85":{"start":{"line":266,"column":23},"end":{"line":266,"column":38}},"86":{"start":{"line":267,"column":23},"end":{"line":267,"column":71}},"87":{"start":{"line":269,"column":8},"end":{"line":277,"column":11}},"88":{"start":{"line":279,"column":8},"end":{"line":279,"column":109}},"89":{"start":{"line":281,"column":8},"end":{"line":295,"column":9}},"90":{"start":{"line":282,"column":12},"end":{"line":282,"column":92}},"91":{"start":{"line":283,"column":47},"end":{"line":286,"column":14}},"92":{"start":{"line":287,"column":12},"end":{"line":292,"column":88}},"93":{"start":{"line":293,"column":12},"end":{"line":293,"column":77}},"94":{"start":{"line":294,"column":12},"end":{"line":294,"column":19}},"95":{"start":{"line":297,"column":8},"end":{"line":312,"column":9}},"96":{"start":{"line":298,"column":12},"end":{"line":298,"column":90}},"97":{"start":{"line":299,"column":47},"end":{"line":302,"column":14}},"98":{"start":{"line":303,"column":12},"end":{"line":309,"column":88}},"99":{"start":{"line":310,"column":12},"end":{"line":310,"column":77}},"100":{"start":{"line":311,"column":12},"end":{"line":311,"column":19}},"101":{"start":{"line":314,"column":8},"end":{"line":314,"column":90}},"102":{"start":{"line":316,"column":8},"end":{"line":580,"column":9}},"103":{"start":{"line":318,"column":33},"end":{"line":329,"column":14}},"104":{"start":{"line":331,"column":12},"end":{"line":347,"column":13}},"105":{"start":{"line":332,"column":16},"end":{"line":332,"column":111}},"106":{"start":{"line":333,"column":51},"end":{"line":336,"column":18}},"107":{"start":{"line":337,"column":16},"end":{"line":344,"column":92}},"108":{"start":{"line":345,"column":16},"end":{"line":345,"column":81}},"109":{"start":{"line":346,"column":16},"end":{"line":346,"column":23}},"110":{"start":{"line":350,"column":30},"end":{"line":350,"column":94}},"111":{"start":{"line":351,"column":12},"end":{"line":367,"column":13}},"112":{"start":{"line":352,"column":16},"end":{"line":352,"column":102}},"113":{"start":{"line":353,"column":51},"end":{"line":356,"column":18}},"114":{"start":{"line":357,"column":16},"end":{"line":364,"column":96}},"115":{"start":{"line":365,"column":16},"end":{"line":365,"column":81}},"116":{"start":{"line":366,"column":16},"end":{"line":366,"column":23}},"117":{"start":{"line":369,"column":30},"end":{"line":369,"column":49}},"118":{"start":{"line":371,"column":29},"end":{"line":371,"column":47}},"119":{"start":{"line":372,"column":31},"end":{"line":372,"column":63}},"120":{"start":{"line":373,"column":33},"end":{"line":373,"column":42}},"121":{"start":{"line":375,"column":38},"end":{"line":375,"column":42}},"122":{"start":{"line":376,"column":42},"end":{"line":376,"column":232}},"123":{"start":{"line":377,"column":12},"end":{"line":380,"column":13}},"124":{"start":{"line":378,"column":16},"end":{"line":378,"column":128}},"125":{"start":{"line":383,"column":38},"end":{"line":383,"column":39}},"126":{"start":{"line":384,"column":12},"end":{"line":386,"column":13}},"127":{"start":{"line":385,"column":16},"end":{"line":385,"column":97}},"128":{"start":{"line":387,"column":12},"end":{"line":390,"column":13}},"129":{"start":{"line":388,"column":16},"end":{"line":388,"column":129}},"130":{"start":{"line":392,"column":12},"end":{"line":424,"column":13}},"131":{"start":{"line":394,"column":20},"end":{"line":394,"column":152}},"132":{"start":{"line":395,"column":20},"end":{"line":401,"column":22}},"133":{"start":{"line":402,"column":20},"end":{"line":402,"column":26}},"134":{"start":{"line":404,"column":20},"end":{"line":404,"column":123}},"135":{"start":{"line":405,"column":20},"end":{"line":411,"column":22}},"136":{"start":{"line":412,"column":20},"end":{"line":412,"column":26}},"137":{"start":{"line":414,"column":20},"end":{"line":414,"column":123}},"138":{"start":{"line":415,"column":20},"end":{"line":421,"column":22}},"139":{"start":{"line":422,"column":20},"end":{"line":422,"column":26}},"140":{"start":{"line":426,"column":12},"end":{"line":426,"column":88}},"141":{"start":{"line":431,"column":36},"end":{"line":431,"column":47}},"142":{"start":{"line":433,"column":12},"end":{"line":439,"column":15}},"143":{"start":{"line":441,"column":12},"end":{"line":522,"column":13}},"144":{"start":{"line":443,"column":43},"end":{"line":447,"column":26}},"145":{"start":{"line":449,"column":16},"end":{"line":455,"column":19}},"146":{"start":{"line":457,"column":16},"end":{"line":513,"column":17}},"147":{"start":{"line":459,"column":48},"end":{"line":459,"column":98}},"148":{"start":{"line":460,"column":20},"end":{"line":512,"column":21}},"149":{"start":{"line":461,"column":24},"end":{"line":462,"column":89}},"150":{"start":{"line":465,"column":24},"end":{"line":465,"column":77}},"151":{"start":{"line":468,"column":24},"end":{"line":468,"column":56}},"152":{"start":{"line":471,"column":24},"end":{"line":471,"column":99}},"153":{"start":{"line":474,"column":41},"end":{"line":476,"column":26}},"154":{"start":{"line":479,"column":41},"end":{"line":479,"column":74}},"155":{"start":{"line":480,"column":47},"end":{"line":480,"column":69}},"156":{"start":{"line":482,"column":24},"end":{"line":494,"column":25}},"157":{"start":{"line":484,"column":56},"end":{"line":489,"column":30}},"158":{"start":{"line":491,"column":28},"end":{"line":491,"column":105}},"159":{"start":{"line":492,"column":28},"end":{"line":493,"column":97}},"160":{"start":{"line":497,"column":46},"end":{"line":497,"column":67}},"161":{"start":{"line":498,"column":88},"end":{"line":502,"column":26}},"162":{"start":{"line":504,"column":24},"end":{"line":504,"column":117}},"163":{"start":{"line":506,"column":24},"end":{"line":507,"column":87}},"164":{"start":{"line":509,"column":24},"end":{"line":510,"column":94}},"165":{"start":{"line":516,"column":49},"end":{"line":520,"column":26}},"166":{"start":{"line":521,"column":16},"end":{"line":521,"column":74}},"167":{"start":{"line":525,"column":12},"end":{"line":525,"column":67}},"168":{"start":{"line":527,"column":26},"end":{"line":527,"column":58}},"169":{"start":{"line":529,"column":34},"end":{"line":529,"column":55}},"170":{"start":{"line":530,"column":29},"end":{"line":530,"column":49}},"171":{"start":{"line":531,"column":35},"end":{"line":531,"column":57}},"172":{"start":{"line":534,"column":50},"end":{"line":536,"column":14}},"173":{"start":{"line":539,"column":16},"end":{"line":542,"column":88}},"174":{"start":{"line":544,"column":12},"end":{"line":549,"column":13}},"175":{"start":{"line":545,"column":16},"end":{"line":548,"column":18}},"176":{"start":{"line":550,"column":12},"end":{"line":557,"column":15}},"177":{"start":{"line":558,"column":12},"end":{"line":563,"column":78}},"178":{"start":{"line":566,"column":12},"end":{"line":566,"column":108}},"179":{"start":{"line":567,"column":47},"end":{"line":571,"column":14}},"180":{"start":{"line":572,"column":12},"end":{"line":578,"column":89}},"181":{"start":{"line":579,"column":12},"end":{"line":579,"column":77}}},"fnMap":{"0":{"name":"clearGameTimer","decl":{"start":{"line":48,"column":9},"end":{"line":48,"column":23}},"loc":{"start":{"line":48,"column":38},"end":{"line":55,"column":1}}},"1":{"name":"startGameTimer","decl":{"start":{"line":60,"column":9},"end":{"line":60,"column":23}},"loc":{"start":{"line":60,"column":130},"end":{"line":127,"column":1}}},"2":{"name":"(anonymous_12)","decl":{"start":{"line":73,"column":31},"end":{"line":73,"column":36}},"loc":{"start":{"line":73,"column":42},"end":{"line":124,"column":5}}},"3":{"name":"getCanonicalDurationMs","decl":{"start":{"line":130,"column":15},"end":{"line":130,"column":37}},"loc":{"start":{"line":130,"column":57},"end":{"line":138,"column":1}}},"4":{"name":"toCanonicalTimer","decl":{"start":{"line":145,"column":9},"end":{"line":145,"column":25}},"loc":{"start":{"line":145,"column":57},"end":{"line":148,"column":1}}},"5":{"name":"emitCanonicalTimerEvents","decl":{"start":{"line":156,"column":9},"end":{"line":156,"column":33}},"loc":{"start":{"line":159,"column":54},"end":{"line":193,"column":1}}},"6":{"name":"timerActionHandler","decl":{"start":{"line":202,"column":16},"end":{"line":202,"column":34}},"loc":{"start":{"line":202,"column":69},"end":{"line":582,"column":1}}},"7":{"name":"(anonymous_17)","decl":{"start":{"line":203,"column":11},"end":{"line":203,"column":16}},"loc":{"start":{"line":203,"column":49},"end":{"line":581,"column":5}}}},"branchMap":{"0":{"loc":{"start":{"line":50,"column":4},"end":{"line":54,"column":5}},"type":"if","locations":[{"start":{"line":50,"column":4},"end":{"line":54,"column":5}}]},"1":{"loc":{"start":{"line":66,"column":4},"end":{"line":69,"column":5}},"type":"if","locations":[{"start":{"line":66,"column":4},"end":{"line":69,"column":5}}]},"2":{"loc":{"start":{"line":82,"column":12},"end":{"line":85,"column":13}},"type":"if","locations":[{"start":{"line":82,"column":12},"end":{"line":85,"column":13}}]},"3":{"loc":{"start":{"line":93,"column":29},"end":{"line":93,"column":53}},"type":"binary-expr","locations":[{"start":{"line":93,"column":29},"end":{"line":93,"column":40}},{"start":{"line":93,"column":44},"end":{"line":93,"column":53}}]},"4":{"loc":{"start":{"line":106,"column":34},"end":{"line":106,"column":122}},"type":"cond-expr","locations":[{"start":{"line":106,"column":87},"end":{"line":106,"column":117}},{"start":{"line":106,"column":120},"end":{"line":106,"column":122}}]},"5":{"loc":{"start":{"line":107,"column":35},"end":{"line":107,"column":108}},"type":"cond-expr","locations":[{"start":{"line":107,"column":75},"end":{"line":107,"column":104}},{"start":{"line":107,"column":107},"end":{"line":107,"column":108}}]},"6":{"loc":{"start":{"line":108,"column":34},"end":{"line":108,"column":112}},"type":"cond-expr","locations":[{"start":{"line":108,"column":81},"end":{"line":108,"column":104}},{"start":{"line":108,"column":107},"end":{"line":108,"column":112}}]},"7":{"loc":{"start":{"line":110,"column":108},"end":{"line":110,"column":145}},"type":"binary-expr","locations":[{"start":{"line":110,"column":108},"end":{"line":110,"column":132}},{"start":{"line":110,"column":136},"end":{"line":110,"column":145}}]},"8":{"loc":{"start":{"line":112,"column":109},"end":{"line":112,"column":146}},"type":"binary-expr","locations":[{"start":{"line":112,"column":109},"end":{"line":112,"column":133}},{"start":{"line":112,"column":137},"end":{"line":112,"column":146}}]},"9":{"loc":{"start":{"line":115,"column":29},"end":{"line":115,"column":66}},"type":"binary-expr","locations":[{"start":{"line":115,"column":29},"end":{"line":115,"column":53}},{"start":{"line":115,"column":57},"end":{"line":115,"column":66}}]},"10":{"loc":{"start":{"line":131,"column":4},"end":{"line":131,"column":35}},"type":"if","locations":[{"start":{"line":131,"column":4},"end":{"line":131,"column":35}}]},"11":{"loc":{"start":{"line":134,"column":4},"end":{"line":136,"column":5}},"type":"if","locations":[{"start":{"line":134,"column":4},"end":{"line":136,"column":5}}]},"12":{"loc":{"start":{"line":134,"column":8},"end":{"line":134,"column":84}},"type":"binary-expr","locations":[{"start":{"line":134,"column":8},"end":{"line":134,"column":16}},{"start":{"line":134,"column":20},"end":{"line":134,"column":58}},{"start":{"line":134,"column":62},"end":{"line":134,"column":84}}]},"13":{"loc":{"start":{"line":147,"column":41},"end":{"line":147,"column":56}},"type":"binary-expr","locations":[{"start":{"line":147,"column":41},"end":{"line":147,"column":51}},{"start":{"line":147,"column":55},"end":{"line":147,"column":56}}]},"14":{"loc":{"start":{"line":161,"column":33},"end":{"line":165,"column":24}},"type":"cond-expr","locations":[{"start":{"line":162,"column":10},"end":{"line":162,"column":33}},{"start":{"line":163,"column":11},"end":{"line":165,"column":23}}]},"15":{"loc":{"start":{"line":161,"column":33},"end":{"line":161,"column":114}},"type":"binary-expr","locations":[{"start":{"line":161,"column":33},"end":{"line":161,"column":76}},{"start":{"line":161,"column":80},"end":{"line":161,"column":114}}]},"16":{"loc":{"start":{"line":163,"column":11},"end":{"line":165,"column":23}},"type":"cond-expr","locations":[{"start":{"line":164,"column":14},"end":{"line":164,"column":43}},{"start":{"line":165,"column":14},"end":{"line":165,"column":23}}]},"17":{"loc":{"start":{"line":163,"column":11},"end":{"line":163,"column":125}},"type":"binary-expr","locations":[{"start":{"line":163,"column":11},"end":{"line":163,"column":28}},{"start":{"line":163,"column":32},"end":{"line":163,"column":81}},{"start":{"line":163,"column":85},"end":{"line":163,"column":125}}]},"18":{"loc":{"start":{"line":169,"column":23},"end":{"line":169,"column":101}},"type":"cond-expr","locations":[{"start":{"line":169,"column":71},"end":{"line":169,"column":96}},{"start":{"line":169,"column":99},"end":{"line":169,"column":101}}]},"19":{"loc":{"start":{"line":170,"column":24},"end":{"line":170,"column":103}},"type":"cond-expr","locations":[{"start":{"line":170,"column":73},"end":{"line":170,"column":99}},{"start":{"line":170,"column":102},"end":{"line":170,"column":103}}]},"20":{"loc":{"start":{"line":171,"column":23},"end":{"line":171,"column":105}},"type":"cond-expr","locations":[{"start":{"line":171,"column":72},"end":{"line":171,"column":97}},{"start":{"line":171,"column":100},"end":{"line":171,"column":105}}]},"21":{"loc":{"start":{"line":175,"column":4},"end":{"line":178,"column":5}},"type":"if","locations":[{"start":{"line":175,"column":4},"end":{"line":178,"column":5}}]},"22":{"loc":{"start":{"line":187,"column":40},"end":{"line":187,"column":80}},"type":"binary-expr","locations":[{"start":{"line":187,"column":40},"end":{"line":187,"column":74}},{"start":{"line":187,"column":78},"end":{"line":187,"column":80}}]},"23":{"loc":{"start":{"line":206,"column":8},"end":{"line":229,"column":9}},"type":"if","locations":[{"start":{"line":206,"column":8},"end":{"line":229,"column":9}}]},"24":{"loc":{"start":{"line":236,"column":42},"end":{"line":236,"column":119}},"type":"cond-expr","locations":[{"start":{"line":236,"column":69},"end":{"line":236,"column":100}},{"start":{"line":236,"column":103},"end":{"line":236,"column":119}}]},"25":{"loc":{"start":{"line":250,"column":8},"end":{"line":264,"column":9}},"type":"if","locations":[{"start":{"line":250,"column":8},"end":{"line":264,"column":9}}]},"26":{"loc":{"start":{"line":267,"column":23},"end":{"line":267,"column":71}},"type":"binary-expr","locations":[{"start":{"line":267,"column":23},"end":{"line":267,"column":42}},{"start":{"line":267,"column":46},"end":{"line":267,"column":71}}]},"27":{"loc":{"start":{"line":275,"column":34},"end":{"line":275,"column":85}},"type":"cond-expr","locations":[{"start":{"line":275,"column":48},"end":{"line":275,"column":66}},{"start":{"line":275,"column":69},"end":{"line":275,"column":85}}]},"28":{"loc":{"start":{"line":281,"column":8},"end":{"line":295,"column":9}},"type":"if","locations":[{"start":{"line":281,"column":8},"end":{"line":295,"column":9}}]},"29":{"loc":{"start":{"line":297,"column":8},"end":{"line":312,"column":9}},"type":"if","locations":[{"start":{"line":297,"column":8},"end":{"line":312,"column":9}}]},"30":{"loc":{"start":{"line":331,"column":12},"end":{"line":347,"column":13}},"type":"if","locations":[{"start":{"line":331,"column":12},"end":{"line":347,"column":13}}]},"31":{"loc":{"start":{"line":351,"column":12},"end":{"line":367,"column":13}},"type":"if","locations":[{"start":{"line":351,"column":12},"end":{"line":367,"column":13}}]},"32":{"loc":{"start":{"line":351,"column":16},"end":{"line":351,"column":50}},"type":"binary-expr","locations":[{"start":{"line":351,"column":16},"end":{"line":351,"column":26}},{"start":{"line":351,"column":30},"end":{"line":351,"column":50}}]},"33":{"loc":{"start":{"line":376,"column":42},"end":{"line":376,"column":232}},"type":"cond-expr","locations":[{"start":{"line":376,"column":91},"end":{"line":376,"column":102}},{"start":{"line":376,"column":106},"end":{"line":376,"column":231}}]},"34":{"loc":{"start":{"line":376,"column":42},"end":{"line":376,"column":88}},"type":"binary-expr","locations":[{"start":{"line":376,"column":42},"end":{"line":376,"column":53}},{"start":{"line":376,"column":57},"end":{"line":376,"column":88}}]},"35":{"loc":{"start":{"line":376,"column":106},"end":{"line":376,"column":231}},"type":"cond-expr","locations":[{"start":{"line":376,"column":170},"end":{"line":376,"column":224}},{"start":{"line":376,"column":227},"end":{"line":376,"column":231}}]},"36":{"loc":{"start":{"line":376,"column":106},"end":{"line":376,"column":167}},"type":"binary-expr","locations":[{"start":{"line":376,"column":106},"end":{"line":376,"column":128}},{"start":{"line":376,"column":132},"end":{"line":376,"column":167}}]},"37":{"loc":{"start":{"line":377,"column":12},"end":{"line":380,"column":13}},"type":"if","locations":[{"start":{"line":377,"column":12},"end":{"line":380,"column":13}}]},"38":{"loc":{"start":{"line":384,"column":12},"end":{"line":386,"column":13}},"type":"if","locations":[{"start":{"line":384,"column":12},"end":{"line":386,"column":13}}]},"39":{"loc":{"start":{"line":387,"column":12},"end":{"line":390,"column":13}},"type":"if","locations":[{"start":{"line":387,"column":12},"end":{"line":390,"column":13}}]},"40":{"loc":{"start":{"line":392,"column":12},"end":{"line":424,"column":13}},"type":"switch","locations":[{"start":{"line":393,"column":16},"end":{"line":402,"column":26}},{"start":{"line":403,"column":16},"end":{"line":412,"column":26}},{"start":{"line":413,"column":16},"end":{"line":422,"column":26}}]},"41":{"loc":{"start":{"line":438,"column":49},"end":{"line":438,"column":112}},"type":"cond-expr","locations":[{"start":{"line":438,"column":74},"end":{"line":438,"column":103}},{"start":{"line":438,"column":106},"end":{"line":438,"column":112}}]},"42":{"loc":{"start":{"line":441,"column":12},"end":{"line":522,"column":13}},"type":"if","locations":[{"start":{"line":441,"column":12},"end":{"line":522,"column":13}},{"start":{"line":514,"column":19},"end":{"line":522,"column":13}}]},"43":{"loc":{"start":{"line":443,"column":43},"end":{"line":447,"column":26}},"type":"cond-expr","locations":[{"start":{"line":446,"column":22},"end":{"line":446,"column":84}},{"start":{"line":447,"column":22},"end":{"line":447,"column":26}}]},"44":{"loc":{"start":{"line":443,"column":43},"end":{"line":445,"column":74}},"type":"binary-expr","locations":[{"start":{"line":443,"column":43},"end":{"line":443,"column":78}},{"start":{"line":444,"column":20},"end":{"line":444,"column":42}},{"start":{"line":445,"column":20},"end":{"line":445,"column":74}}]},"45":{"loc":{"start":{"line":446,"column":22},"end":{"line":446,"column":84}},"type":"binary-expr","locations":[{"start":{"line":446,"column":22},"end":{"line":446,"column":76}},{"start":{"line":446,"column":80},"end":{"line":446,"column":84}}]},"46":{"loc":{"start":{"line":457,"column":16},"end":{"line":513,"column":17}},"type":"if","locations":[{"start":{"line":457,"column":16},"end":{"line":513,"column":17}}]},"47":{"loc":{"start":{"line":460,"column":20},"end":{"line":512,"column":21}},"type":"if","locations":[{"start":{"line":460,"column":20},"end":{"line":512,"column":21}},{"start":{"line":508,"column":27},"end":{"line":512,"column":21}}]},"48":{"loc":{"start":{"line":460,"column":24},"end":{"line":460,"column":85}},"type":"binary-expr","locations":[{"start":{"line":460,"column":24},"end":{"line":460,"column":57}},{"start":{"line":460,"column":61},"end":{"line":460,"column":85}}]},"49":{"loc":{"start":{"line":482,"column":24},"end":{"line":494,"column":25}},"type":"if","locations":[{"start":{"line":482,"column":24},"end":{"line":494,"column":25}}]},"50":{"loc":{"start":{"line":516,"column":49},"end":{"line":520,"column":26}},"type":"cond-expr","locations":[{"start":{"line":519,"column":22},"end":{"line":519,"column":76}},{"start":{"line":520,"column":22},"end":{"line":520,"column":26}}]},"51":{"loc":{"start":{"line":516,"column":49},"end":{"line":518,"column":74}},"type":"binary-expr","locations":[{"start":{"line":516,"column":49},"end":{"line":516,"column":84}},{"start":{"line":517,"column":20},"end":{"line":517,"column":42}},{"start":{"line":518,"column":20},"end":{"line":518,"column":74}}]},"52":{"loc":{"start":{"line":521,"column":36},"end":{"line":521,"column":73}},"type":"binary-expr","locations":[{"start":{"line":521,"column":36},"end":{"line":521,"column":60}},{"start":{"line":521,"column":64},"end":{"line":521,"column":73}}]},"53":{"loc":{"start":{"line":525,"column":41},"end":{"line":525,"column":66}},"type":"binary-expr","locations":[{"start":{"line":525,"column":41},"end":{"line":525,"column":58}},{"start":{"line":525,"column":62},"end":{"line":525,"column":66}}]},"54":{"loc":{"start":{"line":535,"column":108},"end":{"line":535,"column":138}},"type":"binary-expr","locations":[{"start":{"line":535,"column":108},"end":{"line":535,"column":125}},{"start":{"line":535,"column":129},"end":{"line":535,"column":138}}]},"55":{"loc":{"start":{"line":539,"column":16},"end":{"line":542,"column":88}},"type":"binary-expr","locations":[{"start":{"line":539,"column":16},"end":{"line":539,"column":33}},{"start":{"line":540,"column":16},"end":{"line":540,"column":47}},{"start":{"line":541,"column":16},"end":{"line":541,"column":38}},{"start":{"line":542,"column":16},"end":{"line":542,"column":88}}]},"56":{"loc":{"start":{"line":544,"column":12},"end":{"line":549,"column":13}},"type":"if","locations":[{"start":{"line":544,"column":12},"end":{"line":549,"column":13}}]},"57":{"loc":{"start":{"line":547,"column":113},"end":{"line":547,"column":143}},"type":"binary-expr","locations":[{"start":{"line":547,"column":113},"end":{"line":547,"column":130}},{"start":{"line":547,"column":134},"end":{"line":547,"column":143}}]},"58":{"loc":{"start":{"line":552,"column":29},"end":{"line":552,"column":59}},"type":"binary-expr","locations":[{"start":{"line":552,"column":29},"end":{"line":552,"column":46}},{"start":{"line":552,"column":50},"end":{"line":552,"column":59}}]},"59":{"loc":{"start":{"line":553,"column":31},"end":{"line":553,"column":119}},"type":"cond-expr","locations":[{"start":{"line":553,"column":84},"end":{"line":553,"column":114}},{"start":{"line":553,"column":117},"end":{"line":553,"column":119}}]},"60":{"loc":{"start":{"line":554,"column":32},"end":{"line":554,"column":105}},"type":"cond-expr","locations":[{"start":{"line":554,"column":72},"end":{"line":554,"column":101}},{"start":{"line":554,"column":104},"end":{"line":554,"column":105}}]},"61":{"loc":{"start":{"line":555,"column":31},"end":{"line":555,"column":109}},"type":"cond-expr","locations":[{"start":{"line":555,"column":78},"end":{"line":555,"column":101}},{"start":{"line":555,"column":104},"end":{"line":555,"column":109}}]},"62":{"loc":{"start":{"line":570,"column":36},"end":{"line":570,"column":90}},"type":"cond-expr","locations":[{"start":{"line":570,"column":61},"end":{"line":570,"column":74}},{"start":{"line":570,"column":77},"end":{"line":570,"column":90}}]}},"s":{"0":1,"1":1,"2":1,"3":1,"4":1,"5":1,"6":1,"7":1,"8":1,"9":1,"10":1,"11":1,"12":1,"13":1,"14":1,"15":0,"16":0,"17":0,"18":0,"19":0,"20":0,"21":0,"22":0,"23":0,"24":0,"25":0,"26":0,"27":0,"28":0,"29":0,"30":0,"31":0,"32":0,"33":0,"34":0,"35":0,"36":0,"37":0,"38":0,"39":0,"40":0,"41":0,"42":0,"43":0,"44":0,"45":0,"46":0,"47":0,"48":2,"49":0,"50":2,"51":2,"52":2,"53":0,"54":1,"55":4,"56":2,"57":2,"58":2,"59":2,"60":0,"61":0,"62":2,"63":6,"64":6,"65":3,"66":2,"67":2,"68":0,"69":0,"70":0,"71":0,"72":0,"73":0,"74":2,"75":2,"76":2,"77":2,"78":2,"79":2,"80":0,"81":0,"82":0,"83":0,"84":0,"85":2,"86":2,"87":2,"88":2,"89":2,"90":0,"91":0,"92":0,"93":0,"94":0,"95":2,"96":0,"97":0,"98":0,"99":0,"100":0,"101":2,"102":2,"103":2,"104":2,"105":0,"106":0,"107":0,"108":0,"109":0,"110":2,"111":2,"112":0,"113":0,"114":0,"115":0,"116":0,"117":2,"118":2,"119":2,"120":2,"121":2,"122":2,"123":2,"124":0,"125":2,"126":2,"127":2,"128":2,"129":0,"130":2,"131":1,"132":1,"133":1,"134":1,"135":1,"136":1,"137":0,"138":0,"139":0,"140":2,"141":2,"142":2,"143":2,"144":2,"145":2,"146":2,"147":0,"148":0,"149":0,"150":0,"151":0,"152":0,"153":0,"154":0,"155":0,"156":0,"157":0,"158":0,"159":0,"160":0,"161":0,"162":0,"163":0,"164":0,"165":0,"166":0,"167":2,"168":2,"169":2,"170":2,"171":2,"172":2,"173":2,"174":2,"175":2,"176":2,"177":2,"178":0,"179":0,"180":0,"181":0},"f":{"0":0,"1":0,"2":0,"3":2,"4":4,"5":2,"6":3,"7":2},"b":{"0":[0],"1":[0],"2":[0],"3":[0,0],"4":[0,0],"5":[0,0],"6":[0,0],"7":[0,0],"8":[0,0],"9":[0,0],"10":[0],"11":[2],"12":[2,2,2],"13":[4,4],"14":[2,0],"15":[2,2],"16":[0,0],"17":[0,0,0],"18":[2,0],"19":[2,0],"20":[2,0],"21":[0],"22":[6,2],"23":[0],"24":[2,0],"25":[0],"26":[2,0],"27":[2,0],"28":[0],"29":[0],"30":[0],"31":[0],"32":[2,2],"33":[2,0],"34":[2,2],"35":[0,0],"36":[0,0],"37":[0],"38":[2],"39":[0],"40":[1,1,0],"41":[2,0],"42":[2,0],"43":[2,0],"44":[2,2,2],"45":[2,0],"46":[0],"47":[0,0],"48":[0,0],"49":[0],"50":[0,0],"51":[0,0,0],"52":[0,0],"53":[2,0],"54":[2,0],"55":[2,0,0,0],"56":[2],"57":[2,0],"58":[2,0],"59":[2,0],"60":[2,0],"61":[2,0],"62":[0,0]}},"/home/aflesch/mathquest/app/backend/src/core/services/toCanonicalTimer.ts":{"path":"/home/aflesch/mathquest/app/backend/src/core/services/toCanonicalTimer.ts","statementMap":{"0":{"start":{"line":13,"column":0},"end":{"line":13,"column":16}},"1":{"start":{"line":22,"column":4},"end":{"line":26,"column":6}}},"fnMap":{"0":{"name":"toCanonicalTimer","decl":{"start":{"line":13,"column":16},"end":{"line":13,"column":32}},"loc":{"start":{"line":15,"column":23},"end":{"line":27,"column":1}}}},"branchMap":{"0":{"loc":{"start":{"line":23,"column":16},"end":{"line":23,"column":39}},"type":"binary-expr","locations":[{"start":{"line":23,"column":16},"end":{"line":23,"column":29}},{"start":{"line":23,"column":33},"end":{"line":23,"column":39}}]},"1":{"loc":{"start":{"line":24,"column":24},"end":{"line":24,"column":50}},"type":"binary-expr","locations":[{"start":{"line":24,"column":24},"end":{"line":24,"column":45}},{"start":{"line":24,"column":49},"end":{"line":24,"column":50}}]},"2":{"loc":{"start":{"line":25,"column":21},"end":{"line":25,"column":52}},"type":"binary-expr","locations":[{"start":{"line":25,"column":21},"end":{"line":25,"column":39}},{"start":{"line":25,"column":43},"end":{"line":25,"column":52}}]}},"s":{"0":1,"1":4},"f":{"0":4},"b":{"0":[4,0],"1":[4,0],"2":[4,0]}},"/home/aflesch/mathquest/app/backend/src/sockets/handlers/teacherControl/lockAnswers.ts":{"path":"/home/aflesch/mathquest/app/backend/src/sockets/handlers/teacherControl/lockAnswers.ts","statementMap":{"0":{"start":{"line":14,"column":0},"end":{"line":14,"column":16}},"1":{"start":{"line":2,"column":0},"end":{"line":2,"column":37}},"2":{"start":{"line":3,"column":0},"end":{"line":3,"column":64}},"3":{"start":{"line":4,"column":0},"end":{"line":4,"column":42}},"4":{"start":{"line":5,"column":0},"end":{"line":5,"column":76}},"5":{"start":{"line":7,"column":0},"end":{"line":7,"column":74}},"6":{"start":{"line":12,"column":15},"end":{"line":12,"column":49}},"7":{"start":{"line":15,"column":4},"end":{"line":180,"column":6}},"8":{"start":{"line":17,"column":28},"end":{"line":17,"column":71}},"9":{"start":{"line":18,"column":8},"end":{"line":41,"column":9}},"10":{"start":{"line":19,"column":33},"end":{"line":19,"column":59}},"11":{"start":{"line":20,"column":12},"end":{"line":25,"column":51}},"12":{"start":{"line":27,"column":47},"end":{"line":31,"column":14}},"13":{"start":{"line":33,"column":12},"end":{"line":33,"column":70}},"14":{"start":{"line":34,"column":12},"end":{"line":39,"column":13}},"15":{"start":{"line":35,"column":16},"end":{"line":38,"column":19}},"16":{"start":{"line":40,"column":12},"end":{"line":40,"column":19}},"17":{"start":{"line":43,"column":29},"end":{"line":43,"column":45}},"18":{"start":{"line":44,"column":37},"end":{"line":44,"column":49}},"19":{"start":{"line":47,"column":29},"end":{"line":52,"column":10}},"20":{"start":{"line":54,"column":8},"end":{"line":67,"column":9}},"21":{"start":{"line":55,"column":12},"end":{"line":55,"column":67}},"22":{"start":{"line":56,"column":12},"end":{"line":59,"column":31}},"23":{"start":{"line":60,"column":12},"end":{"line":65,"column":13}},"24":{"start":{"line":61,"column":16},"end":{"line":64,"column":19}},"25":{"start":{"line":66,"column":12},"end":{"line":66,"column":19}},"26":{"start":{"line":69,"column":23},"end":{"line":69,"column":38}},"27":{"start":{"line":70,"column":23},"end":{"line":70,"column":71}},"28":{"start":{"line":72,"column":8},"end":{"line":84,"column":9}},"29":{"start":{"line":73,"column":12},"end":{"line":76,"column":31}},"30":{"start":{"line":77,"column":12},"end":{"line":82,"column":13}},"31":{"start":{"line":78,"column":16},"end":{"line":81,"column":19}},"32":{"start":{"line":83,"column":12},"end":{"line":83,"column":19}},"33":{"start":{"line":86,"column":8},"end":{"line":86,"column":83}},"34":{"start":{"line":88,"column":8},"end":{"line":170,"column":9}},"35":{"start":{"line":90,"column":31},"end":{"line":91,"column":62}},"36":{"start":{"line":93,"column":12},"end":{"line":106,"column":13}},"37":{"start":{"line":94,"column":16},"end":{"line":94,"column":108}},"38":{"start":{"line":95,"column":16},"end":{"line":98,"column":35}},"39":{"start":{"line":99,"column":16},"end":{"line":104,"column":17}},"40":{"start":{"line":100,"column":20},"end":{"line":103,"column":23}},"41":{"start":{"line":105,"column":16},"end":{"line":105,"column":23}},"42":{"start":{"line":109,"column":30},"end":{"line":109,"column":81}},"43":{"start":{"line":110,"column":12},"end":{"line":122,"column":13}},"44":{"start":{"line":111,"column":16},"end":{"line":114,"column":35}},"45":{"start":{"line":115,"column":16},"end":{"line":120,"column":17}},"46":{"start":{"line":116,"column":20},"end":{"line":119,"column":23}},"47":{"start":{"line":121,"column":16},"end":{"line":121,"column":23}},"48":{"start":{"line":124,"column":30},"end":{"line":124,"column":49}},"49":{"start":{"line":127,"column":12},"end":{"line":127,"column":43}},"50":{"start":{"line":130,"column":12},"end":{"line":130,"column":87}},"51":{"start":{"line":133,"column":34},"end":{"line":133,"column":55}},"52":{"start":{"line":134,"column":29},"end":{"line":134,"column":62}},"53":{"start":{"line":135,"column":35},"end":{"line":135,"column":57}},"54":{"start":{"line":138,"column":12},"end":{"line":140,"column":15}},"55":{"start":{"line":143,"column":12},"end":{"line":145,"column":15}},"56":{"start":{"line":148,"column":12},"end":{"line":150,"column":15}},"57":{"start":{"line":152,"column":12},"end":{"line":152,"column":73}},"58":{"start":{"line":154,"column":12},"end":{"line":154,"column":88}},"59":{"start":{"line":155,"column":12},"end":{"line":159,"column":31}},"60":{"start":{"line":162,"column":12},"end":{"line":168,"column":13}},"61":{"start":{"line":163,"column":16},"end":{"line":167,"column":19}},"62":{"start":{"line":169,"column":12},"end":{"line":169,"column":19}},"63":{"start":{"line":173,"column":8},"end":{"line":179,"column":9}},"64":{"start":{"line":174,"column":12},"end":{"line":178,"column":15}}},"fnMap":{"0":{"name":"lockAnswersHandler","decl":{"start":{"line":14,"column":16},"end":{"line":14,"column":34}},"loc":{"start":{"line":14,"column":69},"end":{"line":181,"column":1}}},"1":{"name":"(anonymous_2)","decl":{"start":{"line":15,"column":11},"end":{"line":15,"column":16}},"loc":{"start":{"line":15,"column":81},"end":{"line":180,"column":5}}}},"branchMap":{"0":{"loc":{"start":{"line":18,"column":8},"end":{"line":41,"column":9}},"type":"if","locations":[{"start":{"line":18,"column":8},"end":{"line":41,"column":9}}]},"1":{"loc":{"start":{"line":34,"column":12},"end":{"line":39,"column":13}},"type":"if","locations":[{"start":{"line":34,"column":12},"end":{"line":39,"column":13}}]},"2":{"loc":{"start":{"line":54,"column":8},"end":{"line":67,"column":9}},"type":"if","locations":[{"start":{"line":54,"column":8},"end":{"line":67,"column":9}}]},"3":{"loc":{"start":{"line":60,"column":12},"end":{"line":65,"column":13}},"type":"if","locations":[{"start":{"line":60,"column":12},"end":{"line":65,"column":13}}]},"4":{"loc":{"start":{"line":70,"column":23},"end":{"line":70,"column":71}},"type":"binary-expr","locations":[{"start":{"line":70,"column":23},"end":{"line":70,"column":42}},{"start":{"line":70,"column":46},"end":{"line":70,"column":71}}]},"5":{"loc":{"start":{"line":72,"column":8},"end":{"line":84,"column":9}},"type":"if","locations":[{"start":{"line":72,"column":8},"end":{"line":84,"column":9}}]},"6":{"loc":{"start":{"line":77,"column":12},"end":{"line":82,"column":13}},"type":"if","locations":[{"start":{"line":77,"column":12},"end":{"line":82,"column":13}}]},"7":{"loc":{"start":{"line":90,"column":31},"end":{"line":91,"column":62}},"type":"binary-expr","locations":[{"start":{"line":90,"column":31},"end":{"line":90,"column":70}},{"start":{"line":91,"column":16},"end":{"line":91,"column":62}}]},"8":{"loc":{"start":{"line":93,"column":12},"end":{"line":106,"column":13}},"type":"if","locations":[{"start":{"line":93,"column":12},"end":{"line":106,"column":13}}]},"9":{"loc":{"start":{"line":99,"column":16},"end":{"line":104,"column":17}},"type":"if","locations":[{"start":{"line":99,"column":16},"end":{"line":104,"column":17}}]},"10":{"loc":{"start":{"line":110,"column":12},"end":{"line":122,"column":13}},"type":"if","locations":[{"start":{"line":110,"column":12},"end":{"line":122,"column":13}}]},"11":{"loc":{"start":{"line":110,"column":16},"end":{"line":110,"column":50}},"type":"binary-expr","locations":[{"start":{"line":110,"column":16},"end":{"line":110,"column":26}},{"start":{"line":110,"column":30},"end":{"line":110,"column":50}}]},"12":{"loc":{"start":{"line":115,"column":16},"end":{"line":120,"column":17}},"type":"if","locations":[{"start":{"line":115,"column":16},"end":{"line":120,"column":17}}]},"13":{"loc":{"start":{"line":158,"column":34},"end":{"line":158,"column":88}},"type":"cond-expr","locations":[{"start":{"line":158,"column":59},"end":{"line":158,"column":72}},{"start":{"line":158,"column":75},"end":{"line":158,"column":88}}]},"14":{"loc":{"start":{"line":162,"column":12},"end":{"line":168,"column":13}},"type":"if","locations":[{"start":{"line":162,"column":12},"end":{"line":168,"column":13}}]},"15":{"loc":{"start":{"line":166,"column":29},"end":{"line":166,"column":83}},"type":"cond-expr","locations":[{"start":{"line":166,"column":54},"end":{"line":166,"column":67}},{"start":{"line":166,"column":70},"end":{"line":166,"column":83}}]},"16":{"loc":{"start":{"line":173,"column":8},"end":{"line":179,"column":9}},"type":"if","locations":[{"start":{"line":173,"column":8},"end":{"line":179,"column":9}}]}},"s":{"0":1,"1":1,"2":1,"3":1,"4":1,"5":1,"6":1,"7":3,"8":0,"9":0,"10":0,"11":0,"12":0,"13":0,"14":0,"15":0,"16":0,"17":0,"18":0,"19":0,"20":0,"21":0,"22":0,"23":0,"24":0,"25":0,"26":0,"27":0,"28":0,"29":0,"30":0,"31":0,"32":0,"33":0,"34":0,"35":0,"36":0,"37":0,"38":0,"39":0,"40":0,"41":0,"42":0,"43":0,"44":0,"45":0,"46":0,"47":0,"48":0,"49":0,"50":0,"51":0,"52":0,"53":0,"54":0,"55":0,"56":0,"57":0,"58":0,"59":0,"60":0,"61":0,"62":0,"63":0,"64":0},"f":{"0":3,"1":0},"b":{"0":[0],"1":[0],"2":[0],"3":[0],"4":[0,0],"5":[0],"6":[0],"7":[0,0],"8":[0],"9":[0],"10":[0],"11":[0,0],"12":[0],"13":[0,0],"14":[0],"15":[0,0],"16":[0]}},"/home/aflesch/mathquest/app/backend/src/sockets/handlers/teacherControl/endGame.ts":{"path":"/home/aflesch/mathquest/app/backend/src/sockets/handlers/teacherControl/endGame.ts","statementMap":{"0":{"start":{"line":14,"column":0},"end":{"line":14,"column":16}},"1":{"start":{"line":2,"column":0},"end":{"line":2,"column":37}},"2":{"start":{"line":3,"column":0},"end":{"line":3,"column":64}},"3":{"start":{"line":4,"column":0},"end":{"line":4,"column":42}},"4":{"start":{"line":5,"column":0},"end":{"line":5,"column":76}},"5":{"start":{"line":7,"column":0},"end":{"line":7,"column":70}},"6":{"start":{"line":12,"column":15},"end":{"line":12,"column":45}},"7":{"start":{"line":15,"column":4},"end":{"line":207,"column":6}},"8":{"start":{"line":17,"column":28},"end":{"line":17,"column":67}},"9":{"start":{"line":18,"column":8},"end":{"line":41,"column":9}},"10":{"start":{"line":19,"column":33},"end":{"line":19,"column":59}},"11":{"start":{"line":20,"column":12},"end":{"line":25,"column":51}},"12":{"start":{"line":27,"column":47},"end":{"line":31,"column":14}},"13":{"start":{"line":33,"column":12},"end":{"line":33,"column":70}},"14":{"start":{"line":34,"column":12},"end":{"line":39,"column":13}},"15":{"start":{"line":35,"column":16},"end":{"line":38,"column":19}},"16":{"start":{"line":40,"column":12},"end":{"line":40,"column":19}},"17":{"start":{"line":43,"column":29},"end":{"line":43,"column":45}},"18":{"start":{"line":44,"column":31},"end":{"line":44,"column":43}},"19":{"start":{"line":47,"column":29},"end":{"line":52,"column":10}},"20":{"start":{"line":54,"column":8},"end":{"line":67,"column":9}},"21":{"start":{"line":55,"column":12},"end":{"line":55,"column":67}},"22":{"start":{"line":56,"column":12},"end":{"line":59,"column":31}},"23":{"start":{"line":60,"column":12},"end":{"line":65,"column":13}},"24":{"start":{"line":61,"column":16},"end":{"line":64,"column":19}},"25":{"start":{"line":66,"column":12},"end":{"line":66,"column":19}},"26":{"start":{"line":69,"column":23},"end":{"line":69,"column":38}},"27":{"start":{"line":70,"column":23},"end":{"line":70,"column":71}},"28":{"start":{"line":72,"column":8},"end":{"line":84,"column":9}},"29":{"start":{"line":73,"column":12},"end":{"line":76,"column":31}},"30":{"start":{"line":77,"column":12},"end":{"line":82,"column":13}},"31":{"start":{"line":78,"column":16},"end":{"line":81,"column":19}},"32":{"start":{"line":83,"column":12},"end":{"line":83,"column":19}},"33":{"start":{"line":86,"column":8},"end":{"line":86,"column":74}},"34":{"start":{"line":88,"column":8},"end":{"line":206,"column":9}},"35":{"start":{"line":90,"column":31},"end":{"line":91,"column":62}},"36":{"start":{"line":93,"column":12},"end":{"line":106,"column":13}},"37":{"start":{"line":94,"column":16},"end":{"line":94,"column":106}},"38":{"start":{"line":95,"column":16},"end":{"line":98,"column":35}},"39":{"start":{"line":99,"column":16},"end":{"line":104,"column":17}},"40":{"start":{"line":100,"column":20},"end":{"line":103,"column":23}},"41":{"start":{"line":105,"column":16},"end":{"line":105,"column":23}},"42":{"start":{"line":109,"column":30},"end":{"line":109,"column":81}},"43":{"start":{"line":110,"column":12},"end":{"line":122,"column":13}},"44":{"start":{"line":111,"column":16},"end":{"line":114,"column":35}},"45":{"start":{"line":115,"column":16},"end":{"line":120,"column":17}},"46":{"start":{"line":116,"column":20},"end":{"line":119,"column":23}},"47":{"start":{"line":121,"column":16},"end":{"line":121,"column":23}},"48":{"start":{"line":124,"column":30},"end":{"line":124,"column":49}},"49":{"start":{"line":127,"column":12},"end":{"line":127,"column":43}},"50":{"start":{"line":130,"column":12},"end":{"line":130,"column":74}},"51":{"start":{"line":133,"column":12},"end":{"line":139,"column":15}},"52":{"start":{"line":142,"column":40},"end":{"line":142,"column":103}},"53":{"start":{"line":143,"column":33},"end":{"line":143,"column":84}},"54":{"start":{"line":144,"column":12},"end":{"line":148,"column":62}},"55":{"start":{"line":150,"column":28},"end":{"line":150,"column":38}},"56":{"start":{"line":153,"column":34},"end":{"line":153,"column":55}},"57":{"start":{"line":154,"column":29},"end":{"line":154,"column":49}},"58":{"start":{"line":155,"column":35},"end":{"line":155,"column":57}},"59":{"start":{"line":158,"column":12},"end":{"line":162,"column":15}},"60":{"start":{"line":165,"column":12},"end":{"line":168,"column":15}},"61":{"start":{"line":172,"column":12},"end":{"line":175,"column":15}},"62":{"start":{"line":176,"column":12},"end":{"line":176,"column":89}},"63":{"start":{"line":178,"column":12},"end":{"line":178,"column":75}},"64":{"start":{"line":181,"column":12},"end":{"line":188,"column":13}},"65":{"start":{"line":182,"column":16},"end":{"line":187,"column":19}},"66":{"start":{"line":191,"column":12},"end":{"line":191,"column":77}},"67":{"start":{"line":192,"column":12},"end":{"line":196,"column":31}},"68":{"start":{"line":199,"column":12},"end":{"line":205,"column":13}},"69":{"start":{"line":200,"column":16},"end":{"line":204,"column":19}}},"fnMap":{"0":{"name":"endGameHandler","decl":{"start":{"line":14,"column":16},"end":{"line":14,"column":30}},"loc":{"start":{"line":14,"column":65},"end":{"line":208,"column":1}}},"1":{"name":"(anonymous_2)","decl":{"start":{"line":15,"column":11},"end":{"line":15,"column":16}},"loc":{"start":{"line":15,"column":77},"end":{"line":207,"column":5}}}},"branchMap":{"0":{"loc":{"start":{"line":18,"column":8},"end":{"line":41,"column":9}},"type":"if","locations":[{"start":{"line":18,"column":8},"end":{"line":41,"column":9}}]},"1":{"loc":{"start":{"line":34,"column":12},"end":{"line":39,"column":13}},"type":"if","locations":[{"start":{"line":34,"column":12},"end":{"line":39,"column":13}}]},"2":{"loc":{"start":{"line":54,"column":8},"end":{"line":67,"column":9}},"type":"if","locations":[{"start":{"line":54,"column":8},"end":{"line":67,"column":9}}]},"3":{"loc":{"start":{"line":60,"column":12},"end":{"line":65,"column":13}},"type":"if","locations":[{"start":{"line":60,"column":12},"end":{"line":65,"column":13}}]},"4":{"loc":{"start":{"line":70,"column":23},"end":{"line":70,"column":71}},"type":"binary-expr","locations":[{"start":{"line":70,"column":23},"end":{"line":70,"column":42}},{"start":{"line":70,"column":46},"end":{"line":70,"column":71}}]},"5":{"loc":{"start":{"line":72,"column":8},"end":{"line":84,"column":9}},"type":"if","locations":[{"start":{"line":72,"column":8},"end":{"line":84,"column":9}}]},"6":{"loc":{"start":{"line":77,"column":12},"end":{"line":82,"column":13}},"type":"if","locations":[{"start":{"line":77,"column":12},"end":{"line":82,"column":13}}]},"7":{"loc":{"start":{"line":90,"column":31},"end":{"line":91,"column":62}},"type":"binary-expr","locations":[{"start":{"line":90,"column":31},"end":{"line":90,"column":70}},{"start":{"line":91,"column":16},"end":{"line":91,"column":62}}]},"8":{"loc":{"start":{"line":93,"column":12},"end":{"line":106,"column":13}},"type":"if","locations":[{"start":{"line":93,"column":12},"end":{"line":106,"column":13}}]},"9":{"loc":{"start":{"line":99,"column":16},"end":{"line":104,"column":17}},"type":"if","locations":[{"start":{"line":99,"column":16},"end":{"line":104,"column":17}}]},"10":{"loc":{"start":{"line":110,"column":12},"end":{"line":122,"column":13}},"type":"if","locations":[{"start":{"line":110,"column":12},"end":{"line":122,"column":13}}]},"11":{"loc":{"start":{"line":110,"column":16},"end":{"line":110,"column":50}},"type":"binary-expr","locations":[{"start":{"line":110,"column":16},"end":{"line":110,"column":26}},{"start":{"line":110,"column":30},"end":{"line":110,"column":50}}]},"12":{"loc":{"start":{"line":115,"column":16},"end":{"line":120,"column":17}},"type":"if","locations":[{"start":{"line":115,"column":16},"end":{"line":120,"column":17}}]},"13":{"loc":{"start":{"line":181,"column":12},"end":{"line":188,"column":13}},"type":"if","locations":[{"start":{"line":181,"column":12},"end":{"line":188,"column":13}}]},"14":{"loc":{"start":{"line":195,"column":34},"end":{"line":195,"column":88}},"type":"cond-expr","locations":[{"start":{"line":195,"column":59},"end":{"line":195,"column":72}},{"start":{"line":195,"column":75},"end":{"line":195,"column":88}}]},"15":{"loc":{"start":{"line":199,"column":12},"end":{"line":205,"column":13}},"type":"if","locations":[{"start":{"line":199,"column":12},"end":{"line":205,"column":13}}]},"16":{"loc":{"start":{"line":203,"column":29},"end":{"line":203,"column":83}},"type":"cond-expr","locations":[{"start":{"line":203,"column":54},"end":{"line":203,"column":67}},{"start":{"line":203,"column":70},"end":{"line":203,"column":83}}]}},"s":{"0":1,"1":1,"2":1,"3":1,"4":1,"5":1,"6":1,"7":3,"8":0,"9":0,"10":0,"11":0,"12":0,"13":0,"14":0,"15":0,"16":0,"17":0,"18":0,"19":0,"20":0,"21":0,"22":0,"23":0,"24":0,"25":0,"26":0,"27":0,"28":0,"29":0,"30":0,"31":0,"32":0,"33":0,"34":0,"35":0,"36":0,"37":0,"38":0,"39":0,"40":0,"41":0,"42":0,"43":0,"44":0,"45":0,"46":0,"47":0,"48":0,"49":0,"50":0,"51":0,"52":0,"53":0,"54":0,"55":0,"56":0,"57":0,"58":0,"59":0,"60":0,"61":0,"62":0,"63":0,"64":0,"65":0,"66":0,"67":0,"68":0,"69":0},"f":{"0":3,"1":0},"b":{"0":[0],"1":[0],"2":[0],"3":[0],"4":[0,0],"5":[0],"6":[0],"7":[0,0],"8":[0],"9":[0],"10":[0],"11":[0,0],"12":[0],"13":[0],"14":[0,0],"15":[0],"16":[0,0]}},"/home/aflesch/mathquest/app/backend/src/sockets/handlers/teacherControl/pauseTimer.ts":{"path":"/home/aflesch/mathquest/app/backend/src/sockets/handlers/teacherControl/pauseTimer.ts","statementMap":{"0":{"start":{"line":74,"column":0},"end":{"line":74,"column":16}},"1":{"start":{"line":2,"column":0},"end":{"line":2,"column":37}},"2":{"start":{"line":3,"column":0},"end":{"line":3,"column":64}},"3":{"start":{"line":4,"column":0},"end":{"line":4,"column":42}},"4":{"start":{"line":5,"column":0},"end":{"line":5,"column":76}},"5":{"start":{"line":7,"column":0},"end":{"line":7,"column":73}},"6":{"start":{"line":9,"column":0},"end":{"line":9,"column":45}},"7":{"start":{"line":10,"column":0},"end":{"line":10,"column":78}},"8":{"start":{"line":11,"column":0},"end":{"line":11,"column":69}},"9":{"start":{"line":12,"column":0},"end":{"line":12,"column":84}},"10":{"start":{"line":15,"column":30},"end":{"line":15,"column":68}},"11":{"start":{"line":18,"column":15},"end":{"line":18,"column":48}},"12":{"start":{"line":22,"column":19},"end":{"line":22,"column":134}},"13":{"start":{"line":23,"column":22},"end":{"line":27,"column":6}},"14":{"start":{"line":28,"column":4},"end":{"line":28,"column":72}},"15":{"start":{"line":29,"column":4},"end":{"line":29,"column":77}},"16":{"start":{"line":30,"column":4},"end":{"line":30,"column":21}},"17":{"start":{"line":43,"column":33},"end":{"line":47,"column":24}},"18":{"start":{"line":48,"column":59},"end":{"line":52,"column":6}},"19":{"start":{"line":53,"column":23},"end":{"line":53,"column":85}},"20":{"start":{"line":54,"column":4},"end":{"line":57,"column":5}},"21":{"start":{"line":55,"column":8},"end":{"line":55,"column":143}},"22":{"start":{"line":56,"column":8},"end":{"line":56,"column":15}},"23":{"start":{"line":58,"column":4},"end":{"line":70,"column":5}},"24":{"start":{"line":59,"column":8},"end":{"line":68,"column":68}},"25":{"start":{"line":69,"column":8},"end":{"line":69,"column":67}},"26":{"start":{"line":75,"column":4},"end":{"line":311,"column":6}},"27":{"start":{"line":77,"column":28},"end":{"line":77,"column":70}},"28":{"start":{"line":78,"column":8},"end":{"line":101,"column":9}},"29":{"start":{"line":79,"column":33},"end":{"line":79,"column":59}},"30":{"start":{"line":80,"column":12},"end":{"line":85,"column":51}},"31":{"start":{"line":87,"column":47},"end":{"line":91,"column":14}},"32":{"start":{"line":93,"column":12},"end":{"line":93,"column":77}},"33":{"start":{"line":94,"column":12},"end":{"line":99,"column":13}},"34":{"start":{"line":95,"column":16},"end":{"line":98,"column":19}},"35":{"start":{"line":100,"column":12},"end":{"line":100,"column":19}},"36":{"start":{"line":103,"column":39},"end":{"line":103,"column":55}},"37":{"start":{"line":104,"column":23},"end":{"line":104,"column":42}},"38":{"start":{"line":107,"column":32},"end":{"line":107,"column":36}},"39":{"start":{"line":108,"column":44},"end":{"line":108,"column":48}},"40":{"start":{"line":110,"column":8},"end":{"line":122,"column":9}},"41":{"start":{"line":111,"column":12},"end":{"line":114,"column":31}},"42":{"start":{"line":115,"column":12},"end":{"line":120,"column":13}},"43":{"start":{"line":116,"column":16},"end":{"line":119,"column":19}},"44":{"start":{"line":121,"column":12},"end":{"line":121,"column":19}},"45":{"start":{"line":124,"column":8},"end":{"line":124,"column":69}},"46":{"start":{"line":126,"column":8},"end":{"line":310,"column":9}},"47":{"start":{"line":128,"column":12},"end":{"line":157,"column":13}},"48":{"start":{"line":129,"column":16},"end":{"line":132,"column":19}},"49":{"start":{"line":133,"column":16},"end":{"line":135,"column":17}},"50":{"start":{"line":134,"column":20},"end":{"line":134,"column":61}},"51":{"start":{"line":136,"column":19},"end":{"line":157,"column":13}},"52":{"start":{"line":137,"column":16},"end":{"line":140,"column":19}},"53":{"start":{"line":141,"column":16},"end":{"line":143,"column":17}},"54":{"start":{"line":142,"column":20},"end":{"line":142,"column":48}},"55":{"start":{"line":145,"column":16},"end":{"line":148,"column":35}},"56":{"start":{"line":149,"column":16},"end":{"line":155,"column":17}},"57":{"start":{"line":150,"column":20},"end":{"line":154,"column":23}},"58":{"start":{"line":156,"column":16},"end":{"line":156,"column":23}},"59":{"start":{"line":159,"column":12},"end":{"line":172,"column":13}},"60":{"start":{"line":160,"column":16},"end":{"line":163,"column":35}},"61":{"start":{"line":164,"column":16},"end":{"line":170,"column":17}},"62":{"start":{"line":165,"column":20},"end":{"line":169,"column":23}},"63":{"start":{"line":171,"column":16},"end":{"line":171,"column":23}},"64":{"start":{"line":175,"column":33},"end":{"line":176,"column":63}},"65":{"start":{"line":178,"column":12},"end":{"line":191,"column":13}},"66":{"start":{"line":179,"column":16},"end":{"line":182,"column":35}},"67":{"start":{"line":183,"column":16},"end":{"line":189,"column":17}},"68":{"start":{"line":184,"column":20},"end":{"line":188,"column":23}},"69":{"start":{"line":190,"column":16},"end":{"line":190,"column":23}},"70":{"start":{"line":194,"column":12},"end":{"line":207,"column":13}},"71":{"start":{"line":195,"column":16},"end":{"line":198,"column":35}},"72":{"start":{"line":199,"column":16},"end":{"line":205,"column":17}},"73":{"start":{"line":200,"column":20},"end":{"line":204,"column":23}},"74":{"start":{"line":206,"column":16},"end":{"line":206,"column":23}},"75":{"start":{"line":210,"column":34},"end":{"line":210,"column":48}},"76":{"start":{"line":213,"column":30},"end":{"line":213,"column":84}},"77":{"start":{"line":214,"column":12},"end":{"line":227,"column":13}},"78":{"start":{"line":215,"column":16},"end":{"line":218,"column":35}},"79":{"start":{"line":219,"column":16},"end":{"line":225,"column":17}},"80":{"start":{"line":220,"column":20},"end":{"line":224,"column":23}},"81":{"start":{"line":226,"column":16},"end":{"line":226,"column":23}},"82":{"start":{"line":229,"column":30},"end":{"line":229,"column":49}},"83":{"start":{"line":232,"column":12},"end":{"line":293,"column":13}},"84":{"start":{"line":234,"column":36},"end":{"line":234,"column":166}},"85":{"start":{"line":237,"column":16},"end":{"line":237,"column":154}},"86":{"start":{"line":241,"column":33},"end":{"line":241,"column":34}},"87":{"start":{"line":242,"column":16},"end":{"line":247,"column":17}},"88":{"start":{"line":243,"column":37},"end":{"line":243,"column":110}},"89":{"start":{"line":244,"column":20},"end":{"line":246,"column":21}},"90":{"start":{"line":245,"column":24},"end":{"line":245,"column":63}},"91":{"start":{"line":248,"column":16},"end":{"line":251,"column":17}},"92":{"start":{"line":249,"column":20},"end":{"line":249,"column":114}},"93":{"start":{"line":252,"column":39},"end":{"line":252,"column":173}},"94":{"start":{"line":255,"column":30},"end":{"line":255,"column":62}},"95":{"start":{"line":258,"column":38},"end":{"line":258,"column":68}},"96":{"start":{"line":259,"column":33},"end":{"line":259,"column":57}},"97":{"start":{"line":260,"column":39},"end":{"line":260,"column":70}},"98":{"start":{"line":261,"column":56},"end":{"line":265,"column":18}},"99":{"start":{"line":266,"column":16},"end":{"line":270,"column":19}},"100":{"start":{"line":273,"column":16},"end":{"line":278,"column":17}},"101":{"start":{"line":274,"column":20},"end":{"line":277,"column":23}},"102":{"start":{"line":280,"column":16},"end":{"line":280,"column":75}},"103":{"start":{"line":281,"column":16},"end":{"line":285,"column":35}},"104":{"start":{"line":286,"column":16},"end":{"line":292,"column":17}},"105":{"start":{"line":287,"column":20},"end":{"line":291,"column":23}},"106":{"start":{"line":295,"column":12},"end":{"line":295,"column":71}},"107":{"start":{"line":296,"column":12},"end":{"line":300,"column":31}},"108":{"start":{"line":303,"column":12},"end":{"line":309,"column":13}},"109":{"start":{"line":304,"column":16},"end":{"line":308,"column":19}},"110":{"start":{"line":313,"column":0},"end":{"line":313,"column":33}}},"fnMap":{"0":{"name":"toCanonicalTimer","decl":{"start":{"line":21,"column":9},"end":{"line":21,"column":25}},"loc":{"start":{"line":21,"column":36},"end":{"line":31,"column":1}}},"1":{"name":"emitCanonicalTimerEvents","decl":{"start":{"line":38,"column":9},"end":{"line":38,"column":33}},"loc":{"start":{"line":41,"column":45},"end":{"line":71,"column":1}}},"2":{"name":"pauseTimerHandler","decl":{"start":{"line":74,"column":16},"end":{"line":74,"column":33}},"loc":{"start":{"line":74,"column":68},"end":{"line":312,"column":1}}},"3":{"name":"(anonymous_4)","decl":{"start":{"line":75,"column":11},"end":{"line":75,"column":16}},"loc":{"start":{"line":75,"column":66},"end":{"line":311,"column":5}}}},"branchMap":{"0":{"loc":{"start":{"line":22,"column":19},"end":{"line":22,"column":134}},"type":"cond-expr","locations":[{"start":{"line":22,"column":114},"end":{"line":22,"column":126}},{"start":{"line":22,"column":129},"end":{"line":22,"column":134}}]},"1":{"loc":{"start":{"line":22,"column":19},"end":{"line":22,"column":111}},"type":"binary-expr","locations":[{"start":{"line":22,"column":19},"end":{"line":22,"column":24}},{"start":{"line":22,"column":28},"end":{"line":22,"column":60}},{"start":{"line":22,"column":64},"end":{"line":22,"column":111}}]},"2":{"loc":{"start":{"line":26,"column":21},"end":{"line":26,"column":123}},"type":"cond-expr","locations":[{"start":{"line":26,"column":94},"end":{"line":26,"column":111}},{"start":{"line":26,"column":114},"end":{"line":26,"column":123}}]},"3":{"loc":{"start":{"line":26,"column":21},"end":{"line":26,"column":91}},"type":"binary-expr","locations":[{"start":{"line":26,"column":21},"end":{"line":26,"column":59}},{"start":{"line":26,"column":63},"end":{"line":26,"column":91}}]},"4":{"loc":{"start":{"line":43,"column":33},"end":{"line":47,"column":24}},"type":"cond-expr","locations":[{"start":{"line":44,"column":10},"end":{"line":44,"column":33}},{"start":{"line":45,"column":11},"end":{"line":47,"column":23}}]},"5":{"loc":{"start":{"line":43,"column":33},"end":{"line":43,"column":114}},"type":"binary-expr","locations":[{"start":{"line":43,"column":33},"end":{"line":43,"column":76}},{"start":{"line":43,"column":80},"end":{"line":43,"column":114}}]},"6":{"loc":{"start":{"line":45,"column":11},"end":{"line":47,"column":23}},"type":"cond-expr","locations":[{"start":{"line":46,"column":14},"end":{"line":46,"column":43}},{"start":{"line":47,"column":14},"end":{"line":47,"column":23}}]},"7":{"loc":{"start":{"line":45,"column":11},"end":{"line":45,"column":125}},"type":"binary-expr","locations":[{"start":{"line":45,"column":11},"end":{"line":45,"column":28}},{"start":{"line":45,"column":32},"end":{"line":45,"column":81}},{"start":{"line":45,"column":85},"end":{"line":45,"column":125}}]},"8":{"loc":{"start":{"line":54,"column":4},"end":{"line":57,"column":5}},"type":"if","locations":[{"start":{"line":54,"column":4},"end":{"line":57,"column":5}}]},"9":{"loc":{"start":{"line":65,"column":40},"end":{"line":65,"column":80}},"type":"binary-expr","locations":[{"start":{"line":65,"column":40},"end":{"line":65,"column":74}},{"start":{"line":65,"column":78},"end":{"line":65,"column":80}}]},"10":{"loc":{"start":{"line":78,"column":8},"end":{"line":101,"column":9}},"type":"if","locations":[{"start":{"line":78,"column":8},"end":{"line":101,"column":9}}]},"11":{"loc":{"start":{"line":94,"column":12},"end":{"line":99,"column":13}},"type":"if","locations":[{"start":{"line":94,"column":12},"end":{"line":99,"column":13}}]},"12":{"loc":{"start":{"line":110,"column":8},"end":{"line":122,"column":9}},"type":"if","locations":[{"start":{"line":110,"column":8},"end":{"line":122,"column":9}}]},"13":{"loc":{"start":{"line":115,"column":12},"end":{"line":120,"column":13}},"type":"if","locations":[{"start":{"line":115,"column":12},"end":{"line":120,"column":13}}]},"14":{"loc":{"start":{"line":128,"column":12},"end":{"line":157,"column":13}},"type":"if","locations":[{"start":{"line":128,"column":12},"end":{"line":157,"column":13}},{"start":{"line":136,"column":19},"end":{"line":157,"column":13}}]},"15":{"loc":{"start":{"line":133,"column":16},"end":{"line":135,"column":17}},"type":"if","locations":[{"start":{"line":133,"column":16},"end":{"line":135,"column":17}}]},"16":{"loc":{"start":{"line":136,"column":19},"end":{"line":157,"column":13}},"type":"if","locations":[{"start":{"line":136,"column":19},"end":{"line":157,"column":13}},{"start":{"line":144,"column":19},"end":{"line":157,"column":13}}]},"17":{"loc":{"start":{"line":141,"column":16},"end":{"line":143,"column":17}},"type":"if","locations":[{"start":{"line":141,"column":16},"end":{"line":143,"column":17}}]},"18":{"loc":{"start":{"line":149,"column":16},"end":{"line":155,"column":17}},"type":"if","locations":[{"start":{"line":149,"column":16},"end":{"line":155,"column":17}}]},"19":{"loc":{"start":{"line":159,"column":12},"end":{"line":172,"column":13}},"type":"if","locations":[{"start":{"line":159,"column":12},"end":{"line":172,"column":13}}]},"20":{"loc":{"start":{"line":164,"column":16},"end":{"line":170,"column":17}},"type":"if","locations":[{"start":{"line":164,"column":16},"end":{"line":170,"column":17}}]},"21":{"loc":{"start":{"line":175,"column":33},"end":{"line":176,"column":63}},"type":"binary-expr","locations":[{"start":{"line":175,"column":33},"end":{"line":175,"column":72}},{"start":{"line":176,"column":16},"end":{"line":176,"column":63}}]},"22":{"loc":{"start":{"line":178,"column":12},"end":{"line":191,"column":13}},"type":"if","locations":[{"start":{"line":178,"column":12},"end":{"line":191,"column":13}}]},"23":{"loc":{"start":{"line":183,"column":16},"end":{"line":189,"column":17}},"type":"if","locations":[{"start":{"line":183,"column":16},"end":{"line":189,"column":17}}]},"24":{"loc":{"start":{"line":194,"column":12},"end":{"line":207,"column":13}},"type":"if","locations":[{"start":{"line":194,"column":12},"end":{"line":207,"column":13}}]},"25":{"loc":{"start":{"line":199,"column":16},"end":{"line":205,"column":17}},"type":"if","locations":[{"start":{"line":199,"column":16},"end":{"line":205,"column":17}}]},"26":{"loc":{"start":{"line":214,"column":12},"end":{"line":227,"column":13}},"type":"if","locations":[{"start":{"line":214,"column":12},"end":{"line":227,"column":13}}]},"27":{"loc":{"start":{"line":214,"column":16},"end":{"line":214,"column":50}},"type":"binary-expr","locations":[{"start":{"line":214,"column":16},"end":{"line":214,"column":26}},{"start":{"line":214,"column":30},"end":{"line":214,"column":50}}]},"28":{"loc":{"start":{"line":219,"column":16},"end":{"line":225,"column":17}},"type":"if","locations":[{"start":{"line":219,"column":16},"end":{"line":225,"column":17}}]},"29":{"loc":{"start":{"line":234,"column":36},"end":{"line":234,"column":166}},"type":"cond-expr","locations":[{"start":{"line":234,"column":100},"end":{"line":234,"column":154}},{"start":{"line":234,"column":157},"end":{"line":234,"column":166}}]},"30":{"loc":{"start":{"line":234,"column":36},"end":{"line":234,"column":97}},"type":"binary-expr","locations":[{"start":{"line":234,"column":36},"end":{"line":234,"column":58}},{"start":{"line":234,"column":62},"end":{"line":234,"column":97}}]},"31":{"loc":{"start":{"line":242,"column":16},"end":{"line":247,"column":17}},"type":"if","locations":[{"start":{"line":242,"column":16},"end":{"line":247,"column":17}}]},"32":{"loc":{"start":{"line":244,"column":20},"end":{"line":246,"column":21}},"type":"if","locations":[{"start":{"line":244,"column":20},"end":{"line":246,"column":21}}]},"33":{"loc":{"start":{"line":244,"column":24},"end":{"line":244,"column":100}},"type":"binary-expr","locations":[{"start":{"line":244,"column":24},"end":{"line":244,"column":32}},{"start":{"line":244,"column":36},"end":{"line":244,"column":74}},{"start":{"line":244,"column":78},"end":{"line":244,"column":100}}]},"34":{"loc":{"start":{"line":248,"column":16},"end":{"line":251,"column":17}},"type":"if","locations":[{"start":{"line":248,"column":16},"end":{"line":251,"column":17}}]},"35":{"loc":{"start":{"line":268,"column":33},"end":{"line":268,"column":63}},"type":"binary-expr","locations":[{"start":{"line":268,"column":33},"end":{"line":268,"column":50}},{"start":{"line":268,"column":54},"end":{"line":268,"column":63}}]},"36":{"loc":{"start":{"line":273,"column":16},"end":{"line":278,"column":17}},"type":"if","locations":[{"start":{"line":273,"column":16},"end":{"line":278,"column":17}}]},"37":{"loc":{"start":{"line":284,"column":38},"end":{"line":284,"column":92}},"type":"cond-expr","locations":[{"start":{"line":284,"column":63},"end":{"line":284,"column":76}},{"start":{"line":284,"column":79},"end":{"line":284,"column":92}}]},"38":{"loc":{"start":{"line":286,"column":16},"end":{"line":292,"column":17}},"type":"if","locations":[{"start":{"line":286,"column":16},"end":{"line":292,"column":17}}]},"39":{"loc":{"start":{"line":290,"column":33},"end":{"line":290,"column":87}},"type":"cond-expr","locations":[{"start":{"line":290,"column":58},"end":{"line":290,"column":71}},{"start":{"line":290,"column":74},"end":{"line":290,"column":87}}]},"40":{"loc":{"start":{"line":299,"column":34},"end":{"line":299,"column":88}},"type":"cond-expr","locations":[{"start":{"line":299,"column":59},"end":{"line":299,"column":72}},{"start":{"line":299,"column":75},"end":{"line":299,"column":88}}]},"41":{"loc":{"start":{"line":303,"column":12},"end":{"line":309,"column":13}},"type":"if","locations":[{"start":{"line":303,"column":12},"end":{"line":309,"column":13}}]},"42":{"loc":{"start":{"line":307,"column":29},"end":{"line":307,"column":83}},"type":"cond-expr","locations":[{"start":{"line":307,"column":54},"end":{"line":307,"column":67}},{"start":{"line":307,"column":70},"end":{"line":307,"column":83}}]}},"s":{"0":1,"1":1,"2":1,"3":1,"4":1,"5":1,"6":1,"7":1,"8":1,"9":1,"10":1,"11":1,"12":0,"13":0,"14":0,"15":0,"16":0,"17":0,"18":0,"19":0,"20":0,"21":0,"22":0,"23":0,"24":0,"25":0,"26":3,"27":0,"28":0,"29":0,"30":0,"31":0,"32":0,"33":0,"34":0,"35":0,"36":0,"37":0,"38":0,"39":0,"40":0,"41":0,"42":0,"43":0,"44":0,"45":0,"46":0,"47":0,"48":0,"49":0,"50":0,"51":0,"52":0,"53":0,"54":0,"55":0,"56":0,"57":0,"58":0,"59":0,"60":0,"61":0,"62":0,"63":0,"64":0,"65":0,"66":0,"67":0,"68":0,"69":0,"70":0,"71":0,"72":0,"73":0,"74":0,"75":0,"76":0,"77":0,"78":0,"79":0,"80":0,"81":0,"82":0,"83":0,"84":0,"85":0,"86":0,"87":0,"88":0,"89":0,"90":0,"91":0,"92":0,"93":0,"94":0,"95":0,"96":0,"97":0,"98":0,"99":0,"100":0,"101":0,"102":0,"103":0,"104":0,"105":0,"106":0,"107":0,"108":0,"109":0,"110":1},"f":{"0":0,"1":0,"2":3,"3":0},"b":{"0":[0,0],"1":[0,0,0],"2":[0,0],"3":[0,0],"4":[0,0],"5":[0,0],"6":[0,0],"7":[0,0,0],"8":[0],"9":[0,0],"10":[0],"11":[0],"12":[0],"13":[0],"14":[0,0],"15":[0],"16":[0,0],"17":[0],"18":[0],"19":[0],"20":[0],"21":[0,0],"22":[0],"23":[0],"24":[0],"25":[0],"26":[0],"27":[0,0],"28":[0],"29":[0,0],"30":[0,0],"31":[0],"32":[0],"33":[0,0,0],"34":[0],"35":[0,0],"36":[0],"37":[0,0],"38":[0],"39":[0,0],"40":[0,0],"41":[0],"42":[0,0]}},"/home/aflesch/mathquest/app/backend/src/sockets/handlers/teacherControl/disconnect.ts":{"path":"/home/aflesch/mathquest/app/backend/src/sockets/handlers/teacherControl/disconnect.ts","statementMap":{"0":{"start":{"line":9,"column":0},"end":{"line":9,"column":16}},"1":{"start":{"line":2,"column":0},"end":{"line":2,"column":45}},"2":{"start":{"line":3,"column":0},"end":{"line":3,"column":42}},"3":{"start":{"line":4,"column":0},"end":{"line":4,"column":45}},"4":{"start":{"line":7,"column":15},"end":{"line":7,"column":48}},"5":{"start":{"line":10,"column":4},"end":{"line":40,"column":6}},"6":{"start":{"line":11,"column":8},"end":{"line":39,"column":9}},"7":{"start":{"line":13,"column":12},"end":{"line":16,"column":13}},"8":{"start":{"line":14,"column":16},"end":{"line":14,"column":153}},"9":{"start":{"line":15,"column":16},"end":{"line":15,"column":23}},"10":{"start":{"line":19,"column":34},"end":{"line":19,"column":80}},"11":{"start":{"line":21,"column":12},"end":{"line":31,"column":13}},"12":{"start":{"line":22,"column":31},"end":{"line":22,"column":72}},"13":{"start":{"line":23,"column":16},"end":{"line":30,"column":17}},"14":{"start":{"line":25,"column":35},"end":{"line":25,"column":68}},"15":{"start":{"line":26,"column":20},"end":{"line":26,"column":104}},"16":{"start":{"line":29,"column":20},"end":{"line":29,"column":59}},"17":{"start":{"line":34,"column":12},"end":{"line":37,"column":13}},"18":{"start":{"line":35,"column":16},"end":{"line":35,"column":133}},"19":{"start":{"line":36,"column":16},"end":{"line":36,"column":23}},"20":{"start":{"line":38,"column":12},"end":{"line":38,"column":83}}},"fnMap":{"0":{"name":"disconnectHandler","decl":{"start":{"line":9,"column":16},"end":{"line":9,"column":33}},"loc":{"start":{"line":9,"column":68},"end":{"line":41,"column":1}}},"1":{"name":"(anonymous_2)","decl":{"start":{"line":10,"column":11},"end":{"line":10,"column":16}},"loc":{"start":{"line":10,"column":22},"end":{"line":40,"column":5}}}},"branchMap":{"0":{"loc":{"start":{"line":13,"column":12},"end":{"line":16,"column":13}},"type":"if","locations":[{"start":{"line":13,"column":12},"end":{"line":16,"column":13}}]},"1":{"loc":{"start":{"line":13,"column":16},"end":{"line":13,"column":78}},"type":"binary-expr","locations":[{"start":{"line":13,"column":16},"end":{"line":13,"column":44}},{"start":{"line":13,"column":48},"end":{"line":13,"column":78}}]},"2":{"loc":{"start":{"line":23,"column":16},"end":{"line":30,"column":17}},"type":"if","locations":[{"start":{"line":23,"column":16},"end":{"line":30,"column":17}}]},"3":{"loc":{"start":{"line":34,"column":12},"end":{"line":37,"column":13}},"type":"if","locations":[{"start":{"line":34,"column":12},"end":{"line":37,"column":13}}]},"4":{"loc":{"start":{"line":34,"column":16},"end":{"line":34,"column":148}},"type":"binary-expr","locations":[{"start":{"line":34,"column":16},"end":{"line":34,"column":38}},{"start":{"line":34,"column":43},"end":{"line":34,"column":89}},{"start":{"line":34,"column":93},"end":{"line":34,"column":147}}]}},"s":{"0":1,"1":1,"2":1,"3":1,"4":1,"5":3,"6":3,"7":3,"8":0,"9":0,"10":3,"11":0,"12":0,"13":0,"14":0,"15":0,"16":0,"17":0,"18":0,"19":0,"20":0},"f":{"0":3,"1":3},"b":{"0":[0],"1":[3,3],"2":[0],"3":[0],"4":[0,0,0]}},"/home/aflesch/mathquest/app/backend/src/sockets/handlers/teacherControl/showCorrectAnswers.ts":{"path":"/home/aflesch/mathquest/app/backend/src/sockets/handlers/teacherControl/showCorrectAnswers.ts","statementMap":{"0":{"start":{"line":15,"column":0},"end":{"line":15,"column":16}},"1":{"start":{"line":2,"column":0},"end":{"line":2,"column":37}},"2":{"start":{"line":3,"column":0},"end":{"line":3,"column":60}},"3":{"start":{"line":5,"column":0},"end":{"line":5,"column":42}},"4":{"start":{"line":6,"column":0},"end":{"line":6,"column":98}},"5":{"start":{"line":9,"column":15},"end":{"line":9,"column":56}},"6":{"start":{"line":16,"column":4},"end":{"line":151,"column":6}},"7":{"start":{"line":17,"column":8},"end":{"line":150,"column":9}},"8":{"start":{"line":18,"column":12},"end":{"line":18,"column":104}},"9":{"start":{"line":20,"column":54},"end":{"line":20,"column":61}},"10":{"start":{"line":24,"column":12},"end":{"line":52,"column":13}},"11":{"start":{"line":25,"column":16},"end":{"line":37,"column":19}},"12":{"start":{"line":38,"column":19},"end":{"line":52,"column":13}},"13":{"start":{"line":39,"column":16},"end":{"line":51,"column":19}},"14":{"start":{"line":54,"column":12},"end":{"line":60,"column":13}},"15":{"start":{"line":55,"column":16},"end":{"line":55,"column":90}},"16":{"start":{"line":56,"column":16},"end":{"line":58,"column":19}},"17":{"start":{"line":59,"column":16},"end":{"line":59,"column":23}},"18":{"start":{"line":63,"column":30},"end":{"line":63,"column":77}},"19":{"start":{"line":64,"column":30},"end":{"line":64,"column":50}},"20":{"start":{"line":65,"column":39},"end":{"line":69,"column":22}},"21":{"start":{"line":71,"column":12},"end":{"line":77,"column":13}},"22":{"start":{"line":72,"column":16},"end":{"line":72,"column":132}},"23":{"start":{"line":73,"column":16},"end":{"line":75,"column":19}},"24":{"start":{"line":76,"column":16},"end":{"line":76,"column":23}},"25":{"start":{"line":80,"column":36},"end":{"line":81,"column":null}},"26":{"start":{"line":81,"column":21},"end":{"line":81,"column":58}},"27":{"start":{"line":84,"column":12},"end":{"line":90,"column":13}},"28":{"start":{"line":85,"column":16},"end":{"line":85,"column":121}},"29":{"start":{"line":86,"column":16},"end":{"line":88,"column":19}},"30":{"start":{"line":89,"column":16},"end":{"line":89,"column":23}},"31":{"start":{"line":92,"column":29},"end":{"line":92,"column":53}},"32":{"start":{"line":95,"column":42},"end":{"line":98,"column":14}},"33":{"start":{"line":101,"column":52},"end":{"line":107,"column":14}},"34":{"start":{"line":110,"column":29},"end":{"line":110,"column":62}},"35":{"start":{"line":111,"column":12},"end":{"line":111,"column":92}},"36":{"start":{"line":113,"column":12},"end":{"line":117,"column":54}},"37":{"start":{"line":120,"column":35},"end":{"line":120,"column":66}},"38":{"start":{"line":121,"column":12},"end":{"line":121,"column":124}},"39":{"start":{"line":124,"column":12},"end":{"line":127,"column":15}},"40":{"start":{"line":129,"column":12},"end":{"line":133,"column":81}},"41":{"start":{"line":138,"column":12},"end":{"line":143,"column":70}},"42":{"start":{"line":146,"column":12},"end":{"line":146,"column":107}},"43":{"start":{"line":147,"column":12},"end":{"line":149,"column":15}}},"fnMap":{"0":{"name":"showCorrectAnswersHandler","decl":{"start":{"line":15,"column":16},"end":{"line":15,"column":41}},"loc":{"start":{"line":15,"column":76},"end":{"line":152,"column":1}}},"1":{"name":"(anonymous_2)","decl":{"start":{"line":16,"column":11},"end":{"line":16,"column":16}},"loc":{"start":{"line":16,"column":56},"end":{"line":151,"column":5}}},"2":{"name":"(anonymous_3)","decl":{"start":{"line":81,"column":16},"end":{"line":81,"column":17}},"loc":{"start":{"line":81,"column":21},"end":{"line":81,"column":58}}}},"branchMap":{"0":{"loc":{"start":{"line":24,"column":12},"end":{"line":52,"column":13}},"type":"if","locations":[{"start":{"line":24,"column":12},"end":{"line":52,"column":13}},{"start":{"line":38,"column":19},"end":{"line":52,"column":13}}]},"1":{"loc":{"start":{"line":38,"column":19},"end":{"line":52,"column":13}},"type":"if","locations":[{"start":{"line":38,"column":19},"end":{"line":52,"column":13}}]},"2":{"loc":{"start":{"line":54,"column":12},"end":{"line":60,"column":13}},"type":"if","locations":[{"start":{"line":54,"column":12},"end":{"line":60,"column":13}}]},"3":{"loc":{"start":{"line":65,"column":39},"end":{"line":69,"column":22}},"type":"cond-expr","locations":[{"start":{"line":68,"column":18},"end":{"line":68,"column":72}},{"start":{"line":69,"column":18},"end":{"line":69,"column":22}}]},"4":{"loc":{"start":{"line":65,"column":39},"end":{"line":67,"column":70}},"type":"binary-expr","locations":[{"start":{"line":65,"column":39},"end":{"line":65,"column":48}},{"start":{"line":65,"column":52},"end":{"line":65,"column":87}},{"start":{"line":66,"column":16},"end":{"line":66,"column":38}},{"start":{"line":67,"column":16},"end":{"line":67,"column":70}}]},"5":{"loc":{"start":{"line":71,"column":12},"end":{"line":77,"column":13}},"type":"if","locations":[{"start":{"line":71,"column":12},"end":{"line":77,"column":13}}]},"6":{"loc":{"start":{"line":84,"column":12},"end":{"line":90,"column":13}},"type":"if","locations":[{"start":{"line":84,"column":12},"end":{"line":90,"column":13}}]},"7":{"loc":{"start":{"line":97,"column":32},"end":{"line":97,"column":61}},"type":"binary-expr","locations":[{"start":{"line":97,"column":32},"end":{"line":97,"column":55}},{"start":{"line":97,"column":59},"end":{"line":97,"column":61}}]},"8":{"loc":{"start":{"line":103,"column":32},"end":{"line":103,"column":61}},"type":"binary-expr","locations":[{"start":{"line":103,"column":32},"end":{"line":103,"column":55}},{"start":{"line":103,"column":59},"end":{"line":103,"column":61}}]}},"s":{"0":1,"1":1,"2":1,"3":1,"4":1,"5":1,"6":3,"7":0,"8":0,"9":0,"10":0,"11":0,"12":0,"13":0,"14":0,"15":0,"16":0,"17":0,"18":0,"19":0,"20":0,"21":0,"22":0,"23":0,"24":0,"25":0,"26":0,"27":0,"28":0,"29":0,"30":0,"31":0,"32":0,"33":0,"34":0,"35":0,"36":0,"37":0,"38":0,"39":0,"40":0,"41":0,"42":0,"43":0},"f":{"0":3,"1":0,"2":0},"b":{"0":[0,0],"1":[0],"2":[0],"3":[0,0],"4":[0,0,0,0],"5":[0],"6":[0],"7":[0,0],"8":[0,0]}},"/home/aflesch/mathquest/app/backend/src/sockets/handlers/teacherControl/toggleProjectionStats.ts":{"path":"/home/aflesch/mathquest/app/backend/src/sockets/handlers/teacherControl/toggleProjectionStats.ts","statementMap":{"0":{"start":{"line":14,"column":0},"end":{"line":14,"column":16}},"1":{"start":{"line":2,"column":0},"end":{"line":2,"column":37}},"2":{"start":{"line":3,"column":0},"end":{"line":3,"column":78}},"3":{"start":{"line":5,"column":0},"end":{"line":5,"column":42}},"4":{"start":{"line":8,"column":15},"end":{"line":8,"column":59}},"5":{"start":{"line":15,"column":4},"end":{"line":66,"column":6}},"6":{"start":{"line":16,"column":8},"end":{"line":65,"column":9}},"7":{"start":{"line":17,"column":12},"end":{"line":17,"column":107}},"8":{"start":{"line":19,"column":60},"end":{"line":19,"column":67}},"9":{"start":{"line":22,"column":12},"end":{"line":28,"column":13}},"10":{"start":{"line":23,"column":16},"end":{"line":23,"column":127}},"11":{"start":{"line":24,"column":16},"end":{"line":26,"column":19}},"12":{"start":{"line":27,"column":16},"end":{"line":27,"column":23}},"13":{"start":{"line":32,"column":12},"end":{"line":40,"column":13}},"14":{"start":{"line":33,"column":16},"end":{"line":35,"column":19}},"15":{"start":{"line":36,"column":19},"end":{"line":40,"column":13}},"16":{"start":{"line":37,"column":16},"end":{"line":39,"column":19}},"17":{"start":{"line":42,"column":12},"end":{"line":48,"column":13}},"18":{"start":{"line":43,"column":16},"end":{"line":43,"column":90}},"19":{"start":{"line":44,"column":16},"end":{"line":46,"column":19}},"20":{"start":{"line":47,"column":16},"end":{"line":47,"column":23}},"21":{"start":{"line":51,"column":43},"end":{"line":55,"column":14}},"22":{"start":{"line":58,"column":12},"end":{"line":58,"column":120}},"23":{"start":{"line":59,"column":12},"end":{"line":59,"column":94}},"24":{"start":{"line":61,"column":12},"end":{"line":61,"column":110}},"25":{"start":{"line":62,"column":12},"end":{"line":64,"column":15}}},"fnMap":{"0":{"name":"toggleProjectionStatsHandler","decl":{"start":{"line":14,"column":16},"end":{"line":14,"column":44}},"loc":{"start":{"line":14,"column":79},"end":{"line":67,"column":1}}},"1":{"name":"(anonymous_2)","decl":{"start":{"line":15,"column":11},"end":{"line":15,"column":16}},"loc":{"start":{"line":15,"column":59},"end":{"line":66,"column":5}}}},"branchMap":{"0":{"loc":{"start":{"line":22,"column":12},"end":{"line":28,"column":13}},"type":"if","locations":[{"start":{"line":22,"column":12},"end":{"line":28,"column":13}}]},"1":{"loc":{"start":{"line":32,"column":12},"end":{"line":40,"column":13}},"type":"if","locations":[{"start":{"line":32,"column":12},"end":{"line":40,"column":13}},{"start":{"line":36,"column":19},"end":{"line":40,"column":13}}]},"2":{"loc":{"start":{"line":36,"column":19},"end":{"line":40,"column":13}},"type":"if","locations":[{"start":{"line":36,"column":19},"end":{"line":40,"column":13}}]},"3":{"loc":{"start":{"line":42,"column":12},"end":{"line":48,"column":13}},"type":"if","locations":[{"start":{"line":42,"column":12},"end":{"line":48,"column":13}}]},"4":{"loc":{"start":{"line":53,"column":23},"end":{"line":53,"column":37}},"type":"cond-expr","locations":[{"start":{"line":53,"column":30},"end":{"line":53,"column":32}},{"start":{"line":53,"column":35},"end":{"line":53,"column":37}}]}},"s":{"0":1,"1":1,"2":1,"3":1,"4":1,"5":3,"6":0,"7":0,"8":0,"9":0,"10":0,"11":0,"12":0,"13":0,"14":0,"15":0,"16":0,"17":0,"18":0,"19":0,"20":0,"21":0,"22":0,"23":0,"24":0,"25":0},"f":{"0":3,"1":0},"b":{"0":[0],"1":[0,0],"2":[0],"3":[0],"4":[0,0]}},"/home/aflesch/mathquest/app/backend/src/sockets/handlers/teacherControl/revealLeaderboardHandler.ts":{"path":"/home/aflesch/mathquest/app/backend/src/sockets/handlers/teacherControl/revealLeaderboardHandler.ts","statementMap":{"0":{"start":{"line":13,"column":0},"end":{"line":13,"column":16}},"1":{"start":{"line":4,"column":0},"end":{"line":4,"column":80}},"2":{"start":{"line":5,"column":0},"end":{"line":5,"column":79}},"3":{"start":{"line":6,"column":0},"end":{"line":6,"column":111}},"4":{"start":{"line":7,"column":0},"end":{"line":7,"column":42}},"5":{"start":{"line":8,"column":0},"end":{"line":8,"column":115}},"6":{"start":{"line":9,"column":0},"end":{"line":9,"column":37}},"7":{"start":{"line":11,"column":15},"end":{"line":11,"column":55}},"8":{"start":{"line":14,"column":4},"end":{"line":49,"column":6}},"9":{"start":{"line":15,"column":8},"end":{"line":15,"column":70}},"10":{"start":{"line":17,"column":28},"end":{"line":17,"column":77}},"11":{"start":{"line":18,"column":8},"end":{"line":21,"column":9}},"12":{"start":{"line":19,"column":12},"end":{"line":19,"column":100}},"13":{"start":{"line":20,"column":12},"end":{"line":20,"column":19}},"14":{"start":{"line":22,"column":31},"end":{"line":22,"column":38}},"15":{"start":{"line":24,"column":29},"end":{"line":27,"column":10}},"16":{"start":{"line":28,"column":8},"end":{"line":31,"column":9}},"17":{"start":{"line":29,"column":12},"end":{"line":29,"column":83}},"18":{"start":{"line":30,"column":12},"end":{"line":30,"column":19}},"19":{"start":{"line":32,"column":23},"end":{"line":32,"column":38}},"20":{"start":{"line":34,"column":72},"end":{"line":34,"column":123}},"21":{"start":{"line":35,"column":8},"end":{"line":38,"column":9}},"22":{"start":{"line":36,"column":12},"end":{"line":36,"column":96}},"23":{"start":{"line":37,"column":12},"end":{"line":37,"column":19}},"24":{"start":{"line":40,"column":35},"end":{"line":40,"column":99}},"25":{"start":{"line":41,"column":8},"end":{"line":44,"column":9}},"26":{"start":{"line":42,"column":12},"end":{"line":42,"column":164}},"27":{"start":{"line":43,"column":12},"end":{"line":43,"column":19}},"28":{"start":{"line":46,"column":8},"end":{"line":46,"column":119}},"29":{"start":{"line":47,"column":8},"end":{"line":47,"column":105}},"30":{"start":{"line":48,"column":8},"end":{"line":48,"column":169}},"31":{"start":{"line":52,"column":0},"end":{"line":52,"column":40}}},"fnMap":{"0":{"name":"revealLeaderboardHandler","decl":{"start":{"line":13,"column":16},"end":{"line":13,"column":40}},"loc":{"start":{"line":13,"column":75},"end":{"line":50,"column":1}}},"1":{"name":"(anonymous_2)","decl":{"start":{"line":14,"column":11},"end":{"line":14,"column":16}},"loc":{"start":{"line":14,"column":55},"end":{"line":49,"column":5}}}},"branchMap":{"0":{"loc":{"start":{"line":18,"column":8},"end":{"line":21,"column":9}},"type":"if","locations":[{"start":{"line":18,"column":8},"end":{"line":21,"column":9}}]},"1":{"loc":{"start":{"line":28,"column":8},"end":{"line":31,"column":9}},"type":"if","locations":[{"start":{"line":28,"column":8},"end":{"line":31,"column":9}}]},"2":{"loc":{"start":{"line":35,"column":8},"end":{"line":38,"column":9}},"type":"if","locations":[{"start":{"line":35,"column":8},"end":{"line":38,"column":9}}]},"3":{"loc":{"start":{"line":41,"column":8},"end":{"line":44,"column":9}},"type":"if","locations":[{"start":{"line":41,"column":8},"end":{"line":44,"column":9}}]}},"s":{"0":1,"1":1,"2":1,"3":1,"4":1,"5":1,"6":1,"7":1,"8":3,"9":0,"10":0,"11":0,"12":0,"13":0,"14":0,"15":0,"16":0,"17":0,"18":0,"19":0,"20":0,"21":0,"22":0,"23":0,"24":0,"25":0,"26":0,"27":0,"28":0,"29":0,"30":0,"31":1},"f":{"0":3,"1":0},"b":{"0":[0],"1":[0],"2":[0],"3":[0]}},"/home/aflesch/mathquest/app/backend/src/core/services/gameParticipant/leaderboardSnapshotService.ts":{"path":"/home/aflesch/mathquest/app/backend/src/core/services/gameParticipant/leaderboardSnapshotService.ts","statementMap":{"0":{"start":{"line":18,"column":0},"end":{"line":18,"column":7}},"1":{"start":{"line":25,"column":0},"end":{"line":25,"column":7}},"2":{"start":{"line":38,"column":0},"end":{"line":38,"column":7}},"3":{"start":{"line":46,"column":0},"end":{"line":46,"column":7}},"4":{"start":{"line":64,"column":0},"end":{"line":64,"column":7}},"5":{"start":{"line":1,"column":0},"end":{"line":1,"column":45}},"6":{"start":{"line":3,"column":0},"end":{"line":3,"column":37}},"7":{"start":{"line":6,"column":36},"end":{"line":6,"column":59}},"8":{"start":{"line":12,"column":4},"end":{"line":12,"column":57}},"9":{"start":{"line":19,"column":4},"end":{"line":19,"column":74}},"10":{"start":{"line":26,"column":16},"end":{"line":26,"column":65}},"11":{"start":{"line":27,"column":4},"end":{"line":27,"column":24}},"12":{"start":{"line":27,"column":14},"end":{"line":27,"column":24}},"13":{"start":{"line":28,"column":4},"end":{"line":32,"column":5}},"14":{"start":{"line":29,"column":8},"end":{"line":29,"column":31}},"15":{"start":{"line":31,"column":8},"end":{"line":31,"column":18}},"16":{"start":{"line":39,"column":4},"end":{"line":39,"column":80}},"17":{"start":{"line":47,"column":21},"end":{"line":47,"column":61}},"18":{"start":{"line":49,"column":4},"end":{"line":49,"column":70}},"19":{"start":{"line":49,"column":27},"end":{"line":49,"column":51}},"20":{"start":{"line":49,"column":54},"end":{"line":49,"column":70}},"21":{"start":{"line":50,"column":36},"end":{"line":55,"column":6}},"22":{"start":{"line":56,"column":20},"end":{"line":56,"column":40}},"23":{"start":{"line":57,"column":4},"end":{"line":57,"column":54}},"24":{"start":{"line":58,"column":4},"end":{"line":58,"column":19}},"25":{"start":{"line":66,"column":25},"end":{"line":69,"column":6}},"26":{"start":{"line":70,"column":4},"end":{"line":70,"column":35}},"27":{"start":{"line":70,"column":23},"end":{"line":70,"column":35}},"28":{"start":{"line":72,"column":24},"end":{"line":80,"column":7}},"29":{"start":{"line":72,"column":49},"end":{"line":80,"column":6}},"30":{"start":{"line":82,"column":4},"end":{"line":82,"column":90}},"31":{"start":{"line":82,"column":31},"end":{"line":82,"column":88}},"32":{"start":{"line":84,"column":5},"end":{"line":84,"column":89}},"33":{"start":{"line":84,"column":64},"end":{"line":84,"column":85}},"34":{"start":{"line":86,"column":4},"end":{"line":86,"column":65}},"35":{"start":{"line":87,"column":4},"end":{"line":87,"column":47}}},"fnMap":{"0":{"name":"getSnapshotKey","decl":{"start":{"line":11,"column":9},"end":{"line":11,"column":23}},"loc":{"start":{"line":11,"column":42},"end":{"line":13,"column":1}}},"1":{"name":"initLeaderboardSnapshot","decl":{"start":{"line":18,"column":22},"end":{"line":18,"column":45}},"loc":{"start":{"line":18,"column":64},"end":{"line":20,"column":1}}},"2":{"name":"getLeaderboardSnapshot","decl":{"start":{"line":25,"column":22},"end":{"line":25,"column":44}},"loc":{"start":{"line":25,"column":63},"end":{"line":33,"column":1}}},"3":{"name":"setLeaderboardSnapshot","decl":{"start":{"line":38,"column":22},"end":{"line":38,"column":44}},"loc":{"start":{"line":38,"column":93},"end":{"line":40,"column":1}}},"4":{"name":"addUserToSnapshot","decl":{"start":{"line":46,"column":22},"end":{"line":46,"column":39}},"loc":{"start":{"line":46,"column":115},"end":{"line":59,"column":1}}},"5":{"name":"(anonymous_5)","decl":{"start":{"line":49,"column":22},"end":{"line":49,"column":23}},"loc":{"start":{"line":49,"column":27},"end":{"line":49,"column":51}}},"6":{"name":"computeFullLeaderboardAndSnapshot","decl":{"start":{"line":64,"column":22},"end":{"line":64,"column":55}},"loc":{"start":{"line":64,"column":74},"end":{"line":88,"column":1}}},"7":{"name":"(anonymous_7)","decl":{"start":{"line":72,"column":41},"end":{"line":72,"column":42}},"loc":{"start":{"line":72,"column":49},"end":{"line":80,"column":6}}},"8":{"name":"(anonymous_8)","decl":{"start":{"line":82,"column":21},"end":{"line":82,"column":22}},"loc":{"start":{"line":82,"column":31},"end":{"line":82,"column":88}}},"9":{"name":"(anonymous_9)","decl":{"start":{"line":84,"column":33},"end":{"line":84,"column":34}},"loc":{"start":{"line":84,"column":61},"end":{"line":84,"column":87}}}},"branchMap":{"0":{"loc":{"start":{"line":27,"column":4},"end":{"line":27,"column":24}},"type":"if","locations":[{"start":{"line":27,"column":4},"end":{"line":27,"column":24}}]},"1":{"loc":{"start":{"line":49,"column":4},"end":{"line":49,"column":70}},"type":"if","locations":[{"start":{"line":49,"column":4},"end":{"line":49,"column":70}}]},"2":{"loc":{"start":{"line":70,"column":4},"end":{"line":70,"column":35}},"type":"if","locations":[{"start":{"line":70,"column":4},"end":{"line":70,"column":35}}]},"3":{"loc":{"start":{"line":74,"column":18},"end":{"line":74,"column":54}},"type":"binary-expr","locations":[{"start":{"line":74,"column":18},"end":{"line":74,"column":34}},{"start":{"line":74,"column":38},"end":{"line":74,"column":54}}]},"4":{"loc":{"start":{"line":75,"column":21},"end":{"line":75,"column":53}},"type":"binary-expr","locations":[{"start":{"line":75,"column":21},"end":{"line":75,"column":40}},{"start":{"line":75,"column":44},"end":{"line":75,"column":53}}]},"5":{"loc":{"start":{"line":76,"column":15},"end":{"line":76,"column":27}},"type":"binary-expr","locations":[{"start":{"line":76,"column":15},"end":{"line":76,"column":22}},{"start":{"line":76,"column":26},"end":{"line":76,"column":27}}]},"6":{"loc":{"start":{"line":82,"column":31},"end":{"line":82,"column":88}},"type":"binary-expr","locations":[{"start":{"line":82,"column":31},"end":{"line":82,"column":48}},{"start":{"line":82,"column":52},"end":{"line":82,"column":88}}]}},"s":{"0":1,"1":1,"2":1,"3":1,"4":1,"5":1,"6":1,"7":1,"8":0,"9":0,"10":0,"11":0,"12":0,"13":0,"14":0,"15":0,"16":0,"17":0,"18":0,"19":0,"20":0,"21":0,"22":0,"23":0,"24":0,"25":0,"26":0,"27":0,"28":0,"29":0,"30":0,"31":0,"32":0,"33":0,"34":0,"35":0},"f":{"0":0,"1":0,"2":0,"3":0,"4":0,"5":0,"6":0,"7":0,"8":0,"9":0},"b":{"0":[0],"1":[0],"2":[0],"3":[0,0],"4":[0,0],"5":[0,0],"6":[0,0]}},"/home/aflesch/mathquest/app/backend/src/sockets/handlers/game/index.ts":{"path":"/home/aflesch/mathquest/app/backend/src/sockets/handlers/game/index.ts","statementMap":{"0":{"start":{"line":15,"column":0},"end":{"line":15,"column":16}},"1":{"start":{"line":2,"column":0},"end":{"line":2,"column":45}},"2":{"start":{"line":3,"column":0},"end":{"line":3,"column":49}},"3":{"start":{"line":4,"column":0},"end":{"line":4,"column":67}},"4":{"start":{"line":5,"column":0},"end":{"line":5,"column":49}},"5":{"start":{"line":6,"column":0},"end":{"line":6,"column":67}},"6":{"start":{"line":7,"column":0},"end":{"line":7,"column":58}},"7":{"start":{"line":8,"column":0},"end":{"line":8,"column":42}},"8":{"start":{"line":10,"column":0},"end":{"line":10,"column":72}},"9":{"start":{"line":11,"column":0},"end":{"line":11,"column":68}},"10":{"start":{"line":13,"column":15},"end":{"line":13,"column":43}},"11":{"start":{"line":16,"column":4},"end":{"line":16,"column":70}},"12":{"start":{"line":19,"column":4},"end":{"line":19,"column":66}},"13":{"start":{"line":22,"column":4},"end":{"line":169,"column":7}},"14":{"start":{"line":23,"column":8},"end":{"line":23,"column":74}},"15":{"start":{"line":26,"column":8},"end":{"line":42,"column":9}},"16":{"start":{"line":28,"column":54},"end":{"line":28,"column":95}},"17":{"start":{"line":29,"column":32},"end":{"line":29,"column":80}},"18":{"start":{"line":30,"column":12},"end":{"line":34,"column":13}},"19":{"start":{"line":31,"column":16},"end":{"line":31,"column":126}},"20":{"start":{"line":32,"column":16},"end":{"line":32,"column":103}},"21":{"start":{"line":33,"column":16},"end":{"line":33,"column":23}},"22":{"start":{"line":35,"column":12},"end":{"line":35,"column":53}},"23":{"start":{"line":36,"column":12},"end":{"line":36,"column":45}},"24":{"start":{"line":37,"column":12},"end":{"line":37,"column":55}},"25":{"start":{"line":39,"column":12},"end":{"line":39,"column":95}},"26":{"start":{"line":40,"column":12},"end":{"line":40,"column":93}},"27":{"start":{"line":41,"column":12},"end":{"line":41,"column":19}},"28":{"start":{"line":45,"column":42},"end":{"line":45,"column":95}},"29":{"start":{"line":46,"column":37},"end":{"line":46,"column":85}},"30":{"start":{"line":47,"column":27},"end":{"line":47,"column":54}},"31":{"start":{"line":48,"column":29},"end":{"line":48,"column":100}},"32":{"start":{"line":48,"column":56},"end":{"line":48,"column":86}},"33":{"start":{"line":51,"column":29},"end":{"line":51,"column":92}},"34":{"start":{"line":52,"column":8},"end":{"line":56,"column":9}},"35":{"start":{"line":53,"column":12},"end":{"line":53,"column":88}},"36":{"start":{"line":54,"column":12},"end":{"line":54,"column":89}},"37":{"start":{"line":55,"column":12},"end":{"line":55,"column":19}},"38":{"start":{"line":59,"column":8},"end":{"line":70,"column":9}},"39":{"start":{"line":62,"column":31},"end":{"line":62,"column":184}},"40":{"start":{"line":63,"column":12},"end":{"line":67,"column":13}},"41":{"start":{"line":64,"column":16},"end":{"line":64,"column":156}},"42":{"start":{"line":66,"column":16},"end":{"line":66,"column":152}},"43":{"start":{"line":69,"column":12},"end":{"line":69,"column":121}},"44":{"start":{"line":71,"column":8},"end":{"line":84,"column":9}},"45":{"start":{"line":73,"column":12},"end":{"line":73,"column":103}},"46":{"start":{"line":74,"column":50},"end":{"line":74,"column":109}},"47":{"start":{"line":75,"column":27},"end":{"line":75,"column":82}},"48":{"start":{"line":76,"column":30},"end":{"line":76,"column":58}},"49":{"start":{"line":77,"column":31},"end":{"line":77,"column":99}},"50":{"start":{"line":78,"column":12},"end":{"line":82,"column":13}},"51":{"start":{"line":79,"column":16},"end":{"line":79,"column":130}},"52":{"start":{"line":80,"column":16},"end":{"line":80,"column":98}},"53":{"start":{"line":81,"column":16},"end":{"line":81,"column":23}},"54":{"start":{"line":83,"column":12},"end":{"line":83,"column":49}},"55":{"start":{"line":87,"column":20},"end":{"line":87,"column":30}},"56":{"start":{"line":88,"column":35},"end":{"line":90,"column":71}},"57":{"start":{"line":91,"column":25},"end":{"line":91,"column":30}},"58":{"start":{"line":92,"column":34},"end":{"line":92,"column":46}},"59":{"start":{"line":93,"column":8},"end":{"line":96,"column":9}},"60":{"start":{"line":94,"column":12},"end":{"line":94,"column":72}},"61":{"start":{"line":95,"column":12},"end":{"line":95,"column":30}},"62":{"start":{"line":99,"column":27},"end":{"line":99,"column":28}},"63":{"start":{"line":100,"column":8},"end":{"line":113,"column":9}},"64":{"start":{"line":102,"column":12},"end":{"line":109,"column":13}},"65":{"start":{"line":103,"column":16},"end":{"line":103,"column":64}},"66":{"start":{"line":105,"column":44},"end":{"line":105,"column":201}},"67":{"start":{"line":106,"column":16},"end":{"line":106,"column":70}},"68":{"start":{"line":108,"column":16},"end":{"line":108,"column":64}},"69":{"start":{"line":110,"column":12},"end":{"line":110,"column":84}},"70":{"start":{"line":112,"column":12},"end":{"line":112,"column":36}},"71":{"start":{"line":114,"column":26},"end":{"line":114,"column":60}},"72":{"start":{"line":116,"column":8},"end":{"line":116,"column":131}},"73":{"start":{"line":117,"column":8},"end":{"line":125,"column":9}},"74":{"start":{"line":119,"column":12},"end":{"line":121,"column":13}},"75":{"start":{"line":120,"column":16},"end":{"line":120,"column":56}},"76":{"start":{"line":122,"column":12},"end":{"line":122,"column":85}},"77":{"start":{"line":123,"column":12},"end":{"line":123,"column":86}},"78":{"start":{"line":124,"column":12},"end":{"line":124,"column":19}},"79":{"start":{"line":128,"column":25},"end":{"line":128,"column":26}},"80":{"start":{"line":129,"column":8},"end":{"line":141,"column":9}},"81":{"start":{"line":130,"column":24},"end":{"line":130,"column":104}},"82":{"start":{"line":130,"column":84},"end":{"line":130,"column":103}},"83":{"start":{"line":131,"column":12},"end":{"line":140,"column":13}},"84":{"start":{"line":133,"column":43},"end":{"line":133,"column":80}},"85":{"start":{"line":134,"column":16},"end":{"line":139,"column":17}},"86":{"start":{"line":135,"column":37},"end":{"line":135,"column":109}},"87":{"start":{"line":136,"column":20},"end":{"line":136,"column":115}},"88":{"start":{"line":136,"column":76},"end":{"line":136,"column":115}},"89":{"start":{"line":142,"column":8},"end":{"line":142,"column":40}},"90":{"start":{"line":142,"column":25},"end":{"line":142,"column":40}},"91":{"start":{"line":144,"column":8},"end":{"line":151,"column":11}},"92":{"start":{"line":153,"column":20},"end":{"line":153,"column":24}},"93":{"start":{"line":154,"column":29},"end":{"line":154,"column":33}},"94":{"start":{"line":155,"column":8},"end":{"line":162,"column":9}},"95":{"start":{"line":156,"column":12},"end":{"line":156,"column":25}},"96":{"start":{"line":157,"column":12},"end":{"line":157,"column":34}},"97":{"start":{"line":158,"column":15},"end":{"line":162,"column":9}},"98":{"start":{"line":159,"column":12},"end":{"line":159,"column":136}},"99":{"start":{"line":161,"column":12},"end":{"line":161,"column":137}},"100":{"start":{"line":163,"column":8},"end":{"line":163,"column":69}},"101":{"start":{"line":164,"column":8},"end":{"line":164,"column":61}},"102":{"start":{"line":165,"column":8},"end":{"line":165,"column":77}},"103":{"start":{"line":166,"column":24},"end":{"line":166,"column":108}},"104":{"start":{"line":168,"column":8},"end":{"line":168,"column":63}},"105":{"start":{"line":171,"column":4},"end":{"line":171,"column":88}},"106":{"start":{"line":172,"column":4},"end":{"line":172,"column":89}},"107":{"start":{"line":173,"column":4},"end":{"line":173,"column":59}},"108":{"start":{"line":176,"column":4},"end":{"line":266,"column":7}},"109":{"start":{"line":178,"column":28},"end":{"line":178,"column":69}},"110":{"start":{"line":179,"column":8},"end":{"line":196,"column":9}},"111":{"start":{"line":180,"column":33},"end":{"line":180,"column":59}},"112":{"start":{"line":181,"column":12},"end":{"line":186,"column":51}},"113":{"start":{"line":188,"column":47},"end":{"line":192,"column":14}},"114":{"start":{"line":194,"column":12},"end":{"line":194,"column":62}},"115":{"start":{"line":195,"column":12},"end":{"line":195,"column":19}},"116":{"start":{"line":198,"column":39},"end":{"line":198,"column":55}},"117":{"start":{"line":199,"column":8},"end":{"line":199,"column":94}},"118":{"start":{"line":201,"column":8},"end":{"line":265,"column":9}},"119":{"start":{"line":202,"column":35},"end":{"line":202,"column":71}},"120":{"start":{"line":202,"column":36},"end":{"line":202,"column":63}},"121":{"start":{"line":203,"column":33},"end":{"line":215,"column":14}},"122":{"start":{"line":217,"column":12},"end":{"line":221,"column":13}},"123":{"start":{"line":218,"column":16},"end":{"line":218,"column":104}},"124":{"start":{"line":219,"column":16},"end":{"line":219,"column":120}},"125":{"start":{"line":220,"column":16},"end":{"line":220,"column":23}},"126":{"start":{"line":223,"column":12},"end":{"line":227,"column":13}},"127":{"start":{"line":224,"column":16},"end":{"line":224,"column":126}},"128":{"start":{"line":225,"column":16},"end":{"line":225,"column":126}},"129":{"start":{"line":226,"column":16},"end":{"line":226,"column":23}},"130":{"start":{"line":230,"column":12},"end":{"line":233,"column":15}},"131":{"start":{"line":236,"column":12},"end":{"line":240,"column":13}},"132":{"start":{"line":237,"column":16},"end":{"line":237,"column":93}},"133":{"start":{"line":238,"column":16},"end":{"line":238,"column":121}},"134":{"start":{"line":239,"column":16},"end":{"line":239,"column":23}},"135":{"start":{"line":243,"column":44},"end":{"line":243,"column":82}},"136":{"start":{"line":244,"column":34},"end":{"line":244,"column":66}},"137":{"start":{"line":247,"column":12},"end":{"line":247,"column":107}},"138":{"start":{"line":250,"column":48},"end":{"line":250,"column":102}},"139":{"start":{"line":251,"column":37},"end":{"line":251,"column":75}},"140":{"start":{"line":254,"column":12},"end":{"line":260,"column":15}},"141":{"start":{"line":263,"column":12},"end":{"line":263,"column":93}},"142":{"start":{"line":264,"column":12},"end":{"line":264,"column":128}},"143":{"start":{"line":269,"column":0},"end":{"line":269,"column":9}},"144":{"start":{"line":269,"column":9},"end":{"line":269,"column":65}}},"fnMap":{"0":{"name":"registerGameHandlers","decl":{"start":{"line":15,"column":16},"end":{"line":15,"column":36}},"loc":{"start":{"line":15,"column":71},"end":{"line":267,"column":1}}},"1":{"name":"(anonymous_11)","decl":{"start":{"line":22,"column":39},"end":{"line":22,"column":44}},"loc":{"start":{"line":22,"column":57},"end":{"line":169,"column":5}}},"2":{"name":"(anonymous_12)","decl":{"start":{"line":28,"column":54},"end":{"line":28,"column":67}},"loc":{"start":{"line":28,"column":54},"end":{"line":28,"column":95}}},"3":{"name":"(anonymous_13)","decl":{"start":{"line":45,"column":42},"end":{"line":45,"column":55}},"loc":{"start":{"line":45,"column":42},"end":{"line":45,"column":95}}},"4":{"name":"(anonymous_14)","decl":{"start":{"line":46,"column":37},"end":{"line":46,"column":50}},"loc":{"start":{"line":46,"column":37},"end":{"line":46,"column":85}}},"5":{"name":"(anonymous_15)","decl":{"start":{"line":47,"column":27},"end":{"line":47,"column":40}},"loc":{"start":{"line":47,"column":27},"end":{"line":47,"column":54}}},"6":{"name":"(anonymous_16)","decl":{"start":{"line":48,"column":56},"end":{"line":48,"column":69}},"loc":{"start":{"line":48,"column":56},"end":{"line":48,"column":86}}},"7":{"name":"(anonymous_17)","decl":{"start":{"line":74,"column":50},"end":{"line":74,"column":63}},"loc":{"start":{"line":74,"column":50},"end":{"line":74,"column":109}}},"8":{"name":"(anonymous_18)","decl":{"start":{"line":130,"column":67},"end":{"line":130,"column":68}},"loc":{"start":{"line":130,"column":84},"end":{"line":130,"column":103}}},"9":{"name":"(anonymous_19)","decl":{"start":{"line":176,"column":38},"end":{"line":176,"column":43}},"loc":{"start":{"line":176,"column":61},"end":{"line":266,"column":5}}},"10":{"name":"(anonymous_20)","decl":{"start":{"line":202,"column":36},"end":{"line":202,"column":49}},"loc":{"start":{"line":202,"column":36},"end":{"line":202,"column":63}}},"11":{"name":"(anonymous_21)","decl":{"start":{"line":250,"column":48},"end":{"line":250,"column":61}},"loc":{"start":{"line":250,"column":48},"end":{"line":250,"column":102}}},"12":{"name":"(anonymous_22)","decl":{"start":{"line":269,"column":9},"end":{"line":269,"column":35}},"loc":{"start":{"line":269,"column":9},"end":{"line":269,"column":65}}}},"branchMap":{"0":{"loc":{"start":{"line":30,"column":12},"end":{"line":34,"column":13}},"type":"if","locations":[{"start":{"line":30,"column":12},"end":{"line":34,"column":13}}]},"1":{"loc":{"start":{"line":52,"column":8},"end":{"line":56,"column":9}},"type":"if","locations":[{"start":{"line":52,"column":8},"end":{"line":56,"column":9}}]},"2":{"loc":{"start":{"line":59,"column":8},"end":{"line":70,"column":9}},"type":"if","locations":[{"start":{"line":59,"column":8},"end":{"line":70,"column":9}},{"start":{"line":68,"column":15},"end":{"line":70,"column":9}}]},"3":{"loc":{"start":{"line":62,"column":34},"end":{"line":62,"column":183}},"type":"binary-expr","locations":[{"start":{"line":62,"column":34},"end":{"line":62,"column":68}},{"start":{"line":62,"column":72},"end":{"line":62,"column":104}},{"start":{"line":62,"column":108},"end":{"line":62,"column":143}},{"start":{"line":62,"column":147},"end":{"line":62,"column":154}},{"start":{"line":62,"column":158},"end":{"line":62,"column":183}}]},"4":{"loc":{"start":{"line":63,"column":12},"end":{"line":67,"column":13}},"type":"if","locations":[{"start":{"line":63,"column":12},"end":{"line":67,"column":13}},{"start":{"line":65,"column":19},"end":{"line":67,"column":13}}]},"5":{"loc":{"start":{"line":63,"column":16},"end":{"line":63,"column":88}},"type":"binary-expr","locations":[{"start":{"line":63,"column":16},"end":{"line":63,"column":26}},{"start":{"line":63,"column":31},"end":{"line":63,"column":58}},{"start":{"line":63,"column":62},"end":{"line":63,"column":87}}]},"6":{"loc":{"start":{"line":71,"column":8},"end":{"line":84,"column":9}},"type":"if","locations":[{"start":{"line":71,"column":8},"end":{"line":84,"column":9}}]},"7":{"loc":{"start":{"line":75,"column":27},"end":{"line":75,"column":82}},"type":"binary-expr","locations":[{"start":{"line":75,"column":27},"end":{"line":75,"column":44}},{"start":{"line":75,"column":48},"end":{"line":75,"column":82}}]},"8":{"loc":{"start":{"line":76,"column":30},"end":{"line":76,"column":58}},"type":"binary-expr","locations":[{"start":{"line":76,"column":30},"end":{"line":76,"column":50}},{"start":{"line":76,"column":54},"end":{"line":76,"column":58}}]},"9":{"loc":{"start":{"line":78,"column":12},"end":{"line":82,"column":13}},"type":"if","locations":[{"start":{"line":78,"column":12},"end":{"line":82,"column":13}}]},"10":{"loc":{"start":{"line":78,"column":16},"end":{"line":78,"column":62}},"type":"binary-expr","locations":[{"start":{"line":78,"column":16},"end":{"line":78,"column":35}},{"start":{"line":78,"column":39},"end":{"line":78,"column":62}}]},"11":{"loc":{"start":{"line":88,"column":35},"end":{"line":90,"column":71}},"type":"binary-expr","locations":[{"start":{"line":88,"column":35},"end":{"line":88,"column":69}},{"start":{"line":88,"column":73},"end":{"line":88,"column":105}},{"start":{"line":89,"column":12},"end":{"line":89,"column":73}},{"start":{"line":90,"column":12},"end":{"line":90,"column":71}}]},"12":{"loc":{"start":{"line":93,"column":8},"end":{"line":96,"column":9}},"type":"if","locations":[{"start":{"line":93,"column":8},"end":{"line":96,"column":9}}]},"13":{"loc":{"start":{"line":93,"column":12},"end":{"line":93,"column":111}},"type":"binary-expr","locations":[{"start":{"line":93,"column":12},"end":{"line":93,"column":50}},{"start":{"line":93,"column":54},"end":{"line":93,"column":89}},{"start":{"line":93,"column":93},"end":{"line":93,"column":111}}]},"14":{"loc":{"start":{"line":100,"column":8},"end":{"line":113,"column":9}},"type":"if","locations":[{"start":{"line":100,"column":8},"end":{"line":113,"column":9}},{"start":{"line":111,"column":15},"end":{"line":113,"column":9}}]},"15":{"loc":{"start":{"line":100,"column":12},"end":{"line":100,"column":114}},"type":"binary-expr","locations":[{"start":{"line":100,"column":12},"end":{"line":100,"column":22}},{"start":{"line":100,"column":27},"end":{"line":100,"column":65}},{"start":{"line":100,"column":69},"end":{"line":100,"column":113}}]},"16":{"loc":{"start":{"line":102,"column":12},"end":{"line":109,"column":13}},"type":"if","locations":[{"start":{"line":102,"column":12},"end":{"line":109,"column":13}},{"start":{"line":104,"column":19},"end":{"line":109,"column":13}}]},"17":{"loc":{"start":{"line":106,"column":31},"end":{"line":106,"column":69}},"type":"binary-expr","locations":[{"start":{"line":106,"column":31},"end":{"line":106,"column":64}},{"start":{"line":106,"column":68},"end":{"line":106,"column":69}}]},"18":{"loc":{"start":{"line":117,"column":8},"end":{"line":125,"column":9}},"type":"if","locations":[{"start":{"line":117,"column":8},"end":{"line":125,"column":9}}]},"19":{"loc":{"start":{"line":119,"column":12},"end":{"line":121,"column":13}},"type":"if","locations":[{"start":{"line":119,"column":12},"end":{"line":121,"column":13}}]},"20":{"loc":{"start":{"line":119,"column":16},"end":{"line":119,"column":62}},"type":"binary-expr","locations":[{"start":{"line":119,"column":16},"end":{"line":119,"column":26}},{"start":{"line":119,"column":30},"end":{"line":119,"column":62}}]},"21":{"loc":{"start":{"line":129,"column":8},"end":{"line":141,"column":9}},"type":"if","locations":[{"start":{"line":129,"column":8},"end":{"line":141,"column":9}}]},"22":{"loc":{"start":{"line":129,"column":12},"end":{"line":129,"column":95}},"type":"binary-expr","locations":[{"start":{"line":129,"column":12},"end":{"line":129,"column":21}},{"start":{"line":129,"column":25},"end":{"line":129,"column":44}},{"start":{"line":129,"column":48},"end":{"line":129,"column":95}}]},"23":{"loc":{"start":{"line":131,"column":12},"end":{"line":140,"column":13}},"type":"if","locations":[{"start":{"line":131,"column":12},"end":{"line":140,"column":13}}]},"24":{"loc":{"start":{"line":131,"column":16},"end":{"line":131,"column":77}},"type":"binary-expr","locations":[{"start":{"line":131,"column":16},"end":{"line":131,"column":26}},{"start":{"line":131,"column":30},"end":{"line":131,"column":77}}]},"25":{"loc":{"start":{"line":136,"column":20},"end":{"line":136,"column":115}},"type":"if","locations":[{"start":{"line":136,"column":20},"end":{"line":136,"column":115}}]},"26":{"loc":{"start":{"line":136,"column":24},"end":{"line":136,"column":74}},"type":"binary-expr","locations":[{"start":{"line":136,"column":24},"end":{"line":136,"column":32}},{"start":{"line":136,"column":36},"end":{"line":136,"column":74}}]},"27":{"loc":{"start":{"line":142,"column":8},"end":{"line":142,"column":40}},"type":"if","locations":[{"start":{"line":142,"column":8},"end":{"line":142,"column":40}}]},"28":{"loc":{"start":{"line":155,"column":8},"end":{"line":162,"column":9}},"type":"if","locations":[{"start":{"line":155,"column":8},"end":{"line":162,"column":9}},{"start":{"line":158,"column":15},"end":{"line":162,"column":9}}]},"29":{"loc":{"start":{"line":158,"column":15},"end":{"line":162,"column":9}},"type":"if","locations":[{"start":{"line":158,"column":15},"end":{"line":162,"column":9}},{"start":{"line":160,"column":15},"end":{"line":162,"column":9}}]},"30":{"loc":{"start":{"line":158,"column":19},"end":{"line":158,"column":121}},"type":"binary-expr","locations":[{"start":{"line":158,"column":19},"end":{"line":158,"column":29}},{"start":{"line":158,"column":34},"end":{"line":158,"column":72}},{"start":{"line":158,"column":76},"end":{"line":158,"column":120}}]},"31":{"loc":{"start":{"line":179,"column":8},"end":{"line":196,"column":9}},"type":"if","locations":[{"start":{"line":179,"column":8},"end":{"line":196,"column":9}}]},"32":{"loc":{"start":{"line":217,"column":12},"end":{"line":221,"column":13}},"type":"if","locations":[{"start":{"line":217,"column":12},"end":{"line":221,"column":13}}]},"33":{"loc":{"start":{"line":217,"column":16},"end":{"line":217,"column":59}},"type":"binary-expr","locations":[{"start":{"line":217,"column":16},"end":{"line":217,"column":29}},{"start":{"line":217,"column":33},"end":{"line":217,"column":59}}]},"34":{"loc":{"start":{"line":223,"column":12},"end":{"line":227,"column":13}},"type":"if","locations":[{"start":{"line":223,"column":12},"end":{"line":227,"column":13}}]},"35":{"loc":{"start":{"line":236,"column":12},"end":{"line":240,"column":13}},"type":"if","locations":[{"start":{"line":236,"column":12},"end":{"line":240,"column":13}}]},"36":{"loc":{"start":{"line":256,"column":23},"end":{"line":256,"column":52}},"type":"binary-expr","locations":[{"start":{"line":256,"column":23},"end":{"line":256,"column":46}},{"start":{"line":256,"column":50},"end":{"line":256,"column":52}}]}},"s":{"0":1,"1":1,"2":1,"3":1,"4":1,"5":1,"6":1,"7":1,"8":1,"9":1,"10":1,"11":3,"12":3,"13":3,"14":0,"15":0,"16":0,"17":0,"18":0,"19":0,"20":0,"21":0,"22":0,"23":0,"24":0,"25":0,"26":0,"27":0,"28":0,"29":0,"30":0,"31":0,"32":0,"33":0,"34":0,"35":0,"36":0,"37":0,"38":0,"39":0,"40":0,"41":0,"42":0,"43":0,"44":0,"45":0,"46":0,"47":0,"48":0,"49":0,"50":0,"51":0,"52":0,"53":0,"54":0,"55":0,"56":0,"57":0,"58":0,"59":0,"60":0,"61":0,"62":0,"63":0,"64":0,"65":0,"66":0,"67":0,"68":0,"69":0,"70":0,"71":0,"72":0,"73":0,"74":0,"75":0,"76":0,"77":0,"78":0,"79":0,"80":0,"81":0,"82":0,"83":0,"84":0,"85":0,"86":0,"87":0,"88":0,"89":0,"90":0,"91":0,"92":0,"93":0,"94":0,"95":0,"96":0,"97":0,"98":0,"99":0,"100":0,"101":0,"102":0,"103":0,"104":0,"105":3,"106":3,"107":3,"108":3,"109":0,"110":0,"111":0,"112":0,"113":0,"114":0,"115":0,"116":0,"117":0,"118":0,"119":0,"120":0,"121":0,"122":0,"123":0,"124":0,"125":0,"126":0,"127":0,"128":0,"129":0,"130":0,"131":0,"132":0,"133":0,"134":0,"135":0,"136":0,"137":0,"138":0,"139":0,"140":0,"141":0,"142":0,"143":1,"144":1},"f":{"0":3,"1":0,"2":0,"3":0,"4":0,"5":0,"6":0,"7":0,"8":0,"9":0,"10":0,"11":0,"12":0},"b":{"0":[0],"1":[0],"2":[0,0],"3":[0,0,0,0,0],"4":[0,0],"5":[0,0,0],"6":[0],"7":[0,0],"8":[0,0],"9":[0],"10":[0,0],"11":[0,0,0,0],"12":[0],"13":[0,0,0],"14":[0,0],"15":[0,0,0],"16":[0,0],"17":[0,0],"18":[0],"19":[0],"20":[0,0],"21":[0],"22":[0,0,0],"23":[0],"24":[0,0],"25":[0],"26":[0,0],"27":[0],"28":[0,0],"29":[0,0],"30":[0,0,0],"31":[0],"32":[0],"33":[0,0],"34":[0],"35":[0],"36":[0,0]}},"/home/aflesch/mathquest/app/backend/src/sockets/handlers/game/joinGame.ts":{"path":"/home/aflesch/mathquest/app/backend/src/sockets/handlers/game/joinGame.ts","statementMap":{"0":{"start":{"line":43,"column":0},"end":{"line":43,"column":16}},"1":{"start":{"line":2,"column":0},"end":{"line":2,"column":37}},"2":{"start":{"line":3,"column":0},"end":{"line":3,"column":42}},"3":{"start":{"line":4,"column":0},"end":{"line":4,"column":45}},"4":{"start":{"line":6,"column":0},"end":{"line":6,"column":77}},"5":{"start":{"line":7,"column":0},"end":{"line":7,"column":87}},"6":{"start":{"line":8,"column":0},"end":{"line":8,"column":60}},"7":{"start":{"line":17,"column":0},"end":{"line":17,"column":null}},"8":{"start":{"line":28,"column":0},"end":{"line":28,"column":62}},"9":{"start":{"line":29,"column":0},"end":{"line":29,"column":90}},"10":{"start":{"line":30,"column":0},"end":{"line":30,"column":90}},"11":{"start":{"line":31,"column":0},"end":{"line":31,"column":84}},"12":{"start":{"line":33,"column":15},"end":{"line":33,"column":46}},"13":{"start":{"line":48,"column":4},"end":{"line":476,"column":6}},"14":{"start":{"line":49,"column":8},"end":{"line":49,"column":64}},"15":{"start":{"line":51,"column":28},"end":{"line":51,"column":68}},"16":{"start":{"line":52,"column":8},"end":{"line":52,"column":83}},"17":{"start":{"line":53,"column":8},"end":{"line":61,"column":9}},"18":{"start":{"line":54,"column":47},"end":{"line":57,"column":14}},"19":{"start":{"line":58,"column":12},"end":{"line":58,"column":88}},"20":{"start":{"line":59,"column":12},"end":{"line":59,"column":76}},"21":{"start":{"line":60,"column":12},"end":{"line":60,"column":19}},"22":{"start":{"line":62,"column":62},"end":{"line":62,"column":78}},"23":{"start":{"line":65,"column":8},"end":{"line":91,"column":9}},"24":{"start":{"line":66,"column":12},"end":{"line":66,"column":84}},"25":{"start":{"line":70,"column":37},"end":{"line":70,"column":57}},"26":{"start":{"line":71,"column":12},"end":{"line":71,"column":48}},"27":{"start":{"line":72,"column":12},"end":{"line":72,"column":59}},"28":{"start":{"line":74,"column":12},"end":{"line":74,"column":99}},"29":{"start":{"line":75,"column":57},"end":{"line":86,"column":14}},"30":{"start":{"line":88,"column":12},"end":{"line":88,"column":89}},"31":{"start":{"line":89,"column":12},"end":{"line":89,"column":82}},"32":{"start":{"line":90,"column":12},"end":{"line":90,"column":19}},"33":{"start":{"line":93,"column":8},"end":{"line":475,"column":9}},"34":{"start":{"line":94,"column":12},"end":{"line":94,"column":99}},"35":{"start":{"line":95,"column":33},"end":{"line":106,"column":14}},"36":{"start":{"line":107,"column":12},"end":{"line":107,"column":76}},"37":{"start":{"line":108,"column":12},"end":{"line":113,"column":13}},"38":{"start":{"line":109,"column":51},"end":{"line":109,"column":81}},"39":{"start":{"line":110,"column":16},"end":{"line":110,"column":85}},"40":{"start":{"line":111,"column":16},"end":{"line":111,"column":80}},"41":{"start":{"line":112,"column":16},"end":{"line":112,"column":23}},"42":{"start":{"line":114,"column":24},"end":{"line":114,"column":34}},"43":{"start":{"line":115,"column":25},"end":{"line":115,"column":113}},"44":{"start":{"line":116,"column":23},"end":{"line":116,"column":107}},"45":{"start":{"line":117,"column":12},"end":{"line":143,"column":13}},"46":{"start":{"line":118,"column":41},"end":{"line":118,"column":85}},"47":{"start":{"line":119,"column":16},"end":{"line":119,"column":94}},"48":{"start":{"line":120,"column":16},"end":{"line":125,"column":17}},"49":{"start":{"line":121,"column":55},"end":{"line":121,"column":111}},"50":{"start":{"line":122,"column":20},"end":{"line":122,"column":104}},"51":{"start":{"line":123,"column":20},"end":{"line":123,"column":84}},"52":{"start":{"line":124,"column":20},"end":{"line":124,"column":27}},"53":{"start":{"line":129,"column":31},"end":{"line":129,"column":41}},"54":{"start":{"line":130,"column":16},"end":{"line":134,"column":17}},"55":{"start":{"line":131,"column":20},"end":{"line":131,"column":52}},"56":{"start":{"line":132,"column":23},"end":{"line":134,"column":17}},"57":{"start":{"line":133,"column":20},"end":{"line":133,"column":52}},"58":{"start":{"line":135,"column":16},"end":{"line":135,"column":95}},"59":{"start":{"line":136,"column":16},"end":{"line":136,"column":44}},"60":{"start":{"line":138,"column":42},"end":{"line":138,"column":80}},"61":{"start":{"line":139,"column":44},"end":{"line":139,"column":98}},"62":{"start":{"line":140,"column":16},"end":{"line":140,"column":118}},"63":{"start":{"line":141,"column":16},"end":{"line":141,"column":127}},"64":{"start":{"line":142,"column":16},"end":{"line":142,"column":55}},"65":{"start":{"line":145,"column":31},"end":{"line":150,"column":14}},"66":{"start":{"line":151,"column":12},"end":{"line":151,"column":82}},"67":{"start":{"line":152,"column":12},"end":{"line":158,"column":13}},"68":{"start":{"line":154,"column":51},"end":{"line":154,"column":98}},"69":{"start":{"line":155,"column":16},"end":{"line":155,"column":82}},"70":{"start":{"line":156,"column":16},"end":{"line":156,"column":80}},"71":{"start":{"line":157,"column":16},"end":{"line":157,"column":23}},"72":{"start":{"line":159,"column":12},"end":{"line":159,"column":40}},"73":{"start":{"line":160,"column":12},"end":{"line":160,"column":48}},"74":{"start":{"line":161,"column":12},"end":{"line":161,"column":57}},"75":{"start":{"line":164,"column":36},"end":{"line":164,"column":79}},"76":{"start":{"line":165,"column":40},"end":{"line":165,"column":87}},"77":{"start":{"line":166,"column":40},"end":{"line":166,"column":87}},"78":{"start":{"line":169,"column":35},"end":{"line":169,"column":81}},"79":{"start":{"line":172,"column":31},"end":{"line":172,"column":83}},"80":{"start":{"line":175,"column":61},"end":{"line":188,"column":14}},"81":{"start":{"line":191,"column":12},"end":{"line":203,"column":13}},"82":{"start":{"line":192,"column":39},"end":{"line":192,"column":85}},"83":{"start":{"line":193,"column":16},"end":{"line":202,"column":17}},"84":{"start":{"line":194,"column":20},"end":{"line":194,"column":106}},"85":{"start":{"line":195,"column":20},"end":{"line":201,"column":81}},"86":{"start":{"line":205,"column":12},"end":{"line":205,"column":152}},"87":{"start":{"line":208,"column":12},"end":{"line":208,"column":124}},"88":{"start":{"line":211,"column":35},"end":{"line":211,"column":77}},"89":{"start":{"line":212,"column":12},"end":{"line":212,"column":71}},"90":{"start":{"line":214,"column":12},"end":{"line":220,"column":97}},"91":{"start":{"line":223,"column":12},"end":{"line":223,"column":116}},"92":{"start":{"line":224,"column":12},"end":{"line":224,"column":75}},"93":{"start":{"line":225,"column":12},"end":{"line":225,"column":116}},"94":{"start":{"line":226,"column":12},"end":{"line":226,"column":75}},"95":{"start":{"line":228,"column":57},"end":{"line":247,"column":14}},"96":{"start":{"line":248,"column":12},"end":{"line":248,"column":71}},"97":{"start":{"line":249,"column":12},"end":{"line":249,"column":82}},"98":{"start":{"line":252,"column":12},"end":{"line":258,"column":13}},"99":{"start":{"line":253,"column":16},"end":{"line":257,"column":19}},"100":{"start":{"line":261,"column":12},"end":{"line":348,"column":13}},"101":{"start":{"line":262,"column":16},"end":{"line":262,"column":146}},"102":{"start":{"line":264,"column":16},"end":{"line":347,"column":17}},"103":{"start":{"line":265,"column":45},"end":{"line":265,"column":96}},"104":{"start":{"line":266,"column":20},"end":{"line":344,"column":21}},"105":{"start":{"line":267,"column":46},"end":{"line":267,"column":62}},"106":{"start":{"line":270,"column":58},"end":{"line":282,"column":26}},"107":{"start":{"line":284,"column":24},"end":{"line":343,"column":25}},"108":{"start":{"line":287,"column":52},"end":{"line":287,"column":142}},"109":{"start":{"line":288,"column":28},"end":{"line":342,"column":29}},"110":{"start":{"line":289,"column":68},"end":{"line":289,"column":115}},"111":{"start":{"line":290,"column":57},"end":{"line":290,"column":97}},"112":{"start":{"line":298,"column":51},"end":{"line":298,"column":168}},"113":{"start":{"line":299,"column":32},"end":{"line":302,"column":33}},"114":{"start":{"line":300,"column":36},"end":{"line":300,"column":132}},"115":{"start":{"line":303,"column":55},"end":{"line":309,"column":null}},"116":{"start":{"line":313,"column":66},"end":{"line":319,"column":34}},"117":{"start":{"line":321,"column":32},"end":{"line":330,"column":115}},"118":{"start":{"line":332,"column":32},"end":{"line":332,"column":112}},"119":{"start":{"line":335,"column":32},"end":{"line":341,"column":33}},"120":{"start":{"line":336,"column":87},"end":{"line":339,"column":38}},"121":{"start":{"line":340,"column":36},"end":{"line":340,"column":114}},"122":{"start":{"line":346,"column":20},"end":{"line":346,"column":110}},"123":{"start":{"line":350,"column":12},"end":{"line":377,"column":13}},"124":{"start":{"line":351,"column":69},"end":{"line":360,"column":18}},"125":{"start":{"line":361,"column":16},"end":{"line":361,"column":127}},"126":{"start":{"line":362,"column":16},"end":{"line":362,"column":103}},"127":{"start":{"line":366,"column":16},"end":{"line":376,"column":17}},"128":{"start":{"line":367,"column":20},"end":{"line":367,"column":92}},"129":{"start":{"line":368,"column":20},"end":{"line":373,"column":95}},"130":{"start":{"line":375,"column":20},"end":{"line":375,"column":128}},"131":{"start":{"line":380,"column":12},"end":{"line":411,"column":13}},"132":{"start":{"line":381,"column":16},"end":{"line":381,"column":116}},"133":{"start":{"line":384,"column":50},"end":{"line":396,"column":18}},"134":{"start":{"line":398,"column":16},"end":{"line":410,"column":17}},"135":{"start":{"line":399,"column":44},"end":{"line":401,"column":47}},"136":{"start":{"line":400,"column":36},"end":{"line":400,"column":48}},"137":{"start":{"line":401,"column":37},"end":{"line":401,"column":46}},"138":{"start":{"line":403,"column":20},"end":{"line":409,"column":21}},"139":{"start":{"line":404,"column":24},"end":{"line":404,"column":152}},"140":{"start":{"line":407,"column":67},"end":{"line":407,"column":108}},"141":{"start":{"line":408,"column":24},"end":{"line":408,"column":110}},"142":{"start":{"line":414,"column":12},"end":{"line":414,"column":55}},"143":{"start":{"line":417,"column":37},"end":{"line":419,"column":14}},"144":{"start":{"line":420,"column":12},"end":{"line":420,"column":126}},"145":{"start":{"line":421,"column":12},"end":{"line":439,"column":13}},"146":{"start":{"line":423,"column":39},"end":{"line":426,"column":18}},"147":{"start":{"line":427,"column":56},"end":{"line":437,"column":19}},"148":{"start":{"line":427,"column":81},"end":{"line":437,"column":18}},"149":{"start":{"line":438,"column":16},"end":{"line":438,"column":99}},"150":{"start":{"line":442,"column":38},"end":{"line":442,"column":80}},"151":{"start":{"line":443,"column":12},"end":{"line":443,"column":78}},"152":{"start":{"line":446,"column":29},"end":{"line":446,"column":72}},"153":{"start":{"line":447,"column":12},"end":{"line":447,"column":63}},"154":{"start":{"line":450,"column":34},"end":{"line":454,"column":14}},"155":{"start":{"line":455,"column":12},"end":{"line":455,"column":70}},"156":{"start":{"line":458,"column":12},"end":{"line":465,"column":66}},"157":{"start":{"line":467,"column":12},"end":{"line":467,"column":65}},"158":{"start":{"line":468,"column":12},"end":{"line":470,"column":13}},"159":{"start":{"line":469,"column":16},"end":{"line":469,"column":75}},"160":{"start":{"line":471,"column":12},"end":{"line":471,"column":117}},"161":{"start":{"line":473,"column":47},"end":{"line":473,"column":90}},"162":{"start":{"line":474,"column":12},"end":{"line":474,"column":76}}},"fnMap":{"0":{"name":"joinGameHandler","decl":{"start":{"line":43,"column":16},"end":{"line":43,"column":31}},"loc":{"start":{"line":45,"column":93},"end":{"line":477,"column":1}}},"1":{"name":"(anonymous_11)","decl":{"start":{"line":48,"column":11},"end":{"line":48,"column":16}},"loc":{"start":{"line":48,"column":46},"end":{"line":476,"column":5}}},"2":{"name":"(anonymous_12)","decl":{"start":{"line":289,"column":68},"end":{"line":289,"column":81}},"loc":{"start":{"line":289,"column":68},"end":{"line":289,"column":115}}},"3":{"name":"(anonymous_13)","decl":{"start":{"line":400,"column":29},"end":{"line":400,"column":32}},"loc":{"start":{"line":400,"column":36},"end":{"line":400,"column":48}}},"4":{"name":"(anonymous_14)","decl":{"start":{"line":401,"column":32},"end":{"line":401,"column":33}},"loc":{"start":{"line":401,"column":37},"end":{"line":401,"column":46}}},"5":{"name":"(anonymous_15)","decl":{"start":{"line":407,"column":67},"end":{"line":407,"column":80}},"loc":{"start":{"line":407,"column":67},"end":{"line":407,"column":108}}},"6":{"name":"(anonymous_16)","decl":{"start":{"line":427,"column":75},"end":{"line":427,"column":76}},"loc":{"start":{"line":427,"column":81},"end":{"line":437,"column":18}}}},"branchMap":{"0":{"loc":{"start":{"line":53,"column":8},"end":{"line":61,"column":9}},"type":"if","locations":[{"start":{"line":53,"column":8},"end":{"line":61,"column":9}}]},"1":{"loc":{"start":{"line":65,"column":8},"end":{"line":91,"column":9}},"type":"if","locations":[{"start":{"line":65,"column":8},"end":{"line":91,"column":9}}]},"2":{"loc":{"start":{"line":83,"column":33},"end":{"line":83,"column":52}},"type":"binary-expr","locations":[{"start":{"line":83,"column":33},"end":{"line":83,"column":44}},{"start":{"line":83,"column":48},"end":{"line":83,"column":52}}]},"3":{"loc":{"start":{"line":108,"column":12},"end":{"line":113,"column":13}},"type":"if","locations":[{"start":{"line":108,"column":12},"end":{"line":113,"column":13}}]},"4":{"loc":{"start":{"line":115,"column":25},"end":{"line":115,"column":113}},"type":"cond-expr","locations":[{"start":{"line":115,"column":62},"end":{"line":115,"column":106}},{"start":{"line":115,"column":109},"end":{"line":115,"column":113}}]},"5":{"loc":{"start":{"line":116,"column":23},"end":{"line":116,"column":107}},"type":"cond-expr","locations":[{"start":{"line":116,"column":58},"end":{"line":116,"column":100}},{"start":{"line":116,"column":103},"end":{"line":116,"column":107}}]},"6":{"loc":{"start":{"line":117,"column":12},"end":{"line":143,"column":13}},"type":"if","locations":[{"start":{"line":117,"column":12},"end":{"line":143,"column":13}},{"start":{"line":128,"column":19},"end":{"line":143,"column":13}}]},"7":{"loc":{"start":{"line":118,"column":41},"end":{"line":118,"column":85}},"type":"binary-expr","locations":[{"start":{"line":118,"column":42},"end":{"line":118,"column":47}},{"start":{"line":118,"column":51},"end":{"line":118,"column":62}},{"start":{"line":118,"column":68},"end":{"line":118,"column":71}},{"start":{"line":118,"column":75},"end":{"line":118,"column":84}}]},"8":{"loc":{"start":{"line":120,"column":16},"end":{"line":125,"column":17}},"type":"if","locations":[{"start":{"line":120,"column":16},"end":{"line":125,"column":17}}]},"9":{"loc":{"start":{"line":130,"column":16},"end":{"line":134,"column":17}},"type":"if","locations":[{"start":{"line":130,"column":16},"end":{"line":134,"column":17}},{"start":{"line":132,"column":23},"end":{"line":134,"column":17}}]},"10":{"loc":{"start":{"line":132,"column":23},"end":{"line":134,"column":17}},"type":"if","locations":[{"start":{"line":132,"column":23},"end":{"line":134,"column":17}}]},"11":{"loc":{"start":{"line":139,"column":44},"end":{"line":139,"column":98}},"type":"cond-expr","locations":[{"start":{"line":139,"column":64},"end":{"line":139,"column":93}},{"start":{"line":139,"column":96},"end":{"line":139,"column":98}}]},"12":{"loc":{"start":{"line":152,"column":12},"end":{"line":158,"column":13}},"type":"if","locations":[{"start":{"line":152,"column":12},"end":{"line":158,"column":13}}]},"13":{"loc":{"start":{"line":152,"column":16},"end":{"line":152,"column":62}},"type":"binary-expr","locations":[{"start":{"line":152,"column":16},"end":{"line":152,"column":35}},{"start":{"line":152,"column":39},"end":{"line":152,"column":62}}]},"14":{"loc":{"start":{"line":154,"column":62},"end":{"line":154,"column":96}},"type":"binary-expr","locations":[{"start":{"line":154,"column":62},"end":{"line":154,"column":78}},{"start":{"line":154,"column":82},"end":{"line":154,"column":96}}]},"15":{"loc":{"start":{"line":161,"column":35},"end":{"line":161,"column":56}},"type":"binary-expr","locations":[{"start":{"line":161,"column":35},"end":{"line":161,"column":43}},{"start":{"line":161,"column":47},"end":{"line":161,"column":56}}]},"16":{"loc":{"start":{"line":172,"column":32},"end":{"line":172,"column":65}},"type":"binary-expr","locations":[{"start":{"line":172,"column":32},"end":{"line":172,"column":60}},{"start":{"line":172,"column":64},"end":{"line":172,"column":65}}]},"17":{"loc":{"start":{"line":178,"column":26},"end":{"line":178,"column":47}},"type":"binary-expr","locations":[{"start":{"line":178,"column":26},"end":{"line":178,"column":34}},{"start":{"line":178,"column":38},"end":{"line":178,"column":47}}]},"18":{"loc":{"start":{"line":180,"column":29},"end":{"line":180,"column":101}},"type":"binary-expr","locations":[{"start":{"line":180,"column":29},"end":{"line":180,"column":40}},{"start":{"line":180,"column":45},"end":{"line":180,"column":93}},{"start":{"line":180,"column":97},"end":{"line":180,"column":101}}]},"19":{"loc":{"start":{"line":181,"column":27},"end":{"line":185,"column":44}},"type":"cond-expr","locations":[{"start":{"line":182,"column":21},"end":{"line":184,"column":78}},{"start":{"line":185,"column":20},"end":{"line":185,"column":44}}]},"20":{"loc":{"start":{"line":182,"column":21},"end":{"line":184,"column":78}},"type":"cond-expr","locations":[{"start":{"line":183,"column":25},"end":{"line":183,"column":64}},{"start":{"line":184,"column":25},"end":{"line":184,"column":78}}]},"21":{"loc":{"start":{"line":191,"column":12},"end":{"line":203,"column":13}},"type":"if","locations":[{"start":{"line":191,"column":12},"end":{"line":203,"column":13}}]},"22":{"loc":{"start":{"line":191,"column":16},"end":{"line":191,"column":120}},"type":"binary-expr","locations":[{"start":{"line":191,"column":16},"end":{"line":191,"column":40}},{"start":{"line":191,"column":45},"end":{"line":191,"column":77}},{"start":{"line":191,"column":81},"end":{"line":191,"column":119}}]},"23":{"loc":{"start":{"line":193,"column":16},"end":{"line":202,"column":17}},"type":"if","locations":[{"start":{"line":193,"column":16},"end":{"line":202,"column":17}}]},"24":{"loc":{"start":{"line":194,"column":53},"end":{"line":194,"column":87}},"type":"binary-expr","locations":[{"start":{"line":194,"column":53},"end":{"line":194,"column":82}},{"start":{"line":194,"column":86},"end":{"line":194,"column":87}}]},"25":{"loc":{"start":{"line":233,"column":30},"end":{"line":233,"column":51}},"type":"binary-expr","locations":[{"start":{"line":233,"column":30},"end":{"line":233,"column":38}},{"start":{"line":233,"column":42},"end":{"line":233,"column":51}}]},"26":{"loc":{"start":{"line":235,"column":33},"end":{"line":235,"column":105}},"type":"binary-expr","locations":[{"start":{"line":235,"column":33},"end":{"line":235,"column":44}},{"start":{"line":235,"column":49},"end":{"line":235,"column":97}},{"start":{"line":235,"column":101},"end":{"line":235,"column":105}}]},"27":{"loc":{"start":{"line":236,"column":31},"end":{"line":240,"column":48}},"type":"cond-expr","locations":[{"start":{"line":237,"column":25},"end":{"line":239,"column":82}},{"start":{"line":240,"column":24},"end":{"line":240,"column":48}}]},"28":{"loc":{"start":{"line":237,"column":25},"end":{"line":239,"column":82}},"type":"cond-expr","locations":[{"start":{"line":238,"column":29},"end":{"line":238,"column":68}},{"start":{"line":239,"column":29},"end":{"line":239,"column":82}}]},"29":{"loc":{"start":{"line":252,"column":12},"end":{"line":258,"column":13}},"type":"if","locations":[{"start":{"line":252,"column":12},"end":{"line":258,"column":13}}]},"30":{"loc":{"start":{"line":256,"column":27},"end":{"line":256,"column":60}},"type":"binary-expr","locations":[{"start":{"line":256,"column":27},"end":{"line":256,"column":55}},{"start":{"line":256,"column":59},"end":{"line":256,"column":60}}]},"31":{"loc":{"start":{"line":261,"column":12},"end":{"line":348,"column":13}},"type":"if","locations":[{"start":{"line":261,"column":12},"end":{"line":348,"column":13}}]},"32":{"loc":{"start":{"line":261,"column":16},"end":{"line":261,"column":156}},"type":"binary-expr","locations":[{"start":{"line":261,"column":16},"end":{"line":261,"column":40}},{"start":{"line":261,"column":44},"end":{"line":261,"column":76}},{"start":{"line":261,"column":81},"end":{"line":261,"column":119}},{"start":{"line":261,"column":123},"end":{"line":261,"column":155}}]},"33":{"loc":{"start":{"line":266,"column":20},"end":{"line":344,"column":21}},"type":"if","locations":[{"start":{"line":266,"column":20},"end":{"line":344,"column":21}}]},"34":{"loc":{"start":{"line":266,"column":24},"end":{"line":266,"column":126}},"type":"binary-expr","locations":[{"start":{"line":266,"column":24},"end":{"line":266,"column":40}},{"start":{"line":266,"column":44},"end":{"line":266,"column":70}},{"start":{"line":266,"column":74},"end":{"line":266,"column":126}}]},"35":{"loc":{"start":{"line":284,"column":24},"end":{"line":343,"column":25}},"type":"if","locations":[{"start":{"line":284,"column":24},"end":{"line":343,"column":25}}]},"36":{"loc":{"start":{"line":284,"column":28},"end":{"line":285,"column":116}},"type":"binary-expr","locations":[{"start":{"line":284,"column":28},"end":{"line":284,"column":78}},{"start":{"line":285,"column":28},"end":{"line":285,"column":116}}]},"37":{"loc":{"start":{"line":288,"column":28},"end":{"line":342,"column":29}},"type":"if","locations":[{"start":{"line":288,"column":28},"end":{"line":342,"column":29}}]},"38":{"loc":{"start":{"line":298,"column":51},"end":{"line":298,"column":168}},"type":"cond-expr","locations":[{"start":{"line":298,"column":132},"end":{"line":298,"column":164}},{"start":{"line":298,"column":167},"end":{"line":298,"column":168}}]},"39":{"loc":{"start":{"line":298,"column":51},"end":{"line":298,"column":129}},"type":"binary-expr","locations":[{"start":{"line":298,"column":51},"end":{"line":298,"column":96}},{"start":{"line":298,"column":100},"end":{"line":298,"column":129}}]},"40":{"loc":{"start":{"line":299,"column":32},"end":{"line":302,"column":33}},"type":"if","locations":[{"start":{"line":299,"column":32},"end":{"line":302,"column":33}}]},"41":{"loc":{"start":{"line":317,"column":54},"end":{"line":317,"column":140}},"type":"binary-expr","locations":[{"start":{"line":317,"column":54},"end":{"line":317,"column":86}},{"start":{"line":317,"column":91},"end":{"line":317,"column":139}}]},"42":{"loc":{"start":{"line":317,"column":91},"end":{"line":317,"column":139}},"type":"cond-expr","locations":[{"start":{"line":317,"column":132},"end":{"line":317,"column":135}},{"start":{"line":317,"column":138},"end":{"line":317,"column":139}}]},"43":{"loc":{"start":{"line":335,"column":32},"end":{"line":341,"column":33}},"type":"if","locations":[{"start":{"line":335,"column":32},"end":{"line":341,"column":33}}]},"44":{"loc":{"start":{"line":350,"column":12},"end":{"line":377,"column":13}},"type":"if","locations":[{"start":{"line":350,"column":12},"end":{"line":377,"column":13}}]},"45":{"loc":{"start":{"line":350,"column":16},"end":{"line":350,"column":71}},"type":"binary-expr","locations":[{"start":{"line":350,"column":16},"end":{"line":350,"column":40}},{"start":{"line":350,"column":44},"end":{"line":350,"column":71}}]},"46":{"loc":{"start":{"line":355,"column":34},"end":{"line":355,"column":55}},"type":"binary-expr","locations":[{"start":{"line":355,"column":34},"end":{"line":355,"column":42}},{"start":{"line":355,"column":46},"end":{"line":355,"column":55}}]},"47":{"loc":{"start":{"line":357,"column":37},"end":{"line":357,"column":109}},"type":"binary-expr","locations":[{"start":{"line":357,"column":37},"end":{"line":357,"column":48}},{"start":{"line":357,"column":53},"end":{"line":357,"column":101}},{"start":{"line":357,"column":105},"end":{"line":357,"column":109}}]},"48":{"loc":{"start":{"line":380,"column":12},"end":{"line":411,"column":13}},"type":"if","locations":[{"start":{"line":380,"column":12},"end":{"line":411,"column":13}}]},"49":{"loc":{"start":{"line":380,"column":16},"end":{"line":380,"column":93}},"type":"binary-expr","locations":[{"start":{"line":380,"column":16},"end":{"line":380,"column":51}},{"start":{"line":380,"column":55},"end":{"line":380,"column":93}}]},"50":{"loc":{"start":{"line":398,"column":16},"end":{"line":410,"column":17}},"type":"if","locations":[{"start":{"line":398,"column":16},"end":{"line":410,"column":17}}]},"51":{"loc":{"start":{"line":403,"column":20},"end":{"line":409,"column":21}},"type":"if","locations":[{"start":{"line":403,"column":20},"end":{"line":409,"column":21}}]},"52":{"loc":{"start":{"line":421,"column":12},"end":{"line":439,"column":13}},"type":"if","locations":[{"start":{"line":421,"column":12},"end":{"line":439,"column":13}}]},"53":{"loc":{"start":{"line":430,"column":30},"end":{"line":430,"column":59}},"type":"binary-expr","locations":[{"start":{"line":430,"column":30},"end":{"line":430,"column":46}},{"start":{"line":430,"column":50},"end":{"line":430,"column":59}}]},"54":{"loc":{"start":{"line":431,"column":28},"end":{"line":431,"column":54}},"type":"binary-expr","locations":[{"start":{"line":431,"column":28},"end":{"line":431,"column":47}},{"start":{"line":431,"column":51},"end":{"line":431,"column":54}}]},"55":{"loc":{"start":{"line":432,"column":27},"end":{"line":432,"column":39}},"type":"binary-expr","locations":[{"start":{"line":432,"column":27},"end":{"line":432,"column":34}},{"start":{"line":432,"column":38},"end":{"line":432,"column":39}}]},"56":{"loc":{"start":{"line":433,"column":33},"end":{"line":433,"column":60}},"type":"binary-expr","locations":[{"start":{"line":433,"column":33},"end":{"line":433,"column":52}},{"start":{"line":433,"column":56},"end":{"line":433,"column":60}}]},"57":{"loc":{"start":{"line":434,"column":30},"end":{"line":434,"column":142}},"type":"cond-expr","locations":[{"start":{"line":434,"column":44},"end":{"line":434,"column":114}},{"start":{"line":434,"column":118},"end":{"line":434,"column":142}}]},"58":{"loc":{"start":{"line":434,"column":44},"end":{"line":434,"column":114}},"type":"cond-expr","locations":[{"start":{"line":434,"column":77},"end":{"line":434,"column":87}},{"start":{"line":434,"column":90},"end":{"line":434,"column":114}}]},"59":{"loc":{"start":{"line":459,"column":21},"end":{"line":459,"column":61}},"type":"cond-expr","locations":[{"start":{"line":459,"column":44},"end":{"line":459,"column":55}},{"start":{"line":459,"column":58},"end":{"line":459,"column":61}}]},"60":{"loc":{"start":{"line":460,"column":23},"end":{"line":460,"column":67}},"type":"cond-expr","locations":[{"start":{"line":460,"column":46},"end":{"line":460,"column":55}},{"start":{"line":460,"column":58},"end":{"line":460,"column":67}}]},"61":{"loc":{"start":{"line":468,"column":12},"end":{"line":470,"column":13}},"type":"if","locations":[{"start":{"line":468,"column":12},"end":{"line":470,"column":13}}]},"62":{"loc":{"start":{"line":468,"column":16},"end":{"line":468,"column":49}},"type":"binary-expr","locations":[{"start":{"line":468,"column":16},"end":{"line":468,"column":36}},{"start":{"line":468,"column":40},"end":{"line":468,"column":49}}]}},"s":{"0":1,"1":1,"2":1,"3":1,"4":1,"5":1,"6":1,"7":1,"8":1,"9":1,"10":1,"11":1,"12":1,"13":3,"14":1,"15":1,"16":1,"17":1,"18":1,"19":1,"20":1,"21":1,"22":0,"23":0,"24":0,"25":0,"26":0,"27":0,"28":0,"29":0,"30":0,"31":0,"32":0,"33":0,"34":0,"35":0,"36":0,"37":0,"38":0,"39":0,"40":0,"41":0,"42":0,"43":0,"44":0,"45":0,"46":0,"47":0,"48":0,"49":0,"50":0,"51":0,"52":0,"53":0,"54":0,"55":0,"56":0,"57":0,"58":0,"59":0,"60":0,"61":0,"62":0,"63":0,"64":0,"65":0,"66":0,"67":0,"68":0,"69":0,"70":0,"71":0,"72":0,"73":0,"74":0,"75":0,"76":0,"77":0,"78":0,"79":0,"80":0,"81":0,"82":0,"83":0,"84":0,"85":0,"86":0,"87":0,"88":0,"89":0,"90":0,"91":0,"92":0,"93":0,"94":0,"95":0,"96":0,"97":0,"98":0,"99":0,"100":0,"101":0,"102":0,"103":0,"104":0,"105":0,"106":0,"107":0,"108":0,"109":0,"110":0,"111":0,"112":0,"113":0,"114":0,"115":0,"116":0,"117":0,"118":0,"119":0,"120":0,"121":0,"122":0,"123":0,"124":0,"125":0,"126":0,"127":0,"128":0,"129":0,"130":0,"131":0,"132":0,"133":0,"134":0,"135":0,"136":0,"137":0,"138":0,"139":0,"140":0,"141":0,"142":0,"143":0,"144":0,"145":0,"146":0,"147":0,"148":0,"149":0,"150":0,"151":0,"152":0,"153":0,"154":0,"155":0,"156":0,"157":0,"158":0,"159":0,"160":0,"161":0,"162":0},"f":{"0":3,"1":1,"2":0,"3":0,"4":0,"5":0,"6":0},"b":{"0":[1],"1":[0],"2":[0,0],"3":[0],"4":[0,0],"5":[0,0],"6":[0,0],"7":[0,0,0,0],"8":[0],"9":[0,0],"10":[0],"11":[0,0],"12":[0],"13":[0,0],"14":[0,0],"15":[0,0],"16":[0,0],"17":[0,0],"18":[0,0,0],"19":[0,0],"20":[0,0],"21":[0],"22":[0,0,0],"23":[0],"24":[0,0],"25":[0,0],"26":[0,0,0],"27":[0,0],"28":[0,0],"29":[0],"30":[0,0],"31":[0],"32":[0,0,0,0],"33":[0],"34":[0,0,0],"35":[0],"36":[0,0],"37":[0],"38":[0,0],"39":[0,0],"40":[0],"41":[0,0],"42":[0,0],"43":[0],"44":[0],"45":[0,0],"46":[0,0],"47":[0,0,0],"48":[0],"49":[0,0],"50":[0],"51":[0],"52":[0],"53":[0,0],"54":[0,0],"55":[0,0],"56":[0,0],"57":[0,0],"58":[0,0],"59":[0,0],"60":[0,0],"61":[0],"62":[0,0]}},"/home/aflesch/mathquest/app/backend/src/utils/joinOrderBonus.ts":{"path":"/home/aflesch/mathquest/app/backend/src/utils/joinOrderBonus.ts","statementMap":{"0":{"start":{"line":35,"column":0},"end":{"line":35,"column":7}},"1":{"start":{"line":118,"column":0},"end":{"line":118,"column":7}},"2":{"start":{"line":133,"column":0},"end":{"line":133,"column":7}},"3":{"start":{"line":8,"column":0},"end":{"line":8,"column":45}},"4":{"start":{"line":9,"column":0},"end":{"line":9,"column":42}},"5":{"start":{"line":11,"column":15},"end":{"line":11,"column":45}},"6":{"start":{"line":14,"column":26},"end":{"line":26,"column":11}},"7":{"start":{"line":36,"column":4},"end":{"line":39,"column":69}},"8":{"start":{"line":41,"column":4},"end":{"line":109,"column":5}},"9":{"start":{"line":42,"column":29},"end":{"line":42,"column":70}},"10":{"start":{"line":45,"column":33},"end":{"line":45,"column":69}},"11":{"start":{"line":47,"column":8},"end":{"line":52,"column":65}},"12":{"start":{"line":55,"column":35},"end":{"line":55,"column":80}},"13":{"start":{"line":56,"column":8},"end":{"line":64,"column":9}},"14":{"start":{"line":57,"column":12},"end":{"line":62,"column":74}},"15":{"start":{"line":63,"column":12},"end":{"line":63,"column":21}},"16":{"start":{"line":67,"column":8},"end":{"line":75,"column":9}},"17":{"start":{"line":68,"column":12},"end":{"line":73,"column":71}},"18":{"start":{"line":74,"column":12},"end":{"line":74,"column":21}},"19":{"start":{"line":78,"column":8},"end":{"line":78,"column":54}},"20":{"start":{"line":81,"column":8},"end":{"line":81,"column":61}},"21":{"start":{"line":84,"column":29},"end":{"line":84,"column":45}},"22":{"start":{"line":85,"column":27},"end":{"line":87,"column":null}},"23":{"start":{"line":90,"column":8},"end":{"line":97,"column":61}},"24":{"start":{"line":99,"column":8},"end":{"line":99,"column":26}},"25":{"start":{"line":102,"column":8},"end":{"line":107,"column":68}},"26":{"start":{"line":108,"column":8},"end":{"line":108,"column":17}},"27":{"start":{"line":119,"column":4},"end":{"line":125,"column":5}},"28":{"start":{"line":120,"column":29},"end":{"line":120,"column":70}},"29":{"start":{"line":121,"column":8},"end":{"line":121,"column":61}},"30":{"start":{"line":123,"column":8},"end":{"line":123,"column":72}},"31":{"start":{"line":124,"column":8},"end":{"line":124,"column":18}},"32":{"start":{"line":134,"column":4},"end":{"line":140,"column":5}},"33":{"start":{"line":135,"column":29},"end":{"line":135,"column":70}},"34":{"start":{"line":136,"column":8},"end":{"line":136,"column":44}},"35":{"start":{"line":137,"column":8},"end":{"line":137,"column":67}},"36":{"start":{"line":139,"column":8},"end":{"line":139,"column":73}}},"fnMap":{"0":{"name":"assignJoinOrderBonus","decl":{"start":{"line":35,"column":22},"end":{"line":35,"column":42}},"loc":{"start":{"line":35,"column":77},"end":{"line":110,"column":1}}},"1":{"name":"getJoinOrder","decl":{"start":{"line":118,"column":22},"end":{"line":118,"column":34}},"loc":{"start":{"line":118,"column":53},"end":{"line":126,"column":1}}},"2":{"name":"clearJoinOrder","decl":{"start":{"line":133,"column":22},"end":{"line":133,"column":36}},"loc":{"start":{"line":133,"column":55},"end":{"line":141,"column":1}}}},"branchMap":{"0":{"loc":{"start":{"line":56,"column":8},"end":{"line":64,"column":9}},"type":"if","locations":[{"start":{"line":56,"column":8},"end":{"line":64,"column":9}}]},"1":{"loc":{"start":{"line":67,"column":8},"end":{"line":75,"column":9}},"type":"if","locations":[{"start":{"line":67,"column":8},"end":{"line":75,"column":9}}]},"2":{"loc":{"start":{"line":103,"column":19},"end":{"line":103,"column":73}},"type":"cond-expr","locations":[{"start":{"line":103,"column":44},"end":{"line":103,"column":57}},{"start":{"line":103,"column":60},"end":{"line":103,"column":73}}]},"3":{"loc":{"start":{"line":104,"column":19},"end":{"line":104,"column":67}},"type":"cond-expr","locations":[{"start":{"line":104,"column":44},"end":{"line":104,"column":55}},{"start":{"line":104,"column":58},"end":{"line":104,"column":67}}]}},"s":{"0":1,"1":1,"2":1,"3":1,"4":1,"5":1,"6":1,"7":0,"8":0,"9":0,"10":0,"11":0,"12":0,"13":0,"14":0,"15":0,"16":0,"17":0,"18":0,"19":0,"20":0,"21":0,"22":0,"23":0,"24":0,"25":0,"26":0,"27":0,"28":0,"29":0,"30":0,"31":0,"32":0,"33":0,"34":0,"35":0,"36":0},"f":{"0":0,"1":0,"2":0},"b":{"0":[0],"1":[0],"2":[0,0],"3":[0,0]}},"/home/aflesch/mathquest/app/backend/src/utils/projectionLeaderboardBroadcast.ts":{"path":"/home/aflesch/mathquest/app/backend/src/utils/projectionLeaderboardBroadcast.ts","statementMap":{"0":{"start":{"line":24,"column":0},"end":{"line":24,"column":7}},"1":{"start":{"line":119,"column":0},"end":{"line":119,"column":7}},"2":{"start":{"line":10,"column":0},"end":{"line":10,"column":76}},"3":{"start":{"line":11,"column":0},"end":{"line":11,"column":60}},"4":{"start":{"line":12,"column":0},"end":{"line":12,"column":42}},"5":{"start":{"line":15,"column":15},"end":{"line":15,"column":61}},"6":{"start":{"line":29,"column":4},"end":{"line":32,"column":86}},"7":{"start":{"line":34,"column":4},"end":{"line":108,"column":5}},"8":{"start":{"line":36,"column":8},"end":{"line":36,"column":101}},"9":{"start":{"line":37,"column":28},"end":{"line":37,"column":66}},"10":{"start":{"line":39,"column":8},"end":{"line":44,"column":63}},"11":{"start":{"line":43,"column":58},"end":{"line":43,"column":98}},"12":{"start":{"line":46,"column":8},"end":{"line":49,"column":9}},"13":{"start":{"line":47,"column":12},"end":{"line":47,"column":129}},"14":{"start":{"line":48,"column":12},"end":{"line":48,"column":19}},"15":{"start":{"line":52,"column":45},"end":{"line":56,"column":10}},"16":{"start":{"line":59,"column":31},"end":{"line":59,"column":53}},"17":{"start":{"line":60,"column":38},"end":{"line":60,"column":82}},"18":{"start":{"line":61,"column":28},"end":{"line":61,"column":82}},"19":{"start":{"line":63,"column":8},"end":{"line":69,"column":63}},"20":{"start":{"line":71,"column":8},"end":{"line":77,"column":9}},"21":{"start":{"line":72,"column":12},"end":{"line":76,"column":110}},"22":{"start":{"line":80,"column":8},"end":{"line":84,"column":74}},"23":{"start":{"line":86,"column":8},"end":{"line":89,"column":10}},"24":{"start":{"line":91,"column":8},"end":{"line":99,"column":102}},"25":{"start":{"line":96,"column":58},"end":{"line":96,"column":98}},"26":{"start":{"line":102,"column":8},"end":{"line":107,"column":89}},"27":{"start":{"line":130,"column":4},"end":{"line":190,"column":5}},"28":{"start":{"line":136,"column":12},"end":{"line":136,"column":19}},"29":{"start":{"line":139,"column":32},"end":{"line":139,"column":70}},"30":{"start":{"line":141,"column":8},"end":{"line":144,"column":9}},"31":{"start":{"line":142,"column":12},"end":{"line":142,"column":104}},"32":{"start":{"line":143,"column":12},"end":{"line":143,"column":19}},"33":{"start":{"line":146,"column":35},"end":{"line":146,"column":72}},"34":{"start":{"line":149,"column":8},"end":{"line":160,"column":9}},"35":{"start":{"line":150,"column":29},"end":{"line":150,"column":49}},"36":{"start":{"line":151,"column":12},"end":{"line":153,"column":15}},"37":{"start":{"line":155,"column":12},"end":{"line":159,"column":55}},"38":{"start":{"line":163,"column":8},"end":{"line":165,"column":9}},"39":{"start":{"line":164,"column":12},"end":{"line":164,"column":75}},"40":{"start":{"line":168,"column":8},"end":{"line":182,"column":9}},"41":{"start":{"line":169,"column":34},"end":{"line":169,"column":55}},"42":{"start":{"line":170,"column":12},"end":{"line":174,"column":15}},"43":{"start":{"line":176,"column":12},"end":{"line":181,"column":60}},"44":{"start":{"line":185,"column":8},"end":{"line":189,"column":54}}},"fnMap":{"0":{"name":"broadcastLeaderboardToProjection","decl":{"start":{"line":24,"column":22},"end":{"line":24,"column":54}},"loc":{"start":{"line":27,"column":18},"end":{"line":109,"column":1}}},"1":{"name":"(anonymous_2)","decl":{"start":{"line":43,"column":52},"end":{"line":43,"column":53}},"loc":{"start":{"line":43,"column":58},"end":{"line":43,"column":98}}},"2":{"name":"(anonymous_3)","decl":{"start":{"line":96,"column":52},"end":{"line":96,"column":53}},"loc":{"start":{"line":96,"column":58},"end":{"line":96,"column":98}}},"3":{"name":"broadcastLeaderboardToAllRooms","decl":{"start":{"line":119,"column":22},"end":{"line":119,"column":52}},"loc":{"start":{"line":128,"column":10},"end":{"line":191,"column":1}}}},"branchMap":{"0":{"loc":{"start":{"line":46,"column":8},"end":{"line":49,"column":9}},"type":"if","locations":[{"start":{"line":46,"column":8},"end":{"line":49,"column":9}}]},"1":{"loc":{"start":{"line":61,"column":28},"end":{"line":61,"column":82}},"type":"cond-expr","locations":[{"start":{"line":61,"column":52},"end":{"line":61,"column":78}},{"start":{"line":61,"column":81},"end":{"line":61,"column":82}}]},"2":{"loc":{"start":{"line":68,"column":23},"end":{"line":68,"column":85}},"type":"cond-expr","locations":[{"start":{"line":68,"column":47},"end":{"line":68,"column":80}},{"start":{"line":68,"column":83},"end":{"line":68,"column":85}}]},"3":{"loc":{"start":{"line":71,"column":8},"end":{"line":77,"column":9}},"type":"if","locations":[{"start":{"line":71,"column":8},"end":{"line":77,"column":9}}]},"4":{"loc":{"start":{"line":103,"column":19},"end":{"line":103,"column":73}},"type":"cond-expr","locations":[{"start":{"line":103,"column":44},"end":{"line":103,"column":57}},{"start":{"line":103,"column":60},"end":{"line":103,"column":73}}]},"5":{"loc":{"start":{"line":104,"column":19},"end":{"line":104,"column":67}},"type":"cond-expr","locations":[{"start":{"line":104,"column":44},"end":{"line":104,"column":55}},{"start":{"line":104,"column":58},"end":{"line":104,"column":67}}]},"6":{"loc":{"start":{"line":123,"column":4},"end":{"line":128,"column":10}},"type":"default-arg","locations":[{"start":{"line":128,"column":8},"end":{"line":128,"column":10}}]},"7":{"loc":{"start":{"line":132,"column":12},"end":{"line":132,"column":34}},"type":"default-arg","locations":[{"start":{"line":132,"column":30},"end":{"line":132,"column":34}}]},"8":{"loc":{"start":{"line":133,"column":12},"end":{"line":133,"column":40}},"type":"default-arg","locations":[{"start":{"line":133,"column":36},"end":{"line":133,"column":40}}]},"9":{"loc":{"start":{"line":134,"column":12},"end":{"line":134,"column":40}},"type":"default-arg","locations":[{"start":{"line":134,"column":35},"end":{"line":134,"column":40}}]},"10":{"loc":{"start":{"line":135,"column":12},"end":{"line":135,"column":28}},"type":"default-arg","locations":[{"start":{"line":135,"column":26},"end":{"line":135,"column":28}}]},"11":{"loc":{"start":{"line":141,"column":8},"end":{"line":144,"column":9}},"type":"if","locations":[{"start":{"line":141,"column":8},"end":{"line":144,"column":9}}]},"12":{"loc":{"start":{"line":149,"column":8},"end":{"line":160,"column":9}},"type":"if","locations":[{"start":{"line":149,"column":8},"end":{"line":160,"column":9}}]},"13":{"loc":{"start":{"line":163,"column":8},"end":{"line":165,"column":9}},"type":"if","locations":[{"start":{"line":163,"column":8},"end":{"line":165,"column":9}}]},"14":{"loc":{"start":{"line":168,"column":8},"end":{"line":182,"column":9}},"type":"if","locations":[{"start":{"line":168,"column":8},"end":{"line":182,"column":9}}]}},"s":{"0":1,"1":1,"2":1,"3":1,"4":1,"5":1,"6":0,"7":0,"8":0,"9":0,"10":0,"11":0,"12":0,"13":0,"14":0,"15":0,"16":0,"17":0,"18":0,"19":0,"20":0,"21":0,"22":0,"23":0,"24":0,"25":0,"26":0,"27":0,"28":0,"29":0,"30":0,"31":0,"32":0,"33":0,"34":0,"35":0,"36":0,"37":0,"38":0,"39":0,"40":0,"41":0,"42":0,"43":0,"44":0},"f":{"0":0,"1":0,"2":0,"3":0},"b":{"0":[0],"1":[0,0],"2":[0,0],"3":[0],"4":[0,0],"5":[0,0],"6":[0],"7":[0],"8":[0],"9":[0],"10":[0],"11":[0],"12":[0],"13":[0],"14":[0]}},"/home/aflesch/mathquest/app/backend/src/sockets/handlers/sharedLeaderboard.ts":{"path":"/home/aflesch/mathquest/app/backend/src/sockets/handlers/sharedLeaderboard.ts","statementMap":{"0":{"start":{"line":15,"column":0},"end":{"line":15,"column":7}},"1":{"start":{"line":110,"column":0},"end":{"line":110,"column":7}},"2":{"start":{"line":4,"column":0},"end":{"line":4,"column":45}},"3":{"start":{"line":5,"column":0},"end":{"line":5,"column":42}},"4":{"start":{"line":6,"column":0},"end":{"line":6,"column":37}},"5":{"start":{"line":8,"column":15},"end":{"line":8,"column":47}},"6":{"start":{"line":16,"column":4},"end":{"line":16,"column":91}},"7":{"start":{"line":18,"column":4},"end":{"line":102,"column":5}},"8":{"start":{"line":20,"column":32},"end":{"line":20,"column":75}},"9":{"start":{"line":21,"column":32},"end":{"line":21,"column":74}},"10":{"start":{"line":23,"column":8},"end":{"line":29,"column":68}},"11":{"start":{"line":31,"column":8},"end":{"line":34,"column":9}},"12":{"start":{"line":32,"column":12},"end":{"line":32,"column":116}},"13":{"start":{"line":33,"column":12},"end":{"line":33,"column":22}},"14":{"start":{"line":36,"column":29},"end":{"line":56,"column":34}},"15":{"start":{"line":37,"column":12},"end":{"line":55,"column":13}},"16":{"start":{"line":38,"column":31},"end":{"line":38,"column":47}},"17":{"start":{"line":39,"column":16},"end":{"line":46,"column":75}},"18":{"start":{"line":47,"column":16},"end":{"line":47,"column":30}},"19":{"start":{"line":49,"column":16},"end":{"line":53,"column":77}},"20":{"start":{"line":54,"column":16},"end":{"line":54,"column":28}},"21":{"start":{"line":56,"column":23},"end":{"line":56,"column":33}},"22":{"start":{"line":58,"column":8},"end":{"line":62,"column":56}},"23":{"start":{"line":61,"column":67},"end":{"line":61,"column":125}},"24":{"start":{"line":65,"column":28},"end":{"line":85,"column":46}},"25":{"start":{"line":67,"column":41},"end":{"line":72,"column":18}},"26":{"start":{"line":74,"column":16},"end":{"line":81,"column":85}},"27":{"start":{"line":83,"column":16},"end":{"line":83,"column":40}},"28":{"start":{"line":85,"column":28},"end":{"line":85,"column":45}},"29":{"start":{"line":87,"column":8},"end":{"line":91,"column":69}},"30":{"start":{"line":90,"column":58},"end":{"line":90,"column":98}},"31":{"start":{"line":93,"column":8},"end":{"line":93,"column":27}},"32":{"start":{"line":96,"column":8},"end":{"line":100,"column":65}},"33":{"start":{"line":101,"column":8},"end":{"line":101,"column":18}},"34":{"start":{"line":112,"column":4},"end":{"line":115,"column":7}}},"fnMap":{"0":{"name":"calculateLeaderboard","decl":{"start":{"line":15,"column":22},"end":{"line":15,"column":42}},"loc":{"start":{"line":15,"column":61},"end":{"line":103,"column":1}}},"1":{"name":"(anonymous_2)","decl":{"start":{"line":36,"column":64},"end":{"line":36,"column":65}},"loc":{"start":{"line":36,"column":93},"end":{"line":56,"column":9}}},"2":{"name":"(anonymous_3)","decl":{"start":{"line":56,"column":18},"end":{"line":56,"column":19}},"loc":{"start":{"line":56,"column":23},"end":{"line":56,"column":33}}},"3":{"name":"(anonymous_4)","decl":{"start":{"line":61,"column":61},"end":{"line":61,"column":62}},"loc":{"start":{"line":61,"column":67},"end":{"line":61,"column":125}}},"4":{"name":"(anonymous_5)","decl":{"start":{"line":66,"column":17},"end":{"line":66,"column":18}},"loc":{"start":{"line":66,"column":43},"end":{"line":84,"column":13}}},"5":{"name":"(anonymous_6)","decl":{"start":{"line":85,"column":18},"end":{"line":85,"column":19}},"loc":{"start":{"line":85,"column":28},"end":{"line":85,"column":45}}},"6":{"name":"(anonymous_7)","decl":{"start":{"line":90,"column":52},"end":{"line":90,"column":53}},"loc":{"start":{"line":90,"column":58},"end":{"line":90,"column":98}}},"7":{"name":"persistLeaderboardToGameInstance","decl":{"start":{"line":110,"column":22},"end":{"line":110,"column":54}},"loc":{"start":{"line":110,"column":93},"end":{"line":116,"column":1}}}},"branchMap":{"0":{"loc":{"start":{"line":27,"column":29},"end":{"line":27,"column":80}},"type":"cond-expr","locations":[{"start":{"line":27,"column":47},"end":{"line":27,"column":75}},{"start":{"line":27,"column":78},"end":{"line":27,"column":80}}]},"1":{"loc":{"start":{"line":28,"column":30},"end":{"line":28,"column":87}},"type":"cond-expr","locations":[{"start":{"line":28,"column":48},"end":{"line":28,"column":83}},{"start":{"line":28,"column":86},"end":{"line":28,"column":87}}]},"2":{"loc":{"start":{"line":31,"column":8},"end":{"line":34,"column":9}},"type":"if","locations":[{"start":{"line":31,"column":8},"end":{"line":34,"column":9}}]},"3":{"loc":{"start":{"line":31,"column":12},"end":{"line":31,"column":73}},"type":"binary-expr","locations":[{"start":{"line":31,"column":12},"end":{"line":31,"column":28}},{"start":{"line":31,"column":32},"end":{"line":31,"column":73}}]},"4":{"loc":{"start":{"line":52,"column":32},"end":{"line":52,"column":101}},"type":"cond-expr","locations":[{"start":{"line":52,"column":62},"end":{"line":52,"column":80}},{"start":{"line":52,"column":83},"end":{"line":52,"column":101}}]},"5":{"loc":{"start":{"line":71,"column":27},"end":{"line":71,"column":39}},"type":"binary-expr","locations":[{"start":{"line":71,"column":27},"end":{"line":71,"column":34}},{"start":{"line":71,"column":38},"end":{"line":71,"column":39}}]},"6":{"loc":{"start":{"line":97,"column":19},"end":{"line":97,"column":73}},"type":"cond-expr","locations":[{"start":{"line":97,"column":44},"end":{"line":97,"column":57}},{"start":{"line":97,"column":60},"end":{"line":97,"column":73}}]},"7":{"loc":{"start":{"line":98,"column":19},"end":{"line":98,"column":67}},"type":"cond-expr","locations":[{"start":{"line":98,"column":44},"end":{"line":98,"column":55}},{"start":{"line":98,"column":58},"end":{"line":98,"column":67}}]}},"s":{"0":1,"1":1,"2":1,"3":1,"4":1,"5":1,"6":0,"7":0,"8":0,"9":0,"10":0,"11":0,"12":0,"13":0,"14":0,"15":0,"16":0,"17":0,"18":0,"19":0,"20":0,"21":0,"22":0,"23":0,"24":0,"25":0,"26":0,"27":0,"28":0,"29":0,"30":0,"31":0,"32":0,"33":0,"34":0},"f":{"0":0,"1":0,"2":0,"3":0,"4":0,"5":0,"6":0,"7":0},"b":{"0":[0,0],"1":[0,0],"2":[0],"3":[0,0],"4":[0,0],"5":[0,0],"6":[0,0],"7":[0,0]}},"/home/aflesch/mathquest/app/backend/src/core/services/gameParticipant/joinService.ts":{"path":"/home/aflesch/mathquest/app/backend/src/core/services/gameParticipant/joinService.ts","statementMap":{"0":{"start":{"line":22,"column":0},"end":{"line":22,"column":7}},"1":{"start":{"line":1,"column":0},"end":{"line":1,"column":37}},"2":{"start":{"line":2,"column":0},"end":{"line":2,"column":42}},"3":{"start":{"line":5,"column":0},"end":{"line":5,"column":62}},"4":{"start":{"line":6,"column":0},"end":{"line":6,"column":65}},"5":{"start":{"line":7,"column":0},"end":{"line":7,"column":34}},"6":{"start":{"line":9,"column":0},"end":{"line":9,"column":115}},"7":{"start":{"line":16,"column":15},"end":{"line":16,"column":57}},"8":{"start":{"line":28,"column":4},"end":{"line":180,"column":5}},"9":{"start":{"line":30,"column":29},"end":{"line":42,"column":10}},"10":{"start":{"line":43,"column":8},"end":{"line":45,"column":9}},"11":{"start":{"line":44,"column":12},"end":{"line":44,"column":63}},"12":{"start":{"line":47,"column":8},"end":{"line":59,"column":9}},"13":{"start":{"line":48,"column":34},"end":{"line":48,"column":72}},"14":{"start":{"line":49,"column":12},"end":{"line":52,"column":13}},"15":{"start":{"line":50,"column":16},"end":{"line":50,"column":165}},"16":{"start":{"line":51,"column":16},"end":{"line":51,"column":78}},"17":{"start":{"line":54,"column":24},"end":{"line":54,"column":34}},"18":{"start":{"line":55,"column":25},"end":{"line":55,"column":113}},"19":{"start":{"line":56,"column":23},"end":{"line":56,"column":107}},"20":{"start":{"line":57,"column":12},"end":{"line":57,"column":101}},"21":{"start":{"line":57,"column":36},"end":{"line":57,"column":101}},"22":{"start":{"line":58,"column":12},"end":{"line":58,"column":99}},"23":{"start":{"line":58,"column":32},"end":{"line":58,"column":99}},"24":{"start":{"line":61,"column":34},"end":{"line":61,"column":91}},"25":{"start":{"line":64,"column":8},"end":{"line":74,"column":11}},"26":{"start":{"line":77,"column":31},"end":{"line":77,"column":77}},"27":{"start":{"line":78,"column":8},"end":{"line":109,"column":9}},"28":{"start":{"line":79,"column":68},"end":{"line":87,"column":14}},"29":{"start":{"line":89,"column":36},"end":{"line":89,"column":104}},"30":{"start":{"line":91,"column":12},"end":{"line":108,"column":13}},"31":{"start":{"line":92,"column":27},"end":{"line":92,"column":34}},"32":{"start":{"line":93,"column":16},"end":{"line":107,"column":17}},"33":{"start":{"line":94,"column":43},"end":{"line":94,"column":74}},"34":{"start":{"line":95,"column":36},"end":{"line":95,"column":68}},"35":{"start":{"line":97,"column":40},"end":{"line":97,"column":99}},"36":{"start":{"line":98,"column":20},"end":{"line":104,"column":21}},"37":{"start":{"line":99,"column":24},"end":{"line":100,"column":76}},"38":{"start":{"line":101,"column":24},"end":{"line":101,"column":171}},"39":{"start":{"line":103,"column":24},"end":{"line":103,"column":154}},"40":{"start":{"line":106,"column":20},"end":{"line":106,"column":132}},"41":{"start":{"line":110,"column":8},"end":{"line":175,"column":9}},"42":{"start":{"line":112,"column":33},"end":{"line":115,"column":14}},"43":{"start":{"line":116,"column":12},"end":{"line":132,"column":13}},"44":{"start":{"line":117,"column":16},"end":{"line":117,"column":162}},"45":{"start":{"line":118,"column":16},"end":{"line":118,"column":43}},"46":{"start":{"line":120,"column":39},"end":{"line":129,"column":18}},"47":{"start":{"line":130,"column":16},"end":{"line":130,"column":133}},"48":{"start":{"line":131,"column":16},"end":{"line":131,"column":158}},"49":{"start":{"line":135,"column":37},"end":{"line":138,"column":14}},"50":{"start":{"line":139,"column":12},"end":{"line":174,"column":13}},"51":{"start":{"line":140,"column":16},"end":{"line":144,"column":19}},"52":{"start":{"line":145,"column":16},"end":{"line":153,"column":76}},"53":{"start":{"line":155,"column":39},"end":{"line":164,"column":18}},"54":{"start":{"line":165,"column":16},"end":{"line":165,"column":133}},"55":{"start":{"line":166,"column":16},"end":{"line":173,"column":55}},"56":{"start":{"line":176,"column":8},"end":{"line":176,"column":60}},"57":{"start":{"line":178,"column":8},"end":{"line":178,"column":74}},"58":{"start":{"line":179,"column":8},"end":{"line":179,"column":85}}},"fnMap":{"0":{"name":"joinGame","decl":{"start":{"line":22,"column":22},"end":{"line":22,"column":30}},"loc":{"start":{"line":27,"column":1},"end":{"line":181,"column":1}}}},"branchMap":{"0":{"loc":{"start":{"line":43,"column":8},"end":{"line":45,"column":9}},"type":"if","locations":[{"start":{"line":43,"column":8},"end":{"line":45,"column":9}}]},"1":{"loc":{"start":{"line":47,"column":8},"end":{"line":59,"column":9}},"type":"if","locations":[{"start":{"line":47,"column":8},"end":{"line":59,"column":9}}]},"2":{"loc":{"start":{"line":49,"column":12},"end":{"line":52,"column":13}},"type":"if","locations":[{"start":{"line":49,"column":12},"end":{"line":52,"column":13}}]},"3":{"loc":{"start":{"line":55,"column":25},"end":{"line":55,"column":113}},"type":"cond-expr","locations":[{"start":{"line":55,"column":62},"end":{"line":55,"column":106}},{"start":{"line":55,"column":109},"end":{"line":55,"column":113}}]},"4":{"loc":{"start":{"line":56,"column":23},"end":{"line":56,"column":107}},"type":"cond-expr","locations":[{"start":{"line":56,"column":58},"end":{"line":56,"column":100}},{"start":{"line":56,"column":103},"end":{"line":56,"column":107}}]},"5":{"loc":{"start":{"line":57,"column":12},"end":{"line":57,"column":101}},"type":"if","locations":[{"start":{"line":57,"column":12},"end":{"line":57,"column":101}}]},"6":{"loc":{"start":{"line":57,"column":16},"end":{"line":57,"column":34}},"type":"binary-expr","locations":[{"start":{"line":57,"column":16},"end":{"line":57,"column":20}},{"start":{"line":57,"column":24},"end":{"line":57,"column":34}}]},"7":{"loc":{"start":{"line":58,"column":12},"end":{"line":58,"column":99}},"type":"if","locations":[{"start":{"line":58,"column":12},"end":{"line":58,"column":99}}]},"8":{"loc":{"start":{"line":58,"column":16},"end":{"line":58,"column":30}},"type":"binary-expr","locations":[{"start":{"line":58,"column":16},"end":{"line":58,"column":18}},{"start":{"line":58,"column":22},"end":{"line":58,"column":30}}]},"9":{"loc":{"start":{"line":61,"column":34},"end":{"line":61,"column":91}},"type":"cond-expr","locations":[{"start":{"line":61,"column":72},"end":{"line":61,"column":82}},{"start":{"line":61,"column":85},"end":{"line":61,"column":91}}]},"10":{"loc":{"start":{"line":69,"column":26},"end":{"line":69,"column":71}},"type":"binary-expr","locations":[{"start":{"line":69,"column":26},"end":{"line":69,"column":34}},{"start":{"line":69,"column":38},"end":{"line":69,"column":71}}]},"11":{"loc":{"start":{"line":71,"column":29},"end":{"line":71,"column":48}},"type":"binary-expr","locations":[{"start":{"line":71,"column":29},"end":{"line":71,"column":40}},{"start":{"line":71,"column":44},"end":{"line":71,"column":48}}]},"12":{"loc":{"start":{"line":78,"column":8},"end":{"line":109,"column":9}},"type":"if","locations":[{"start":{"line":78,"column":8},"end":{"line":109,"column":9}}]},"13":{"loc":{"start":{"line":81,"column":26},"end":{"line":81,"column":71}},"type":"binary-expr","locations":[{"start":{"line":81,"column":26},"end":{"line":81,"column":34}},{"start":{"line":81,"column":38},"end":{"line":81,"column":71}}]},"14":{"loc":{"start":{"line":82,"column":29},"end":{"line":82,"column":53}},"type":"binary-expr","locations":[{"start":{"line":82,"column":29},"end":{"line":82,"column":40}},{"start":{"line":82,"column":44},"end":{"line":82,"column":53}}]},"15":{"loc":{"start":{"line":91,"column":12},"end":{"line":108,"column":13}},"type":"if","locations":[{"start":{"line":91,"column":12},"end":{"line":108,"column":13}}]},"16":{"loc":{"start":{"line":93,"column":16},"end":{"line":107,"column":17}},"type":"if","locations":[{"start":{"line":93,"column":16},"end":{"line":107,"column":17}},{"start":{"line":105,"column":23},"end":{"line":107,"column":17}}]},"17":{"loc":{"start":{"line":98,"column":20},"end":{"line":104,"column":21}},"type":"if","locations":[{"start":{"line":98,"column":20},"end":{"line":104,"column":21}},{"start":{"line":102,"column":27},"end":{"line":104,"column":21}}]},"18":{"loc":{"start":{"line":110,"column":8},"end":{"line":175,"column":9}},"type":"if","locations":[{"start":{"line":110,"column":8},"end":{"line":175,"column":9}},{"start":{"line":133,"column":15},"end":{"line":175,"column":9}}]},"19":{"loc":{"start":{"line":116,"column":12},"end":{"line":132,"column":13}},"type":"if","locations":[{"start":{"line":116,"column":12},"end":{"line":132,"column":13}},{"start":{"line":119,"column":19},"end":{"line":132,"column":13}}]},"20":{"loc":{"start":{"line":139,"column":12},"end":{"line":174,"column":13}},"type":"if","locations":[{"start":{"line":139,"column":12},"end":{"line":174,"column":13}},{"start":{"line":154,"column":19},"end":{"line":174,"column":13}}]}},"s":{"0":1,"1":1,"2":1,"3":1,"4":1,"5":1,"6":1,"7":1,"8":0,"9":0,"10":0,"11":0,"12":0,"13":0,"14":0,"15":0,"16":0,"17":0,"18":0,"19":0,"20":0,"21":0,"22":0,"23":0,"24":0,"25":0,"26":0,"27":0,"28":0,"29":0,"30":0,"31":0,"32":0,"33":0,"34":0,"35":0,"36":0,"37":0,"38":0,"39":0,"40":0,"41":0,"42":0,"43":0,"44":0,"45":0,"46":0,"47":0,"48":0,"49":0,"50":0,"51":0,"52":0,"53":0,"54":0,"55":0,"56":0,"57":0,"58":0},"f":{"0":0},"b":{"0":[0],"1":[0],"2":[0],"3":[0,0],"4":[0,0],"5":[0],"6":[0,0],"7":[0],"8":[0,0],"9":[0,0],"10":[0,0],"11":[0,0],"12":[0],"13":[0,0],"14":[0,0],"15":[0],"16":[0,0],"17":[0,0],"18":[0,0],"19":[0,0],"20":[0,0]}},"/home/aflesch/mathquest/app/backend/src/sockets/index.ts":{"path":"/home/aflesch/mathquest/app/backend/src/sockets/index.ts","statementMap":{"0":{"start":{"line":20,"column":0},"end":{"line":20,"column":16}},"1":{"start":{"line":65,"column":0},"end":{"line":65,"column":7}},"2":{"start":{"line":80,"column":0},"end":{"line":80,"column":16}},"3":{"start":{"line":89,"column":0},"end":{"line":89,"column":16}},"4":{"start":{"line":103,"column":0},"end":{"line":103,"column":16}},"5":{"start":{"line":1,"column":0},"end":{"line":1,"column":53}},"6":{"start":{"line":2,"column":0},"end":{"line":2,"column":57}},"7":{"start":{"line":4,"column":0},"end":{"line":4,"column":45}},"8":{"start":{"line":5,"column":0},"end":{"line":5,"column":42}},"9":{"start":{"line":6,"column":0},"end":{"line":6,"column":63}},"10":{"start":{"line":7,"column":0},"end":{"line":7,"column":75}},"11":{"start":{"line":11,"column":15},"end":{"line":11,"column":39}},"12":{"start":{"line":13,"column":107},"end":{"line":13,"column":111}},"13":{"start":{"line":14,"column":65},"end":{"line":14,"column":69}},"14":{"start":{"line":21,"column":4},"end":{"line":24,"column":5}},"15":{"start":{"line":22,"column":8},"end":{"line":22,"column":60}},"16":{"start":{"line":23,"column":8},"end":{"line":23,"column":18}},"17":{"start":{"line":27,"column":4},"end":{"line":27,"column":40}},"18":{"start":{"line":30,"column":4},"end":{"line":46,"column":7}},"19":{"start":{"line":49,"column":4},"end":{"line":49,"column":54}},"20":{"start":{"line":52,"column":4},"end":{"line":52,"column":33}},"21":{"start":{"line":55,"column":4},"end":{"line":55,"column":35}},"22":{"start":{"line":57,"column":4},"end":{"line":57,"column":67}},"23":{"start":{"line":59,"column":4},"end":{"line":59,"column":14}},"24":{"start":{"line":66,"column":4},"end":{"line":73,"column":5}},"25":{"start":{"line":67,"column":8},"end":{"line":71,"column":9}},"26":{"start":{"line":68,"column":12},"end":{"line":68,"column":35}},"27":{"start":{"line":70,"column":12},"end":{"line":70,"column":71}},"28":{"start":{"line":72,"column":8},"end":{"line":72,"column":25}},"29":{"start":{"line":81,"column":4},"end":{"line":81,"column":14}},"30":{"start":{"line":91,"column":4},"end":{"line":93,"column":5}},"31":{"start":{"line":92,"column":8},"end":{"line":92,"column":83}},"32":{"start":{"line":94,"column":4},"end":{"line":94,"column":22}},"33":{"start":{"line":96,"column":4},"end":{"line":96,"column":33}},"34":{"start":{"line":104,"column":4},"end":{"line":104,"column":45}}},"fnMap":{"0":{"name":"initializeSocketIO","decl":{"start":{"line":20,"column":16},"end":{"line":20,"column":34}},"loc":{"start":{"line":20,"column":54},"end":{"line":60,"column":1}}},"1":{"name":"closeSocketIORedisClients","decl":{"start":{"line":65,"column":22},"end":{"line":65,"column":47}},"loc":{"start":{"line":65,"column":47},"end":{"line":74,"column":1}}},"2":{"name":"getIO","decl":{"start":{"line":80,"column":16},"end":{"line":80,"column":21}},"loc":{"start":{"line":80,"column":21},"end":{"line":82,"column":1}}},"3":{"name":"configureSocketServer","decl":{"start":{"line":89,"column":16},"end":{"line":89,"column":37}},"loc":{"start":{"line":89,"column":141},"end":{"line":97,"column":1}}},"4":{"name":"registerHandlers","decl":{"start":{"line":103,"column":16},"end":{"line":103,"column":32}},"loc":{"start":{"line":103,"column":136},"end":{"line":105,"column":1}}}},"branchMap":{"0":{"loc":{"start":{"line":21,"column":4},"end":{"line":24,"column":5}},"type":"if","locations":[{"start":{"line":21,"column":4},"end":{"line":24,"column":5}}]},"1":{"loc":{"start":{"line":33,"column":20},"end":{"line":35,"column":93}},"type":"cond-expr","locations":[{"start":{"line":34,"column":18},"end":{"line":34,"column":77}},{"start":{"line":35,"column":18},"end":{"line":35,"column":93}}]},"2":{"loc":{"start":{"line":34,"column":18},"end":{"line":34,"column":77}},"type":"binary-expr","locations":[{"start":{"line":34,"column":18},"end":{"line":34,"column":42}},{"start":{"line":34,"column":46},"end":{"line":34,"column":77}}]},"3":{"loc":{"start":{"line":66,"column":4},"end":{"line":73,"column":5}},"type":"if","locations":[{"start":{"line":66,"column":4},"end":{"line":73,"column":5}}]},"4":{"loc":{"start":{"line":91,"column":4},"end":{"line":93,"column":5}},"type":"if","locations":[{"start":{"line":91,"column":4},"end":{"line":93,"column":5}}]},"5":{"loc":{"start":{"line":91,"column":8},"end":{"line":91,"column":33}},"type":"binary-expr","locations":[{"start":{"line":91,"column":8},"end":{"line":91,"column":10}},{"start":{"line":91,"column":14},"end":{"line":91,"column":33}}]}},"s":{"0":1,"1":1,"2":1,"3":1,"4":1,"5":1,"6":1,"7":1,"8":1,"9":1,"10":1,"11":1,"12":1,"13":1,"14":0,"15":0,"16":0,"17":0,"18":0,"19":0,"20":0,"21":0,"22":0,"23":0,"24":0,"25":0,"26":0,"27":0,"28":0,"29":0,"30":0,"31":0,"32":0,"33":0,"34":0},"f":{"0":0,"1":0,"2":0,"3":0,"4":0},"b":{"0":[0],"1":[0,0],"2":[0,0],"3":[0],"4":[0],"5":[0,0]}},"/home/aflesch/mathquest/app/backend/src/sockets/middleware/socketAuth.ts":{"path":"/home/aflesch/mathquest/app/backend/src/sockets/middleware/socketAuth.ts","statementMap":{"0":{"start":{"line":2,"column":0},"end":{"line":2,"column":36}},"1":{"start":{"line":4,"column":0},"end":{"line":4,"column":42}},"2":{"start":{"line":7,"column":15},"end":{"line":7,"column":41}},"3":{"start":{"line":10,"column":19},"end":{"line":10,"column":71}},"4":{"start":{"line":18,"column":36},"end":{"line":159,"column":1}},"5":{"start":{"line":19,"column":4},"end":{"line":158,"column":5}},"6":{"start":{"line":20,"column":8},"end":{"line":25,"column":54}},"7":{"start":{"line":28,"column":23},"end":{"line":28,"column":84}},"8":{"start":{"line":29,"column":25},"end":{"line":29,"column":90}},"9":{"start":{"line":30,"column":22},"end":{"line":30,"column":81}},"10":{"start":{"line":33,"column":26},"end":{"line":33,"column":30}},"11":{"start":{"line":34,"column":8},"end":{"line":39,"column":9}},"12":{"start":{"line":35,"column":28},"end":{"line":35,"column":59}},"13":{"start":{"line":36,"column":38},"end":{"line":36,"column":75}},"14":{"start":{"line":37,"column":35},"end":{"line":37,"column":69}},"15":{"start":{"line":38,"column":12},"end":{"line":38,"column":80}},"16":{"start":{"line":42,"column":8},"end":{"line":52,"column":44}},"17":{"start":{"line":55,"column":31},"end":{"line":60,"column":10}},"18":{"start":{"line":63,"column":28},"end":{"line":63,"column":30}},"19":{"start":{"line":64,"column":26},"end":{"line":64,"column":30}},"20":{"start":{"line":67,"column":8},"end":{"line":101,"column":9}},"21":{"start":{"line":68,"column":32},"end":{"line":68,"column":52}},"22":{"start":{"line":69,"column":12},"end":{"line":100,"column":13}},"23":{"start":{"line":70,"column":16},"end":{"line":74,"column":50}},"24":{"start":{"line":75,"column":32},"end":{"line":75,"column":82}},"25":{"start":{"line":78,"column":16},"end":{"line":82,"column":18}},"26":{"start":{"line":83,"column":16},"end":{"line":83,"column":45}},"27":{"start":{"line":85,"column":16},"end":{"line":91,"column":57}},"28":{"start":{"line":93,"column":16},"end":{"line":98,"column":57}},"29":{"start":{"line":104,"column":8},"end":{"line":124,"column":9}},"30":{"start":{"line":105,"column":36},"end":{"line":105,"column":57}},"31":{"start":{"line":106,"column":38},"end":{"line":106,"column":75}},"32":{"start":{"line":108,"column":12},"end":{"line":115,"column":14}},"33":{"start":{"line":116,"column":12},"end":{"line":116,"column":42}},"34":{"start":{"line":118,"column":12},"end":{"line":123,"column":51}},"35":{"start":{"line":127,"column":8},"end":{"line":148,"column":9}},"36":{"start":{"line":128,"column":12},"end":{"line":128,"column":40}},"37":{"start":{"line":129,"column":12},"end":{"line":129,"column":45}},"38":{"start":{"line":132,"column":12},"end":{"line":137,"column":15}},"39":{"start":{"line":139,"column":12},"end":{"line":145,"column":40}},"40":{"start":{"line":147,"column":12},"end":{"line":147,"column":81}},"41":{"start":{"line":151,"column":8},"end":{"line":151,"column":52}},"42":{"start":{"line":154,"column":8},"end":{"line":154,"column":15}},"43":{"start":{"line":156,"column":8},"end":{"line":156,"column":87}},"44":{"start":{"line":157,"column":8},"end":{"line":157,"column":15}},"45":{"start":{"line":18,"column":13},"end":{"line":18,"column":36}}},"fnMap":{"0":{"name":"(anonymous_10)","decl":{"start":{"line":18,"column":36},"end":{"line":18,"column":37}},"loc":{"start":{"line":18,"column":84},"end":{"line":159,"column":1}}}},"branchMap":{"0":{"loc":{"start":{"line":10,"column":19},"end":{"line":10,"column":71}},"type":"binary-expr","locations":[{"start":{"line":10,"column":19},"end":{"line":10,"column":41}},{"start":{"line":10,"column":45},"end":{"line":10,"column":71}}]},"1":{"loc":{"start":{"line":28,"column":23},"end":{"line":28,"column":84}},"type":"binary-expr","locations":[{"start":{"line":28,"column":23},"end":{"line":28,"column":51}},{"start":{"line":28,"column":55},"end":{"line":28,"column":84}}]},"2":{"loc":{"start":{"line":29,"column":25},"end":{"line":29,"column":90}},"type":"binary-expr","locations":[{"start":{"line":29,"column":25},"end":{"line":29,"column":55}},{"start":{"line":29,"column":59},"end":{"line":29,"column":90}}]},"3":{"loc":{"start":{"line":30,"column":22},"end":{"line":30,"column":81}},"type":"binary-expr","locations":[{"start":{"line":30,"column":22},"end":{"line":30,"column":49}},{"start":{"line":30,"column":53},"end":{"line":30,"column":81}}]},"4":{"loc":{"start":{"line":34,"column":8},"end":{"line":39,"column":9}},"type":"if","locations":[{"start":{"line":34,"column":8},"end":{"line":39,"column":9}}]},"5":{"loc":{"start":{"line":38,"column":26},"end":{"line":38,"column":79}},"type":"binary-expr","locations":[{"start":{"line":38,"column":26},"end":{"line":38,"column":48}},{"start":{"line":38,"column":52},"end":{"line":38,"column":71}},{"start":{"line":38,"column":75},"end":{"line":38,"column":79}}]},"6":{"loc":{"start":{"line":48,"column":25},"end":{"line":48,"column":45}},"type":"binary-expr","locations":[{"start":{"line":48,"column":25},"end":{"line":48,"column":30}},{"start":{"line":48,"column":34},"end":{"line":48,"column":45}}]},"7":{"loc":{"start":{"line":49,"column":25},"end":{"line":49,"column":81}},"type":"binary-expr","locations":[{"start":{"line":49,"column":25},"end":{"line":49,"column":73}},{"start":{"line":49,"column":77},"end":{"line":49,"column":81}}]},"8":{"loc":{"start":{"line":49,"column":26},"end":{"line":49,"column":46}},"type":"binary-expr","locations":[{"start":{"line":49,"column":26},"end":{"line":49,"column":31}},{"start":{"line":49,"column":35},"end":{"line":49,"column":46}}]},"9":{"loc":{"start":{"line":51,"column":31},"end":{"line":51,"column":76}},"type":"binary-expr","locations":[{"start":{"line":51,"column":31},"end":{"line":51,"column":68}},{"start":{"line":51,"column":72},"end":{"line":51,"column":76}}]},"10":{"loc":{"start":{"line":67,"column":8},"end":{"line":101,"column":9}},"type":"if","locations":[{"start":{"line":67,"column":8},"end":{"line":101,"column":9}}]},"11":{"loc":{"start":{"line":67,"column":12},"end":{"line":67,"column":32}},"type":"binary-expr","locations":[{"start":{"line":67,"column":12},"end":{"line":67,"column":17}},{"start":{"line":67,"column":21},"end":{"line":67,"column":32}}]},"12":{"loc":{"start":{"line":68,"column":32},"end":{"line":68,"column":52}},"type":"binary-expr","locations":[{"start":{"line":68,"column":32},"end":{"line":68,"column":37}},{"start":{"line":68,"column":41},"end":{"line":68,"column":52}}]},"13":{"loc":{"start":{"line":72,"column":33},"end":{"line":72,"column":64}},"type":"cond-expr","locations":[{"start":{"line":72,"column":41},"end":{"line":72,"column":53}},{"start":{"line":72,"column":56},"end":{"line":72,"column":64}}]},"14":{"loc":{"start":{"line":89,"column":33},"end":{"line":89,"column":64}},"type":"cond-expr","locations":[{"start":{"line":89,"column":41},"end":{"line":89,"column":53}},{"start":{"line":89,"column":56},"end":{"line":89,"column":64}}]},"15":{"loc":{"start":{"line":94,"column":25},"end":{"line":94,"column":65}},"type":"cond-expr","locations":[{"start":{"line":94,"column":48},"end":{"line":94,"column":59}},{"start":{"line":94,"column":62},"end":{"line":94,"column":65}}]},"16":{"loc":{"start":{"line":96,"column":33},"end":{"line":96,"column":64}},"type":"cond-expr","locations":[{"start":{"line":96,"column":41},"end":{"line":96,"column":53}},{"start":{"line":96,"column":56},"end":{"line":96,"column":64}}]},"17":{"loc":{"start":{"line":104,"column":8},"end":{"line":124,"column":9}},"type":"if","locations":[{"start":{"line":104,"column":8},"end":{"line":124,"column":9}}]},"18":{"loc":{"start":{"line":104,"column":12},"end":{"line":104,"column":33}},"type":"binary-expr","locations":[{"start":{"line":104,"column":12},"end":{"line":104,"column":18}},{"start":{"line":104,"column":22},"end":{"line":104,"column":33}}]},"19":{"loc":{"start":{"line":105,"column":36},"end":{"line":105,"column":57}},"type":"binary-expr","locations":[{"start":{"line":105,"column":36},"end":{"line":105,"column":47}},{"start":{"line":105,"column":51},"end":{"line":105,"column":57}}]},"20":{"loc":{"start":{"line":106,"column":38},"end":{"line":106,"column":75}},"type":"binary-expr","locations":[{"start":{"line":106,"column":38},"end":{"line":106,"column":46}},{"start":{"line":106,"column":50},"end":{"line":106,"column":63}},{"start":{"line":106,"column":67},"end":{"line":106,"column":75}}]},"21":{"loc":{"start":{"line":111,"column":22},"end":{"line":114,"column":83}},"type":"cond-expr","locations":[{"start":{"line":111,"column":56},"end":{"line":111,"column":65}},{"start":{"line":112,"column":20},"end":{"line":114,"column":83}}]},"22":{"loc":{"start":{"line":112,"column":20},"end":{"line":114,"column":83}},"type":"cond-expr","locations":[{"start":{"line":112,"column":54},"end":{"line":112,"column":63}},{"start":{"line":113,"column":24},"end":{"line":114,"column":83}}]},"23":{"loc":{"start":{"line":113,"column":24},"end":{"line":114,"column":83}},"type":"cond-expr","locations":[{"start":{"line":113,"column":58},"end":{"line":113,"column":67}},{"start":{"line":114,"column":28},"end":{"line":114,"column":83}}]},"24":{"loc":{"start":{"line":114,"column":28},"end":{"line":114,"column":83}},"type":"cond-expr","locations":[{"start":{"line":114,"column":62},"end":{"line":114,"column":71}},{"start":{"line":114,"column":74},"end":{"line":114,"column":83}}]},"25":{"loc":{"start":{"line":127,"column":8},"end":{"line":148,"column":9}},"type":"if","locations":[{"start":{"line":127,"column":8},"end":{"line":148,"column":9}},{"start":{"line":146,"column":15},"end":{"line":148,"column":9}}]},"26":{"loc":{"start":{"line":127,"column":12},"end":{"line":127,"column":35}},"type":"binary-expr","locations":[{"start":{"line":127,"column":12},"end":{"line":127,"column":23}},{"start":{"line":127,"column":27},"end":{"line":127,"column":35}}]}},"s":{"0":1,"1":1,"2":1,"3":1,"4":1,"5":0,"6":0,"7":0,"8":0,"9":0,"10":0,"11":0,"12":0,"13":0,"14":0,"15":0,"16":0,"17":0,"18":0,"19":0,"20":0,"21":0,"22":0,"23":0,"24":0,"25":0,"26":0,"27":0,"28":0,"29":0,"30":0,"31":0,"32":0,"33":0,"34":0,"35":0,"36":0,"37":0,"38":0,"39":0,"40":0,"41":0,"42":0,"43":0,"44":0,"45":1},"f":{"0":0},"b":{"0":[1,0],"1":[0,0],"2":[0,0],"3":[0,0],"4":[0],"5":[0,0,0],"6":[0,0],"7":[0,0],"8":[0,0],"9":[0,0],"10":[0],"11":[0,0],"12":[0,0],"13":[0,0],"14":[0,0],"15":[0,0],"16":[0,0],"17":[0],"18":[0,0],"19":[0,0],"20":[0,0,0],"21":[0,0],"22":[0,0],"23":[0,0],"24":[0,0],"25":[0,0],"26":[0,0]}},"/home/aflesch/mathquest/app/backend/src/sockets/handlers/connectionHandlers.ts":{"path":"/home/aflesch/mathquest/app/backend/src/sockets/handlers/connectionHandlers.ts","statementMap":{"0":{"start":{"line":25,"column":0},"end":{"line":25,"column":16}},"1":{"start":{"line":2,"column":0},"end":{"line":2,"column":42}},"2":{"start":{"line":3,"column":0},"end":{"line":3,"column":55}},"3":{"start":{"line":4,"column":0},"end":{"line":4,"column":40}},"4":{"start":{"line":5,"column":0},"end":{"line":5,"column":60}},"5":{"start":{"line":6,"column":0},"end":{"line":6,"column":58}},"6":{"start":{"line":7,"column":0},"end":{"line":7,"column":56}},"7":{"start":{"line":8,"column":0},"end":{"line":8,"column":108}},"8":{"start":{"line":9,"column":0},"end":{"line":9,"column":56}},"9":{"start":{"line":11,"column":0},"end":{"line":11,"column":102}},"10":{"start":{"line":12,"column":0},"end":{"line":12,"column":60}},"11":{"start":{"line":19,"column":15},"end":{"line":19,"column":49}},"12":{"start":{"line":26,"column":4},"end":{"line":51,"column":7}},"13":{"start":{"line":27,"column":8},"end":{"line":27,"column":72}},"14":{"start":{"line":30,"column":8},"end":{"line":32,"column":11}},"15":{"start":{"line":31,"column":12},"end":{"line":31,"column":84}},"16":{"start":{"line":34,"column":8},"end":{"line":34,"column":33}},"17":{"start":{"line":37,"column":8},"end":{"line":42,"column":11}},"18":{"start":{"line":39,"column":12},"end":{"line":39,"column":56}},"19":{"start":{"line":41,"column":12},"end":{"line":41,"column":50}},"20":{"start":{"line":45,"column":8},"end":{"line":45,"column":42}},"21":{"start":{"line":46,"column":8},"end":{"line":46,"column":32}},"22":{"start":{"line":47,"column":8},"end":{"line":47,"column":42}},"23":{"start":{"line":48,"column":8},"end":{"line":48,"column":47}},"24":{"start":{"line":49,"column":8},"end":{"line":49,"column":52}},"25":{"start":{"line":50,"column":8},"end":{"line":50,"column":38}},"26":{"start":{"line":59,"column":19},"end":{"line":59,"column":25}},"27":{"start":{"line":63,"column":4},"end":{"line":85,"column":5}},"28":{"start":{"line":65,"column":24},"end":{"line":65,"column":131}},"29":{"start":{"line":68,"column":33},"end":{"line":68,"column":78}},"30":{"start":{"line":69,"column":8},"end":{"line":78,"column":9}},"31":{"start":{"line":70,"column":12},"end":{"line":74,"column":75}},"32":{"start":{"line":75,"column":12},"end":{"line":75,"column":37}},"33":{"start":{"line":77,"column":12},"end":{"line":77,"column":41}},"34":{"start":{"line":80,"column":8},"end":{"line":83,"column":54}},"35":{"start":{"line":84,"column":8},"end":{"line":84,"column":33}},"36":{"start":{"line":87,"column":4},"end":{"line":91,"column":44}},"37":{"start":{"line":94,"column":43},"end":{"line":94,"column":45}},"38":{"start":{"line":97,"column":8},"end":{"line":97,"column":71}},"39":{"start":{"line":97,"column":54},"end":{"line":97,"column":71}},"40":{"start":{"line":98,"column":8},"end":{"line":98,"column":92}},"41":{"start":{"line":98,"column":75},"end":{"line":98,"column":92}},"42":{"start":{"line":99,"column":8},"end":{"line":99,"column":89}},"43":{"start":{"line":99,"column":74},"end":{"line":99,"column":89}},"44":{"start":{"line":100,"column":8},"end":{"line":100,"column":23}},"45":{"start":{"line":102,"column":4},"end":{"line":106,"column":29}},"46":{"start":{"line":108,"column":4},"end":{"line":108,"column":159}},"47":{"start":{"line":108,"column":44},"end":{"line":108,"column":157}},"48":{"start":{"line":111,"column":50},"end":{"line":115,"column":6}},"49":{"start":{"line":117,"column":4},"end":{"line":122,"column":5}},"50":{"start":{"line":118,"column":8},"end":{"line":118,"column":58}},"51":{"start":{"line":119,"column":8},"end":{"line":119,"column":74}},"52":{"start":{"line":121,"column":8},"end":{"line":121,"column":71}}},"fnMap":{"0":{"name":"registerConnectionHandlers","decl":{"start":{"line":25,"column":16},"end":{"line":25,"column":42}},"loc":{"start":{"line":25,"column":136},"end":{"line":52,"column":1}}},"1":{"name":"(anonymous_2)","decl":{"start":{"line":26,"column":24},"end":{"line":26,"column":25}},"loc":{"start":{"line":26,"column":118},"end":{"line":51,"column":5}}},"2":{"name":"(anonymous_3)","decl":{"start":{"line":30,"column":21},"end":{"line":30,"column":22}},"loc":{"start":{"line":30,"column":40},"end":{"line":32,"column":9}}},"3":{"name":"(anonymous_4)","decl":{"start":{"line":37,"column":32},"end":{"line":37,"column":33}},"loc":{"start":{"line":37,"column":43},"end":{"line":42,"column":9}}},"4":{"name":"handleConnection","decl":{"start":{"line":58,"column":9},"end":{"line":58,"column":25}},"loc":{"start":{"line":58,"column":115},"end":{"line":125,"column":1}}},"5":{"name":"toCanonicalRole","decl":{"start":{"line":96,"column":13},"end":{"line":96,"column":28}},"loc":{"start":{"line":96,"column":38},"end":{"line":101,"column":5}}},"6":{"name":"(anonymous_7)","decl":{"start":{"line":108,"column":37},"end":{"line":108,"column":40}},"loc":{"start":{"line":108,"column":44},"end":{"line":108,"column":157}}}},"branchMap":{"0":{"loc":{"start":{"line":65,"column":24},"end":{"line":65,"column":131}},"type":"cond-expr","locations":[{"start":{"line":65,"column":70},"end":{"line":65,"column":94}},{"start":{"line":65,"column":98},"end":{"line":65,"column":130}}]},"1":{"loc":{"start":{"line":65,"column":25},"end":{"line":65,"column":65}},"type":"binary-expr","locations":[{"start":{"line":65,"column":25},"end":{"line":65,"column":36}},{"start":{"line":65,"column":41},"end":{"line":65,"column":65}}]},"2":{"loc":{"start":{"line":65,"column":98},"end":{"line":65,"column":130}},"type":"binary-expr","locations":[{"start":{"line":65,"column":98},"end":{"line":65,"column":109}},{"start":{"line":65,"column":113},"end":{"line":65,"column":130}}]},"3":{"loc":{"start":{"line":69,"column":8},"end":{"line":78,"column":9}},"type":"if","locations":[{"start":{"line":69,"column":8},"end":{"line":78,"column":9}},{"start":{"line":76,"column":15},"end":{"line":78,"column":9}}]},"4":{"loc":{"start":{"line":82,"column":19},"end":{"line":82,"column":75}},"type":"cond-expr","locations":[{"start":{"line":82,"column":44},"end":{"line":82,"column":57}},{"start":{"line":82,"column":60},"end":{"line":82,"column":75}}]},"5":{"loc":{"start":{"line":97,"column":8},"end":{"line":97,"column":71}},"type":"if","locations":[{"start":{"line":97,"column":8},"end":{"line":97,"column":71}}]},"6":{"loc":{"start":{"line":97,"column":12},"end":{"line":97,"column":52}},"type":"binary-expr","locations":[{"start":{"line":97,"column":12},"end":{"line":97,"column":30}},{"start":{"line":97,"column":34},"end":{"line":97,"column":52}}]},"7":{"loc":{"start":{"line":98,"column":8},"end":{"line":98,"column":92}},"type":"if","locations":[{"start":{"line":98,"column":8},"end":{"line":98,"column":92}}]},"8":{"loc":{"start":{"line":98,"column":12},"end":{"line":98,"column":73}},"type":"binary-expr","locations":[{"start":{"line":98,"column":12},"end":{"line":98,"column":30}},{"start":{"line":98,"column":34},"end":{"line":98,"column":51}},{"start":{"line":98,"column":55},"end":{"line":98,"column":73}}]},"9":{"loc":{"start":{"line":99,"column":8},"end":{"line":99,"column":89}},"type":"if","locations":[{"start":{"line":99,"column":8},"end":{"line":99,"column":89}}]},"10":{"loc":{"start":{"line":99,"column":12},"end":{"line":99,"column":72}},"type":"binary-expr","locations":[{"start":{"line":99,"column":12},"end":{"line":99,"column":28}},{"start":{"line":99,"column":32},"end":{"line":99,"column":48}},{"start":{"line":99,"column":52},"end":{"line":99,"column":72}}]},"11":{"loc":{"start":{"line":104,"column":16},"end":{"line":104,"column":38}},"type":"binary-expr","locations":[{"start":{"line":104,"column":16},"end":{"line":104,"column":23}},{"start":{"line":104,"column":27},"end":{"line":104,"column":38}}]},"12":{"loc":{"start":{"line":108,"column":44},"end":{"line":108,"column":157}},"type":"binary-expr","locations":[{"start":{"line":108,"column":44},"end":{"line":108,"column":102}},{"start":{"line":108,"column":106},"end":{"line":108,"column":157}}]}},"s":{"0":1,"1":1,"2":1,"3":1,"4":1,"5":1,"6":1,"7":1,"8":1,"9":1,"10":1,"11":1,"12":0,"13":0,"14":0,"15":0,"16":0,"17":0,"18":0,"19":0,"20":0,"21":0,"22":0,"23":0,"24":0,"25":0,"26":0,"27":0,"28":0,"29":0,"30":0,"31":0,"32":0,"33":0,"34":0,"35":0,"36":0,"37":0,"38":0,"39":0,"40":0,"41":0,"42":0,"43":0,"44":0,"45":0,"46":0,"47":0,"48":0,"49":0,"50":0,"51":0,"52":0},"f":{"0":0,"1":0,"2":0,"3":0,"4":0,"5":0,"6":0},"b":{"0":[0,0],"1":[0,0],"2":[0,0],"3":[0,0],"4":[0,0],"5":[0],"6":[0,0],"7":[0],"8":[0,0,0],"9":[0],"10":[0,0,0],"11":[0,0],"12":[0,0]}},"/home/aflesch/mathquest/app/backend/src/sockets/handlers/lobbyHandler.ts":{"path":"/home/aflesch/mathquest/app/backend/src/sockets/handlers/lobbyHandler.ts","statementMap":{"0":{"start":{"line":112,"column":0},"end":{"line":112,"column":16}},"1":{"start":{"line":2,"column":0},"end":{"line":2,"column":37}},"2":{"start":{"line":3,"column":0},"end":{"line":3,"column":45}},"3":{"start":{"line":4,"column":0},"end":{"line":4,"column":42}},"4":{"start":{"line":5,"column":0},"end":{"line":5,"column":97}},"5":{"start":{"line":6,"column":0},"end":{"line":6,"column":77}},"6":{"start":{"line":7,"column":0},"end":{"line":7,"column":62}},"7":{"start":{"line":8,"column":0},"end":{"line":8,"column":90}},"8":{"start":{"line":9,"column":0},"end":{"line":9,"column":59}},"9":{"start":{"line":16,"column":0},"end":{"line":16,"column":null}},"10":{"start":{"line":24,"column":15},"end":{"line":24,"column":43}},"11":{"start":{"line":27,"column":25},"end":{"line":27,"column":43}},"12":{"start":{"line":30,"column":33},"end":{"line":30,"column":66}},"13":{"start":{"line":47,"column":29},"end":{"line":47,"column":69}},"14":{"start":{"line":48,"column":4},"end":{"line":50,"column":5}},"15":{"start":{"line":49,"column":8},"end":{"line":49,"column":40}},"16":{"start":{"line":52,"column":21},"end":{"line":89,"column":12}},"17":{"start":{"line":53,"column":8},"end":{"line":88,"column":9}},"18":{"start":{"line":55,"column":33},"end":{"line":58,"column":14}},"19":{"start":{"line":60,"column":12},"end":{"line":65,"column":13}},"20":{"start":{"line":62,"column":16},"end":{"line":62,"column":40}},"21":{"start":{"line":63,"column":16},"end":{"line":63,"column":60}},"22":{"start":{"line":64,"column":16},"end":{"line":64,"column":23}},"23":{"start":{"line":67,"column":12},"end":{"line":85,"column":13}},"24":{"start":{"line":68,"column":16},"end":{"line":68,"column":121}},"25":{"start":{"line":71,"column":16},"end":{"line":74,"column":19}},"26":{"start":{"line":77,"column":16},"end":{"line":80,"column":19}},"27":{"start":{"line":83,"column":16},"end":{"line":83,"column":40}},"28":{"start":{"line":84,"column":16},"end":{"line":84,"column":60}},"29":{"start":{"line":87,"column":12},"end":{"line":87,"column":78}},"30":{"start":{"line":91,"column":4},"end":{"line":91,"column":55}},"31":{"start":{"line":92,"column":4},"end":{"line":92,"column":72}},"32":{"start":{"line":99,"column":21},"end":{"line":99,"column":61}},"33":{"start":{"line":100,"column":4},"end":{"line":104,"column":5}},"34":{"start":{"line":101,"column":8},"end":{"line":101,"column":32}},"35":{"start":{"line":102,"column":8},"end":{"line":102,"column":52}},"36":{"start":{"line":103,"column":8},"end":{"line":103,"column":78}},"37":{"start":{"line":114,"column":4},"end":{"line":404,"column":7}},"38":{"start":{"line":116,"column":28},"end":{"line":116,"column":69}},"39":{"start":{"line":117,"column":8},"end":{"line":134,"column":9}},"40":{"start":{"line":118,"column":33},"end":{"line":118,"column":59}},"41":{"start":{"line":119,"column":12},"end":{"line":124,"column":51}},"42":{"start":{"line":126,"column":47},"end":{"line":130,"column":14}},"43":{"start":{"line":132,"column":12},"end":{"line":132,"column":64}},"44":{"start":{"line":133,"column":12},"end":{"line":133,"column":19}},"45":{"start":{"line":136,"column":114},"end":{"line":136,"column":130}},"46":{"start":{"line":139,"column":23},"end":{"line":139,"column":64}},"47":{"start":{"line":140,"column":25},"end":{"line":140,"column":70}},"48":{"start":{"line":141,"column":28},"end":{"line":141,"column":79}},"49":{"start":{"line":143,"column":8},"end":{"line":152,"column":70}},"50":{"start":{"line":154,"column":8},"end":{"line":167,"column":9}},"51":{"start":{"line":155,"column":12},"end":{"line":161,"column":88}},"52":{"start":{"line":162,"column":12},"end":{"line":165,"column":15}},"53":{"start":{"line":166,"column":12},"end":{"line":166,"column":19}},"54":{"start":{"line":169,"column":8},"end":{"line":403,"column":9}},"55":{"start":{"line":171,"column":33},"end":{"line":180,"column":14}},"56":{"start":{"line":182,"column":12},"end":{"line":189,"column":13}},"57":{"start":{"line":183,"column":16},"end":{"line":183,"column":101}},"58":{"start":{"line":184,"column":16},"end":{"line":187,"column":19}},"59":{"start":{"line":188,"column":16},"end":{"line":188,"column":23}},"60":{"start":{"line":192,"column":12},"end":{"line":199,"column":13}},"61":{"start":{"line":193,"column":16},"end":{"line":193,"column":119}},"62":{"start":{"line":194,"column":16},"end":{"line":197,"column":19}},"63":{"start":{"line":198,"column":16},"end":{"line":198,"column":23}},"64":{"start":{"line":202,"column":12},"end":{"line":215,"column":13}},"65":{"start":{"line":203,"column":16},"end":{"line":203,"column":106}},"66":{"start":{"line":204,"column":16},"end":{"line":204,"column":100}},"67":{"start":{"line":207,"column":16},"end":{"line":212,"column":19}},"68":{"start":{"line":214,"column":16},"end":{"line":214,"column":23}},"69":{"start":{"line":218,"column":37},"end":{"line":218,"column":98}},"70":{"start":{"line":219,"column":61},"end":{"line":220,"column":86}},"71":{"start":{"line":220,"column":57},"end":{"line":220,"column":80}},"72":{"start":{"line":223,"column":48},"end":{"line":223,"column":101}},"73":{"start":{"line":223,"column":81},"end":{"line":223,"column":100}},"74":{"start":{"line":224,"column":33},"end":{"line":224,"column":71}},"75":{"start":{"line":226,"column":12},"end":{"line":243,"column":13}},"76":{"start":{"line":227,"column":16},"end":{"line":233,"column":73}},"77":{"start":{"line":228,"column":76},"end":{"line":228,"column":80}},"78":{"start":{"line":236,"column":16},"end":{"line":242,"column":17}},"79":{"start":{"line":237,"column":20},"end":{"line":237,"column":103}},"80":{"start":{"line":239,"column":20},"end":{"line":241,"column":23}},"81":{"start":{"line":246,"column":12},"end":{"line":251,"column":15}},"82":{"start":{"line":254,"column":12},"end":{"line":254,"column":40}},"83":{"start":{"line":255,"column":12},"end":{"line":255,"column":48}},"84":{"start":{"line":258,"column":50},"end":{"line":264,"column":14}},"85":{"start":{"line":266,"column":12},"end":{"line":273,"column":80}},"86":{"start":{"line":275,"column":12},"end":{"line":279,"column":14}},"87":{"start":{"line":282,"column":44},"end":{"line":282,"column":105}},"88":{"start":{"line":283,"column":56},"end":{"line":284,"column":50}},"89":{"start":{"line":284,"column":26},"end":{"line":284,"column":49}},"90":{"start":{"line":287,"column":39},"end":{"line":287,"column":74}},"91":{"start":{"line":288,"column":12},"end":{"line":293,"column":13}},"92":{"start":{"line":289,"column":33},"end":{"line":289,"column":75}},"93":{"start":{"line":290,"column":16},"end":{"line":292,"column":17}},"94":{"start":{"line":291,"column":20},"end":{"line":291,"column":76}},"95":{"start":{"line":294,"column":33},"end":{"line":294,"column":72}},"96":{"start":{"line":297,"column":35},"end":{"line":297,"column":71}},"97":{"start":{"line":297,"column":65},"end":{"line":297,"column":69}},"98":{"start":{"line":298,"column":12},"end":{"line":307,"column":13}},"99":{"start":{"line":299,"column":16},"end":{"line":306,"column":17}},"100":{"start":{"line":300,"column":20},"end":{"line":300,"column":95}},"101":{"start":{"line":301,"column":20},"end":{"line":305,"column":65}},"102":{"start":{"line":310,"column":12},"end":{"line":313,"column":13}},"103":{"start":{"line":312,"column":16},"end":{"line":312,"column":100}},"104":{"start":{"line":316,"column":12},"end":{"line":321,"column":15}},"105":{"start":{"line":324,"column":12},"end":{"line":324,"column":55}},"106":{"start":{"line":328,"column":12},"end":{"line":389,"column":13}},"107":{"start":{"line":329,"column":16},"end":{"line":388,"column":17}},"108":{"start":{"line":331,"column":43},"end":{"line":331,"column":89}},"109":{"start":{"line":333,"column":20},"end":{"line":380,"column":21}},"110":{"start":{"line":336,"column":48},"end":{"line":336,"column":91}},"111":{"start":{"line":337,"column":47},"end":{"line":337,"column":89}},"112":{"start":{"line":337,"column":122},"end":{"line":347,"column":26}},"113":{"start":{"line":349,"column":24},"end":{"line":357,"column":92}},"114":{"start":{"line":360,"column":24},"end":{"line":360,"column":124}},"115":{"start":{"line":363,"column":24},"end":{"line":363,"column":99}},"116":{"start":{"line":366,"column":24},"end":{"line":366,"column":79}},"117":{"start":{"line":367,"column":24},"end":{"line":367,"column":78}},"118":{"start":{"line":370,"column":24},"end":{"line":370,"column":96}},"119":{"start":{"line":372,"column":24},"end":{"line":379,"column":102}},"120":{"start":{"line":382,"column":20},"end":{"line":387,"column":73}},"121":{"start":{"line":392,"column":12},"end":{"line":392,"column":49}},"122":{"start":{"line":398,"column":12},"end":{"line":398,"column":100}},"123":{"start":{"line":399,"column":12},"end":{"line":402,"column":15}},"124":{"start":{"line":407,"column":4},"end":{"line":495,"column":7}},"125":{"start":{"line":409,"column":28},"end":{"line":409,"column":70}},"126":{"start":{"line":410,"column":8},"end":{"line":427,"column":9}},"127":{"start":{"line":411,"column":33},"end":{"line":411,"column":59}},"128":{"start":{"line":412,"column":12},"end":{"line":417,"column":51}},"129":{"start":{"line":419,"column":47},"end":{"line":423,"column":14}},"130":{"start":{"line":425,"column":12},"end":{"line":425,"column":64}},"131":{"start":{"line":426,"column":12},"end":{"line":426,"column":19}},"132":{"start":{"line":429,"column":31},"end":{"line":429,"column":47}},"133":{"start":{"line":430,"column":8},"end":{"line":430,"column":81}},"134":{"start":{"line":432,"column":8},"end":{"line":494,"column":9}},"135":{"start":{"line":434,"column":12},"end":{"line":434,"column":59}},"136":{"start":{"line":437,"column":12},"end":{"line":437,"column":42}},"137":{"start":{"line":438,"column":12},"end":{"line":440,"column":13}},"138":{"start":{"line":439,"column":16},"end":{"line":439,"column":42}},"139":{"start":{"line":443,"column":12},"end":{"line":443,"column":82}},"140":{"start":{"line":446,"column":37},"end":{"line":446,"column":98}},"141":{"start":{"line":447,"column":56},"end":{"line":448,"column":50}},"142":{"start":{"line":448,"column":26},"end":{"line":448,"column":49}},"143":{"start":{"line":451,"column":39},"end":{"line":451,"column":74}},"144":{"start":{"line":452,"column":12},"end":{"line":457,"column":13}},"145":{"start":{"line":453,"column":33},"end":{"line":453,"column":75}},"146":{"start":{"line":454,"column":16},"end":{"line":456,"column":17}},"147":{"start":{"line":455,"column":20},"end":{"line":455,"column":76}},"148":{"start":{"line":458,"column":33},"end":{"line":458,"column":72}},"149":{"start":{"line":461,"column":35},"end":{"line":461,"column":71}},"150":{"start":{"line":461,"column":65},"end":{"line":461,"column":69}},"151":{"start":{"line":462,"column":12},"end":{"line":466,"column":13}},"152":{"start":{"line":463,"column":16},"end":{"line":465,"column":17}},"153":{"start":{"line":464,"column":20},"end":{"line":464,"column":95}},"154":{"start":{"line":469,"column":12},"end":{"line":469,"column":100}},"155":{"start":{"line":472,"column":33},"end":{"line":475,"column":14}},"156":{"start":{"line":478,"column":12},"end":{"line":481,"column":15}},"157":{"start":{"line":484,"column":12},"end":{"line":484,"column":64}},"158":{"start":{"line":487,"column":12},"end":{"line":487,"column":55}},"159":{"start":{"line":490,"column":12},"end":{"line":490,"column":44}},"160":{"start":{"line":493,"column":12},"end":{"line":493,"column":101}},"161":{"start":{"line":498,"column":4},"end":{"line":586,"column":7}},"162":{"start":{"line":500,"column":28},"end":{"line":500,"column":75}},"163":{"start":{"line":501,"column":8},"end":{"line":518,"column":9}},"164":{"start":{"line":502,"column":33},"end":{"line":502,"column":59}},"165":{"start":{"line":503,"column":12},"end":{"line":508,"column":51}},"166":{"start":{"line":510,"column":47},"end":{"line":514,"column":14}},"167":{"start":{"line":516,"column":12},"end":{"line":516,"column":64}},"168":{"start":{"line":517,"column":12},"end":{"line":517,"column":19}},"169":{"start":{"line":520,"column":31},"end":{"line":520,"column":47}},"170":{"start":{"line":521,"column":8},"end":{"line":521,"column":88}},"171":{"start":{"line":523,"column":8},"end":{"line":585,"column":9}},"172":{"start":{"line":525,"column":12},"end":{"line":529,"column":13}},"173":{"start":{"line":526,"column":16},"end":{"line":528,"column":19}},"174":{"start":{"line":532,"column":33},"end":{"line":535,"column":14}},"175":{"start":{"line":537,"column":12},"end":{"line":543,"column":13}},"176":{"start":{"line":538,"column":16},"end":{"line":541,"column":19}},"177":{"start":{"line":542,"column":16},"end":{"line":542,"column":23}},"178":{"start":{"line":546,"column":37},"end":{"line":546,"column":98}},"179":{"start":{"line":547,"column":56},"end":{"line":548,"column":86}},"180":{"start":{"line":548,"column":57},"end":{"line":548,"column":80}},"181":{"start":{"line":551,"column":39},"end":{"line":551,"column":74}},"182":{"start":{"line":552,"column":12},"end":{"line":557,"column":13}},"183":{"start":{"line":553,"column":33},"end":{"line":553,"column":75}},"184":{"start":{"line":554,"column":16},"end":{"line":556,"column":17}},"185":{"start":{"line":555,"column":20},"end":{"line":555,"column":76}},"186":{"start":{"line":558,"column":33},"end":{"line":558,"column":72}},"187":{"start":{"line":561,"column":35},"end":{"line":561,"column":71}},"188":{"start":{"line":561,"column":65},"end":{"line":561,"column":69}},"189":{"start":{"line":562,"column":12},"end":{"line":569,"column":13}},"190":{"start":{"line":563,"column":16},"end":{"line":568,"column":17}},"191":{"start":{"line":564,"column":20},"end":{"line":567,"column":23}},"192":{"start":{"line":565,"column":24},"end":{"line":566,"column":72}},"193":{"start":{"line":572,"column":12},"end":{"line":577,"column":15}},"194":{"start":{"line":580,"column":12},"end":{"line":580,"column":106}},"195":{"start":{"line":581,"column":12},"end":{"line":584,"column":15}},"196":{"start":{"line":589,"column":4},"end":{"line":668,"column":7}},"197":{"start":{"line":590,"column":8},"end":{"line":667,"column":9}},"198":{"start":{"line":592,"column":29},"end":{"line":592,"column":38}},"199":{"start":{"line":595,"column":12},"end":{"line":598,"column":13}},"200":{"start":{"line":596,"column":16},"end":{"line":596,"column":105}},"201":{"start":{"line":597,"column":16},"end":{"line":597,"column":23}},"202":{"start":{"line":601,"column":12},"end":{"line":664,"column":13}},"203":{"start":{"line":602,"column":16},"end":{"line":663,"column":17}},"204":{"start":{"line":603,"column":39},"end":{"line":603,"column":65}},"205":{"start":{"line":604,"column":20},"end":{"line":604,"column":93}},"206":{"start":{"line":606,"column":20},"end":{"line":662,"column":21}},"207":{"start":{"line":608,"column":49},"end":{"line":608,"column":110}},"208":{"start":{"line":609,"column":65},"end":{"line":610,"column":98}},"209":{"start":{"line":610,"column":69},"end":{"line":610,"column":92}},"210":{"start":{"line":613,"column":57},"end":{"line":613,"column":98}},"211":{"start":{"line":613,"column":80},"end":{"line":613,"column":97}},"212":{"start":{"line":616,"column":24},"end":{"line":616,"column":93}},"213":{"start":{"line":619,"column":56},"end":{"line":619,"column":117}},"214":{"start":{"line":620,"column":75},"end":{"line":621,"column":105}},"215":{"start":{"line":621,"column":76},"end":{"line":621,"column":99}},"216":{"start":{"line":624,"column":51},"end":{"line":624,"column":86}},"217":{"start":{"line":625,"column":24},"end":{"line":630,"column":25}},"218":{"start":{"line":626,"column":45},"end":{"line":626,"column":87}},"219":{"start":{"line":627,"column":28},"end":{"line":629,"column":29}},"220":{"start":{"line":628,"column":32},"end":{"line":628,"column":88}},"221":{"start":{"line":631,"column":52},"end":{"line":631,"column":91}},"222":{"start":{"line":634,"column":47},"end":{"line":634,"column":90}},"223":{"start":{"line":634,"column":84},"end":{"line":634,"column":88}},"224":{"start":{"line":635,"column":24},"end":{"line":639,"column":25}},"225":{"start":{"line":636,"column":28},"end":{"line":638,"column":29}},"226":{"start":{"line":637,"column":32},"end":{"line":637,"column":107}},"227":{"start":{"line":642,"column":24},"end":{"line":642,"column":107}},"228":{"start":{"line":645,"column":24},"end":{"line":645,"column":129}},"229":{"start":{"line":648,"column":24},"end":{"line":648,"column":67}},"230":{"start":{"line":650,"column":24},"end":{"line":657,"column":25}},"231":{"start":{"line":651,"column":28},"end":{"line":656,"column":70}},"232":{"start":{"line":659,"column":24},"end":{"line":659,"column":130}},"233":{"start":{"line":661,"column":24},"end":{"line":661,"column":107}},"234":{"start":{"line":666,"column":12},"end":{"line":666,"column":97}}},"fnMap":{"0":{"name":"setupGameStatusCheck","decl":{"start":{"line":45,"column":9},"end":{"line":45,"column":29}},"loc":{"start":{"line":45,"column":68},"end":{"line":93,"column":1}}},"1":{"name":"(anonymous_2)","decl":{"start":{"line":52,"column":33},"end":{"line":52,"column":38}},"loc":{"start":{"line":52,"column":44},"end":{"line":89,"column":5}}},"2":{"name":"stopGameStatusCheck","decl":{"start":{"line":98,"column":9},"end":{"line":98,"column":28}},"loc":{"start":{"line":98,"column":47},"end":{"line":105,"column":1}}},"3":{"name":"registerLobbyHandlers","decl":{"start":{"line":112,"column":16},"end":{"line":112,"column":37}},"loc":{"start":{"line":112,"column":72},"end":{"line":669,"column":1}}},"4":{"name":"(anonymous_5)","decl":{"start":{"line":114,"column":39},"end":{"line":114,"column":44}},"loc":{"start":{"line":114,"column":75},"end":{"line":404,"column":5}}},"5":{"name":"(anonymous_6)","decl":{"start":{"line":220,"column":52},"end":{"line":220,"column":53}},"loc":{"start":{"line":220,"column":57},"end":{"line":220,"column":80}}},"6":{"name":"(anonymous_7)","decl":{"start":{"line":223,"column":76},"end":{"line":223,"column":77}},"loc":{"start":{"line":223,"column":81},"end":{"line":223,"column":100}}},"7":{"name":"(anonymous_8)","decl":{"start":{"line":228,"column":71},"end":{"line":228,"column":72}},"loc":{"start":{"line":228,"column":76},"end":{"line":228,"column":80}}},"8":{"name":"(anonymous_9)","decl":{"start":{"line":284,"column":21},"end":{"line":284,"column":22}},"loc":{"start":{"line":284,"column":26},"end":{"line":284,"column":49}}},"9":{"name":"(anonymous_10)","decl":{"start":{"line":297,"column":60},"end":{"line":297,"column":61}},"loc":{"start":{"line":297,"column":65},"end":{"line":297,"column":69}}},"10":{"name":"(anonymous_11)","decl":{"start":{"line":407,"column":40},"end":{"line":407,"column":45}},"loc":{"start":{"line":407,"column":77},"end":{"line":495,"column":5}}},"11":{"name":"(anonymous_12)","decl":{"start":{"line":448,"column":21},"end":{"line":448,"column":22}},"loc":{"start":{"line":448,"column":26},"end":{"line":448,"column":49}}},"12":{"name":"(anonymous_13)","decl":{"start":{"line":461,"column":60},"end":{"line":461,"column":61}},"loc":{"start":{"line":461,"column":65},"end":{"line":461,"column":69}}},"13":{"name":"(anonymous_14)","decl":{"start":{"line":498,"column":45},"end":{"line":498,"column":50}},"loc":{"start":{"line":498,"column":87},"end":{"line":586,"column":5}}},"14":{"name":"(anonymous_15)","decl":{"start":{"line":548,"column":52},"end":{"line":548,"column":53}},"loc":{"start":{"line":548,"column":57},"end":{"line":548,"column":80}}},"15":{"name":"(anonymous_16)","decl":{"start":{"line":561,"column":60},"end":{"line":561,"column":61}},"loc":{"start":{"line":561,"column":65},"end":{"line":561,"column":69}}},"16":{"name":"(anonymous_17)","decl":{"start":{"line":564,"column":95},"end":{"line":564,"column":98}},"loc":{"start":{"line":564,"column":101},"end":{"line":567,"column":21}}},"17":{"name":"(anonymous_18)","decl":{"start":{"line":589,"column":31},"end":{"line":589,"column":36}},"loc":{"start":{"line":589,"column":42},"end":{"line":668,"column":5}}},"18":{"name":"(anonymous_19)","decl":{"start":{"line":610,"column":64},"end":{"line":610,"column":65}},"loc":{"start":{"line":610,"column":69},"end":{"line":610,"column":92}}},"19":{"name":"(anonymous_20)","decl":{"start":{"line":613,"column":75},"end":{"line":613,"column":76}},"loc":{"start":{"line":613,"column":80},"end":{"line":613,"column":97}}},"20":{"name":"(anonymous_21)","decl":{"start":{"line":621,"column":71},"end":{"line":621,"column":72}},"loc":{"start":{"line":621,"column":76},"end":{"line":621,"column":99}}},"21":{"name":"(anonymous_22)","decl":{"start":{"line":634,"column":79},"end":{"line":634,"column":80}},"loc":{"start":{"line":634,"column":84},"end":{"line":634,"column":88}}}},"branchMap":{"0":{"loc":{"start":{"line":48,"column":4},"end":{"line":50,"column":5}},"type":"if","locations":[{"start":{"line":48,"column":4},"end":{"line":50,"column":5}}]},"1":{"loc":{"start":{"line":60,"column":12},"end":{"line":65,"column":13}},"type":"if","locations":[{"start":{"line":60,"column":12},"end":{"line":65,"column":13}}]},"2":{"loc":{"start":{"line":67,"column":12},"end":{"line":85,"column":13}},"type":"if","locations":[{"start":{"line":67,"column":12},"end":{"line":85,"column":13}}]},"3":{"loc":{"start":{"line":100,"column":4},"end":{"line":104,"column":5}},"type":"if","locations":[{"start":{"line":100,"column":4},"end":{"line":104,"column":5}}]},"4":{"loc":{"start":{"line":117,"column":8},"end":{"line":134,"column":9}},"type":"if","locations":[{"start":{"line":117,"column":8},"end":{"line":134,"column":9}}]},"5":{"loc":{"start":{"line":139,"column":23},"end":{"line":139,"column":64}},"type":"binary-expr","locations":[{"start":{"line":139,"column":23},"end":{"line":139,"column":47}},{"start":{"line":139,"column":51},"end":{"line":139,"column":64}}]},"6":{"loc":{"start":{"line":140,"column":25},"end":{"line":140,"column":70}},"type":"binary-expr","locations":[{"start":{"line":140,"column":25},"end":{"line":140,"column":51}},{"start":{"line":140,"column":55},"end":{"line":140,"column":70}}]},"7":{"loc":{"start":{"line":141,"column":28},"end":{"line":141,"column":79}},"type":"binary-expr","locations":[{"start":{"line":141,"column":28},"end":{"line":141,"column":57}},{"start":{"line":141,"column":61},"end":{"line":141,"column":79}}]},"8":{"loc":{"start":{"line":149,"column":20},"end":{"line":149,"column":69}},"type":"cond-expr","locations":[{"start":{"line":149,"column":39},"end":{"line":149,"column":57}},{"start":{"line":149,"column":60},"end":{"line":149,"column":69}}]},"9":{"loc":{"start":{"line":154,"column":8},"end":{"line":167,"column":9}},"type":"if","locations":[{"start":{"line":154,"column":8},"end":{"line":167,"column":9}}]},"10":{"loc":{"start":{"line":154,"column":12},"end":{"line":154,"column":32}},"type":"binary-expr","locations":[{"start":{"line":154,"column":12},"end":{"line":154,"column":19}},{"start":{"line":154,"column":23},"end":{"line":154,"column":32}}]},"11":{"loc":{"start":{"line":182,"column":12},"end":{"line":189,"column":13}},"type":"if","locations":[{"start":{"line":182,"column":12},"end":{"line":189,"column":13}}]},"12":{"loc":{"start":{"line":192,"column":12},"end":{"line":199,"column":13}},"type":"if","locations":[{"start":{"line":192,"column":12},"end":{"line":199,"column":13}}]},"13":{"loc":{"start":{"line":192,"column":16},"end":{"line":192,"column":85}},"type":"binary-expr","locations":[{"start":{"line":192,"column":16},"end":{"line":192,"column":49}},{"start":{"line":192,"column":53},"end":{"line":192,"column":85}}]},"14":{"loc":{"start":{"line":202,"column":12},"end":{"line":215,"column":13}},"type":"if","locations":[{"start":{"line":202,"column":12},"end":{"line":215,"column":13}}]},"15":{"loc":{"start":{"line":219,"column":61},"end":{"line":220,"column":86}},"type":"cond-expr","locations":[{"start":{"line":220,"column":16},"end":{"line":220,"column":81}},{"start":{"line":220,"column":84},"end":{"line":220,"column":86}}]},"16":{"loc":{"start":{"line":226,"column":12},"end":{"line":243,"column":13}},"type":"if","locations":[{"start":{"line":226,"column":12},"end":{"line":243,"column":13}}]},"17":{"loc":{"start":{"line":262,"column":29},"end":{"line":262,"column":48}},"type":"binary-expr","locations":[{"start":{"line":262,"column":29},"end":{"line":262,"column":40}},{"start":{"line":262,"column":44},"end":{"line":262,"column":48}}]},"18":{"loc":{"start":{"line":290,"column":16},"end":{"line":292,"column":17}},"type":"if","locations":[{"start":{"line":290,"column":16},"end":{"line":292,"column":17}}]},"19":{"loc":{"start":{"line":290,"column":20},"end":{"line":290,"column":73}},"type":"binary-expr","locations":[{"start":{"line":290,"column":20},"end":{"line":290,"column":29}},{"start":{"line":290,"column":33},"end":{"line":290,"column":73}}]},"20":{"loc":{"start":{"line":299,"column":16},"end":{"line":306,"column":17}},"type":"if","locations":[{"start":{"line":299,"column":16},"end":{"line":306,"column":17}}]},"21":{"loc":{"start":{"line":310,"column":12},"end":{"line":313,"column":13}},"type":"if","locations":[{"start":{"line":310,"column":12},"end":{"line":313,"column":13}}]},"22":{"loc":{"start":{"line":328,"column":12},"end":{"line":389,"column":13}},"type":"if","locations":[{"start":{"line":328,"column":12},"end":{"line":389,"column":13}}]},"23":{"loc":{"start":{"line":328,"column":16},"end":{"line":328,"column":67}},"type":"binary-expr","locations":[{"start":{"line":328,"column":16},"end":{"line":328,"column":48}},{"start":{"line":328,"column":52},"end":{"line":328,"column":67}}]},"24":{"loc":{"start":{"line":333,"column":20},"end":{"line":380,"column":21}},"type":"if","locations":[{"start":{"line":333,"column":20},"end":{"line":380,"column":21}}]},"25":{"loc":{"start":{"line":410,"column":8},"end":{"line":427,"column":9}},"type":"if","locations":[{"start":{"line":410,"column":8},"end":{"line":427,"column":9}}]},"26":{"loc":{"start":{"line":438,"column":12},"end":{"line":440,"column":13}},"type":"if","locations":[{"start":{"line":438,"column":12},"end":{"line":440,"column":13}}]},"27":{"loc":{"start":{"line":454,"column":16},"end":{"line":456,"column":17}},"type":"if","locations":[{"start":{"line":454,"column":16},"end":{"line":456,"column":17}}]},"28":{"loc":{"start":{"line":454,"column":20},"end":{"line":454,"column":73}},"type":"binary-expr","locations":[{"start":{"line":454,"column":20},"end":{"line":454,"column":29}},{"start":{"line":454,"column":33},"end":{"line":454,"column":73}}]},"29":{"loc":{"start":{"line":463,"column":16},"end":{"line":465,"column":17}},"type":"if","locations":[{"start":{"line":463,"column":16},"end":{"line":465,"column":17}}]},"30":{"loc":{"start":{"line":501,"column":8},"end":{"line":518,"column":9}},"type":"if","locations":[{"start":{"line":501,"column":8},"end":{"line":518,"column":9}}]},"31":{"loc":{"start":{"line":525,"column":12},"end":{"line":529,"column":13}},"type":"if","locations":[{"start":{"line":525,"column":12},"end":{"line":529,"column":13}}]},"32":{"loc":{"start":{"line":537,"column":12},"end":{"line":543,"column":13}},"type":"if","locations":[{"start":{"line":537,"column":12},"end":{"line":543,"column":13}}]},"33":{"loc":{"start":{"line":547,"column":56},"end":{"line":548,"column":86}},"type":"cond-expr","locations":[{"start":{"line":548,"column":16},"end":{"line":548,"column":81}},{"start":{"line":548,"column":84},"end":{"line":548,"column":86}}]},"34":{"loc":{"start":{"line":554,"column":16},"end":{"line":556,"column":17}},"type":"if","locations":[{"start":{"line":554,"column":16},"end":{"line":556,"column":17}}]},"35":{"loc":{"start":{"line":554,"column":20},"end":{"line":554,"column":73}},"type":"binary-expr","locations":[{"start":{"line":554,"column":20},"end":{"line":554,"column":29}},{"start":{"line":554,"column":33},"end":{"line":554,"column":73}}]},"36":{"loc":{"start":{"line":563,"column":16},"end":{"line":568,"column":17}},"type":"if","locations":[{"start":{"line":563,"column":16},"end":{"line":568,"column":17}}]},"37":{"loc":{"start":{"line":595,"column":12},"end":{"line":598,"column":13}},"type":"if","locations":[{"start":{"line":595,"column":12},"end":{"line":598,"column":13}}]},"38":{"loc":{"start":{"line":602,"column":16},"end":{"line":663,"column":17}},"type":"if","locations":[{"start":{"line":602,"column":16},"end":{"line":663,"column":17}}]},"39":{"loc":{"start":{"line":609,"column":65},"end":{"line":610,"column":98}},"type":"cond-expr","locations":[{"start":{"line":610,"column":28},"end":{"line":610,"column":93}},{"start":{"line":610,"column":96},"end":{"line":610,"column":98}}]},"40":{"loc":{"start":{"line":620,"column":75},"end":{"line":621,"column":105}},"type":"cond-expr","locations":[{"start":{"line":621,"column":28},"end":{"line":621,"column":100}},{"start":{"line":621,"column":103},"end":{"line":621,"column":105}}]},"41":{"loc":{"start":{"line":627,"column":28},"end":{"line":629,"column":29}},"type":"if","locations":[{"start":{"line":627,"column":28},"end":{"line":629,"column":29}}]},"42":{"loc":{"start":{"line":627,"column":32},"end":{"line":627,"column":85}},"type":"binary-expr","locations":[{"start":{"line":627,"column":32},"end":{"line":627,"column":41}},{"start":{"line":627,"column":45},"end":{"line":627,"column":85}}]},"43":{"loc":{"start":{"line":636,"column":28},"end":{"line":638,"column":29}},"type":"if","locations":[{"start":{"line":636,"column":28},"end":{"line":638,"column":29}}]},"44":{"loc":{"start":{"line":650,"column":24},"end":{"line":657,"column":25}},"type":"if","locations":[{"start":{"line":650,"column":24},"end":{"line":657,"column":25}}]}},"s":{"0":1,"1":1,"2":1,"3":1,"4":1,"5":1,"6":1,"7":1,"8":1,"9":1,"10":1,"11":1,"12":1,"13":0,"14":0,"15":0,"16":0,"17":0,"18":0,"19":0,"20":0,"21":0,"22":0,"23":0,"24":0,"25":0,"26":0,"27":0,"28":0,"29":0,"30":0,"31":0,"32":0,"33":0,"34":0,"35":0,"36":0,"37":0,"38":0,"39":0,"40":0,"41":0,"42":0,"43":0,"44":0,"45":0,"46":0,"47":0,"48":0,"49":0,"50":0,"51":0,"52":0,"53":0,"54":0,"55":0,"56":0,"57":0,"58":0,"59":0,"60":0,"61":0,"62":0,"63":0,"64":0,"65":0,"66":0,"67":0,"68":0,"69":0,"70":0,"71":0,"72":0,"73":0,"74":0,"75":0,"76":0,"77":0,"78":0,"79":0,"80":0,"81":0,"82":0,"83":0,"84":0,"85":0,"86":0,"87":0,"88":0,"89":0,"90":0,"91":0,"92":0,"93":0,"94":0,"95":0,"96":0,"97":0,"98":0,"99":0,"100":0,"101":0,"102":0,"103":0,"104":0,"105":0,"106":0,"107":0,"108":0,"109":0,"110":0,"111":0,"112":0,"113":0,"114":0,"115":0,"116":0,"117":0,"118":0,"119":0,"120":0,"121":0,"122":0,"123":0,"124":0,"125":0,"126":0,"127":0,"128":0,"129":0,"130":0,"131":0,"132":0,"133":0,"134":0,"135":0,"136":0,"137":0,"138":0,"139":0,"140":0,"141":0,"142":0,"143":0,"144":0,"145":0,"146":0,"147":0,"148":0,"149":0,"150":0,"151":0,"152":0,"153":0,"154":0,"155":0,"156":0,"157":0,"158":0,"159":0,"160":0,"161":0,"162":0,"163":0,"164":0,"165":0,"166":0,"167":0,"168":0,"169":0,"170":0,"171":0,"172":0,"173":0,"174":0,"175":0,"176":0,"177":0,"178":0,"179":0,"180":0,"181":0,"182":0,"183":0,"184":0,"185":0,"186":0,"187":0,"188":0,"189":0,"190":0,"191":0,"192":0,"193":0,"194":0,"195":0,"196":0,"197":0,"198":0,"199":0,"200":0,"201":0,"202":0,"203":0,"204":0,"205":0,"206":0,"207":0,"208":0,"209":0,"210":0,"211":0,"212":0,"213":0,"214":0,"215":0,"216":0,"217":0,"218":0,"219":0,"220":0,"221":0,"222":0,"223":0,"224":0,"225":0,"226":0,"227":0,"228":0,"229":0,"230":0,"231":0,"232":0,"233":0,"234":0},"f":{"0":0,"1":0,"2":0,"3":0,"4":0,"5":0,"6":0,"7":0,"8":0,"9":0,"10":0,"11":0,"12":0,"13":0,"14":0,"15":0,"16":0,"17":0,"18":0,"19":0,"20":0,"21":0},"b":{"0":[0],"1":[0],"2":[0],"3":[0],"4":[0],"5":[0,0],"6":[0,0],"7":[0,0],"8":[0,0],"9":[0],"10":[0,0],"11":[0],"12":[0],"13":[0,0],"14":[0],"15":[0,0],"16":[0],"17":[0,0],"18":[0],"19":[0,0],"20":[0],"21":[0],"22":[0],"23":[0,0],"24":[0],"25":[0],"26":[0],"27":[0],"28":[0,0],"29":[0],"30":[0],"31":[0],"32":[0],"33":[0,0],"34":[0],"35":[0,0],"36":[0],"37":[0],"38":[0],"39":[0,0],"40":[0,0],"41":[0],"42":[0,0],"43":[0],"44":[0]}},"/home/aflesch/mathquest/app/backend/src/sockets/utils/roomUtils.ts":{"path":"/home/aflesch/mathquest/app/backend/src/sockets/utils/roomUtils.ts","statementMap":{"0":{"start":{"line":19,"column":0},"end":{"line":19,"column":7}},"1":{"start":{"line":70,"column":0},"end":{"line":70,"column":7}},"2":{"start":{"line":112,"column":0},"end":{"line":112,"column":7}},"3":{"start":{"line":136,"column":0},"end":{"line":136,"column":7}},"4":{"start":{"line":158,"column":0},"end":{"line":158,"column":16}},"5":{"start":{"line":2,"column":0},"end":{"line":2,"column":45}},"6":{"start":{"line":3,"column":0},"end":{"line":3,"column":42}},"7":{"start":{"line":4,"column":0},"end":{"line":4,"column":60}},"8":{"start":{"line":8,"column":15},"end":{"line":8,"column":40}},"9":{"start":{"line":11,"column":24},"end":{"line":11,"column":41}},"10":{"start":{"line":20,"column":29},"end":{"line":20,"column":35}},"11":{"start":{"line":21,"column":17},"end":{"line":21,"column":54}},"12":{"start":{"line":23,"column":4},"end":{"line":62,"column":5}},"13":{"start":{"line":25,"column":8},"end":{"line":25,"column":36}},"14":{"start":{"line":28,"column":24},"end":{"line":28,"column":55}},"15":{"start":{"line":29,"column":27},"end":{"line":35,"column":10}},"16":{"start":{"line":38,"column":8},"end":{"line":38,"column":78}},"17":{"start":{"line":40,"column":8},"end":{"line":44,"column":33}},"18":{"start":{"line":47,"column":53},"end":{"line":50,"column":10}},"19":{"start":{"line":51,"column":8},"end":{"line":51,"column":72}},"20":{"start":{"line":53,"column":8},"end":{"line":58,"column":33}},"21":{"start":{"line":61,"column":8},"end":{"line":61,"column":20}},"22":{"start":{"line":71,"column":29},"end":{"line":71,"column":35}},"23":{"start":{"line":72,"column":17},"end":{"line":72,"column":54}},"24":{"start":{"line":74,"column":4},"end":{"line":104,"column":5}},"25":{"start":{"line":76,"column":8},"end":{"line":76,"column":37}},"26":{"start":{"line":79,"column":24},"end":{"line":79,"column":55}},"27":{"start":{"line":80,"column":8},"end":{"line":80,"column":50}},"28":{"start":{"line":82,"column":8},"end":{"line":86,"column":31}},"29":{"start":{"line":89,"column":49},"end":{"line":92,"column":10}},"30":{"start":{"line":93,"column":8},"end":{"line":93,"column":68}},"31":{"start":{"line":95,"column":8},"end":{"line":100,"column":33}},"32":{"start":{"line":103,"column":8},"end":{"line":103,"column":20}},"33":{"start":{"line":113,"column":4},"end":{"line":128,"column":5}},"34":{"start":{"line":114,"column":24},"end":{"line":114,"column":55}},"35":{"start":{"line":115,"column":24},"end":{"line":115,"column":58}},"36":{"start":{"line":117,"column":8},"end":{"line":117,"column":32}},"37":{"start":{"line":117,"column":22},"end":{"line":117,"column":32}},"38":{"start":{"line":120,"column":8},"end":{"line":120,"column":82}},"39":{"start":{"line":120,"column":52},"end":{"line":120,"column":80}},"40":{"start":{"line":122,"column":8},"end":{"line":125,"column":41}},"41":{"start":{"line":127,"column":8},"end":{"line":127,"column":20}},"42":{"start":{"line":137,"column":4},"end":{"line":147,"column":5}},"43":{"start":{"line":138,"column":24},"end":{"line":138,"column":55}},"44":{"start":{"line":139,"column":8},"end":{"line":139,"column":53}},"45":{"start":{"line":141,"column":8},"end":{"line":144,"column":44}},"46":{"start":{"line":146,"column":8},"end":{"line":146,"column":20}},"47":{"start":{"line":165,"column":4},"end":{"line":187,"column":5}},"48":{"start":{"line":166,"column":8},"end":{"line":172,"column":9}},"49":{"start":{"line":168,"column":12},"end":{"line":168,"column":74}},"50":{"start":{"line":171,"column":12},"end":{"line":171,"column":50}},"51":{"start":{"line":174,"column":8},"end":{"line":178,"column":32}},"52":{"start":{"line":180,"column":8},"end":{"line":184,"column":41}},"53":{"start":{"line":186,"column":8},"end":{"line":186,"column":20}}},"fnMap":{"0":{"name":"joinRoom","decl":{"start":{"line":19,"column":22},"end":{"line":19,"column":30}},"loc":{"start":{"line":19,"column":95},"end":{"line":63,"column":1}}},"1":{"name":"leaveRoom","decl":{"start":{"line":70,"column":22},"end":{"line":70,"column":31}},"loc":{"start":{"line":70,"column":64},"end":{"line":105,"column":1}}},"2":{"name":"getRoomMembers","decl":{"start":{"line":112,"column":22},"end":{"line":112,"column":36}},"loc":{"start":{"line":112,"column":53},"end":{"line":129,"column":1}}},"3":{"name":"(anonymous_4)","decl":{"start":{"line":120,"column":42},"end":{"line":120,"column":48}},"loc":{"start":{"line":120,"column":52},"end":{"line":120,"column":80}}},"4":{"name":"roomExists","decl":{"start":{"line":136,"column":22},"end":{"line":136,"column":32}},"loc":{"start":{"line":136,"column":49},"end":{"line":148,"column":1}}},"5":{"name":"broadcastToRoom","decl":{"start":{"line":158,"column":16},"end":{"line":158,"column":31}},"loc":{"start":{"line":163,"column":28},"end":{"line":188,"column":1}}}},"branchMap":{"0":{"loc":{"start":{"line":21,"column":17},"end":{"line":21,"column":54}},"type":"binary-expr","locations":[{"start":{"line":21,"column":17},"end":{"line":21,"column":33}},{"start":{"line":21,"column":37},"end":{"line":21,"column":54}}]},"1":{"loc":{"start":{"line":31,"column":20},"end":{"line":31,"column":61}},"type":"binary-expr","locations":[{"start":{"line":31,"column":20},"end":{"line":31,"column":31}},{"start":{"line":31,"column":35},"end":{"line":31,"column":46}},{"start":{"line":31,"column":50},"end":{"line":31,"column":61}}]},"2":{"loc":{"start":{"line":72,"column":17},"end":{"line":72,"column":54}},"type":"binary-expr","locations":[{"start":{"line":72,"column":17},"end":{"line":72,"column":33}},{"start":{"line":72,"column":37},"end":{"line":72,"column":54}}]},"3":{"loc":{"start":{"line":117,"column":8},"end":{"line":117,"column":32}},"type":"if","locations":[{"start":{"line":117,"column":8},"end":{"line":117,"column":32}}]},"4":{"loc":{"start":{"line":166,"column":8},"end":{"line":172,"column":9}},"type":"if","locations":[{"start":{"line":166,"column":8},"end":{"line":172,"column":9}},{"start":{"line":169,"column":15},"end":{"line":172,"column":9}}]},"5":{"loc":{"start":{"line":177,"column":23},"end":{"line":177,"column":48}},"type":"binary-expr","locations":[{"start":{"line":177,"column":23},"end":{"line":177,"column":38}},{"start":{"line":177,"column":42},"end":{"line":177,"column":48}}]}},"s":{"0":1,"1":1,"2":1,"3":1,"4":1,"5":1,"6":1,"7":1,"8":1,"9":1,"10":0,"11":0,"12":0,"13":0,"14":0,"15":0,"16":0,"17":0,"18":0,"19":0,"20":0,"21":0,"22":0,"23":0,"24":0,"25":0,"26":0,"27":0,"28":0,"29":0,"30":0,"31":0,"32":0,"33":0,"34":0,"35":0,"36":0,"37":0,"38":0,"39":0,"40":0,"41":0,"42":0,"43":0,"44":0,"45":0,"46":0,"47":0,"48":0,"49":0,"50":0,"51":0,"52":0,"53":0},"f":{"0":0,"1":0,"2":0,"3":0,"4":0,"5":0},"b":{"0":[0,0],"1":[0,0,0],"2":[0,0],"3":[0],"4":[0,0],"5":[0,0]}},"/home/aflesch/mathquest/app/backend/src/sockets/handlers/gameHandler.ts":{"path":"/home/aflesch/mathquest/app/backend/src/sockets/handlers/gameHandler.ts","statementMap":{"0":{"start":{"line":9,"column":0},"end":{"line":9,"column":16}},"1":{"start":{"line":2,"column":0},"end":{"line":2,"column":65}},"2":{"start":{"line":11,"column":4},"end":{"line":11,"column":43}},"3":{"start":{"line":14,"column":37},"end":{"line":14,"column":54}},"4":{"start":{"line":15,"column":4},"end":{"line":15,"column":37}},"5":{"start":{"line":18,"column":0},"end":{"line":18,"column":27}}},"fnMap":{"0":{"name":"gameHandler","decl":{"start":{"line":9,"column":16},"end":{"line":9,"column":27}},"loc":{"start":{"line":9,"column":62},"end":{"line":16,"column":1}}}},"branchMap":{},"s":{"0":1,"1":1,"2":0,"3":0,"4":0,"5":1},"f":{"0":0},"b":{}},"/home/aflesch/mathquest/app/backend/src/sockets/handlers/sharedLiveHandler.ts":{"path":"/home/aflesch/mathquest/app/backend/src/sockets/handlers/sharedLiveHandler.ts","statementMap":{"0":{"start":{"line":31,"column":0},"end":{"line":31,"column":16}},"1":{"start":{"line":4,"column":0},"end":{"line":4,"column":42}},"2":{"start":{"line":7,"column":0},"end":{"line":7,"column":92}},"3":{"start":{"line":29,"column":15},"end":{"line":29,"column":48}},"4":{"start":{"line":37,"column":4},"end":{"line":39,"column":7}},"5":{"start":{"line":40,"column":4},"end":{"line":42,"column":7}}},"fnMap":{"0":{"name":"registerSharedLiveHandlers","decl":{"start":{"line":31,"column":16},"end":{"line":31,"column":42}},"loc":{"start":{"line":31,"column":77},"end":{"line":43,"column":1}}},"1":{"name":"(anonymous_2)","decl":{"start":{"line":37,"column":49},"end":{"line":37,"column":50}},"loc":{"start":{"line":37,"column":66},"end":{"line":39,"column":5}}},"2":{"name":"(anonymous_3)","decl":{"start":{"line":40,"column":51},"end":{"line":40,"column":52}},"loc":{"start":{"line":40,"column":68},"end":{"line":42,"column":5}}}},"branchMap":{},"s":{"0":1,"1":1,"2":1,"3":1,"4":0,"5":0},"f":{"0":0,"1":0,"2":0},"b":{}},"/home/aflesch/mathquest/app/backend/src/sockets/handlers/teacherControlHandler.ts":{"path":"/home/aflesch/mathquest/app/backend/src/sockets/handlers/teacherControlHandler.ts","statementMap":{"0":{"start":{"line":13,"column":0},"end":{"line":13,"column":16}},"1":{"start":{"line":2,"column":0},"end":{"line":2,"column":66}},"2":{"start":{"line":3,"column":0},"end":{"line":3,"column":42}},"3":{"start":{"line":6,"column":15},"end":{"line":6,"column":52}},"4":{"start":{"line":14,"column":4},"end":{"line":14,"column":73}},"5":{"start":{"line":17,"column":4},"end":{"line":17,"column":47}},"6":{"start":{"line":19,"column":4},"end":{"line":19,"column":88}},"7":{"start":{"line":22,"column":0},"end":{"line":22,"column":37}}},"fnMap":{"0":{"name":"teacherControlHandler","decl":{"start":{"line":13,"column":16},"end":{"line":13,"column":37}},"loc":{"start":{"line":13,"column":72},"end":{"line":20,"column":1}}}},"branchMap":{},"s":{"0":1,"1":1,"2":1,"3":1,"4":0,"5":0,"6":0,"7":1},"f":{"0":0},"b":{}},"/home/aflesch/mathquest/app/backend/src/sockets/handlers/tournament/index.ts":{"path":"/home/aflesch/mathquest/app/backend/src/sockets/handlers/tournament/index.ts","statementMap":{"0":{"start":{"line":5,"column":0},"end":{"line":5,"column":16}},"1":{"start":{"line":3,"column":0},"end":{"line":3,"column":57}},"2":{"start":{"line":6,"column":4},"end":{"line":6,"column":34}},"3":{"start":{"line":11,"column":0},"end":{"line":11,"column":42}}},"fnMap":{"0":{"name":"registerTournamentHandlers","decl":{"start":{"line":5,"column":16},"end":{"line":5,"column":42}},"loc":{"start":{"line":5,"column":77},"end":{"line":7,"column":1}}}},"branchMap":{},"s":{"0":1,"1":1,"2":0,"3":1},"f":{"0":0},"b":{}},"/home/aflesch/mathquest/app/backend/src/sockets/handlers/tournamentHandler.ts":{"path":"/home/aflesch/mathquest/app/backend/src/sockets/handlers/tournamentHandler.ts","statementMap":{"0":{"start":{"line":22,"column":0},"end":{"line":22,"column":16}},"1":{"start":{"line":4,"column":0},"end":{"line":4,"column":64}},"2":{"start":{"line":5,"column":0},"end":{"line":5,"column":91}},"3":{"start":{"line":6,"column":0},"end":{"line":6,"column":42}},"4":{"start":{"line":7,"column":0},"end":{"line":7,"column":74}},"5":{"start":{"line":8,"column":0},"end":{"line":8,"column":64}},"6":{"start":{"line":9,"column":0},"end":{"line":9,"column":65}},"7":{"start":{"line":12,"column":0},"end":{"line":12,"column":78}},"8":{"start":{"line":14,"column":15},"end":{"line":14,"column":48}},"9":{"start":{"line":15,"column":28},"end":{"line":15,"column":53}},"10":{"start":{"line":24,"column":4},"end":{"line":24,"column":43}},"11":{"start":{"line":27,"column":4},"end":{"line":220,"column":7}},"12":{"start":{"line":29,"column":28},"end":{"line":29,"column":75}},"13":{"start":{"line":30,"column":8},"end":{"line":47,"column":9}},"14":{"start":{"line":31,"column":33},"end":{"line":31,"column":59}},"15":{"start":{"line":32,"column":12},"end":{"line":37,"column":51}},"16":{"start":{"line":39,"column":47},"end":{"line":43,"column":14}},"17":{"start":{"line":45,"column":12},"end":{"line":45,"column":62}},"18":{"start":{"line":46,"column":12},"end":{"line":46,"column":19}},"19":{"start":{"line":49,"column":31},"end":{"line":49,"column":47}},"20":{"start":{"line":50,"column":8},"end":{"line":50,"column":102}},"21":{"start":{"line":54,"column":29},"end":{"line":54,"column":100}},"22":{"start":{"line":55,"column":8},"end":{"line":55,"column":127}},"23":{"start":{"line":57,"column":8},"end":{"line":61,"column":9}},"24":{"start":{"line":58,"column":12},"end":{"line":58,"column":93}},"25":{"start":{"line":59,"column":12},"end":{"line":59,"column":101}},"26":{"start":{"line":60,"column":12},"end":{"line":60,"column":19}},"27":{"start":{"line":63,"column":8},"end":{"line":72,"column":76}},"28":{"start":{"line":74,"column":36},"end":{"line":74,"column":60}},"29":{"start":{"line":75,"column":8},"end":{"line":82,"column":66}},"30":{"start":{"line":83,"column":8},"end":{"line":87,"column":9}},"31":{"start":{"line":84,"column":12},"end":{"line":84,"column":175}},"32":{"start":{"line":85,"column":12},"end":{"line":85,"column":120}},"33":{"start":{"line":86,"column":12},"end":{"line":86,"column":19}},"34":{"start":{"line":90,"column":31},"end":{"line":90,"column":51}},"35":{"start":{"line":91,"column":26},"end":{"line":91,"column":47}},"36":{"start":{"line":93,"column":8},"end":{"line":103,"column":9}},"37":{"start":{"line":95,"column":12},"end":{"line":95,"column":145}},"38":{"start":{"line":96,"column":12},"end":{"line":96,"column":102}},"39":{"start":{"line":99,"column":12},"end":{"line":99,"column":67}},"40":{"start":{"line":99,"column":41},"end":{"line":99,"column":65}},"41":{"start":{"line":102,"column":12},"end":{"line":102,"column":178}},"42":{"start":{"line":105,"column":8},"end":{"line":109,"column":9}},"43":{"start":{"line":106,"column":12},"end":{"line":106,"column":157}},"44":{"start":{"line":107,"column":12},"end":{"line":107,"column":140}},"45":{"start":{"line":108,"column":12},"end":{"line":108,"column":19}},"46":{"start":{"line":111,"column":32},"end":{"line":113,"column":35}},"47":{"start":{"line":112,"column":24},"end":{"line":112,"column":36}},"48":{"start":{"line":113,"column":25},"end":{"line":113,"column":34}},"49":{"start":{"line":115,"column":8},"end":{"line":119,"column":9}},"50":{"start":{"line":116,"column":12},"end":{"line":116,"column":137}},"51":{"start":{"line":117,"column":12},"end":{"line":117,"column":118}},"52":{"start":{"line":118,"column":12},"end":{"line":118,"column":19}},"53":{"start":{"line":120,"column":8},"end":{"line":120,"column":206}},"54":{"start":{"line":124,"column":8},"end":{"line":129,"column":9}},"55":{"start":{"line":125,"column":12},"end":{"line":125,"column":49}},"56":{"start":{"line":127,"column":12},"end":{"line":127,"column":159}},"57":{"start":{"line":128,"column":12},"end":{"line":128,"column":40}},"58":{"start":{"line":130,"column":8},"end":{"line":130,"column":123}},"59":{"start":{"line":133,"column":8},"end":{"line":153,"column":9}},"60":{"start":{"line":134,"column":12},"end":{"line":147,"column":15}},"61":{"start":{"line":139,"column":55},"end":{"line":139,"column":60}},"62":{"start":{"line":148,"column":12},"end":{"line":148,"column":170}},"63":{"start":{"line":150,"column":12},"end":{"line":150,"column":130}},"64":{"start":{"line":151,"column":12},"end":{"line":151,"column":113}},"65":{"start":{"line":152,"column":12},"end":{"line":152,"column":19}},"66":{"start":{"line":155,"column":49},"end":{"line":157,"column":10}},"67":{"start":{"line":159,"column":8},"end":{"line":187,"column":9}},"68":{"start":{"line":162,"column":29},"end":{"line":162,"column":49}},"69":{"start":{"line":163,"column":38},"end":{"line":163,"column":39}},"70":{"start":{"line":164,"column":12},"end":{"line":164,"column":188}},"71":{"start":{"line":167,"column":12},"end":{"line":167,"column":90}},"72":{"start":{"line":168,"column":12},"end":{"line":168,"column":91}},"73":{"start":{"line":171,"column":12},"end":{"line":176,"column":13}},"74":{"start":{"line":171,"column":25},"end":{"line":171,"column":42}},"75":{"start":{"line":172,"column":16},"end":{"line":172,"column":124}},"76":{"start":{"line":173,"column":16},"end":{"line":173,"column":73}},"77":{"start":{"line":174,"column":16},"end":{"line":174,"column":74}},"78":{"start":{"line":175,"column":16},"end":{"line":175,"column":72}},"79":{"start":{"line":175,"column":45},"end":{"line":175,"column":70}},"80":{"start":{"line":179,"column":12},"end":{"line":179,"column":119}},"81":{"start":{"line":180,"column":12},"end":{"line":180,"column":161}},"82":{"start":{"line":181,"column":12},"end":{"line":181,"column":55}},"83":{"start":{"line":182,"column":12},"end":{"line":182,"column":56}},"84":{"start":{"line":185,"column":12},"end":{"line":185,"column":175}},"85":{"start":{"line":186,"column":12},"end":{"line":186,"column":119}},"86":{"start":{"line":189,"column":8},"end":{"line":189,"column":140}},"87":{"start":{"line":193,"column":33},"end":{"line":193,"column":84}},"88":{"start":{"line":194,"column":8},"end":{"line":198,"column":9}},"89":{"start":{"line":195,"column":12},"end":{"line":195,"column":177}},"90":{"start":{"line":197,"column":12},"end":{"line":197,"column":19}},"91":{"start":{"line":200,"column":8},"end":{"line":205,"column":11}},"92":{"start":{"line":207,"column":8},"end":{"line":210,"column":11}},"93":{"start":{"line":213,"column":8},"end":{"line":218,"column":10}},"94":{"start":{"line":219,"column":8},"end":{"line":219,"column":115}},"95":{"start":{"line":223,"column":0},"end":{"line":223,"column":33}}},"fnMap":{"0":{"name":"tournamentHandler","decl":{"start":{"line":22,"column":16},"end":{"line":22,"column":33}},"loc":{"start":{"line":22,"column":68},"end":{"line":221,"column":1}}},"1":{"name":"(anonymous_2)","decl":{"start":{"line":27,"column":50},"end":{"line":27,"column":55}},"loc":{"start":{"line":27,"column":73},"end":{"line":220,"column":5}}},"2":{"name":"(anonymous_3)","decl":{"start":{"line":99,"column":30},"end":{"line":99,"column":37}},"loc":{"start":{"line":99,"column":41},"end":{"line":99,"column":65}}},"3":{"name":"(anonymous_4)","decl":{"start":{"line":112,"column":17},"end":{"line":112,"column":20}},"loc":{"start":{"line":112,"column":24},"end":{"line":112,"column":36}}},"4":{"name":"(anonymous_5)","decl":{"start":{"line":113,"column":20},"end":{"line":113,"column":21}},"loc":{"start":{"line":113,"column":25},"end":{"line":113,"column":34}}},"5":{"name":"(anonymous_6)","decl":{"start":{"line":139,"column":50},"end":{"line":139,"column":51}},"loc":{"start":{"line":139,"column":55},"end":{"line":139,"column":60}}},"6":{"name":"(anonymous_7)","decl":{"start":{"line":175,"column":34},"end":{"line":175,"column":41}},"loc":{"start":{"line":175,"column":45},"end":{"line":175,"column":70}}}},"branchMap":{"0":{"loc":{"start":{"line":30,"column":8},"end":{"line":47,"column":9}},"type":"if","locations":[{"start":{"line":30,"column":8},"end":{"line":47,"column":9}}]},"1":{"loc":{"start":{"line":57,"column":8},"end":{"line":61,"column":9}},"type":"if","locations":[{"start":{"line":57,"column":8},"end":{"line":61,"column":9}}]},"2":{"loc":{"start":{"line":83,"column":8},"end":{"line":87,"column":9}},"type":"if","locations":[{"start":{"line":83,"column":8},"end":{"line":87,"column":9}}]},"3":{"loc":{"start":{"line":83,"column":12},"end":{"line":83,"column":88}},"type":"binary-expr","locations":[{"start":{"line":83,"column":12},"end":{"line":83,"column":32}},{"start":{"line":83,"column":36},"end":{"line":83,"column":88}}]},"4":{"loc":{"start":{"line":93,"column":8},"end":{"line":103,"column":9}},"type":"if","locations":[{"start":{"line":93,"column":8},"end":{"line":103,"column":9}},{"start":{"line":100,"column":15},"end":{"line":103,"column":9}}]},"5":{"loc":{"start":{"line":105,"column":8},"end":{"line":109,"column":9}},"type":"if","locations":[{"start":{"line":105,"column":8},"end":{"line":109,"column":9}}]},"6":{"loc":{"start":{"line":105,"column":12},"end":{"line":105,"column":130}},"type":"binary-expr","locations":[{"start":{"line":105,"column":12},"end":{"line":105,"column":38}},{"start":{"line":105,"column":42},"end":{"line":105,"column":78}},{"start":{"line":105,"column":82},"end":{"line":105,"column":130}}]},"7":{"loc":{"start":{"line":115,"column":8},"end":{"line":119,"column":9}},"type":"if","locations":[{"start":{"line":115,"column":8},"end":{"line":119,"column":9}}]},"8":{"loc":{"start":{"line":124,"column":8},"end":{"line":129,"column":9}},"type":"if","locations":[{"start":{"line":124,"column":8},"end":{"line":129,"column":9}},{"start":{"line":126,"column":15},"end":{"line":129,"column":9}}]},"9":{"loc":{"start":{"line":124,"column":12},"end":{"line":124,"column":86}},"type":"binary-expr","locations":[{"start":{"line":124,"column":12},"end":{"line":124,"column":44}},{"start":{"line":124,"column":48},"end":{"line":124,"column":86}}]},"10":{"loc":{"start":{"line":159,"column":8},"end":{"line":187,"column":9}},"type":"if","locations":[{"start":{"line":159,"column":8},"end":{"line":187,"column":9}},{"start":{"line":183,"column":15},"end":{"line":187,"column":9}}]},"11":{"loc":{"start":{"line":194,"column":8},"end":{"line":198,"column":9}},"type":"if","locations":[{"start":{"line":194,"column":8},"end":{"line":198,"column":9}}]},"12":{"loc":{"start":{"line":194,"column":12},"end":{"line":194,"column":60}},"type":"binary-expr","locations":[{"start":{"line":194,"column":12},"end":{"line":194,"column":29}},{"start":{"line":194,"column":33},"end":{"line":194,"column":60}}]}},"s":{"0":1,"1":1,"2":1,"3":1,"4":1,"5":1,"6":1,"7":1,"8":1,"9":1,"10":0,"11":0,"12":0,"13":0,"14":0,"15":0,"16":0,"17":0,"18":0,"19":0,"20":0,"21":0,"22":0,"23":0,"24":0,"25":0,"26":0,"27":0,"28":0,"29":0,"30":0,"31":0,"32":0,"33":0,"34":0,"35":0,"36":0,"37":0,"38":0,"39":0,"40":0,"41":0,"42":0,"43":0,"44":0,"45":0,"46":0,"47":0,"48":0,"49":0,"50":0,"51":0,"52":0,"53":0,"54":0,"55":0,"56":0,"57":0,"58":0,"59":0,"60":0,"61":0,"62":0,"63":0,"64":0,"65":0,"66":0,"67":0,"68":0,"69":0,"70":0,"71":0,"72":0,"73":0,"74":0,"75":0,"76":0,"77":0,"78":0,"79":0,"80":0,"81":0,"82":0,"83":0,"84":0,"85":0,"86":0,"87":0,"88":0,"89":0,"90":0,"91":0,"92":0,"93":0,"94":0,"95":1},"f":{"0":0,"1":0,"2":0,"3":0,"4":0,"5":0,"6":0},"b":{"0":[0],"1":[0],"2":[0],"3":[0,0],"4":[0,0],"5":[0],"6":[0,0,0],"7":[0],"8":[0,0],"9":[0,0],"10":[0,0],"11":[0],"12":[0,0]}},"/home/aflesch/mathquest/app/backend/src/sockets/handlers/sharedGameFlow.ts":{"path":"/home/aflesch/mathquest/app/backend/src/sockets/handlers/sharedGameFlow.ts","statementMap":{"0":{"start":{"line":38,"column":0},"end":{"line":38,"column":7}},"1":{"start":{"line":6,"column":0},"end":{"line":6,"column":45}},"2":{"start":{"line":7,"column":0},"end":{"line":7,"column":42}},"3":{"start":{"line":8,"column":0},"end":{"line":8,"column":64}},"4":{"start":{"line":9,"column":0},"end":{"line":9,"column":74}},"5":{"start":{"line":10,"column":0},"end":{"line":10,"column":37}},"6":{"start":{"line":11,"column":0},"end":{"line":11,"column":65}},"7":{"start":{"line":12,"column":0},"end":{"line":12,"column":84}},"8":{"start":{"line":16,"column":15},"end":{"line":16,"column":45}},"9":{"start":{"line":19,"column":25},"end":{"line":19,"column":42}},"10":{"start":{"line":44,"column":4},"end":{"line":44,"column":70}},"11":{"start":{"line":47,"column":4},"end":{"line":50,"column":5}},"12":{"start":{"line":48,"column":8},"end":{"line":48,"column":124}},"13":{"start":{"line":49,"column":8},"end":{"line":49,"column":15}},"14":{"start":{"line":52,"column":4},"end":{"line":52,"column":37}},"15":{"start":{"line":53,"column":4},"end":{"line":53,"column":194}},"16":{"start":{"line":55,"column":4},"end":{"line":302,"column":5}},"17":{"start":{"line":56,"column":8},"end":{"line":56,"column":100}},"18":{"start":{"line":57,"column":8},"end":{"line":230,"column":9}},"19":{"start":{"line":57,"column":21},"end":{"line":57,"column":22}},"20":{"start":{"line":59,"column":33},"end":{"line":59,"column":61}},"21":{"start":{"line":60,"column":31},"end":{"line":60,"column":50}},"22":{"start":{"line":61,"column":35},"end":{"line":61,"column":58}},"23":{"start":{"line":62,"column":42},"end":{"line":66,"column":14}},"24":{"start":{"line":68,"column":33},"end":{"line":68,"column":84}},"25":{"start":{"line":69,"column":12},"end":{"line":76,"column":13}},"26":{"start":{"line":70,"column":37},"end":{"line":74,"column":18}},"27":{"start":{"line":75,"column":16},"end":{"line":75,"column":81}},"28":{"start":{"line":77,"column":12},"end":{"line":81,"column":13}},"29":{"start":{"line":78,"column":29},"end":{"line":78,"column":79}},"30":{"start":{"line":79,"column":34},"end":{"line":79,"column":62}},"31":{"start":{"line":80,"column":16},"end":{"line":80,"column":151}},"32":{"start":{"line":82,"column":12},"end":{"line":82,"column":132}},"33":{"start":{"line":85,"column":37},"end":{"line":85,"column":74}},"34":{"start":{"line":87,"column":40},"end":{"line":93,"column":14}},"35":{"start":{"line":96,"column":29},"end":{"line":96,"column":49}},"36":{"start":{"line":97,"column":34},"end":{"line":97,"column":70}},"37":{"start":{"line":99,"column":31},"end":{"line":99,"column":70}},"38":{"start":{"line":100,"column":12},"end":{"line":113,"column":13}},"39":{"start":{"line":101,"column":31},"end":{"line":101,"column":55}},"40":{"start":{"line":102,"column":16},"end":{"line":102,"column":38}},"41":{"start":{"line":102,"column":29},"end":{"line":102,"column":38}},"42":{"start":{"line":104,"column":35},"end":{"line":104,"column":91}},"43":{"start":{"line":104,"column":56},"end":{"line":104,"column":90}},"44":{"start":{"line":105,"column":16},"end":{"line":112,"column":17}},"45":{"start":{"line":106,"column":41},"end":{"line":106,"column":76}},"46":{"start":{"line":107,"column":20},"end":{"line":111,"column":23}},"47":{"start":{"line":115,"column":12},"end":{"line":115,"column":128}},"48":{"start":{"line":118,"column":29},"end":{"line":118,"column":49}},"49":{"start":{"line":119,"column":35},"end":{"line":119,"column":88}},"50":{"start":{"line":120,"column":12},"end":{"line":120,"column":73}},"51":{"start":{"line":121,"column":12},"end":{"line":121,"column":89}},"52":{"start":{"line":122,"column":12},"end":{"line":122,"column":210}},"53":{"start":{"line":125,"column":12},"end":{"line":152,"column":13}},"54":{"start":{"line":126,"column":33},"end":{"line":126,"column":53}},"55":{"start":{"line":127,"column":38},"end":{"line":127,"column":74}},"56":{"start":{"line":128,"column":36},"end":{"line":128,"column":46}},"57":{"start":{"line":130,"column":16},"end":{"line":139,"column":17}},"58":{"start":{"line":131,"column":20},"end":{"line":138,"column":21}},"59":{"start":{"line":132,"column":49},"end":{"line":132,"column":136}},"60":{"start":{"line":134,"column":50},"end":{"line":134,"column":89}},"61":{"start":{"line":135,"column":24},"end":{"line":137,"column":25}},"62":{"start":{"line":136,"column":28},"end":{"line":136,"column":103}},"63":{"start":{"line":141,"column":16},"end":{"line":145,"column":72}},"64":{"start":{"line":147,"column":16},"end":{"line":151,"column":69}},"65":{"start":{"line":155,"column":35},"end":{"line":155,"column":171}},"66":{"start":{"line":156,"column":12},"end":{"line":167,"column":15}},"67":{"start":{"line":169,"column":12},"end":{"line":169,"column":41}},"68":{"start":{"line":170,"column":12},"end":{"line":170,"column":95}},"69":{"start":{"line":170,"column":43},"end":{"line":170,"column":93}},"70":{"start":{"line":171,"column":12},"end":{"line":171,"column":149}},"71":{"start":{"line":173,"column":42},"end":{"line":176,"column":14}},"72":{"start":{"line":177,"column":12},"end":{"line":177,"column":87}},"73":{"start":{"line":178,"column":12},"end":{"line":178,"column":177}},"74":{"start":{"line":179,"column":12},"end":{"line":179,"column":39}},"75":{"start":{"line":186,"column":50},"end":{"line":186,"column":93}},"76":{"start":{"line":189,"column":44},"end":{"line":191,"column":19}},"77":{"start":{"line":194,"column":12},"end":{"line":194,"column":102}},"78":{"start":{"line":194,"column":43},"end":{"line":194,"column":100}},"79":{"start":{"line":197,"column":12},"end":{"line":229,"column":13}},"80":{"start":{"line":199,"column":16},"end":{"line":199,"column":164}},"81":{"start":{"line":202,"column":40},"end":{"line":206,"column":18}},"82":{"start":{"line":208,"column":16},"end":{"line":217,"column":19}},"83":{"start":{"line":219,"column":16},"end":{"line":219,"column":78}},"84":{"start":{"line":220,"column":16},"end":{"line":220,"column":169}},"85":{"start":{"line":221,"column":16},"end":{"line":221,"column":40}},"86":{"start":{"line":224,"column":16},"end":{"line":224,"column":100}},"87":{"start":{"line":224,"column":47},"end":{"line":224,"column":98}},"88":{"start":{"line":227,"column":16},"end":{"line":227,"column":137}},"89":{"start":{"line":228,"column":16},"end":{"line":228,"column":40}},"90":{"start":{"line":233,"column":8},"end":{"line":240,"column":9}},"91":{"start":{"line":234,"column":79},"end":{"line":234,"column":114}},"92":{"start":{"line":235,"column":37},"end":{"line":235,"column":75}},"93":{"start":{"line":236,"column":12},"end":{"line":236,"column":81}},"94":{"start":{"line":237,"column":12},"end":{"line":237,"column":131}},"95":{"start":{"line":239,"column":12},"end":{"line":239,"column":103}},"96":{"start":{"line":243,"column":8},"end":{"line":281,"column":9}},"97":{"start":{"line":244,"column":28},"end":{"line":244,"column":38}},"98":{"start":{"line":245,"column":42},"end":{"line":245,"column":49}},"99":{"start":{"line":246,"column":40},"end":{"line":246,"column":93}},"100":{"start":{"line":248,"column":12},"end":{"line":256,"column":15}},"101":{"start":{"line":259,"column":31},"end":{"line":259,"column":82}},"102":{"start":{"line":260,"column":12},"end":{"line":270,"column":13}},"103":{"start":{"line":261,"column":16},"end":{"line":269,"column":17}},"104":{"start":{"line":262,"column":20},"end":{"line":262,"column":178}},"105":{"start":{"line":263,"column":46},"end":{"line":267,"column":22}},"106":{"start":{"line":268,"column":20},"end":{"line":268,"column":90}},"107":{"start":{"line":272,"column":12},"end":{"line":278,"column":84}},"108":{"start":{"line":280,"column":12},"end":{"line":280,"column":110}},"109":{"start":{"line":284,"column":28},"end":{"line":284,"column":79}},"110":{"start":{"line":285,"column":31},"end":{"line":285,"column":83}},"111":{"start":{"line":286,"column":25},"end":{"line":286,"column":45}},"112":{"start":{"line":287,"column":33},"end":{"line":290,"column":10}},"113":{"start":{"line":291,"column":8},"end":{"line":291,"column":79}},"114":{"start":{"line":292,"column":8},"end":{"line":292,"column":166}},"115":{"start":{"line":294,"column":8},"end":{"line":294,"column":30}},"116":{"start":{"line":297,"column":8},"end":{"line":297,"column":83}},"117":{"start":{"line":300,"column":8},"end":{"line":300,"column":44}},"118":{"start":{"line":301,"column":8},"end":{"line":301,"column":91}},"119":{"start":{"line":306,"column":19},"end":{"line":306,"column":134}},"120":{"start":{"line":307,"column":22},"end":{"line":311,"column":6}},"121":{"start":{"line":312,"column":4},"end":{"line":312,"column":72}},"122":{"start":{"line":313,"column":4},"end":{"line":313,"column":77}},"123":{"start":{"line":314,"column":4},"end":{"line":314,"column":21}},"124":{"start":{"line":334,"column":29},"end":{"line":341,"column":6}},"125":{"start":{"line":342,"column":23},"end":{"line":342,"column":85}},"126":{"start":{"line":343,"column":4},"end":{"line":346,"column":5}},"127":{"start":{"line":344,"column":8},"end":{"line":344,"column":143}},"128":{"start":{"line":345,"column":8},"end":{"line":345,"column":15}},"129":{"start":{"line":347,"column":4},"end":{"line":349,"column":5}},"130":{"start":{"line":348,"column":8},"end":{"line":348,"column":67}}},"fnMap":{"0":{"name":"runGameFlow","decl":{"start":{"line":38,"column":22},"end":{"line":38,"column":33}},"loc":{"start":{"line":42,"column":28},"end":{"line":303,"column":1}}},"1":{"name":"(anonymous_11)","decl":{"start":{"line":104,"column":51},"end":{"line":104,"column":52}},"loc":{"start":{"line":104,"column":56},"end":{"line":104,"column":90}}},"2":{"name":"(anonymous_12)","decl":{"start":{"line":170,"column":30},"end":{"line":170,"column":31}},"loc":{"start":{"line":170,"column":43},"end":{"line":170,"column":93}}},"3":{"name":"(anonymous_13)","decl":{"start":{"line":194,"column":30},"end":{"line":194,"column":31}},"loc":{"start":{"line":194,"column":43},"end":{"line":194,"column":100}}},"4":{"name":"(anonymous_14)","decl":{"start":{"line":224,"column":34},"end":{"line":224,"column":35}},"loc":{"start":{"line":224,"column":47},"end":{"line":224,"column":98}}},"5":{"name":"(anonymous_15)","decl":{"start":{"line":234,"column":79},"end":{"line":234,"column":92}},"loc":{"start":{"line":234,"column":79},"end":{"line":234,"column":114}}},"6":{"name":"toCanonicalTimer","decl":{"start":{"line":305,"column":9},"end":{"line":305,"column":25}},"loc":{"start":{"line":305,"column":36},"end":{"line":315,"column":1}}},"7":{"name":"emitCanonicalTimerEvents","decl":{"start":{"line":329,"column":9},"end":{"line":329,"column":33}},"loc":{"start":{"line":332,"column":54},"end":{"line":350,"column":1}}}},"branchMap":{"0":{"loc":{"start":{"line":47,"column":4},"end":{"line":50,"column":5}},"type":"if","locations":[{"start":{"line":47,"column":4},"end":{"line":50,"column":5}}]},"1":{"loc":{"start":{"line":59,"column":33},"end":{"line":59,"column":61}},"type":"binary-expr","locations":[{"start":{"line":59,"column":33},"end":{"line":59,"column":55}},{"start":{"line":59,"column":59},"end":{"line":59,"column":61}}]},"2":{"loc":{"start":{"line":65,"column":29},"end":{"line":65,"column":116}},"type":"cond-expr","locations":[{"start":{"line":65,"column":88},"end":{"line":65,"column":104}},{"start":{"line":65,"column":107},"end":{"line":65,"column":116}}]},"3":{"loc":{"start":{"line":65,"column":29},"end":{"line":65,"column":85}},"type":"binary-expr","locations":[{"start":{"line":65,"column":29},"end":{"line":65,"column":65}},{"start":{"line":65,"column":69},"end":{"line":65,"column":85}}]},"4":{"loc":{"start":{"line":69,"column":12},"end":{"line":76,"column":13}},"type":"if","locations":[{"start":{"line":69,"column":12},"end":{"line":76,"column":13}}]},"5":{"loc":{"start":{"line":69,"column":16},"end":{"line":69,"column":54}},"type":"binary-expr","locations":[{"start":{"line":69,"column":16},"end":{"line":69,"column":28}},{"start":{"line":69,"column":32},"end":{"line":69,"column":54}}]},"6":{"loc":{"start":{"line":77,"column":12},"end":{"line":81,"column":13}},"type":"if","locations":[{"start":{"line":77,"column":12},"end":{"line":81,"column":13}}]},"7":{"loc":{"start":{"line":79,"column":34},"end":{"line":79,"column":62}},"type":"cond-expr","locations":[{"start":{"line":79,"column":41},"end":{"line":79,"column":57}},{"start":{"line":79,"column":60},"end":{"line":79,"column":62}}]},"8":{"loc":{"start":{"line":91,"column":34},"end":{"line":91,"column":112}},"type":"binary-expr","locations":[{"start":{"line":91,"column":34},"end":{"line":91,"column":63}},{"start":{"line":91,"column":68},"end":{"line":91,"column":111}}]},"9":{"loc":{"start":{"line":91,"column":68},"end":{"line":91,"column":111}},"type":"cond-expr","locations":[{"start":{"line":91,"column":104},"end":{"line":91,"column":107}},{"start":{"line":91,"column":110},"end":{"line":91,"column":111}}]},"10":{"loc":{"start":{"line":102,"column":16},"end":{"line":102,"column":38}},"type":"if","locations":[{"start":{"line":102,"column":16},"end":{"line":102,"column":38}}]},"11":{"loc":{"start":{"line":104,"column":56},"end":{"line":104,"column":90}},"type":"binary-expr","locations":[{"start":{"line":104,"column":56},"end":{"line":104,"column":62}},{"start":{"line":104,"column":66},"end":{"line":104,"column":90}}]},"12":{"loc":{"start":{"line":105,"column":16},"end":{"line":112,"column":17}},"type":"if","locations":[{"start":{"line":105,"column":16},"end":{"line":112,"column":17}}]},"13":{"loc":{"start":{"line":119,"column":49},"end":{"line":119,"column":86}},"type":"binary-expr","locations":[{"start":{"line":119,"column":49},"end":{"line":119,"column":80}},{"start":{"line":119,"column":84},"end":{"line":119,"column":86}}]},"14":{"loc":{"start":{"line":131,"column":20},"end":{"line":138,"column":21}},"type":"if","locations":[{"start":{"line":131,"column":20},"end":{"line":138,"column":21}}]},"15":{"loc":{"start":{"line":135,"column":24},"end":{"line":137,"column":25}},"type":"if","locations":[{"start":{"line":135,"column":24},"end":{"line":137,"column":25}}]},"16":{"loc":{"start":{"line":155,"column":77},"end":{"line":155,"column":168}},"type":"cond-expr","locations":[{"start":{"line":155,"column":147},"end":{"line":155,"column":163}},{"start":{"line":155,"column":166},"end":{"line":155,"column":168}}]},"17":{"loc":{"start":{"line":155,"column":77},"end":{"line":155,"column":144}},"type":"binary-expr","locations":[{"start":{"line":155,"column":77},"end":{"line":155,"column":113}},{"start":{"line":155,"column":117},"end":{"line":155,"column":144}}]},"18":{"loc":{"start":{"line":175,"column":32},"end":{"line":175,"column":65}},"type":"binary-expr","locations":[{"start":{"line":175,"column":32},"end":{"line":175,"column":59}},{"start":{"line":175,"column":63},"end":{"line":175,"column":65}}]},"19":{"loc":{"start":{"line":186,"column":50},"end":{"line":186,"column":93}},"type":"cond-expr","locations":[{"start":{"line":186,"column":86},"end":{"line":186,"column":89}},{"start":{"line":186,"column":92},"end":{"line":186,"column":93}}]},"20":{"loc":{"start":{"line":189,"column":44},"end":{"line":191,"column":19}},"type":"cond-expr","locations":[{"start":{"line":190,"column":18},"end":{"line":190,"column":47}},{"start":{"line":191,"column":18},"end":{"line":191,"column":19}}]},"21":{"loc":{"start":{"line":189,"column":45},"end":{"line":189,"column":131}},"type":"binary-expr","locations":[{"start":{"line":189,"column":45},"end":{"line":189,"column":94}},{"start":{"line":189,"column":98},"end":{"line":189,"column":131}}]},"22":{"loc":{"start":{"line":197,"column":12},"end":{"line":229,"column":13}},"type":"if","locations":[{"start":{"line":197,"column":12},"end":{"line":229,"column":13}},{"start":{"line":225,"column":19},"end":{"line":229,"column":13}}]},"23":{"loc":{"start":{"line":260,"column":12},"end":{"line":270,"column":13}},"type":"if","locations":[{"start":{"line":260,"column":12},"end":{"line":270,"column":13}}]},"24":{"loc":{"start":{"line":260,"column":16},"end":{"line":260,"column":50}},"type":"binary-expr","locations":[{"start":{"line":260,"column":16},"end":{"line":260,"column":26}},{"start":{"line":260,"column":30},"end":{"line":260,"column":50}}]},"25":{"loc":{"start":{"line":261,"column":16},"end":{"line":269,"column":17}},"type":"if","locations":[{"start":{"line":261,"column":16},"end":{"line":269,"column":17}}]},"26":{"loc":{"start":{"line":285,"column":45},"end":{"line":285,"column":81}},"type":"binary-expr","locations":[{"start":{"line":285,"column":45},"end":{"line":285,"column":75}},{"start":{"line":285,"column":79},"end":{"line":285,"column":81}}]},"27":{"loc":{"start":{"line":306,"column":19},"end":{"line":306,"column":134}},"type":"cond-expr","locations":[{"start":{"line":306,"column":114},"end":{"line":306,"column":126}},{"start":{"line":306,"column":129},"end":{"line":306,"column":134}}]},"28":{"loc":{"start":{"line":306,"column":19},"end":{"line":306,"column":111}},"type":"binary-expr","locations":[{"start":{"line":306,"column":19},"end":{"line":306,"column":24}},{"start":{"line":306,"column":28},"end":{"line":306,"column":60}},{"start":{"line":306,"column":64},"end":{"line":306,"column":111}}]},"29":{"loc":{"start":{"line":310,"column":21},"end":{"line":310,"column":123}},"type":"cond-expr","locations":[{"start":{"line":310,"column":94},"end":{"line":310,"column":111}},{"start":{"line":310,"column":114},"end":{"line":310,"column":123}}]},"30":{"loc":{"start":{"line":310,"column":21},"end":{"line":310,"column":91}},"type":"binary-expr","locations":[{"start":{"line":310,"column":21},"end":{"line":310,"column":59}},{"start":{"line":310,"column":63},"end":{"line":310,"column":91}}]},"31":{"loc":{"start":{"line":337,"column":21},"end":{"line":337,"column":129}},"type":"cond-expr","locations":[{"start":{"line":337,"column":94},"end":{"line":337,"column":117}},{"start":{"line":337,"column":120},"end":{"line":337,"column":129}}]},"32":{"loc":{"start":{"line":337,"column":21},"end":{"line":337,"column":91}},"type":"binary-expr","locations":[{"start":{"line":337,"column":21},"end":{"line":337,"column":64}},{"start":{"line":337,"column":68},"end":{"line":337,"column":91}}]},"33":{"loc":{"start":{"line":338,"column":23},"end":{"line":338,"column":100}},"type":"cond-expr","locations":[{"start":{"line":338,"column":71},"end":{"line":338,"column":96}},{"start":{"line":338,"column":99},"end":{"line":338,"column":100}}]},"34":{"loc":{"start":{"line":339,"column":24},"end":{"line":339,"column":103}},"type":"cond-expr","locations":[{"start":{"line":339,"column":73},"end":{"line":339,"column":99}},{"start":{"line":339,"column":102},"end":{"line":339,"column":103}}]},"35":{"loc":{"start":{"line":340,"column":23},"end":{"line":340,"column":105}},"type":"cond-expr","locations":[{"start":{"line":340,"column":72},"end":{"line":340,"column":97}},{"start":{"line":340,"column":100},"end":{"line":340,"column":105}}]},"36":{"loc":{"start":{"line":343,"column":4},"end":{"line":346,"column":5}},"type":"if","locations":[{"start":{"line":343,"column":4},"end":{"line":346,"column":5}}]}},"s":{"0":1,"1":1,"2":1,"3":1,"4":1,"5":1,"6":1,"7":1,"8":1,"9":1,"10":0,"11":0,"12":0,"13":0,"14":0,"15":0,"16":0,"17":0,"18":0,"19":0,"20":0,"21":0,"22":0,"23":0,"24":0,"25":0,"26":0,"27":0,"28":0,"29":0,"30":0,"31":0,"32":0,"33":0,"34":0,"35":0,"36":0,"37":0,"38":0,"39":0,"40":0,"41":0,"42":0,"43":0,"44":0,"45":0,"46":0,"47":0,"48":0,"49":0,"50":0,"51":0,"52":0,"53":0,"54":0,"55":0,"56":0,"57":0,"58":0,"59":0,"60":0,"61":0,"62":0,"63":0,"64":0,"65":0,"66":0,"67":0,"68":0,"69":0,"70":0,"71":0,"72":0,"73":0,"74":0,"75":0,"76":0,"77":0,"78":0,"79":0,"80":0,"81":0,"82":0,"83":0,"84":0,"85":0,"86":0,"87":0,"88":0,"89":0,"90":0,"91":0,"92":0,"93":0,"94":0,"95":0,"96":0,"97":0,"98":0,"99":0,"100":0,"101":0,"102":0,"103":0,"104":0,"105":0,"106":0,"107":0,"108":0,"109":0,"110":0,"111":0,"112":0,"113":0,"114":0,"115":0,"116":0,"117":0,"118":0,"119":0,"120":0,"121":0,"122":0,"123":0,"124":0,"125":0,"126":0,"127":0,"128":0,"129":0,"130":0},"f":{"0":0,"1":0,"2":0,"3":0,"4":0,"5":0,"6":0,"7":0},"b":{"0":[0],"1":[0,0],"2":[0,0],"3":[0,0],"4":[0],"5":[0,0],"6":[0],"7":[0,0],"8":[0,0],"9":[0,0],"10":[0],"11":[0,0],"12":[0],"13":[0,0],"14":[0],"15":[0],"16":[0,0],"17":[0,0],"18":[0,0],"19":[0,0],"20":[0,0],"21":[0,0],"22":[0,0],"23":[0],"24":[0,0],"25":[0],"26":[0,0],"27":[0,0],"28":[0,0,0],"29":[0,0],"30":[0,0],"31":[0,0],"32":[0,0],"33":[0,0],"34":[0,0],"35":[0,0],"36":[0]}},"/home/aflesch/mathquest/app/backend/src/sockets/handlers/disconnectHandler.ts":{"path":"/home/aflesch/mathquest/app/backend/src/sockets/handlers/disconnectHandler.ts","statementMap":{"0":{"start":{"line":15,"column":0},"end":{"line":15,"column":16}},"1":{"start":{"line":2,"column":0},"end":{"line":2,"column":45}},"2":{"start":{"line":3,"column":0},"end":{"line":3,"column":42}},"3":{"start":{"line":11,"column":0},"end":{"line":11,"column":77}},"4":{"start":{"line":13,"column":15},"end":{"line":13,"column":48}},"5":{"start":{"line":19,"column":4},"end":{"line":93,"column":6}},"6":{"start":{"line":20,"column":8},"end":{"line":20,"column":140}},"7":{"start":{"line":22,"column":56},"end":{"line":22,"column":67}},"8":{"start":{"line":24,"column":8},"end":{"line":27,"column":9}},"9":{"start":{"line":25,"column":12},"end":{"line":25,"column":159}},"10":{"start":{"line":26,"column":12},"end":{"line":26,"column":19}},"11":{"start":{"line":29,"column":32},"end":{"line":29,"column":75}},"12":{"start":{"line":30,"column":36},"end":{"line":30,"column":83}},"13":{"start":{"line":31,"column":36},"end":{"line":31,"column":83}},"14":{"start":{"line":33,"column":8},"end":{"line":92,"column":9}},"15":{"start":{"line":35,"column":12},"end":{"line":38,"column":13}},"16":{"start":{"line":36,"column":16},"end":{"line":36,"column":165}},"17":{"start":{"line":37,"column":16},"end":{"line":37,"column":23}},"18":{"start":{"line":41,"column":12},"end":{"line":41,"column":122}},"19":{"start":{"line":42,"column":12},"end":{"line":42,"column":67}},"20":{"start":{"line":45,"column":39},"end":{"line":45,"column":90}},"21":{"start":{"line":47,"column":12},"end":{"line":80,"column":13}},"22":{"start":{"line":49,"column":16},"end":{"line":49,"column":143}},"23":{"start":{"line":52,"column":16},"end":{"line":52,"column":143}},"24":{"start":{"line":53,"column":16},"end":{"line":53,"column":68}},"25":{"start":{"line":56,"column":40},"end":{"line":56,"column":87}},"26":{"start":{"line":57,"column":16},"end":{"line":76,"column":17}},"27":{"start":{"line":58,"column":44},"end":{"line":58,"column":71}},"28":{"start":{"line":59,"column":20},"end":{"line":59,"column":51}},"29":{"start":{"line":62,"column":20},"end":{"line":62,"column":148}},"30":{"start":{"line":63,"column":20},"end":{"line":63,"column":101}},"31":{"start":{"line":66,"column":20},"end":{"line":70,"column":21}},"32":{"start":{"line":67,"column":50},"end":{"line":67,"column":81}},"33":{"start":{"line":68,"column":24},"end":{"line":68,"column":119}},"34":{"start":{"line":69,"column":24},"end":{"line":69,"column":91}},"35":{"start":{"line":73,"column":20},"end":{"line":73,"column":63}},"36":{"start":{"line":75,"column":20},"end":{"line":75,"column":147}},"37":{"start":{"line":79,"column":16},"end":{"line":79,"column":262}},"38":{"start":{"line":87,"column":12},"end":{"line":90,"column":13}},"39":{"start":{"line":88,"column":16},"end":{"line":88,"column":145}},"40":{"start":{"line":89,"column":16},"end":{"line":89,"column":23}},"41":{"start":{"line":91,"column":12},"end":{"line":91,"column":158}}},"fnMap":{"0":{"name":"disconnectHandler","decl":{"start":{"line":15,"column":16},"end":{"line":15,"column":33}},"loc":{"start":{"line":17,"column":93},"end":{"line":94,"column":1}}},"1":{"name":"(anonymous_2)","decl":{"start":{"line":19,"column":11},"end":{"line":19,"column":16}},"loc":{"start":{"line":19,"column":36},"end":{"line":93,"column":5}}}},"branchMap":{"0":{"loc":{"start":{"line":24,"column":8},"end":{"line":27,"column":9}},"type":"if","locations":[{"start":{"line":24,"column":8},"end":{"line":27,"column":9}}]},"1":{"loc":{"start":{"line":24,"column":12},"end":{"line":24,"column":34}},"type":"binary-expr","locations":[{"start":{"line":24,"column":12},"end":{"line":24,"column":19}},{"start":{"line":24,"column":23},"end":{"line":24,"column":34}}]},"2":{"loc":{"start":{"line":35,"column":12},"end":{"line":38,"column":13}},"type":"if","locations":[{"start":{"line":35,"column":12},"end":{"line":38,"column":13}}]},"3":{"loc":{"start":{"line":35,"column":16},"end":{"line":35,"column":78}},"type":"binary-expr","locations":[{"start":{"line":35,"column":16},"end":{"line":35,"column":44}},{"start":{"line":35,"column":48},"end":{"line":35,"column":78}}]},"4":{"loc":{"start":{"line":47,"column":12},"end":{"line":80,"column":13}},"type":"if","locations":[{"start":{"line":47,"column":12},"end":{"line":80,"column":13}},{"start":{"line":77,"column":19},"end":{"line":80,"column":13}}]},"5":{"loc":{"start":{"line":57,"column":16},"end":{"line":76,"column":17}},"type":"if","locations":[{"start":{"line":57,"column":16},"end":{"line":76,"column":17}},{"start":{"line":74,"column":23},"end":{"line":76,"column":17}}]},"6":{"loc":{"start":{"line":66,"column":20},"end":{"line":70,"column":21}},"type":"if","locations":[{"start":{"line":66,"column":20},"end":{"line":70,"column":21}}]},"7":{"loc":{"start":{"line":87,"column":12},"end":{"line":90,"column":13}},"type":"if","locations":[{"start":{"line":87,"column":12},"end":{"line":90,"column":13}}]},"8":{"loc":{"start":{"line":87,"column":16},"end":{"line":87,"column":142}},"type":"binary-expr","locations":[{"start":{"line":87,"column":16},"end":{"line":87,"column":36}},{"start":{"line":87,"column":41},"end":{"line":87,"column":85}},{"start":{"line":87,"column":89},"end":{"line":87,"column":141}}]},"9":{"loc":{"start":{"line":91,"column":80},"end":{"line":91,"column":124}},"type":"cond-expr","locations":[{"start":{"line":91,"column":103},"end":{"line":91,"column":112}},{"start":{"line":91,"column":115},"end":{"line":91,"column":124}}]}},"s":{"0":1,"1":1,"2":1,"3":1,"4":1,"5":0,"6":0,"7":0,"8":0,"9":0,"10":0,"11":0,"12":0,"13":0,"14":0,"15":0,"16":0,"17":0,"18":0,"19":0,"20":0,"21":0,"22":0,"23":0,"24":0,"25":0,"26":0,"27":0,"28":0,"29":0,"30":0,"31":0,"32":0,"33":0,"34":0,"35":0,"36":0,"37":0,"38":0,"39":0,"40":0,"41":0},"f":{"0":0,"1":0},"b":{"0":[0],"1":[0,0],"2":[0],"3":[0,0],"4":[0,0],"5":[0,0],"6":[0],"7":[0],"8":[0,0,0],"9":[0,0]}},"/home/aflesch/mathquest/app/backend/src/sockets/handlers/practiceSessionHandler.ts":{"path":"/home/aflesch/mathquest/app/backend/src/sockets/handlers/practiceSessionHandler.ts","statementMap":{"0":{"start":{"line":53,"column":0},"end":{"line":53,"column":16}},"1":{"start":{"line":501,"column":0},"end":{"line":501,"column":16}},"2":{"start":{"line":9,"column":0},"end":{"line":9,"column":80}},"3":{"start":{"line":10,"column":0},"end":{"line":10,"column":42}},"4":{"start":{"line":17,"column":0},"end":{"line":17,"column":60}},"5":{"start":{"line":18,"column":0},"end":{"line":18,"column":null}},"6":{"start":{"line":23,"column":0},"end":{"line":23,"column":null}},"7":{"start":{"line":46,"column":15},"end":{"line":46,"column":53}},"8":{"start":{"line":61,"column":4},"end":{"line":115,"column":7}},"9":{"start":{"line":62,"column":8},"end":{"line":114,"column":9}},"10":{"start":{"line":63,"column":12},"end":{"line":67,"column":44}},"11":{"start":{"line":70,"column":28},"end":{"line":70,"column":104}},"12":{"start":{"line":73,"column":29},"end":{"line":73,"column":60}},"13":{"start":{"line":74,"column":12},"end":{"line":74,"column":40}},"14":{"start":{"line":77,"column":12},"end":{"line":81,"column":14}},"15":{"start":{"line":84,"column":60},"end":{"line":88,"column":14}},"16":{"start":{"line":90,"column":12},"end":{"line":90,"column":76}},"17":{"start":{"line":92,"column":12},"end":{"line":96,"column":66}},"18":{"start":{"line":99,"column":12},"end":{"line":106,"column":51}},"19":{"start":{"line":108,"column":63},"end":{"line":111,"column":14}},"20":{"start":{"line":113,"column":12},"end":{"line":113,"column":79}},"21":{"start":{"line":120,"column":4},"end":{"line":193,"column":7}},"22":{"start":{"line":121,"column":8},"end":{"line":192,"column":9}},"23":{"start":{"line":122,"column":12},"end":{"line":125,"column":49}},"24":{"start":{"line":128,"column":33},"end":{"line":128,"column":96}},"25":{"start":{"line":130,"column":12},"end":{"line":150,"column":13}},"26":{"start":{"line":132,"column":37},"end":{"line":132,"column":95}},"27":{"start":{"line":135,"column":75},"end":{"line":146,"column":18}},"28":{"start":{"line":148,"column":16},"end":{"line":148,"column":91}},"29":{"start":{"line":149,"column":16},"end":{"line":149,"column":23}},"30":{"start":{"line":153,"column":28},"end":{"line":153,"column":86}},"31":{"start":{"line":154,"column":12},"end":{"line":161,"column":13}},"32":{"start":{"line":155,"column":67},"end":{"line":158,"column":18}},"33":{"start":{"line":159,"column":16},"end":{"line":159,"column":83}},"34":{"start":{"line":160,"column":16},"end":{"line":160,"column":23}},"35":{"start":{"line":164,"column":67},"end":{"line":173,"column":14}},"36":{"start":{"line":175,"column":12},"end":{"line":175,"column":83}},"37":{"start":{"line":177,"column":12},"end":{"line":181,"column":46}},"38":{"start":{"line":184,"column":12},"end":{"line":184,"column":85}},"39":{"start":{"line":186,"column":63},"end":{"line":189,"column":14}},"40":{"start":{"line":191,"column":12},"end":{"line":191,"column":79}},"41":{"start":{"line":198,"column":4},"end":{"line":310,"column":7}},"42":{"start":{"line":199,"column":8},"end":{"line":309,"column":9}},"43":{"start":{"line":200,"column":12},"end":{"line":205,"column":45}},"44":{"start":{"line":208,"column":27},"end":{"line":214,"column":null}},"45":{"start":{"line":218,"column":12},"end":{"line":298,"column":13}},"46":{"start":{"line":220,"column":74},"end":{"line":225,"column":18}},"47":{"start":{"line":226,"column":16},"end":{"line":226,"column":90}},"48":{"start":{"line":229,"column":40},"end":{"line":229,"column":108}},"49":{"start":{"line":232,"column":69},"end":{"line":235,"column":18}},"50":{"start":{"line":237,"column":16},"end":{"line":242,"column":17}},"51":{"start":{"line":238,"column":20},"end":{"line":238,"column":77}},"52":{"start":{"line":239,"column":20},"end":{"line":239,"column":98}},"53":{"start":{"line":241,"column":20},"end":{"line":241,"column":76}},"54":{"start":{"line":245,"column":16},"end":{"line":258,"column":17}},"55":{"start":{"line":246,"column":61},"end":{"line":250,"column":22}},"56":{"start":{"line":252,"column":20},"end":{"line":257,"column":21}},"57":{"start":{"line":253,"column":24},"end":{"line":253,"column":69}},"58":{"start":{"line":254,"column":24},"end":{"line":254,"column":89}},"59":{"start":{"line":256,"column":24},"end":{"line":256,"column":73}},"60":{"start":{"line":261,"column":74},"end":{"line":273,"column":18}},"61":{"start":{"line":274,"column":16},"end":{"line":274,"column":90}},"62":{"start":{"line":276,"column":16},"end":{"line":282,"column":102}},"63":{"start":{"line":285,"column":74},"end":{"line":290,"column":18}},"64":{"start":{"line":291,"column":16},"end":{"line":291,"column":90}},"65":{"start":{"line":293,"column":16},"end":{"line":297,"column":105}},"66":{"start":{"line":301,"column":12},"end":{"line":301,"column":81}},"67":{"start":{"line":303,"column":63},"end":{"line":306,"column":14}},"68":{"start":{"line":308,"column":12},"end":{"line":308,"column":79}},"69":{"start":{"line":315,"column":4},"end":{"line":353,"column":7}},"70":{"start":{"line":316,"column":8},"end":{"line":352,"column":9}},"71":{"start":{"line":317,"column":12},"end":{"line":320,"column":49}},"72":{"start":{"line":322,"column":28},"end":{"line":322,"column":86}},"73":{"start":{"line":324,"column":12},"end":{"line":333,"column":13}},"74":{"start":{"line":325,"column":67},"end":{"line":329,"column":18}},"75":{"start":{"line":331,"column":16},"end":{"line":331,"column":83}},"76":{"start":{"line":332,"column":16},"end":{"line":332,"column":23}},"77":{"start":{"line":335,"column":63},"end":{"line":339,"column":14}},"78":{"start":{"line":341,"column":12},"end":{"line":341,"column":79}},"79":{"start":{"line":344,"column":12},"end":{"line":344,"column":85}},"80":{"start":{"line":346,"column":63},"end":{"line":349,"column":14}},"81":{"start":{"line":351,"column":12},"end":{"line":351,"column":79}},"82":{"start":{"line":358,"column":4},"end":{"line":409,"column":7}},"83":{"start":{"line":359,"column":8},"end":{"line":408,"column":9}},"84":{"start":{"line":360,"column":12},"end":{"line":363,"column":42}},"85":{"start":{"line":366,"column":33},"end":{"line":366,"column":91}},"86":{"start":{"line":369,"column":29},"end":{"line":369,"column":60}},"87":{"start":{"line":370,"column":12},"end":{"line":370,"column":41}},"88":{"start":{"line":373,"column":12},"end":{"line":376,"column":13}},"89":{"start":{"line":374,"column":16},"end":{"line":374,"column":53}},"90":{"start":{"line":375,"column":16},"end":{"line":375,"column":50}},"91":{"start":{"line":379,"column":71},"end":{"line":390,"column":14}},"92":{"start":{"line":392,"column":12},"end":{"line":392,"column":87}},"93":{"start":{"line":394,"column":12},"end":{"line":397,"column":41}},"94":{"start":{"line":400,"column":12},"end":{"line":400,"column":79}},"95":{"start":{"line":402,"column":63},"end":{"line":405,"column":14}},"96":{"start":{"line":407,"column":12},"end":{"line":407,"column":79}},"97":{"start":{"line":414,"column":4},"end":{"line":491,"column":7}},"98":{"start":{"line":415,"column":8},"end":{"line":490,"column":9}},"99":{"start":{"line":416,"column":12},"end":{"line":420,"column":47}},"100":{"start":{"line":423,"column":36},"end":{"line":423,"column":104}},"101":{"start":{"line":425,"column":12},"end":{"line":432,"column":13}},"102":{"start":{"line":426,"column":67},"end":{"line":429,"column":18}},"103":{"start":{"line":430,"column":16},"end":{"line":430,"column":83}},"104":{"start":{"line":431,"column":16},"end":{"line":431,"column":23}},"105":{"start":{"line":435,"column":28},"end":{"line":435,"column":86}},"106":{"start":{"line":437,"column":12},"end":{"line":444,"column":13}},"107":{"start":{"line":438,"column":67},"end":{"line":441,"column":18}},"108":{"start":{"line":442,"column":16},"end":{"line":442,"column":83}},"109":{"start":{"line":443,"column":16},"end":{"line":443,"column":23}},"110":{"start":{"line":447,"column":36},"end":{"line":447,"column":110}},"111":{"start":{"line":447,"column":67},"end":{"line":447,"column":109}},"112":{"start":{"line":449,"column":12},"end":{"line":456,"column":13}},"113":{"start":{"line":450,"column":67},"end":{"line":453,"column":18}},"114":{"start":{"line":454,"column":16},"end":{"line":454,"column":83}},"115":{"start":{"line":455,"column":16},"end":{"line":455,"column":23}},"116":{"start":{"line":459,"column":68},"end":{"line":471,"column":14}},"117":{"start":{"line":473,"column":12},"end":{"line":473,"column":84}},"118":{"start":{"line":475,"column":12},"end":{"line":479,"column":41}},"119":{"start":{"line":482,"column":12},"end":{"line":482,"column":80}},"120":{"start":{"line":484,"column":63},"end":{"line":487,"column":14}},"121":{"start":{"line":489,"column":12},"end":{"line":489,"column":79}},"122":{"start":{"line":493,"column":4},"end":{"line":493,"column":82}},"123":{"start":{"line":506,"column":4},"end":{"line":528,"column":5}},"124":{"start":{"line":507,"column":26},"end":{"line":507,"column":55}},"125":{"start":{"line":508,"column":23},"end":{"line":508,"column":49}},"126":{"start":{"line":510,"column":8},"end":{"line":514,"column":77}},"127":{"start":{"line":521,"column":25},"end":{"line":521,"column":48}},"128":{"start":{"line":522,"column":8},"end":{"line":522,"column":31}},"129":{"start":{"line":524,"column":8},"end":{"line":527,"column":62}},"130":{"start":{"line":531,"column":0},"end":{"line":531,"column":47}}},"fnMap":{"0":{"name":"registerPracticeSessionHandlers","decl":{"start":{"line":53,"column":16},"end":{"line":53,"column":47}},"loc":{"start":{"line":55,"column":93},"end":{"line":494,"column":1}}},"1":{"name":"(anonymous_2)","decl":{"start":{"line":61,"column":54},"end":{"line":61,"column":59}},"loc":{"start":{"line":61,"column":101},"end":{"line":115,"column":5}}},"2":{"name":"(anonymous_3)","decl":{"start":{"line":120,"column":58},"end":{"line":120,"column":63}},"loc":{"start":{"line":120,"column":108},"end":{"line":193,"column":5}}},"3":{"name":"(anonymous_4)","decl":{"start":{"line":198,"column":54},"end":{"line":198,"column":59}},"loc":{"start":{"line":198,"column":101},"end":{"line":310,"column":5}}},"4":{"name":"(anonymous_5)","decl":{"start":{"line":315,"column":58},"end":{"line":315,"column":63}},"loc":{"start":{"line":315,"column":108},"end":{"line":353,"column":5}}},"5":{"name":"(anonymous_6)","decl":{"start":{"line":358,"column":52},"end":{"line":358,"column":57}},"loc":{"start":{"line":358,"column":97},"end":{"line":409,"column":5}}},"6":{"name":"(anonymous_7)","decl":{"start":{"line":414,"column":57},"end":{"line":414,"column":62}},"loc":{"start":{"line":414,"column":107},"end":{"line":491,"column":5}}},"7":{"name":"(anonymous_8)","decl":{"start":{"line":447,"column":57},"end":{"line":447,"column":63}},"loc":{"start":{"line":447,"column":67},"end":{"line":447,"column":109}}},"8":{"name":"handlePracticeSessionDisconnect","decl":{"start":{"line":501,"column":16},"end":{"line":501,"column":47}},"loc":{"start":{"line":503,"column":93},"end":{"line":529,"column":1}}}},"branchMap":{"0":{"loc":{"start":{"line":100,"column":23},"end":{"line":104,"column":33}},"type":"cond-expr","locations":[{"start":{"line":100,"column":48},"end":{"line":104,"column":18}},{"start":{"line":104,"column":20},"end":{"line":104,"column":33}}]},"1":{"loc":{"start":{"line":110,"column":25},"end":{"line":110,"column":81}},"type":"cond-expr","locations":[{"start":{"line":110,"column":50},"end":{"line":110,"column":63}},{"start":{"line":110,"column":66},"end":{"line":110,"column":81}}]},"2":{"loc":{"start":{"line":130,"column":12},"end":{"line":150,"column":13}},"type":"if","locations":[{"start":{"line":130,"column":12},"end":{"line":150,"column":13}}]},"3":{"loc":{"start":{"line":154,"column":12},"end":{"line":161,"column":13}},"type":"if","locations":[{"start":{"line":154,"column":12},"end":{"line":161,"column":13}}]},"4":{"loc":{"start":{"line":168,"column":44},"end":{"line":168,"column":75}},"type":"binary-expr","locations":[{"start":{"line":168,"column":44},"end":{"line":168,"column":70}},{"start":{"line":168,"column":74},"end":{"line":168,"column":75}}]},"5":{"loc":{"start":{"line":170,"column":72},"end":{"line":170,"column":103}},"type":"binary-expr","locations":[{"start":{"line":170,"column":72},"end":{"line":170,"column":98}},{"start":{"line":170,"column":102},"end":{"line":170,"column":103}}]},"6":{"loc":{"start":{"line":188,"column":25},"end":{"line":188,"column":95}},"type":"cond-expr","locations":[{"start":{"line":188,"column":50},"end":{"line":188,"column":63}},{"start":{"line":188,"column":66},"end":{"line":188,"column":95}}]},"7":{"loc":{"start":{"line":218,"column":12},"end":{"line":298,"column":13}},"type":"if","locations":[{"start":{"line":218,"column":12},"end":{"line":298,"column":13}},{"start":{"line":283,"column":19},"end":{"line":298,"column":13}}]},"8":{"loc":{"start":{"line":234,"column":36},"end":{"line":234,"column":73}},"type":"binary-expr","locations":[{"start":{"line":234,"column":36},"end":{"line":234,"column":67}},{"start":{"line":234,"column":71},"end":{"line":234,"column":73}}]},"9":{"loc":{"start":{"line":245,"column":16},"end":{"line":258,"column":17}},"type":"if","locations":[{"start":{"line":245,"column":16},"end":{"line":258,"column":17}}]},"10":{"loc":{"start":{"line":265,"column":36},"end":{"line":265,"column":73}},"type":"binary-expr","locations":[{"start":{"line":265,"column":36},"end":{"line":265,"column":67}},{"start":{"line":265,"column":71},"end":{"line":265,"column":73}}]},"11":{"loc":{"start":{"line":305,"column":25},"end":{"line":305,"column":91}},"type":"cond-expr","locations":[{"start":{"line":305,"column":50},"end":{"line":305,"column":63}},{"start":{"line":305,"column":66},"end":{"line":305,"column":91}}]},"12":{"loc":{"start":{"line":324,"column":12},"end":{"line":333,"column":13}},"type":"if","locations":[{"start":{"line":324,"column":12},"end":{"line":333,"column":13}}]},"13":{"loc":{"start":{"line":348,"column":25},"end":{"line":348,"column":95}},"type":"cond-expr","locations":[{"start":{"line":348,"column":50},"end":{"line":348,"column":63}},{"start":{"line":348,"column":66},"end":{"line":348,"column":95}}]},"14":{"loc":{"start":{"line":373,"column":12},"end":{"line":376,"column":13}},"type":"if","locations":[{"start":{"line":373,"column":12},"end":{"line":376,"column":13}}]},"15":{"loc":{"start":{"line":404,"column":25},"end":{"line":404,"column":89}},"type":"cond-expr","locations":[{"start":{"line":404,"column":50},"end":{"line":404,"column":63}},{"start":{"line":404,"column":66},"end":{"line":404,"column":89}}]},"16":{"loc":{"start":{"line":425,"column":12},"end":{"line":432,"column":13}},"type":"if","locations":[{"start":{"line":425,"column":12},"end":{"line":432,"column":13}}]},"17":{"loc":{"start":{"line":437,"column":12},"end":{"line":444,"column":13}},"type":"if","locations":[{"start":{"line":437,"column":12},"end":{"line":444,"column":13}}]},"18":{"loc":{"start":{"line":449,"column":12},"end":{"line":456,"column":13}},"type":"if","locations":[{"start":{"line":449,"column":12},"end":{"line":456,"column":13}}]},"19":{"loc":{"start":{"line":486,"column":25},"end":{"line":486,"column":90}},"type":"cond-expr","locations":[{"start":{"line":486,"column":50},"end":{"line":486,"column":63}},{"start":{"line":486,"column":66},"end":{"line":486,"column":90}}]},"20":{"loc":{"start":{"line":506,"column":4},"end":{"line":528,"column":5}},"type":"if","locations":[{"start":{"line":506,"column":4},"end":{"line":528,"column":5}}]}},"s":{"0":1,"1":1,"2":1,"3":1,"4":1,"5":1,"6":1,"7":1,"8":0,"9":0,"10":0,"11":0,"12":0,"13":0,"14":0,"15":0,"16":0,"17":0,"18":0,"19":0,"20":0,"21":0,"22":0,"23":0,"24":0,"25":0,"26":0,"27":0,"28":0,"29":0,"30":0,"31":0,"32":0,"33":0,"34":0,"35":0,"36":0,"37":0,"38":0,"39":0,"40":0,"41":0,"42":0,"43":0,"44":0,"45":0,"46":0,"47":0,"48":0,"49":0,"50":0,"51":0,"52":0,"53":0,"54":0,"55":0,"56":0,"57":0,"58":0,"59":0,"60":0,"61":0,"62":0,"63":0,"64":0,"65":0,"66":0,"67":0,"68":0,"69":0,"70":0,"71":0,"72":0,"73":0,"74":0,"75":0,"76":0,"77":0,"78":0,"79":0,"80":0,"81":0,"82":0,"83":0,"84":0,"85":0,"86":0,"87":0,"88":0,"89":0,"90":0,"91":0,"92":0,"93":0,"94":0,"95":0,"96":0,"97":0,"98":0,"99":0,"100":0,"101":0,"102":0,"103":0,"104":0,"105":0,"106":0,"107":0,"108":0,"109":0,"110":0,"111":0,"112":0,"113":0,"114":0,"115":0,"116":0,"117":0,"118":0,"119":0,"120":0,"121":0,"122":0,"123":0,"124":0,"125":0,"126":0,"127":0,"128":0,"129":0,"130":1},"f":{"0":0,"1":0,"2":0,"3":0,"4":0,"5":0,"6":0,"7":0,"8":0},"b":{"0":[0,0],"1":[0,0],"2":[0],"3":[0],"4":[0,0],"5":[0,0],"6":[0,0],"7":[0,0],"8":[0,0],"9":[0],"10":[0,0],"11":[0,0],"12":[0],"13":[0,0],"14":[0],"15":[0,0],"16":[0],"17":[0],"18":[0],"19":[0,0],"20":[0]}},"/home/aflesch/mathquest/app/backend/src/core/services/practiceSessionService.ts":{"path":"/home/aflesch/mathquest/app/backend/src/core/services/practiceSessionService.ts","statementMap":{"0":{"start":{"line":8,"column":0},"end":{"line":8,"column":45}},"1":{"start":{"line":9,"column":0},"end":{"line":9,"column":37}},"2":{"start":{"line":10,"column":0},"end":{"line":10,"column":42}},"3":{"start":{"line":20,"column":15},"end":{"line":20,"column":53}},"4":{"start":{"line":53,"column":8},"end":{"line":138,"column":9}},"5":{"start":{"line":55,"column":30},"end":{"line":55,"column":107}},"6":{"start":{"line":60,"column":12},"end":{"line":75,"column":13}},"7":{"start":{"line":62,"column":16},"end":{"line":62,"column":92}},"8":{"start":{"line":63,"column":16},"end":{"line":67,"column":72}},"9":{"start":{"line":70,"column":16},"end":{"line":70,"column":73}},"10":{"start":{"line":71,"column":16},"end":{"line":74,"column":71}},"11":{"start":{"line":77,"column":12},"end":{"line":79,"column":13}},"12":{"start":{"line":78,"column":16},"end":{"line":78,"column":81}},"13":{"start":{"line":82,"column":51},"end":{"line":90,"column":14}},"14":{"start":{"line":93,"column":24},"end":{"line":93,"column":34}},"15":{"start":{"line":94,"column":45},"end":{"line":106,"column":14}},"16":{"start":{"line":108,"column":12},"end":{"line":114,"column":64}},"17":{"start":{"line":117,"column":12},"end":{"line":119,"column":13}},"18":{"start":{"line":118,"column":16},"end":{"line":118,"column":104}},"19":{"start":{"line":122,"column":12},"end":{"line":122,"column":45}},"20":{"start":{"line":124,"column":12},"end":{"line":124,"column":119}},"21":{"start":{"line":126,"column":12},"end":{"line":126,"column":27}},"22":{"start":{"line":128,"column":12},"end":{"line":136,"column":52}},"23":{"start":{"line":137,"column":12},"end":{"line":137,"column":124}},"24":{"start":{"line":145,"column":8},"end":{"line":168,"column":9}},"25":{"start":{"line":146,"column":32},"end":{"line":146,"column":109}},"26":{"start":{"line":148,"column":12},"end":{"line":150,"column":13}},"27":{"start":{"line":149,"column":16},"end":{"line":149,"column":28}},"28":{"start":{"line":152,"column":28},"end":{"line":152,"column":70}},"29":{"start":{"line":155,"column":12},"end":{"line":155,"column":60}},"30":{"start":{"line":156,"column":12},"end":{"line":156,"column":60}},"31":{"start":{"line":157,"column":12},"end":{"line":159,"column":13}},"32":{"start":{"line":158,"column":16},"end":{"line":158,"column":64}},"33":{"start":{"line":160,"column":12},"end":{"line":162,"column":13}},"34":{"start":{"line":161,"column":16},"end":{"line":161,"column":68}},"35":{"start":{"line":164,"column":12},"end":{"line":164,"column":27}},"36":{"start":{"line":166,"column":12},"end":{"line":166,"column":81}},"37":{"start":{"line":167,"column":12},"end":{"line":167,"column":24}},"38":{"start":{"line":175,"column":8},"end":{"line":255,"column":9}},"39":{"start":{"line":176,"column":28},"end":{"line":176,"column":60}},"40":{"start":{"line":178,"column":12},"end":{"line":180,"column":13}},"41":{"start":{"line":179,"column":16},"end":{"line":179,"column":62}},"42":{"start":{"line":182,"column":12},"end":{"line":184,"column":13}},"43":{"start":{"line":183,"column":16},"end":{"line":183,"column":66}},"44":{"start":{"line":186,"column":12},"end":{"line":188,"column":13}},"45":{"start":{"line":187,"column":16},"end":{"line":187,"column":65}},"46":{"start":{"line":191,"column":30},"end":{"line":191,"column":112}},"47":{"start":{"line":192,"column":35},"end":{"line":192,"column":92}},"48":{"start":{"line":195,"column":43},"end":{"line":202,"column":14}},"49":{"start":{"line":205,"column":12},"end":{"line":205,"column":41}},"50":{"start":{"line":208,"column":12},"end":{"line":208,"column":55}},"51":{"start":{"line":209,"column":12},"end":{"line":213,"column":13}},"52":{"start":{"line":210,"column":16},"end":{"line":210,"column":55}},"53":{"start":{"line":212,"column":16},"end":{"line":212,"column":57}},"54":{"start":{"line":214,"column":12},"end":{"line":215,"column":98}},"55":{"start":{"line":216,"column":12},"end":{"line":216,"column":72}},"56":{"start":{"line":217,"column":12},"end":{"line":218,"column":90}},"57":{"start":{"line":221,"column":12},"end":{"line":229,"column":13}},"58":{"start":{"line":222,"column":16},"end":{"line":222,"column":45}},"59":{"start":{"line":223,"column":16},"end":{"line":223,"column":49}},"60":{"start":{"line":224,"column":16},"end":{"line":224,"column":52}},"61":{"start":{"line":226,"column":16},"end":{"line":226,"column":50}},"62":{"start":{"line":227,"column":40},"end":{"line":227,"column":90}},"63":{"start":{"line":228,"column":16},"end":{"line":228,"column":104}},"64":{"start":{"line":232,"column":12},"end":{"line":232,"column":45}},"65":{"start":{"line":234,"column":12},"end":{"line":240,"column":44}},"66":{"start":{"line":243,"column":47},"end":{"line":249,"column":14}},"67":{"start":{"line":251,"column":12},"end":{"line":251,"column":26}},"68":{"start":{"line":253,"column":12},"end":{"line":253,"column":95}},"69":{"start":{"line":254,"column":12},"end":{"line":254,"column":24}},"70":{"start":{"line":262,"column":8},"end":{"line":283,"column":9}},"71":{"start":{"line":263,"column":28},"end":{"line":263,"column":60}},"72":{"start":{"line":265,"column":12},"end":{"line":267,"column":13}},"73":{"start":{"line":266,"column":16},"end":{"line":266,"column":62}},"74":{"start":{"line":270,"column":12},"end":{"line":275,"column":13}},"75":{"start":{"line":271,"column":16},"end":{"line":271,"column":45}},"76":{"start":{"line":272,"column":16},"end":{"line":272,"column":49}},"77":{"start":{"line":273,"column":16},"end":{"line":273,"column":52}},"78":{"start":{"line":274,"column":16},"end":{"line":274,"column":49}},"79":{"start":{"line":277,"column":12},"end":{"line":277,"column":97}},"80":{"start":{"line":279,"column":12},"end":{"line":279,"column":27}},"81":{"start":{"line":281,"column":12},"end":{"line":281,"column":81}},"82":{"start":{"line":282,"column":12},"end":{"line":282,"column":24}},"83":{"start":{"line":290,"column":8},"end":{"line":296,"column":9}},"84":{"start":{"line":291,"column":12},"end":{"line":291,"column":90}},"85":{"start":{"line":292,"column":12},"end":{"line":292,"column":67}},"86":{"start":{"line":294,"column":12},"end":{"line":294,"column":84}},"87":{"start":{"line":295,"column":12},"end":{"line":295,"column":24}},"88":{"start":{"line":303,"column":20},"end":{"line":303,"column":82}},"89":{"start":{"line":304,"column":8},"end":{"line":304,"column":101}},"90":{"start":{"line":311,"column":8},"end":{"line":365,"column":9}},"91":{"start":{"line":313,"column":41},"end":{"line":317,"column":14}},"92":{"start":{"line":320,"column":12},"end":{"line":324,"column":13}},"93":{"start":{"line":321,"column":16},"end":{"line":323,"column":18}},"94":{"start":{"line":326,"column":12},"end":{"line":330,"column":56}},"95":{"start":{"line":333,"column":30},"end":{"line":342,"column":14}},"96":{"start":{"line":344,"column":12},"end":{"line":349,"column":67}},"97":{"start":{"line":347,"column":53},"end":{"line":347,"column":137}},"98":{"start":{"line":351,"column":12},"end":{"line":357,"column":13}},"99":{"start":{"line":352,"column":16},"end":{"line":356,"column":81}},"100":{"start":{"line":360,"column":33},"end":{"line":360,"column":58}},"101":{"start":{"line":360,"column":52},"end":{"line":360,"column":57}},"102":{"start":{"line":361,"column":12},"end":{"line":361,"column":51}},"103":{"start":{"line":363,"column":12},"end":{"line":363,"column":82}},"104":{"start":{"line":364,"column":12},"end":{"line":364,"column":64}},"105":{"start":{"line":372,"column":8},"end":{"line":406,"column":9}},"106":{"start":{"line":373,"column":29},"end":{"line":386,"column":14}},"107":{"start":{"line":388,"column":12},"end":{"line":390,"column":13}},"108":{"start":{"line":389,"column":16},"end":{"line":389,"column":70}},"109":{"start":{"line":392,"column":12},"end":{"line":402,"column":14}},"110":{"start":{"line":404,"column":12},"end":{"line":404,"column":80}},"111":{"start":{"line":405,"column":12},"end":{"line":405,"column":24}},"112":{"start":{"line":413,"column":8},"end":{"line":449,"column":9}},"113":{"start":{"line":414,"column":29},"end":{"line":417,"column":14}},"114":{"start":{"line":419,"column":12},"end":{"line":421,"column":13}},"115":{"start":{"line":420,"column":16},"end":{"line":420,"column":70}},"116":{"start":{"line":423,"column":35},"end":{"line":423,"column":117}},"117":{"start":{"line":426,"column":35},"end":{"line":428,"column":56}},"118":{"start":{"line":427,"column":60},"end":{"line":427,"column":82}},"119":{"start":{"line":428,"column":43},"end":{"line":428,"column":55}},"120":{"start":{"line":431,"column":32},"end":{"line":431,"column":56}},"121":{"start":{"line":432,"column":31},"end":{"line":432,"column":54}},"122":{"start":{"line":434,"column":12},"end":{"line":436,"column":13}},"123":{"start":{"line":435,"column":16},"end":{"line":435,"column":29}},"124":{"start":{"line":439,"column":12},"end":{"line":443,"column":13}},"125":{"start":{"line":440,"column":16},"end":{"line":442,"column":17}},"126":{"start":{"line":441,"column":20},"end":{"line":441,"column":33}},"127":{"start":{"line":445,"column":12},"end":{"line":445,"column":24}},"128":{"start":{"line":447,"column":12},"end":{"line":447,"column":95}},"129":{"start":{"line":448,"column":12},"end":{"line":448,"column":25}},"130":{"start":{"line":456,"column":25},"end":{"line":456,"column":35}},"131":{"start":{"line":457,"column":8},"end":{"line":460,"column":9}},"132":{"start":{"line":457,"column":21},"end":{"line":457,"column":40}},"133":{"start":{"line":458,"column":22},"end":{"line":458,"column":57}},"134":{"start":{"line":459,"column":12},"end":{"line":459,"column":68}},"135":{"start":{"line":461,"column":8},"end":{"line":461,"column":24}},"136":{"start":{"line":470,"column":24},"end":{"line":470,"column":56}},"137":{"start":{"line":471,"column":8},"end":{"line":473,"column":9}},"138":{"start":{"line":472,"column":12},"end":{"line":472,"column":71}},"139":{"start":{"line":476,"column":8},"end":{"line":478,"column":9}},"140":{"start":{"line":477,"column":12},"end":{"line":477,"column":24}},"141":{"start":{"line":481,"column":28},"end":{"line":481,"column":78}},"142":{"start":{"line":482,"column":8},"end":{"line":484,"column":9}},"143":{"start":{"line":483,"column":12},"end":{"line":483,"column":24}},"144":{"start":{"line":487,"column":29},"end":{"line":487,"column":86}},"145":{"start":{"line":490,"column":8},"end":{"line":490,"column":66}},"146":{"start":{"line":492,"column":8},"end":{"line":497,"column":47}},"147":{"start":{"line":499,"column":8},"end":{"line":499,"column":28}},"148":{"start":{"line":508,"column":8},"end":{"line":531,"column":9}},"149":{"start":{"line":509,"column":29},"end":{"line":512,"column":14}},"150":{"start":{"line":514,"column":12},"end":{"line":516,"column":13}},"151":{"start":{"line":515,"column":16},"end":{"line":515,"column":95}},"152":{"start":{"line":520,"column":45},"end":{"line":520,"column":47}},"153":{"start":{"line":521,"column":12},"end":{"line":525,"column":15}},"154":{"start":{"line":522,"column":16},"end":{"line":524,"column":17}},"155":{"start":{"line":523,"column":20},"end":{"line":523,"column":47}},"156":{"start":{"line":527,"column":12},"end":{"line":527,"column":34}},"157":{"start":{"line":529,"column":12},"end":{"line":529,"column":82}},"158":{"start":{"line":530,"column":12},"end":{"line":530,"column":22}},"159":{"start":{"line":543,"column":8},"end":{"line":563,"column":9}},"160":{"start":{"line":544,"column":29},"end":{"line":550,"column":14}},"161":{"start":{"line":552,"column":12},"end":{"line":554,"column":13}},"162":{"start":{"line":553,"column":16},"end":{"line":553,"column":28}},"163":{"start":{"line":556,"column":12},"end":{"line":559,"column":14}},"164":{"start":{"line":561,"column":12},"end":{"line":561,"column":83}},"165":{"start":{"line":562,"column":12},"end":{"line":562,"column":24}},"166":{"start":{"line":570,"column":8},"end":{"line":598,"column":9}},"167":{"start":{"line":571,"column":33},"end":{"line":579,"column":14}},"168":{"start":{"line":581,"column":12},"end":{"line":583,"column":13}},"169":{"start":{"line":582,"column":16},"end":{"line":582,"column":77}},"170":{"start":{"line":586,"column":33},"end":{"line":586,"column":83}},"171":{"start":{"line":586,"column":67},"end":{"line":586,"column":82}},"172":{"start":{"line":588,"column":12},"end":{"line":592,"column":56}},"173":{"start":{"line":594,"column":12},"end":{"line":594,"column":32}},"174":{"start":{"line":596,"column":12},"end":{"line":596,"column":92}},"175":{"start":{"line":597,"column":12},"end":{"line":597,"column":24}},"176":{"start":{"line":45,"column":0},"end":{"line":45,"column":13}},"177":{"start":{"line":46,"column":28},"end":{"line":46,"column":65}},"178":{"start":{"line":47,"column":28},"end":{"line":47,"column":58}},"179":{"start":{"line":603,"column":13},"end":{"line":603,"column":67}}},"fnMap":{"0":{"name":"(anonymous_1)","decl":{"start":{"line":52,"column":4},"end":{"line":52,"column":9}},"loc":{"start":{"line":52,"column":66},"end":{"line":139,"column":5}}},"1":{"name":"(anonymous_2)","decl":{"start":{"line":144,"column":4},"end":{"line":144,"column":9}},"loc":{"start":{"line":144,"column":38},"end":{"line":169,"column":5}}},"2":{"name":"(anonymous_3)","decl":{"start":{"line":174,"column":4},"end":{"line":174,"column":9}},"loc":{"start":{"line":174,"column":73},"end":{"line":256,"column":5}}},"3":{"name":"(anonymous_4)","decl":{"start":{"line":261,"column":4},"end":{"line":261,"column":9}},"loc":{"start":{"line":261,"column":38},"end":{"line":284,"column":5}}},"4":{"name":"(anonymous_5)","decl":{"start":{"line":289,"column":4},"end":{"line":289,"column":9}},"loc":{"start":{"line":289,"column":41},"end":{"line":297,"column":5}}},"5":{"name":"(anonymous_6)","decl":{"start":{"line":302,"column":12},"end":{"line":302,"column":17}},"loc":{"start":{"line":302,"column":55},"end":{"line":305,"column":5}}},"6":{"name":"(anonymous_7)","decl":{"start":{"line":310,"column":12},"end":{"line":310,"column":17}},"loc":{"start":{"line":310,"column":65},"end":{"line":366,"column":5}}},"7":{"name":"(anonymous_8)","decl":{"start":{"line":347,"column":47},"end":{"line":347,"column":48}},"loc":{"start":{"line":347,"column":53},"end":{"line":347,"column":137}}},"8":{"name":"(anonymous_9)","decl":{"start":{"line":360,"column":47},"end":{"line":360,"column":48}},"loc":{"start":{"line":360,"column":52},"end":{"line":360,"column":57}}},"9":{"name":"(anonymous_10)","decl":{"start":{"line":371,"column":12},"end":{"line":371,"column":17}},"loc":{"start":{"line":371,"column":81},"end":{"line":407,"column":5}}},"10":{"name":"(anonymous_11)","decl":{"start":{"line":412,"column":12},"end":{"line":412,"column":17}},"loc":{"start":{"line":412,"column":79},"end":{"line":450,"column":5}}},"11":{"name":"(anonymous_12)","decl":{"start":{"line":427,"column":21},"end":{"line":427,"column":22}},"loc":{"start":{"line":427,"column":60},"end":{"line":427,"column":82}}},"12":{"name":"(anonymous_13)","decl":{"start":{"line":428,"column":24},"end":{"line":428,"column":25}},"loc":{"start":{"line":428,"column":43},"end":{"line":428,"column":55}}},"13":{"name":"(anonymous_14)","decl":{"start":{"line":455,"column":12},"end":{"line":455,"column":24}},"loc":{"start":{"line":455,"column":38},"end":{"line":462,"column":5}}},"14":{"name":"(anonymous_15)","decl":{"start":{"line":469,"column":4},"end":{"line":469,"column":9}},"loc":{"start":{"line":469,"column":43},"end":{"line":500,"column":5}}},"15":{"name":"(anonymous_16)","decl":{"start":{"line":507,"column":11},"end":{"line":507,"column":16}},"loc":{"start":{"line":507,"column":54},"end":{"line":532,"column":5}}},"16":{"name":"(anonymous_17)","decl":{"start":{"line":521,"column":44},"end":{"line":521,"column":45}},"loc":{"start":{"line":521,"column":65},"end":{"line":525,"column":13}}},"17":{"name":"(anonymous_18)","decl":{"start":{"line":539,"column":11},"end":{"line":539,"column":16}},"loc":{"start":{"line":539,"column":55},"end":{"line":564,"column":5}}},"18":{"name":"(anonymous_19)","decl":{"start":{"line":569,"column":12},"end":{"line":569,"column":17}},"loc":{"start":{"line":569,"column":65},"end":{"line":599,"column":5}}},"19":{"name":"(anonymous_20)","decl":{"start":{"line":586,"column":60},"end":{"line":586,"column":63}},"loc":{"start":{"line":586,"column":67},"end":{"line":586,"column":82}}}},"branchMap":{"0":{"loc":{"start":{"line":60,"column":12},"end":{"line":75,"column":13}},"type":"if","locations":[{"start":{"line":60,"column":12},"end":{"line":75,"column":13}},{"start":{"line":68,"column":19},"end":{"line":75,"column":13}}]},"1":{"loc":{"start":{"line":77,"column":12},"end":{"line":79,"column":13}},"type":"if","locations":[{"start":{"line":77,"column":12},"end":{"line":79,"column":13}}]},"2":{"loc":{"start":{"line":117,"column":12},"end":{"line":119,"column":13}},"type":"if","locations":[{"start":{"line":117,"column":12},"end":{"line":119,"column":13}}]},"3":{"loc":{"start":{"line":131,"column":23},"end":{"line":135,"column":33}},"type":"cond-expr","locations":[{"start":{"line":131,"column":48},"end":{"line":135,"column":18}},{"start":{"line":135,"column":20},"end":{"line":135,"column":33}}]},"4":{"loc":{"start":{"line":137,"column":66},"end":{"line":137,"column":120}},"type":"cond-expr","locations":[{"start":{"line":137,"column":91},"end":{"line":137,"column":104}},{"start":{"line":137,"column":107},"end":{"line":137,"column":120}}]},"5":{"loc":{"start":{"line":148,"column":12},"end":{"line":150,"column":13}},"type":"if","locations":[{"start":{"line":148,"column":12},"end":{"line":150,"column":13}}]},"6":{"loc":{"start":{"line":157,"column":12},"end":{"line":159,"column":13}},"type":"if","locations":[{"start":{"line":157,"column":12},"end":{"line":159,"column":13}}]},"7":{"loc":{"start":{"line":160,"column":12},"end":{"line":162,"column":13}},"type":"if","locations":[{"start":{"line":160,"column":12},"end":{"line":162,"column":13}}]},"8":{"loc":{"start":{"line":178,"column":12},"end":{"line":180,"column":13}},"type":"if","locations":[{"start":{"line":178,"column":12},"end":{"line":180,"column":13}}]},"9":{"loc":{"start":{"line":182,"column":12},"end":{"line":184,"column":13}},"type":"if","locations":[{"start":{"line":182,"column":12},"end":{"line":184,"column":13}}]},"10":{"loc":{"start":{"line":186,"column":12},"end":{"line":188,"column":13}},"type":"if","locations":[{"start":{"line":186,"column":12},"end":{"line":188,"column":13}}]},"11":{"loc":{"start":{"line":209,"column":12},"end":{"line":213,"column":13}},"type":"if","locations":[{"start":{"line":209,"column":12},"end":{"line":213,"column":13}},{"start":{"line":211,"column":19},"end":{"line":213,"column":13}}]},"12":{"loc":{"start":{"line":221,"column":12},"end":{"line":229,"column":13}},"type":"if","locations":[{"start":{"line":221,"column":12},"end":{"line":229,"column":13}},{"start":{"line":225,"column":19},"end":{"line":229,"column":13}}]},"13":{"loc":{"start":{"line":247,"column":30},"end":{"line":247,"column":48}},"type":"cond-expr","locations":[{"start":{"line":247,"column":42},"end":{"line":247,"column":44}},{"start":{"line":247,"column":47},"end":{"line":247,"column":48}}]},"14":{"loc":{"start":{"line":265,"column":12},"end":{"line":267,"column":13}},"type":"if","locations":[{"start":{"line":265,"column":12},"end":{"line":267,"column":13}}]},"15":{"loc":{"start":{"line":270,"column":12},"end":{"line":275,"column":13}},"type":"if","locations":[{"start":{"line":270,"column":12},"end":{"line":275,"column":13}}]},"16":{"loc":{"start":{"line":320,"column":12},"end":{"line":324,"column":13}},"type":"if","locations":[{"start":{"line":320,"column":12},"end":{"line":324,"column":13}}]},"17":{"loc":{"start":{"line":320,"column":16},"end":{"line":320,"column":61}},"type":"binary-expr","locations":[{"start":{"line":320,"column":16},"end":{"line":320,"column":31}},{"start":{"line":320,"column":35},"end":{"line":320,"column":61}}]},"18":{"loc":{"start":{"line":351,"column":12},"end":{"line":357,"column":13}},"type":"if","locations":[{"start":{"line":351,"column":12},"end":{"line":357,"column":13}}]},"19":{"loc":{"start":{"line":388,"column":12},"end":{"line":390,"column":13}},"type":"if","locations":[{"start":{"line":388,"column":12},"end":{"line":390,"column":13}}]},"20":{"loc":{"start":{"line":394,"column":23},"end":{"line":394,"column":43}},"type":"binary-expr","locations":[{"start":{"line":394,"column":23},"end":{"line":394,"column":37}},{"start":{"line":394,"column":41},"end":{"line":394,"column":43}}]},"21":{"loc":{"start":{"line":396,"column":31},"end":{"line":396,"column":110}},"type":"cond-expr","locations":[{"start":{"line":396,"column":71},"end":{"line":396,"column":105}},{"start":{"line":396,"column":108},"end":{"line":396,"column":110}}]},"22":{"loc":{"start":{"line":398,"column":27},"end":{"line":398,"column":58}},"type":"binary-expr","locations":[{"start":{"line":398,"column":27},"end":{"line":398,"column":45}},{"start":{"line":398,"column":49},"end":{"line":398,"column":58}}]},"23":{"loc":{"start":{"line":399,"column":28},"end":{"line":399,"column":53}},"type":"binary-expr","locations":[{"start":{"line":399,"column":28},"end":{"line":399,"column":47}},{"start":{"line":399,"column":51},"end":{"line":399,"column":53}}]},"24":{"loc":{"start":{"line":400,"column":28},"end":{"line":400,"column":53}},"type":"binary-expr","locations":[{"start":{"line":400,"column":28},"end":{"line":400,"column":47}},{"start":{"line":400,"column":51},"end":{"line":400,"column":53}}]},"25":{"loc":{"start":{"line":401,"column":24},"end":{"line":401,"column":89}},"type":"cond-expr","locations":[{"start":{"line":401,"column":57},"end":{"line":401,"column":84}},{"start":{"line":401,"column":87},"end":{"line":401,"column":89}}]},"26":{"loc":{"start":{"line":419,"column":12},"end":{"line":421,"column":13}},"type":"if","locations":[{"start":{"line":419,"column":12},"end":{"line":421,"column":13}}]},"27":{"loc":{"start":{"line":423,"column":35},"end":{"line":423,"column":117}},"type":"cond-expr","locations":[{"start":{"line":423,"column":76},"end":{"line":423,"column":112}},{"start":{"line":423,"column":115},"end":{"line":423,"column":117}}]},"28":{"loc":{"start":{"line":427,"column":60},"end":{"line":427,"column":82}},"type":"cond-expr","locations":[{"start":{"line":427,"column":72},"end":{"line":427,"column":77}},{"start":{"line":427,"column":80},"end":{"line":427,"column":82}}]},"29":{"loc":{"start":{"line":434,"column":12},"end":{"line":436,"column":13}},"type":"if","locations":[{"start":{"line":434,"column":12},"end":{"line":436,"column":13}}]},"30":{"loc":{"start":{"line":440,"column":16},"end":{"line":442,"column":17}},"type":"if","locations":[{"start":{"line":440,"column":16},"end":{"line":442,"column":17}}]},"31":{"loc":{"start":{"line":471,"column":8},"end":{"line":473,"column":9}},"type":"if","locations":[{"start":{"line":471,"column":8},"end":{"line":473,"column":9}}]},"32":{"loc":{"start":{"line":476,"column":8},"end":{"line":478,"column":9}},"type":"if","locations":[{"start":{"line":476,"column":8},"end":{"line":478,"column":9}}]},"33":{"loc":{"start":{"line":476,"column":12},"end":{"line":476,"column":105}},"type":"binary-expr","locations":[{"start":{"line":476,"column":12},"end":{"line":476,"column":42}},{"start":{"line":476,"column":46},"end":{"line":476,"column":105}}]},"34":{"loc":{"start":{"line":482,"column":8},"end":{"line":484,"column":9}},"type":"if","locations":[{"start":{"line":482,"column":8},"end":{"line":484,"column":9}}]},"35":{"loc":{"start":{"line":514,"column":12},"end":{"line":516,"column":13}},"type":"if","locations":[{"start":{"line":514,"column":12},"end":{"line":516,"column":13}}]},"36":{"loc":{"start":{"line":514,"column":16},"end":{"line":514,"column":53}},"type":"binary-expr","locations":[{"start":{"line":514,"column":16},"end":{"line":514,"column":25}},{"start":{"line":514,"column":29},"end":{"line":514,"column":53}}]},"37":{"loc":{"start":{"line":522,"column":16},"end":{"line":524,"column":17}},"type":"if","locations":[{"start":{"line":522,"column":16},"end":{"line":524,"column":17}}]},"38":{"loc":{"start":{"line":552,"column":12},"end":{"line":554,"column":13}},"type":"if","locations":[{"start":{"line":552,"column":12},"end":{"line":554,"column":13}}]},"39":{"loc":{"start":{"line":557,"column":32},"end":{"line":557,"column":114}},"type":"cond-expr","locations":[{"start":{"line":557,"column":73},"end":{"line":557,"column":109}},{"start":{"line":557,"column":112},"end":{"line":557,"column":114}}]},"40":{"loc":{"start":{"line":558,"column":29},"end":{"line":558,"column":62}},"type":"binary-expr","locations":[{"start":{"line":558,"column":29},"end":{"line":558,"column":49}},{"start":{"line":558,"column":53},"end":{"line":558,"column":62}}]},"41":{"loc":{"start":{"line":581,"column":12},"end":{"line":583,"column":13}},"type":"if","locations":[{"start":{"line":581,"column":12},"end":{"line":583,"column":13}}]}},"s":{"0":1,"1":1,"2":1,"3":1,"4":0,"5":0,"6":0,"7":0,"8":0,"9":0,"10":0,"11":0,"12":0,"13":0,"14":0,"15":0,"16":0,"17":0,"18":0,"19":0,"20":0,"21":0,"22":0,"23":0,"24":0,"25":0,"26":0,"27":0,"28":0,"29":0,"30":0,"31":0,"32":0,"33":0,"34":0,"35":0,"36":0,"37":0,"38":0,"39":0,"40":0,"41":0,"42":0,"43":0,"44":0,"45":0,"46":0,"47":0,"48":0,"49":0,"50":0,"51":0,"52":0,"53":0,"54":0,"55":0,"56":0,"57":0,"58":0,"59":0,"60":0,"61":0,"62":0,"63":0,"64":0,"65":0,"66":0,"67":0,"68":0,"69":0,"70":0,"71":0,"72":0,"73":0,"74":0,"75":0,"76":0,"77":0,"78":0,"79":0,"80":0,"81":0,"82":0,"83":0,"84":0,"85":0,"86":0,"87":0,"88":0,"89":0,"90":0,"91":0,"92":0,"93":0,"94":0,"95":0,"96":0,"97":0,"98":0,"99":0,"100":0,"101":0,"102":0,"103":0,"104":0,"105":0,"106":0,"107":0,"108":0,"109":0,"110":0,"111":0,"112":0,"113":0,"114":0,"115":0,"116":0,"117":0,"118":0,"119":0,"120":0,"121":0,"122":0,"123":0,"124":0,"125":0,"126":0,"127":0,"128":0,"129":0,"130":0,"131":0,"132":0,"133":0,"134":0,"135":0,"136":0,"137":0,"138":0,"139":0,"140":0,"141":0,"142":0,"143":0,"144":0,"145":0,"146":0,"147":0,"148":0,"149":0,"150":0,"151":0,"152":0,"153":0,"154":0,"155":0,"156":0,"157":0,"158":0,"159":0,"160":0,"161":0,"162":0,"163":0,"164":0,"165":0,"166":0,"167":0,"168":0,"169":0,"170":0,"171":0,"172":0,"173":0,"174":0,"175":0,"176":1,"177":1,"178":1,"179":1},"f":{"0":0,"1":0,"2":0,"3":0,"4":0,"5":0,"6":0,"7":0,"8":0,"9":0,"10":0,"11":0,"12":0,"13":0,"14":0,"15":0,"16":0,"17":0,"18":0,"19":0},"b":{"0":[0,0],"1":[0],"2":[0],"3":[0,0],"4":[0,0],"5":[0],"6":[0],"7":[0],"8":[0],"9":[0],"10":[0],"11":[0,0],"12":[0,0],"13":[0,0],"14":[0],"15":[0],"16":[0],"17":[0,0],"18":[0],"19":[0],"20":[0,0],"21":[0,0],"22":[0,0],"23":[0,0],"24":[0,0],"25":[0,0],"26":[0],"27":[0,0],"28":[0,0],"29":[0],"30":[0],"31":[0],"32":[0],"33":[0,0],"34":[0],"35":[0],"36":[0,0],"37":[0],"38":[0],"39":[0,0],"40":[0,0],"41":[0]}},"/home/aflesch/mathquest/app/backend/src/sockets/handlers/projectionHandler.ts":{"path":"/home/aflesch/mathquest/app/backend/src/sockets/handlers/projectionHandler.ts","statementMap":{"0":{"start":{"line":17,"column":0},"end":{"line":17,"column":16}},"1":{"start":{"line":2,"column":0},"end":{"line":2,"column":37}},"2":{"start":{"line":3,"column":0},"end":{"line":3,"column":42}},"3":{"start":{"line":4,"column":0},"end":{"line":4,"column":60}},"4":{"start":{"line":6,"column":0},"end":{"line":6,"column":69}},"5":{"start":{"line":8,"column":0},"end":{"line":8,"column":63}},"6":{"start":{"line":9,"column":0},"end":{"line":9,"column":100}},"7":{"start":{"line":11,"column":15},"end":{"line":11,"column":48}},"8":{"start":{"line":18,"column":4},"end":{"line":18,"column":119}},"9":{"start":{"line":24,"column":4},"end":{"line":275,"column":7}},"10":{"start":{"line":25,"column":8},"end":{"line":25,"column":107}},"11":{"start":{"line":26,"column":8},"end":{"line":274,"column":9}},"12":{"start":{"line":27,"column":31},"end":{"line":27,"column":38}},"13":{"start":{"line":29,"column":12},"end":{"line":37,"column":13}},"14":{"start":{"line":30,"column":51},"end":{"line":34,"column":18}},"15":{"start":{"line":35,"column":16},"end":{"line":35,"column":84}},"16":{"start":{"line":36,"column":16},"end":{"line":36,"column":23}},"17":{"start":{"line":40,"column":34},"end":{"line":40,"column":82}},"18":{"start":{"line":43,"column":12},"end":{"line":48,"column":56}},"19":{"start":{"line":50,"column":12},"end":{"line":72,"column":13}},"20":{"start":{"line":51,"column":16},"end":{"line":51,"column":104}},"21":{"start":{"line":54,"column":35},"end":{"line":54,"column":63}},"22":{"start":{"line":56,"column":16},"end":{"line":71,"column":17}},"23":{"start":{"line":57,"column":20},"end":{"line":57,"column":108}},"24":{"start":{"line":59,"column":20},"end":{"line":59,"column":52}},"25":{"start":{"line":60,"column":20},"end":{"line":60,"column":79}},"26":{"start":{"line":61,"column":20},"end":{"line":61,"column":49}},"27":{"start":{"line":64,"column":55},"end":{"line":68,"column":22}},"28":{"start":{"line":69,"column":20},"end":{"line":69,"column":88}},"29":{"start":{"line":70,"column":20},"end":{"line":70,"column":27}},"30":{"start":{"line":75,"column":38},"end":{"line":75,"column":106}},"31":{"start":{"line":76,"column":31},"end":{"line":81,"column":14}},"32":{"start":{"line":83,"column":12},"end":{"line":91,"column":13}},"33":{"start":{"line":84,"column":51},"end":{"line":88,"column":18}},"34":{"start":{"line":89,"column":16},"end":{"line":89,"column":84}},"35":{"start":{"line":90,"column":16},"end":{"line":90,"column":23}},"36":{"start":{"line":93,"column":33},"end":{"line":93,"column":56}},"37":{"start":{"line":96,"column":35},"end":{"line":96,"column":57}},"38":{"start":{"line":97,"column":12},"end":{"line":97,"column":46}},"39":{"start":{"line":99,"column":12},"end":{"line":104,"column":57}},"40":{"start":{"line":107,"column":12},"end":{"line":111,"column":15}},"41":{"start":{"line":114,"column":30},"end":{"line":114,"column":94}},"42":{"start":{"line":116,"column":12},"end":{"line":119,"column":13}},"43":{"start":{"line":117,"column":16},"end":{"line":117,"column":78}},"44":{"start":{"line":118,"column":16},"end":{"line":118,"column":23}},"45":{"start":{"line":121,"column":36},"end":{"line":121,"column":55}},"46":{"start":{"line":125,"column":46},"end":{"line":137,"column":14}},"47":{"start":{"line":139,"column":12},"end":{"line":265,"column":13}},"48":{"start":{"line":140,"column":37},"end":{"line":140,"column":85}},"49":{"start":{"line":142,"column":36},"end":{"line":144,"column":24}},"50":{"start":{"line":145,"column":38},"end":{"line":145,"column":42}},"51":{"start":{"line":146,"column":49},"end":{"line":146,"column":53}},"52":{"start":{"line":147,"column":16},"end":{"line":150,"column":17}},"53":{"start":{"line":148,"column":20},"end":{"line":148,"column":76}},"54":{"start":{"line":149,"column":20},"end":{"line":149,"column":55}},"55":{"start":{"line":152,"column":16},"end":{"line":194,"column":17}},"56":{"start":{"line":153,"column":56},"end":{"line":153,"column":103}},"57":{"start":{"line":154,"column":45},"end":{"line":154,"column":85}},"58":{"start":{"line":155,"column":43},"end":{"line":155,"column":62}},"59":{"start":{"line":158,"column":43},"end":{"line":164,"column":null}},"60":{"start":{"line":166,"column":48},"end":{"line":172,"column":22}},"61":{"start":{"line":173,"column":20},"end":{"line":173,"column":87}},"62":{"start":{"line":174,"column":20},"end":{"line":174,"column":193}},"63":{"start":{"line":177,"column":20},"end":{"line":193,"column":21}},"64":{"start":{"line":178,"column":24},"end":{"line":182,"column":83}},"65":{"start":{"line":185,"column":51},"end":{"line":191,"column":26}},"66":{"start":{"line":192,"column":24},"end":{"line":192,"column":83}},"67":{"start":{"line":197,"column":33},"end":{"line":197,"column":86}},"68":{"start":{"line":199,"column":32},"end":{"line":205,"column":18}},"69":{"start":{"line":208,"column":16},"end":{"line":218,"column":86}},"70":{"start":{"line":212,"column":64},"end":{"line":217,"column":22}},"71":{"start":{"line":221,"column":16},"end":{"line":231,"column":63}},"72":{"start":{"line":233,"column":16},"end":{"line":233,"column":79}},"73":{"start":{"line":234,"column":16},"end":{"line":234,"column":110}},"74":{"start":{"line":237,"column":37},"end":{"line":237,"column":110}},"75":{"start":{"line":238,"column":16},"end":{"line":264,"column":17}},"76":{"start":{"line":239,"column":20},"end":{"line":243,"column":67}},"77":{"start":{"line":246,"column":20},"end":{"line":254,"column":21}},"78":{"start":{"line":247,"column":24},"end":{"line":252,"column":27}},"79":{"start":{"line":253,"column":24},"end":{"line":253,"column":130}},"80":{"start":{"line":257,"column":20},"end":{"line":263,"column":21}},"81":{"start":{"line":258,"column":24},"end":{"line":261,"column":27}},"82":{"start":{"line":262,"column":24},"end":{"line":262,"column":86}},"83":{"start":{"line":267,"column":12},"end":{"line":267,"column":78}},"84":{"start":{"line":268,"column":47},"end":{"line":272,"column":14}},"85":{"start":{"line":273,"column":12},"end":{"line":273,"column":80}},"86":{"start":{"line":280,"column":4},"end":{"line":300,"column":7}},"87":{"start":{"line":281,"column":8},"end":{"line":281,"column":108}},"88":{"start":{"line":282,"column":8},"end":{"line":299,"column":9}},"89":{"start":{"line":283,"column":31},"end":{"line":283,"column":38}},"90":{"start":{"line":285,"column":12},"end":{"line":296,"column":13}},"91":{"start":{"line":286,"column":39},"end":{"line":286,"column":61}},"92":{"start":{"line":287,"column":16},"end":{"line":287,"column":51}},"93":{"start":{"line":289,"column":16},"end":{"line":293,"column":59}},"94":{"start":{"line":295,"column":16},"end":{"line":295,"column":103}},"95":{"start":{"line":298,"column":12},"end":{"line":298,"column":78}}},"fnMap":{"0":{"name":"projectionHandler","decl":{"start":{"line":17,"column":16},"end":{"line":17,"column":33}},"loc":{"start":{"line":17,"column":60},"end":{"line":301,"column":1}}},"1":{"name":"(anonymous_11)","decl":{"start":{"line":24,"column":55},"end":{"line":24,"column":60}},"loc":{"start":{"line":24,"column":78},"end":{"line":275,"column":5}}},"2":{"name":"(anonymous_12)","decl":{"start":{"line":153,"column":56},"end":{"line":153,"column":69}},"loc":{"start":{"line":153,"column":56},"end":{"line":153,"column":103}}},"3":{"name":"(anonymous_13)","decl":{"start":{"line":212,"column":47},"end":{"line":212,"column":48}},"loc":{"start":{"line":212,"column":64},"end":{"line":217,"column":22}}},"4":{"name":"(anonymous_14)","decl":{"start":{"line":280,"column":56},"end":{"line":280,"column":61}},"loc":{"start":{"line":280,"column":79},"end":{"line":300,"column":5}}}},"branchMap":{"0":{"loc":{"start":{"line":29,"column":12},"end":{"line":37,"column":13}},"type":"if","locations":[{"start":{"line":29,"column":12},"end":{"line":37,"column":13}}]},"1":{"loc":{"start":{"line":29,"column":16},"end":{"line":29,"column":53}},"type":"binary-expr","locations":[{"start":{"line":29,"column":16},"end":{"line":29,"column":23}},{"start":{"line":29,"column":27},"end":{"line":29,"column":53}}]},"2":{"loc":{"start":{"line":40,"column":34},"end":{"line":40,"column":82}},"type":"binary-expr","locations":[{"start":{"line":40,"column":34},"end":{"line":40,"column":53}},{"start":{"line":40,"column":57},"end":{"line":40,"column":82}}]},"3":{"loc":{"start":{"line":50,"column":12},"end":{"line":72,"column":13}},"type":"if","locations":[{"start":{"line":50,"column":12},"end":{"line":72,"column":13}}]},"4":{"loc":{"start":{"line":56,"column":16},"end":{"line":71,"column":17}},"type":"if","locations":[{"start":{"line":56,"column":16},"end":{"line":71,"column":17}},{"start":{"line":62,"column":23},"end":{"line":71,"column":17}}]},"5":{"loc":{"start":{"line":56,"column":20},"end":{"line":56,"column":78}},"type":"binary-expr","locations":[{"start":{"line":56,"column":20},"end":{"line":56,"column":30}},{"start":{"line":56,"column":34},"end":{"line":56,"column":78}}]},"6":{"loc":{"start":{"line":75,"column":38},"end":{"line":75,"column":106}},"type":"binary-expr","locations":[{"start":{"line":75,"column":38},"end":{"line":75,"column":69}},{"start":{"line":75,"column":73},"end":{"line":75,"column":106}}]},"7":{"loc":{"start":{"line":83,"column":12},"end":{"line":91,"column":13}},"type":"if","locations":[{"start":{"line":83,"column":12},"end":{"line":91,"column":13}}]},"8":{"loc":{"start":{"line":85,"column":29},"end":{"line":85,"column":78}},"type":"binary-expr","locations":[{"start":{"line":85,"column":29},"end":{"line":85,"column":52}},{"start":{"line":85,"column":56},"end":{"line":85,"column":78}}]},"9":{"loc":{"start":{"line":86,"column":26},"end":{"line":86,"column":71}},"type":"binary-expr","locations":[{"start":{"line":86,"column":26},"end":{"line":86,"column":46}},{"start":{"line":86,"column":50},"end":{"line":86,"column":71}}]},"10":{"loc":{"start":{"line":116,"column":12},"end":{"line":119,"column":13}},"type":"if","locations":[{"start":{"line":116,"column":12},"end":{"line":119,"column":13}}]},"11":{"loc":{"start":{"line":139,"column":12},"end":{"line":265,"column":13}},"type":"if","locations":[{"start":{"line":139,"column":12},"end":{"line":265,"column":13}}]},"12":{"loc":{"start":{"line":139,"column":16},"end":{"line":139,"column":89}},"type":"binary-expr","locations":[{"start":{"line":139,"column":16},"end":{"line":139,"column":35}},{"start":{"line":139,"column":39},"end":{"line":139,"column":89}}]},"13":{"loc":{"start":{"line":142,"column":36},"end":{"line":144,"column":24}},"type":"cond-expr","locations":[{"start":{"line":143,"column":22},"end":{"line":143,"column":62}},{"start":{"line":144,"column":22},"end":{"line":144,"column":24}}]},"14":{"loc":{"start":{"line":142,"column":36},"end":{"line":142,"column":211}},"type":"binary-expr","locations":[{"start":{"line":142,"column":36},"end":{"line":142,"column":96}},{"start":{"line":142,"column":100},"end":{"line":142,"column":145}},{"start":{"line":142,"column":149},"end":{"line":142,"column":211}}]},"15":{"loc":{"start":{"line":147,"column":16},"end":{"line":150,"column":17}},"type":"if","locations":[{"start":{"line":147,"column":16},"end":{"line":150,"column":17}}]},"16":{"loc":{"start":{"line":152,"column":16},"end":{"line":194,"column":17}},"type":"if","locations":[{"start":{"line":152,"column":16},"end":{"line":194,"column":17}}]},"17":{"loc":{"start":{"line":152,"column":20},"end":{"line":152,"column":50}},"type":"binary-expr","locations":[{"start":{"line":152,"column":20},"end":{"line":152,"column":35}},{"start":{"line":152,"column":39},"end":{"line":152,"column":50}}]},"18":{"loc":{"start":{"line":163,"column":24},"end":{"line":163,"column":108}},"type":"cond-expr","locations":[{"start":{"line":163,"column":72},"end":{"line":163,"column":104}},{"start":{"line":163,"column":107},"end":{"line":163,"column":108}}]},"19":{"loc":{"start":{"line":177,"column":20},"end":{"line":193,"column":21}},"type":"if","locations":[{"start":{"line":177,"column":20},"end":{"line":193,"column":21}}]},"20":{"loc":{"start":{"line":177,"column":24},"end":{"line":177,"column":211}},"type":"binary-expr","locations":[{"start":{"line":177,"column":24},"end":{"line":177,"column":38}},{"start":{"line":177,"column":43},"end":{"line":177,"column":74}},{"start":{"line":177,"column":78},"end":{"line":177,"column":111}},{"start":{"line":177,"column":116},"end":{"line":177,"column":165}},{"start":{"line":177,"column":169},"end":{"line":177,"column":211}}]},"21":{"loc":{"start":{"line":190,"column":43},"end":{"line":190,"column":84}},"type":"binary-expr","locations":[{"start":{"line":190,"column":43},"end":{"line":190,"column":75}},{"start":{"line":190,"column":79},"end":{"line":190,"column":84}}]},"22":{"loc":{"start":{"line":211,"column":38},"end":{"line":211,"column":59}},"type":"binary-expr","locations":[{"start":{"line":211,"column":38},"end":{"line":211,"column":54}},{"start":{"line":211,"column":58},"end":{"line":211,"column":59}}]},"23":{"loc":{"start":{"line":212,"column":33},"end":{"line":217,"column":29}},"type":"binary-expr","locations":[{"start":{"line":212,"column":33},"end":{"line":217,"column":23}},{"start":{"line":217,"column":27},"end":{"line":217,"column":29}}]},"24":{"loc":{"start":{"line":225,"column":35},"end":{"line":225,"column":92}},"type":"cond-expr","locations":[{"start":{"line":225,"column":55},"end":{"line":225,"column":85}},{"start":{"line":225,"column":88},"end":{"line":225,"column":92}}]},"25":{"loc":{"start":{"line":226,"column":34},"end":{"line":226,"column":89}},"type":"cond-expr","locations":[{"start":{"line":226,"column":68},"end":{"line":226,"column":77}},{"start":{"line":226,"column":80},"end":{"line":226,"column":89}}]},"26":{"loc":{"start":{"line":228,"column":39},"end":{"line":228,"column":75}},"type":"binary-expr","locations":[{"start":{"line":228,"column":39},"end":{"line":228,"column":70}},{"start":{"line":228,"column":74},"end":{"line":228,"column":75}}]},"27":{"loc":{"start":{"line":229,"column":33},"end":{"line":229,"column":91}},"type":"cond-expr","locations":[{"start":{"line":229,"column":54},"end":{"line":229,"column":84}},{"start":{"line":229,"column":87},"end":{"line":229,"column":91}}]},"28":{"loc":{"start":{"line":230,"column":38},"end":{"line":230,"column":73}},"type":"binary-expr","locations":[{"start":{"line":230,"column":38},"end":{"line":230,"column":68}},{"start":{"line":230,"column":72},"end":{"line":230,"column":73}}]},"29":{"loc":{"start":{"line":238,"column":16},"end":{"line":264,"column":17}},"type":"if","locations":[{"start":{"line":238,"column":16},"end":{"line":264,"column":17}}]},"30":{"loc":{"start":{"line":246,"column":20},"end":{"line":254,"column":21}},"type":"if","locations":[{"start":{"line":246,"column":20},"end":{"line":254,"column":21}}]},"31":{"loc":{"start":{"line":246,"column":24},"end":{"line":246,"column":79}},"type":"binary-expr","locations":[{"start":{"line":246,"column":24},"end":{"line":246,"column":46}},{"start":{"line":246,"column":50},"end":{"line":246,"column":79}}]},"32":{"loc":{"start":{"line":257,"column":20},"end":{"line":263,"column":21}},"type":"if","locations":[{"start":{"line":257,"column":20},"end":{"line":263,"column":21}}]},"33":{"loc":{"start":{"line":257,"column":24},"end":{"line":257,"column":90}},"type":"binary-expr","locations":[{"start":{"line":257,"column":24},"end":{"line":257,"column":55}},{"start":{"line":257,"column":59},"end":{"line":257,"column":90}}]},"34":{"loc":{"start":{"line":271,"column":34},"end":{"line":271,"column":90}},"type":"cond-expr","locations":[{"start":{"line":271,"column":59},"end":{"line":271,"column":72}},{"start":{"line":271,"column":75},"end":{"line":271,"column":90}}]},"35":{"loc":{"start":{"line":285,"column":12},"end":{"line":296,"column":13}},"type":"if","locations":[{"start":{"line":285,"column":12},"end":{"line":296,"column":13}}]},"36":{"loc":{"start":{"line":285,"column":16},"end":{"line":285,"column":52}},"type":"binary-expr","locations":[{"start":{"line":285,"column":16},"end":{"line":285,"column":22}},{"start":{"line":285,"column":26},"end":{"line":285,"column":52}}]}},"s":{"0":1,"1":1,"2":1,"3":1,"4":1,"5":1,"6":1,"7":1,"8":0,"9":0,"10":0,"11":0,"12":0,"13":0,"14":0,"15":0,"16":0,"17":0,"18":0,"19":0,"20":0,"21":0,"22":0,"23":0,"24":0,"25":0,"26":0,"27":0,"28":0,"29":0,"30":0,"31":0,"32":0,"33":0,"34":0,"35":0,"36":0,"37":0,"38":0,"39":0,"40":0,"41":0,"42":0,"43":0,"44":0,"45":0,"46":0,"47":0,"48":0,"49":0,"50":0,"51":0,"52":0,"53":0,"54":0,"55":0,"56":0,"57":0,"58":0,"59":0,"60":0,"61":0,"62":0,"63":0,"64":0,"65":0,"66":0,"67":0,"68":0,"69":0,"70":0,"71":0,"72":0,"73":0,"74":0,"75":0,"76":0,"77":0,"78":0,"79":0,"80":0,"81":0,"82":0,"83":0,"84":0,"85":0,"86":0,"87":0,"88":0,"89":0,"90":0,"91":0,"92":0,"93":0,"94":0,"95":0},"f":{"0":0,"1":0,"2":0,"3":0,"4":0},"b":{"0":[0],"1":[0,0],"2":[0,0],"3":[0],"4":[0,0],"5":[0,0],"6":[0,0],"7":[0],"8":[0,0],"9":[0,0],"10":[0],"11":[0],"12":[0,0],"13":[0,0],"14":[0,0,0],"15":[0],"16":[0],"17":[0,0],"18":[0,0],"19":[0],"20":[0,0,0,0,0],"21":[0,0],"22":[0,0],"23":[0,0],"24":[0,0],"25":[0,0],"26":[0,0],"27":[0,0],"28":[0,0],"29":[0],"30":[0],"31":[0,0],"32":[0],"33":[0,0],"34":[0,0],"35":[0],"36":[0,0]}},"/home/aflesch/mathquest/app/backend/src/core/services/gameParticipant/scoreService.ts":{"path":"/home/aflesch/mathquest/app/backend/src/core/services/gameParticipant/scoreService.ts","statementMap":{"0":{"start":{"line":1,"column":0},"end":{"line":1,"column":24}},"1":{"start":{"line":3,"column":0},"end":{"line":3,"column":51}},"2":{"start":{"line":4,"column":0},"end":{"line":4,"column":42}},"3":{"start":{"line":5,"column":0},"end":{"line":5,"column":37}},"4":{"start":{"line":6,"column":0},"end":{"line":6,"column":45}},"5":{"start":{"line":8,"column":15},"end":{"line":8,"column":58}},"6":{"start":{"line":13,"column":13},"end":{"line":20,"column":3}},"7":{"start":{"line":36,"column":26},"end":{"line":42,"column":10}},"8":{"start":{"line":43,"column":8},"end":{"line":63,"column":9}},"9":{"start":{"line":45,"column":12},"end":{"line":53,"column":15}},"10":{"start":{"line":56,"column":12},"end":{"line":62,"column":15}},"11":{"start":{"line":64,"column":8},"end":{"line":64,"column":27}},"12":{"start":{"line":71,"column":26},"end":{"line":77,"column":10}},"13":{"start":{"line":78,"column":8},"end":{"line":78,"column":67}},"14":{"start":{"line":78,"column":26},"end":{"line":78,"column":67}},"15":{"start":{"line":80,"column":8},"end":{"line":83,"column":11}},"16":{"start":{"line":84,"column":8},"end":{"line":84,"column":27}},"17":{"start":{"line":91,"column":28},"end":{"line":97,"column":10}},"18":{"start":{"line":98,"column":8},"end":{"line":98,"column":67}},"19":{"start":{"line":98,"column":26},"end":{"line":98,"column":67}},"20":{"start":{"line":99,"column":8},"end":{"line":99,"column":84}},"21":{"start":{"line":111,"column":8},"end":{"line":111,"column":96}},"22":{"start":{"line":123,"column":8},"end":{"line":167,"column":9}},"23":{"start":{"line":124,"column":32},"end":{"line":131,"column":14}},"24":{"start":{"line":132,"column":12},"end":{"line":135,"column":13}},"25":{"start":{"line":133,"column":16},"end":{"line":133,"column":107}},"26":{"start":{"line":134,"column":16},"end":{"line":134,"column":74}},"27":{"start":{"line":136,"column":29},"end":{"line":136,"column":88}},"28":{"start":{"line":137,"column":38},"end":{"line":137,"column":69}},"29":{"start":{"line":138,"column":30},"end":{"line":141,"column":null}},"30":{"start":{"line":143,"column":12},"end":{"line":143,"column":66}},"31":{"start":{"line":144,"column":39},"end":{"line":148,"column":14}},"32":{"start":{"line":149,"column":12},"end":{"line":157,"column":72}},"33":{"start":{"line":158,"column":12},"end":{"line":163,"column":14}},"34":{"start":{"line":165,"column":12},"end":{"line":165,"column":118}},"35":{"start":{"line":166,"column":12},"end":{"line":166,"column":91}},"36":{"start":{"line":174,"column":25},"end":{"line":174,"column":84}},"37":{"start":{"line":175,"column":34},"end":{"line":175,"column":65}},"38":{"start":{"line":176,"column":26},"end":{"line":176,"column":94}},"39":{"start":{"line":177,"column":8},"end":{"line":177,"column":62}},"40":{"start":{"line":178,"column":8},"end":{"line":178,"column":25}},"41":{"start":{"line":185,"column":25},"end":{"line":185,"column":84}},"42":{"start":{"line":186,"column":26},"end":{"line":186,"column":57}},"43":{"start":{"line":187,"column":8},"end":{"line":187,"column":51}},"44":{"start":{"line":29,"column":0},"end":{"line":29,"column":13}},"45":{"start":{"line":192,"column":45},"end":{"line":194,"column":1}},"46":{"start":{"line":193,"column":4},"end":{"line":193,"column":51}},"47":{"start":{"line":192,"column":13},"end":{"line":192,"column":45}}},"fnMap":{"0":{"name":"(anonymous_1)","decl":{"start":{"line":34,"column":4},"end":{"line":34,"column":10}},"loc":{"start":{"line":34,"column":113},"end":{"line":65,"column":5}}},"1":{"name":"(anonymous_2)","decl":{"start":{"line":70,"column":4},"end":{"line":70,"column":10}},"loc":{"start":{"line":70,"column":122},"end":{"line":85,"column":5}}},"2":{"name":"(anonymous_3)","decl":{"start":{"line":90,"column":4},"end":{"line":90,"column":10}},"loc":{"start":{"line":90,"column":108},"end":{"line":100,"column":5}}},"3":{"name":"(anonymous_4)","decl":{"start":{"line":106,"column":4},"end":{"line":106,"column":10}},"loc":{"start":{"line":110,"column":5},"end":{"line":112,"column":5}}},"4":{"name":"(anonymous_5)","decl":{"start":{"line":118,"column":4},"end":{"line":118,"column":10}},"loc":{"start":{"line":122,"column":5},"end":{"line":168,"column":5}}},"5":{"name":"(anonymous_6)","decl":{"start":{"line":173,"column":4},"end":{"line":173,"column":10}},"loc":{"start":{"line":173,"column":132},"end":{"line":179,"column":5}}},"6":{"name":"(anonymous_7)","decl":{"start":{"line":184,"column":4},"end":{"line":184,"column":10}},"loc":{"start":{"line":184,"column":109},"end":{"line":188,"column":5}}},"7":{"name":"(anonymous_8)","decl":{"start":{"line":192,"column":45},"end":{"line":192,"column":46}},"loc":{"start":{"line":192,"column":86},"end":{"line":194,"column":1}}}},"branchMap":{"0":{"loc":{"start":{"line":43,"column":8},"end":{"line":63,"column":9}},"type":"if","locations":[{"start":{"line":43,"column":8},"end":{"line":63,"column":9}},{"start":{"line":54,"column":15},"end":{"line":63,"column":9}}]},"1":{"loc":{"start":{"line":78,"column":8},"end":{"line":78,"column":67}},"type":"if","locations":[{"start":{"line":78,"column":8},"end":{"line":78,"column":67}}]},"2":{"loc":{"start":{"line":98,"column":8},"end":{"line":98,"column":67}},"type":"if","locations":[{"start":{"line":98,"column":8},"end":{"line":98,"column":67}}]},"3":{"loc":{"start":{"line":132,"column":12},"end":{"line":135,"column":13}},"type":"if","locations":[{"start":{"line":132,"column":12},"end":{"line":135,"column":13}}]},"4":{"loc":{"start":{"line":140,"column":16},"end":{"line":140,"column":67}},"type":"cond-expr","locations":[{"start":{"line":140,"column":36},"end":{"line":140,"column":63}},{"start":{"line":140,"column":66},"end":{"line":140,"column":67}}]},"5":{"loc":{"start":{"line":141,"column":16},"end":{"line":141,"column":38}},"type":"binary-expr","locations":[{"start":{"line":141,"column":16},"end":{"line":141,"column":33}},{"start":{"line":141,"column":37},"end":{"line":141,"column":38}}]},"6":{"loc":{"start":{"line":154,"column":35},"end":{"line":154,"column":86}},"type":"cond-expr","locations":[{"start":{"line":154,"column":55},"end":{"line":154,"column":82}},{"start":{"line":154,"column":85},"end":{"line":154,"column":86}}]},"7":{"loc":{"start":{"line":161,"column":40},"end":{"line":161,"column":91}},"type":"cond-expr","locations":[{"start":{"line":161,"column":60},"end":{"line":161,"column":87}},{"start":{"line":161,"column":90},"end":{"line":161,"column":91}}]},"8":{"loc":{"start":{"line":162,"column":30},"end":{"line":162,"column":81}},"type":"cond-expr","locations":[{"start":{"line":162,"column":50},"end":{"line":162,"column":77}},{"start":{"line":162,"column":80},"end":{"line":162,"column":81}}]},"9":{"loc":{"start":{"line":176,"column":42},"end":{"line":176,"column":93}},"type":"cond-expr","locations":[{"start":{"line":176,"column":62},"end":{"line":176,"column":89}},{"start":{"line":176,"column":92},"end":{"line":176,"column":93}}]},"10":{"loc":{"start":{"line":187,"column":15},"end":{"line":187,"column":50}},"type":"cond-expr","locations":[{"start":{"line":187,"column":27},"end":{"line":187,"column":46}},{"start":{"line":187,"column":49},"end":{"line":187,"column":50}}]}},"s":{"0":1,"1":1,"2":1,"3":1,"4":1,"5":1,"6":1,"7":0,"8":0,"9":0,"10":0,"11":0,"12":0,"13":0,"14":0,"15":0,"16":0,"17":0,"18":0,"19":0,"20":0,"21":0,"22":0,"23":0,"24":0,"25":0,"26":0,"27":0,"28":0,"29":0,"30":0,"31":0,"32":0,"33":0,"34":0,"35":0,"36":0,"37":0,"38":0,"39":0,"40":0,"41":0,"42":0,"43":0,"44":1,"45":1,"46":0,"47":1},"f":{"0":0,"1":0,"2":0,"3":0,"4":0,"5":0,"6":0,"7":0},"b":{"0":[0,0],"1":[0],"2":[0],"3":[0],"4":[0,0],"5":[0,0],"6":[0,0],"7":[0,0],"8":[0,0],"9":[0,0],"10":[0,0]}},"/home/aflesch/mathquest/app/backend/src/core/services/scoringService.ts":{"path":"/home/aflesch/mathquest/app/backend/src/core/services/scoringService.ts","statementMap":{"0":{"start":{"line":41,"column":0},"end":{"line":41,"column":16}},"1":{"start":{"line":79,"column":0},"end":{"line":79,"column":16}},"2":{"start":{"line":114,"column":0},"end":{"line":114,"column":7}},"3":{"start":{"line":8,"column":0},"end":{"line":8,"column":37}},"4":{"start":{"line":9,"column":0},"end":{"line":9,"column":42}},"5":{"start":{"line":10,"column":0},"end":{"line":10,"column":45}},"6":{"start":{"line":13,"column":0},"end":{"line":13,"column":64}},"7":{"start":{"line":15,"column":15},"end":{"line":15,"column":45}},"8":{"start":{"line":46,"column":4},"end":{"line":46,"column":69}},"9":{"start":{"line":46,"column":33},"end":{"line":46,"column":69}},"10":{"start":{"line":48,"column":22},"end":{"line":48,"column":26}},"11":{"start":{"line":51,"column":35},"end":{"line":51,"column":70}},"12":{"start":{"line":52,"column":24},"end":{"line":52,"column":63}},"13":{"start":{"line":54,"column":23},"end":{"line":54,"column":59}},"14":{"start":{"line":56,"column":4},"end":{"line":64,"column":49}},"15":{"start":{"line":67,"column":4},"end":{"line":70,"column":6}},"16":{"start":{"line":80,"column":4},"end":{"line":80,"column":60}},"17":{"start":{"line":80,"column":47},"end":{"line":80,"column":60}},"18":{"start":{"line":83,"column":4},"end":{"line":95,"column":5}},"19":{"start":{"line":85,"column":31},"end":{"line":87,"column":44}},"20":{"start":{"line":86,"column":44},"end":{"line":86,"column":54}},"21":{"start":{"line":87,"column":35},"end":{"line":87,"column":43}},"22":{"start":{"line":89,"column":26},"end":{"line":89,"column":44}},"23":{"start":{"line":90,"column":24},"end":{"line":90,"column":50}},"24":{"start":{"line":91,"column":8},"end":{"line":94,"column":10}},"25":{"start":{"line":93,"column":38},"end":{"line":93,"column":54}},"26":{"start":{"line":97,"column":4},"end":{"line":99,"column":5}},"27":{"start":{"line":98,"column":8},"end":{"line":98,"column":56}},"28":{"start":{"line":101,"column":4},"end":{"line":103,"column":5}},"29":{"start":{"line":102,"column":8},"end":{"line":102,"column":50}},"30":{"start":{"line":104,"column":4},"end":{"line":104,"column":17}},"31":{"start":{"line":120,"column":4},"end":{"line":418,"column":5}},"32":{"start":{"line":121,"column":8},"end":{"line":127,"column":70}},"33":{"start":{"line":129,"column":8},"end":{"line":134,"column":54}},"34":{"start":{"line":137,"column":28},"end":{"line":145,"column":10}},"35":{"start":{"line":147,"column":8},"end":{"line":147,"column":136}},"36":{"start":{"line":149,"column":8},"end":{"line":161,"column":9}},"37":{"start":{"line":150,"column":12},"end":{"line":153,"column":78}},"38":{"start":{"line":154,"column":12},"end":{"line":160,"column":14}},"39":{"start":{"line":164,"column":37},"end":{"line":164,"column":41}},"40":{"start":{"line":165,"column":28},"end":{"line":165,"column":29}},"41":{"start":{"line":166,"column":32},"end":{"line":166,"column":37}},"42":{"start":{"line":167,"column":34},"end":{"line":167,"column":43}},"43":{"start":{"line":168,"column":35},"end":{"line":168,"column":40}},"44":{"start":{"line":169,"column":32},"end":{"line":169,"column":36}},"45":{"start":{"line":170,"column":8},"end":{"line":173,"column":11}},"46":{"start":{"line":175,"column":27},"end":{"line":175,"column":106}},"47":{"start":{"line":176,"column":8},"end":{"line":176,"column":192}},"48":{"start":{"line":179,"column":29},"end":{"line":179,"column":53}},"49":{"start":{"line":182,"column":8},"end":{"line":197,"column":9}},"50":{"start":{"line":183,"column":12},"end":{"line":183,"column":118}},"51":{"start":{"line":184,"column":12},"end":{"line":194,"column":84}},"52":{"start":{"line":196,"column":12},"end":{"line":196,"column":102}},"53":{"start":{"line":198,"column":8},"end":{"line":207,"column":76}},"54":{"start":{"line":208,"column":8},"end":{"line":208,"column":109}},"55":{"start":{"line":209,"column":21},"end":{"line":209,"column":62}},"56":{"start":{"line":210,"column":8},"end":{"line":210,"column":125}},"57":{"start":{"line":211,"column":8},"end":{"line":231,"column":9}},"58":{"start":{"line":212,"column":12},"end":{"line":212,"column":49}},"59":{"start":{"line":213,"column":12},"end":{"line":213,"column":57}},"60":{"start":{"line":214,"column":12},"end":{"line":214,"column":69}},"61":{"start":{"line":215,"column":12},"end":{"line":215,"column":54}},"62":{"start":{"line":216,"column":12},"end":{"line":216,"column":40}},"63":{"start":{"line":217,"column":12},"end":{"line":228,"column":79}},"64":{"start":{"line":230,"column":12},"end":{"line":230,"column":119}},"65":{"start":{"line":233,"column":27},"end":{"line":233,"column":32}},"66":{"start":{"line":234,"column":8},"end":{"line":255,"column":9}},"67":{"start":{"line":235,"column":23},"end":{"line":235,"column":40}},"68":{"start":{"line":236,"column":23},"end":{"line":236,"column":37}},"69":{"start":{"line":237,"column":12},"end":{"line":254,"column":13}},"70":{"start":{"line":238,"column":29},"end":{"line":238,"column":40}},"71":{"start":{"line":239,"column":29},"end":{"line":239,"column":40}},"72":{"start":{"line":241,"column":16},"end":{"line":244,"column":56}},"73":{"start":{"line":243,"column":38},"end":{"line":243,"column":54}},"74":{"start":{"line":244,"column":38},"end":{"line":244,"column":54}},"75":{"start":{"line":245,"column":19},"end":{"line":254,"column":13}},"76":{"start":{"line":250,"column":16},"end":{"line":250,"column":41}},"77":{"start":{"line":253,"column":16},"end":{"line":253,"column":37}},"78":{"start":{"line":256,"column":8},"end":{"line":256,"column":118}},"79":{"start":{"line":257,"column":8},"end":{"line":278,"column":9}},"80":{"start":{"line":259,"column":12},"end":{"line":269,"column":80}},"81":{"start":{"line":270,"column":12},"end":{"line":277,"column":14}},"82":{"start":{"line":280,"column":8},"end":{"line":280,"column":135}},"83":{"start":{"line":281,"column":25},"end":{"line":283,"column":10}},"84":{"start":{"line":284,"column":8},"end":{"line":294,"column":9}},"85":{"start":{"line":285,"column":12},"end":{"line":285,"column":120}},"86":{"start":{"line":286,"column":12},"end":{"line":293,"column":14}},"87":{"start":{"line":296,"column":38},"end":{"line":296,"column":39}},"88":{"start":{"line":297,"column":34},"end":{"line":297,"column":36}},"89":{"start":{"line":298,"column":38},"end":{"line":298,"column":76}},"90":{"start":{"line":299,"column":25},"end":{"line":299,"column":46}},"91":{"start":{"line":300,"column":27},"end":{"line":300,"column":50}},"92":{"start":{"line":301,"column":28},"end":{"line":301,"column":50}},"93":{"start":{"line":302,"column":8},"end":{"line":324,"column":9}},"94":{"start":{"line":303,"column":12},"end":{"line":310,"column":14}},"95":{"start":{"line":311,"column":12},"end":{"line":320,"column":14}},"96":{"start":{"line":322,"column":12},"end":{"line":322,"column":32}},"97":{"start":{"line":323,"column":12},"end":{"line":323,"column":75}},"98":{"start":{"line":325,"column":8},"end":{"line":330,"column":60}},"99":{"start":{"line":331,"column":26},"end":{"line":331,"column":77}},"100":{"start":{"line":332,"column":8},"end":{"line":332,"column":137}},"101":{"start":{"line":333,"column":49},"end":{"line":333,"column":107}},"102":{"start":{"line":334,"column":8},"end":{"line":334,"column":155}},"103":{"start":{"line":336,"column":25},"end":{"line":336,"column":49}},"104":{"start":{"line":338,"column":35},"end":{"line":338,"column":71}},"105":{"start":{"line":340,"column":8},"end":{"line":347,"column":9}},"106":{"start":{"line":342,"column":41},"end":{"line":342,"column":115}},"107":{"start":{"line":343,"column":35},"end":{"line":343,"column":67}},"108":{"start":{"line":344,"column":29},"end":{"line":344,"column":56}},"109":{"start":{"line":346,"column":12},"end":{"line":346,"column":76}},"110":{"start":{"line":348,"column":8},"end":{"line":348,"column":114}},"111":{"start":{"line":350,"column":35},"end":{"line":353,"column":10}},"112":{"start":{"line":354,"column":8},"end":{"line":354,"column":129}},"113":{"start":{"line":356,"column":8},"end":{"line":393,"column":9}},"114":{"start":{"line":357,"column":12},"end":{"line":368,"column":14}},"115":{"start":{"line":369,"column":12},"end":{"line":377,"column":77}},"116":{"start":{"line":379,"column":35},"end":{"line":379,"column":91}},"117":{"start":{"line":380,"column":12},"end":{"line":380,"column":119}},"118":{"start":{"line":381,"column":41},"end":{"line":381,"column":87}},"119":{"start":{"line":382,"column":12},"end":{"line":387,"column":13}},"120":{"start":{"line":383,"column":40},"end":{"line":383,"column":72}},"121":{"start":{"line":384,"column":16},"end":{"line":384,"column":65}},"122":{"start":{"line":385,"column":16},"end":{"line":385,"column":96}},"123":{"start":{"line":386,"column":16},"end":{"line":386,"column":155}},"124":{"start":{"line":389,"column":35},"end":{"line":389,"column":90}},"125":{"start":{"line":390,"column":12},"end":{"line":390,"column":143}},"126":{"start":{"line":391,"column":12},"end":{"line":391,"column":90}},"127":{"start":{"line":392,"column":12},"end":{"line":392,"column":135}},"128":{"start":{"line":394,"column":8},"end":{"line":394,"column":148}},"129":{"start":{"line":395,"column":8},"end":{"line":403,"column":10}},"130":{"start":{"line":405,"column":8},"end":{"line":410,"column":47}},"131":{"start":{"line":411,"column":8},"end":{"line":417,"column":10}},"132":{"start":{"line":421,"column":13},"end":{"line":425,"column":2}}},"fnMap":{"0":{"name":"calculateAnswerScore","decl":{"start":{"line":41,"column":16},"end":{"line":41,"column":36}},"loc":{"start":{"line":44,"column":17},"end":{"line":71,"column":1}}},"1":{"name":"checkAnswerCorrectness","decl":{"start":{"line":79,"column":16},"end":{"line":79,"column":38}},"loc":{"start":{"line":79,"column":65},"end":{"line":105,"column":1}}},"2":{"name":"(anonymous_3)","decl":{"start":{"line":86,"column":17},"end":{"line":86,"column":18}},"loc":{"start":{"line":86,"column":44},"end":{"line":86,"column":54}}},"3":{"name":"(anonymous_4)","decl":{"start":{"line":87,"column":20},"end":{"line":87,"column":21}},"loc":{"start":{"line":87,"column":35},"end":{"line":87,"column":43}}},"4":{"name":"(anonymous_5)","decl":{"start":{"line":93,"column":28},"end":{"line":93,"column":29}},"loc":{"start":{"line":93,"column":38},"end":{"line":93,"column":54}}},"5":{"name":"submitAnswerWithScoring","decl":{"start":{"line":114,"column":22},"end":{"line":114,"column":45}},"loc":{"start":{"line":118,"column":32},"end":{"line":419,"column":1}}},"6":{"name":"(anonymous_7)","decl":{"start":{"line":243,"column":31},"end":{"line":243,"column":32}},"loc":{"start":{"line":243,"column":38},"end":{"line":243,"column":54}}},"7":{"name":"(anonymous_8)","decl":{"start":{"line":244,"column":31},"end":{"line":244,"column":32}},"loc":{"start":{"line":244,"column":38},"end":{"line":244,"column":54}}}},"branchMap":{"0":{"loc":{"start":{"line":46,"column":4},"end":{"line":46,"column":69}},"type":"if","locations":[{"start":{"line":46,"column":4},"end":{"line":46,"column":69}}]},"1":{"loc":{"start":{"line":46,"column":8},"end":{"line":46,"column":31}},"type":"binary-expr","locations":[{"start":{"line":46,"column":8},"end":{"line":46,"column":18}},{"start":{"line":46,"column":22},"end":{"line":46,"column":31}}]},"2":{"loc":{"start":{"line":80,"column":4},"end":{"line":80,"column":60}},"type":"if","locations":[{"start":{"line":80,"column":4},"end":{"line":80,"column":60}}]},"3":{"loc":{"start":{"line":80,"column":8},"end":{"line":80,"column":45}},"type":"binary-expr","locations":[{"start":{"line":80,"column":8},"end":{"line":80,"column":17}},{"start":{"line":80,"column":21},"end":{"line":80,"column":45}}]},"4":{"loc":{"start":{"line":83,"column":4},"end":{"line":95,"column":5}},"type":"if","locations":[{"start":{"line":83,"column":4},"end":{"line":95,"column":5}}]},"5":{"loc":{"start":{"line":83,"column":8},"end":{"line":83,"column":71}},"type":"binary-expr","locations":[{"start":{"line":83,"column":8},"end":{"line":83,"column":46}},{"start":{"line":83,"column":50},"end":{"line":83,"column":71}}]},"6":{"loc":{"start":{"line":86,"column":44},"end":{"line":86,"column":54}},"type":"cond-expr","locations":[{"start":{"line":86,"column":48},"end":{"line":86,"column":49}},{"start":{"line":86,"column":52},"end":{"line":86,"column":54}}]},"7":{"loc":{"start":{"line":92,"column":12},"end":{"line":93,"column":55}},"type":"binary-expr","locations":[{"start":{"line":92,"column":12},"end":{"line":92,"column":47}},{"start":{"line":93,"column":12},"end":{"line":93,"column":55}}]},"8":{"loc":{"start":{"line":97,"column":4},"end":{"line":99,"column":5}},"type":"if","locations":[{"start":{"line":97,"column":4},"end":{"line":99,"column":5}}]},"9":{"loc":{"start":{"line":97,"column":8},"end":{"line":97,"column":76}},"type":"binary-expr","locations":[{"start":{"line":97,"column":8},"end":{"line":97,"column":46}},{"start":{"line":97,"column":50},"end":{"line":97,"column":76}}]},"10":{"loc":{"start":{"line":101,"column":4},"end":{"line":103,"column":5}},"type":"if","locations":[{"start":{"line":101,"column":4},"end":{"line":103,"column":5}}]},"11":{"loc":{"start":{"line":149,"column":8},"end":{"line":161,"column":9}},"type":"if","locations":[{"start":{"line":149,"column":8},"end":{"line":161,"column":9}}]},"12":{"loc":{"start":{"line":175,"column":27},"end":{"line":175,"column":106}},"type":"binary-expr","locations":[{"start":{"line":175,"column":27},"end":{"line":175,"column":66}},{"start":{"line":175,"column":70},"end":{"line":175,"column":106}}]},"13":{"loc":{"start":{"line":182,"column":8},"end":{"line":197,"column":9}},"type":"if","locations":[{"start":{"line":182,"column":8},"end":{"line":197,"column":9}},{"start":{"line":195,"column":15},"end":{"line":197,"column":9}}]},"14":{"loc":{"start":{"line":211,"column":8},"end":{"line":231,"column":9}},"type":"if","locations":[{"start":{"line":211,"column":8},"end":{"line":231,"column":9}},{"start":{"line":229,"column":15},"end":{"line":231,"column":9}}]},"15":{"loc":{"start":{"line":213,"column":28},"end":{"line":213,"column":56}},"type":"binary-expr","locations":[{"start":{"line":213,"column":28},"end":{"line":213,"column":51}},{"start":{"line":213,"column":55},"end":{"line":213,"column":56}}]},"16":{"loc":{"start":{"line":214,"column":32},"end":{"line":214,"column":68}},"type":"binary-expr","locations":[{"start":{"line":214,"column":32},"end":{"line":214,"column":59}},{"start":{"line":214,"column":63},"end":{"line":214,"column":68}}]},"17":{"loc":{"start":{"line":234,"column":8},"end":{"line":255,"column":9}},"type":"if","locations":[{"start":{"line":234,"column":8},"end":{"line":255,"column":9}}]},"18":{"loc":{"start":{"line":237,"column":12},"end":{"line":254,"column":13}},"type":"if","locations":[{"start":{"line":237,"column":12},"end":{"line":254,"column":13}},{"start":{"line":245,"column":19},"end":{"line":254,"column":13}}]},"19":{"loc":{"start":{"line":237,"column":16},"end":{"line":237,"column":54}},"type":"binary-expr","locations":[{"start":{"line":237,"column":16},"end":{"line":237,"column":33}},{"start":{"line":237,"column":37},"end":{"line":237,"column":54}}]},"20":{"loc":{"start":{"line":242,"column":20},"end":{"line":244,"column":55}},"type":"binary-expr","locations":[{"start":{"line":242,"column":20},"end":{"line":242,"column":47}},{"start":{"line":243,"column":20},"end":{"line":243,"column":55}},{"start":{"line":244,"column":20},"end":{"line":244,"column":55}}]},"21":{"loc":{"start":{"line":245,"column":19},"end":{"line":254,"column":13}},"type":"if","locations":[{"start":{"line":245,"column":19},"end":{"line":254,"column":13}},{"start":{"line":251,"column":19},"end":{"line":254,"column":13}}]},"22":{"loc":{"start":{"line":246,"column":16},"end":{"line":247,"column":93}},"type":"binary-expr","locations":[{"start":{"line":246,"column":17},"end":{"line":246,"column":39}},{"start":{"line":246,"column":43},"end":{"line":246,"column":65}},{"start":{"line":246,"column":69},"end":{"line":246,"column":92}},{"start":{"line":247,"column":17},"end":{"line":247,"column":39}},{"start":{"line":247,"column":43},"end":{"line":247,"column":65}},{"start":{"line":247,"column":69},"end":{"line":247,"column":92}}]},"23":{"loc":{"start":{"line":257,"column":8},"end":{"line":278,"column":9}},"type":"if","locations":[{"start":{"line":257,"column":8},"end":{"line":278,"column":9}}]},"24":{"loc":{"start":{"line":273,"column":28},"end":{"line":273,"column":50}},"type":"binary-expr","locations":[{"start":{"line":273,"column":28},"end":{"line":273,"column":45}},{"start":{"line":273,"column":49},"end":{"line":273,"column":50}}]},"25":{"loc":{"start":{"line":284,"column":8},"end":{"line":294,"column":9}},"type":"if","locations":[{"start":{"line":284,"column":8},"end":{"line":294,"column":9}}]},"26":{"loc":{"start":{"line":289,"column":28},"end":{"line":289,"column":50}},"type":"binary-expr","locations":[{"start":{"line":289,"column":28},"end":{"line":289,"column":45}},{"start":{"line":289,"column":49},"end":{"line":289,"column":50}}]},"27":{"loc":{"start":{"line":302,"column":8},"end":{"line":324,"column":9}},"type":"if","locations":[{"start":{"line":302,"column":8},"end":{"line":324,"column":9}},{"start":{"line":321,"column":15},"end":{"line":324,"column":9}}]},"28":{"loc":{"start":{"line":340,"column":8},"end":{"line":347,"column":9}},"type":"if","locations":[{"start":{"line":340,"column":8},"end":{"line":347,"column":9}}]},"29":{"loc":{"start":{"line":343,"column":35},"end":{"line":343,"column":67}},"type":"binary-expr","locations":[{"start":{"line":343,"column":35},"end":{"line":343,"column":62}},{"start":{"line":343,"column":66},"end":{"line":343,"column":67}}]},"30":{"loc":{"start":{"line":356,"column":8},"end":{"line":393,"column":9}},"type":"if","locations":[{"start":{"line":356,"column":8},"end":{"line":393,"column":9}}]},"31":{"loc":{"start":{"line":382,"column":12},"end":{"line":387,"column":13}},"type":"if","locations":[{"start":{"line":382,"column":12},"end":{"line":387,"column":13}}]},"32":{"loc":{"start":{"line":391,"column":51},"end":{"line":391,"column":80}},"type":"binary-expr","locations":[{"start":{"line":391,"column":51},"end":{"line":391,"column":75}},{"start":{"line":391,"column":79},"end":{"line":391,"column":80}}]},"33":{"loc":{"start":{"line":398,"column":24},"end":{"line":398,"column":53}},"type":"binary-expr","locations":[{"start":{"line":398,"column":24},"end":{"line":398,"column":48}},{"start":{"line":398,"column":52},"end":{"line":398,"column":53}}]},"34":{"loc":{"start":{"line":401,"column":21},"end":{"line":401,"column":97}},"type":"cond-expr","locations":[{"start":{"line":401,"column":40},"end":{"line":401,"column":55}},{"start":{"line":401,"column":58},"end":{"line":401,"column":97}}]}},"s":{"0":1,"1":1,"2":1,"3":1,"4":1,"5":1,"6":1,"7":1,"8":0,"9":0,"10":0,"11":0,"12":0,"13":0,"14":0,"15":0,"16":0,"17":0,"18":0,"19":0,"20":0,"21":0,"22":0,"23":0,"24":0,"25":0,"26":0,"27":0,"28":0,"29":0,"30":0,"31":0,"32":0,"33":0,"34":0,"35":0,"36":0,"37":0,"38":0,"39":0,"40":0,"41":0,"42":0,"43":0,"44":0,"45":0,"46":0,"47":0,"48":0,"49":0,"50":0,"51":0,"52":0,"53":0,"54":0,"55":0,"56":0,"57":0,"58":0,"59":0,"60":0,"61":0,"62":0,"63":0,"64":0,"65":0,"66":0,"67":0,"68":0,"69":0,"70":0,"71":0,"72":0,"73":0,"74":0,"75":0,"76":0,"77":0,"78":0,"79":0,"80":0,"81":0,"82":0,"83":0,"84":0,"85":0,"86":0,"87":0,"88":0,"89":0,"90":0,"91":0,"92":0,"93":0,"94":0,"95":0,"96":0,"97":0,"98":0,"99":0,"100":0,"101":0,"102":0,"103":0,"104":0,"105":0,"106":0,"107":0,"108":0,"109":0,"110":0,"111":0,"112":0,"113":0,"114":0,"115":0,"116":0,"117":0,"118":0,"119":0,"120":0,"121":0,"122":0,"123":0,"124":0,"125":0,"126":0,"127":0,"128":0,"129":0,"130":0,"131":0,"132":1},"f":{"0":0,"1":0,"2":0,"3":0,"4":0,"5":0,"6":0,"7":0},"b":{"0":[0],"1":[0,0],"2":[0],"3":[0,0],"4":[0],"5":[0,0],"6":[0,0],"7":[0,0],"8":[0],"9":[0,0],"10":[0],"11":[0],"12":[0,0],"13":[0,0],"14":[0,0],"15":[0,0],"16":[0,0],"17":[0],"18":[0,0],"19":[0,0],"20":[0,0,0],"21":[0,0],"22":[0,0,0,0,0,0],"23":[0],"24":[0,0],"25":[0],"26":[0,0],"27":[0,0],"28":[0],"29":[0,0],"30":[0],"31":[0],"32":[0,0],"33":[0,0],"34":[0,0]}},"/home/aflesch/mathquest/app/backend/src/sockets/handlers/game/gameAnswer.ts":{"path":"/home/aflesch/mathquest/app/backend/src/sockets/handlers/game/gameAnswer.ts","statementMap":{"0":{"start":{"line":48,"column":0},"end":{"line":48,"column":16}},"1":{"start":{"line":6,"column":0},"end":{"line":6,"column":80}},"2":{"start":{"line":7,"column":0},"end":{"line":7,"column":37}},"3":{"start":{"line":10,"column":0},"end":{"line":10,"column":42}},"4":{"start":{"line":11,"column":0},"end":{"line":11,"column":60}},"5":{"start":{"line":22,"column":0},"end":{"line":22,"column":94}},"6":{"start":{"line":25,"column":0},"end":{"line":25,"column":74}},"7":{"start":{"line":26,"column":0},"end":{"line":26,"column":59}},"8":{"start":{"line":28,"column":0},"end":{"line":28,"column":74}},"9":{"start":{"line":31,"column":15},"end":{"line":31,"column":48}},"10":{"start":{"line":53,"column":4},"end":{"line":53,"column":73}},"11":{"start":{"line":56,"column":20},"end":{"line":402,"column":5}},"12":{"start":{"line":58,"column":45},"end":{"line":58,"column":54}},"13":{"start":{"line":59,"column":41},"end":{"line":59,"column":50}},"14":{"start":{"line":60,"column":46},"end":{"line":60,"column":55}},"15":{"start":{"line":61,"column":44},"end":{"line":61,"column":53}},"16":{"start":{"line":62,"column":26},"end":{"line":62,"column":35}},"17":{"start":{"line":63,"column":46},"end":{"line":63,"column":55}},"18":{"start":{"line":64,"column":52},"end":{"line":64,"column":61}},"19":{"start":{"line":65,"column":33},"end":{"line":65,"column":42}},"20":{"start":{"line":67,"column":24},"end":{"line":67,"column":29}},"21":{"start":{"line":68,"column":35},"end":{"line":68,"column":63}},"22":{"start":{"line":69,"column":8},"end":{"line":391,"column":9}},"23":{"start":{"line":71,"column":32},"end":{"line":71,"column":80}},"24":{"start":{"line":72,"column":12},"end":{"line":92,"column":13}},"25":{"start":{"line":73,"column":16},"end":{"line":78,"column":93}},"26":{"start":{"line":79,"column":16},"end":{"line":83,"column":19}},"27":{"start":{"line":84,"column":16},"end":{"line":90,"column":86}},"28":{"start":{"line":91,"column":16},"end":{"line":91,"column":23}},"29":{"start":{"line":93,"column":33},"end":{"line":93,"column":49}},"30":{"start":{"line":94,"column":12},"end":{"line":94,"column":49}},"31":{"start":{"line":95,"column":12},"end":{"line":95,"column":41}},"32":{"start":{"line":96,"column":12},"end":{"line":96,"column":51}},"33":{"start":{"line":97,"column":12},"end":{"line":97,"column":47}},"34":{"start":{"line":98,"column":12},"end":{"line":98,"column":41}},"35":{"start":{"line":100,"column":68},"end":{"line":100,"column":75}},"36":{"start":{"line":107,"column":31},"end":{"line":107,"column":70}},"37":{"start":{"line":108,"column":12},"end":{"line":108,"column":77}},"38":{"start":{"line":109,"column":24},"end":{"line":109,"column":34}},"39":{"start":{"line":110,"column":41},"end":{"line":110,"column":149}},"40":{"start":{"line":111,"column":29},"end":{"line":113,"column":57}},"41":{"start":{"line":114,"column":12},"end":{"line":123,"column":13}},"42":{"start":{"line":118,"column":16},"end":{"line":121,"column":19}},"43":{"start":{"line":122,"column":16},"end":{"line":122,"column":23}},"44":{"start":{"line":125,"column":12},"end":{"line":131,"column":13}},"45":{"start":{"line":126,"column":16},"end":{"line":129,"column":19}},"46":{"start":{"line":130,"column":16},"end":{"line":130,"column":23}},"47":{"start":{"line":135,"column":12},"end":{"line":148,"column":13}},"48":{"start":{"line":136,"column":16},"end":{"line":141,"column":89}},"49":{"start":{"line":142,"column":16},"end":{"line":146,"column":19}},"50":{"start":{"line":147,"column":16},"end":{"line":147,"column":23}},"51":{"start":{"line":150,"column":12},"end":{"line":157,"column":59}},"52":{"start":{"line":158,"column":12},"end":{"line":173,"column":13}},"53":{"start":{"line":159,"column":16},"end":{"line":166,"column":78}},"54":{"start":{"line":167,"column":16},"end":{"line":171,"column":19}},"55":{"start":{"line":172,"column":16},"end":{"line":172,"column":23}},"56":{"start":{"line":176,"column":57},"end":{"line":176,"column":66}},"57":{"start":{"line":177,"column":49},"end":{"line":177,"column":50}},"58":{"start":{"line":178,"column":12},"end":{"line":187,"column":13}},"59":{"start":{"line":179,"column":16},"end":{"line":186,"column":17}},"60":{"start":{"line":180,"column":20},"end":{"line":184,"column":21}},"61":{"start":{"line":181,"column":24},"end":{"line":181,"column":106}},"62":{"start":{"line":183,"column":24},"end":{"line":183,"column":67}},"63":{"start":{"line":185,"column":20},"end":{"line":185,"column":69}},"64":{"start":{"line":188,"column":12},"end":{"line":190,"column":13}},"65":{"start":{"line":189,"column":16},"end":{"line":189,"column":43}},"66":{"start":{"line":192,"column":37},"end":{"line":199,"column":14}},"67":{"start":{"line":200,"column":12},"end":{"line":200,"column":36}},"68":{"start":{"line":201,"column":12},"end":{"line":201,"column":108}},"69":{"start":{"line":202,"column":12},"end":{"line":202,"column":45}},"70":{"start":{"line":203,"column":12},"end":{"line":214,"column":105}},"71":{"start":{"line":216,"column":12},"end":{"line":231,"column":13}},"72":{"start":{"line":217,"column":16},"end":{"line":217,"column":125}},"73":{"start":{"line":218,"column":16},"end":{"line":225,"column":79}},"74":{"start":{"line":226,"column":16},"end":{"line":229,"column":19}},"75":{"start":{"line":230,"column":16},"end":{"line":230,"column":23}},"76":{"start":{"line":234,"column":32},"end":{"line":234,"column":60}},"77":{"start":{"line":235,"column":12},"end":{"line":283,"column":13}},"78":{"start":{"line":236,"column":16},"end":{"line":249,"column":87}},"79":{"start":{"line":252,"column":16},"end":{"line":282,"column":17}},"80":{"start":{"line":254,"column":20},"end":{"line":258,"column":23}},"81":{"start":{"line":259,"column":20},"end":{"line":259,"column":131}},"82":{"start":{"line":260,"column":23},"end":{"line":282,"column":17}},"83":{"start":{"line":262,"column":20},"end":{"line":266,"column":23}},"84":{"start":{"line":267,"column":20},"end":{"line":273,"column":53}},"85":{"start":{"line":276,"column":20},"end":{"line":280,"column":23}},"86":{"start":{"line":281,"column":20},"end":{"line":281,"column":119}},"87":{"start":{"line":286,"column":12},"end":{"line":311,"column":13}},"88":{"start":{"line":287,"column":36},"end":{"line":287,"column":81}},"89":{"start":{"line":288,"column":81},"end":{"line":291,"column":18}},"90":{"start":{"line":294,"column":38},"end":{"line":294,"column":68}},"91":{"start":{"line":296,"column":16},"end":{"line":302,"column":69}},"92":{"start":{"line":304,"column":16},"end":{"line":304,"column":118}},"93":{"start":{"line":306,"column":16},"end":{"line":310,"column":63}},"94":{"start":{"line":313,"column":39},"end":{"line":316,"column":14}},"95":{"start":{"line":317,"column":12},"end":{"line":317,"column":89}},"96":{"start":{"line":318,"column":12},"end":{"line":325,"column":13}},"97":{"start":{"line":319,"column":16},"end":{"line":319,"column":181}},"98":{"start":{"line":321,"column":51},"end":{"line":321,"column":106}},"99":{"start":{"line":322,"column":16},"end":{"line":322,"column":105}},"100":{"start":{"line":323,"column":16},"end":{"line":323,"column":80}},"101":{"start":{"line":324,"column":16},"end":{"line":324,"column":23}},"102":{"start":{"line":327,"column":32},"end":{"line":327,"column":70}},"103":{"start":{"line":328,"column":12},"end":{"line":328,"column":62}},"104":{"start":{"line":329,"column":12},"end":{"line":368,"column":13}},"105":{"start":{"line":331,"column":16},"end":{"line":349,"column":17}},"106":{"start":{"line":333,"column":37},"end":{"line":333,"column":102}},"107":{"start":{"line":334,"column":20},"end":{"line":340,"column":23}},"108":{"start":{"line":343,"column":20},"end":{"line":343,"column":148}},"109":{"start":{"line":344,"column":23},"end":{"line":349,"column":17}},"110":{"start":{"line":347,"column":20},"end":{"line":347,"column":148}},"111":{"start":{"line":348,"column":20},"end":{"line":348,"column":103}},"112":{"start":{"line":352,"column":31},"end":{"line":352,"column":41}},"113":{"start":{"line":353,"column":16},"end":{"line":357,"column":17}},"114":{"start":{"line":354,"column":20},"end":{"line":354,"column":87}},"115":{"start":{"line":355,"column":23},"end":{"line":357,"column":17}},"116":{"start":{"line":356,"column":20},"end":{"line":356,"column":52}},"117":{"start":{"line":358,"column":16},"end":{"line":358,"column":94}},"118":{"start":{"line":359,"column":16},"end":{"line":359,"column":100}},"119":{"start":{"line":360,"column":16},"end":{"line":360,"column":130}},"120":{"start":{"line":361,"column":16},"end":{"line":367,"column":17}},"121":{"start":{"line":362,"column":20},"end":{"line":362,"column":103}},"122":{"start":{"line":363,"column":20},"end":{"line":363,"column":137}},"123":{"start":{"line":365,"column":20},"end":{"line":365,"column":103}},"124":{"start":{"line":366,"column":20},"end":{"line":366,"column":94}},"125":{"start":{"line":370,"column":12},"end":{"line":370,"column":108}},"126":{"start":{"line":371,"column":12},"end":{"line":381,"column":68}},"127":{"start":{"line":382,"column":12},"end":{"line":390,"column":13}},"128":{"start":{"line":383,"column":16},"end":{"line":383,"column":125}},"129":{"start":{"line":384,"column":16},"end":{"line":387,"column":17}},"130":{"start":{"line":385,"column":20},"end":{"line":385,"column":103}},"131":{"start":{"line":386,"column":20},"end":{"line":386,"column":119}},"132":{"start":{"line":389,"column":16},"end":{"line":389,"column":97}},"133":{"start":{"line":392,"column":8},"end":{"line":401,"column":66}},"134":{"start":{"line":403,"column":4},"end":{"line":403,"column":19}}},"fnMap":{"0":{"name":"gameAnswerHandler","decl":{"start":{"line":48,"column":16},"end":{"line":48,"column":33}},"loc":{"start":{"line":51,"column":30},"end":{"line":404,"column":1}}},"1":{"name":"(anonymous_2)","decl":{"start":{"line":56,"column":20},"end":{"line":56,"column":25}},"loc":{"start":{"line":56,"column":43},"end":{"line":402,"column":5}}}},"branchMap":{"0":{"loc":{"start":{"line":72,"column":12},"end":{"line":92,"column":13}},"type":"if","locations":[{"start":{"line":72,"column":12},"end":{"line":92,"column":13}}]},"1":{"loc":{"start":{"line":107,"column":31},"end":{"line":107,"column":70}},"type":"binary-expr","locations":[{"start":{"line":107,"column":31},"end":{"line":107,"column":43}},{"start":{"line":107,"column":47},"end":{"line":107,"column":70}}]},"2":{"loc":{"start":{"line":110,"column":41},"end":{"line":110,"column":149}},"type":"binary-expr","locations":[{"start":{"line":110,"column":41},"end":{"line":110,"column":51}},{"start":{"line":110,"column":55},"end":{"line":110,"column":87}},{"start":{"line":110,"column":91},"end":{"line":110,"column":149}}]},"3":{"loc":{"start":{"line":111,"column":29},"end":{"line":113,"column":57}},"type":"cond-expr","locations":[{"start":{"line":112,"column":19},"end":{"line":112,"column":104}},{"start":{"line":113,"column":18},"end":{"line":113,"column":57}}]},"4":{"loc":{"start":{"line":112,"column":19},"end":{"line":112,"column":104}},"type":"binary-expr","locations":[{"start":{"line":112,"column":19},"end":{"line":112,"column":58}},{"start":{"line":112,"column":62},"end":{"line":112,"column":104}}]},"5":{"loc":{"start":{"line":114,"column":12},"end":{"line":123,"column":13}},"type":"if","locations":[{"start":{"line":114,"column":12},"end":{"line":123,"column":13}}]},"6":{"loc":{"start":{"line":114,"column":16},"end":{"line":116,"column":68}},"type":"binary-expr","locations":[{"start":{"line":114,"column":16},"end":{"line":114,"column":26}},{"start":{"line":115,"column":17},"end":{"line":115,"column":28}},{"start":{"line":115,"column":32},"end":{"line":115,"column":71}},{"start":{"line":116,"column":17},"end":{"line":116,"column":27}},{"start":{"line":116,"column":32},"end":{"line":116,"column":41}},{"start":{"line":116,"column":45},"end":{"line":116,"column":66}}]},"7":{"loc":{"start":{"line":119,"column":29},"end":{"line":119,"column":152}},"type":"cond-expr","locations":[{"start":{"line":119,"column":42},"end":{"line":119,"column":99}},{"start":{"line":119,"column":102},"end":{"line":119,"column":152}}]},"8":{"loc":{"start":{"line":120,"column":26},"end":{"line":120,"column":83}},"type":"cond-expr","locations":[{"start":{"line":120,"column":39},"end":{"line":120,"column":63}},{"start":{"line":120,"column":66},"end":{"line":120,"column":83}}]},"9":{"loc":{"start":{"line":125,"column":12},"end":{"line":131,"column":13}},"type":"if","locations":[{"start":{"line":125,"column":12},"end":{"line":131,"column":13}}]},"10":{"loc":{"start":{"line":135,"column":12},"end":{"line":148,"column":13}},"type":"if","locations":[{"start":{"line":135,"column":12},"end":{"line":148,"column":13}}]},"11":{"loc":{"start":{"line":158,"column":12},"end":{"line":173,"column":13}},"type":"if","locations":[{"start":{"line":158,"column":12},"end":{"line":173,"column":13}}]},"12":{"loc":{"start":{"line":158,"column":16},"end":{"line":158,"column":120}},"type":"binary-expr","locations":[{"start":{"line":158,"column":16},"end":{"line":158,"column":38}},{"start":{"line":158,"column":42},"end":{"line":158,"column":82}},{"start":{"line":158,"column":86},"end":{"line":158,"column":120}}]},"13":{"loc":{"start":{"line":178,"column":12},"end":{"line":187,"column":13}},"type":"if","locations":[{"start":{"line":178,"column":12},"end":{"line":187,"column":13}}]},"14":{"loc":{"start":{"line":179,"column":16},"end":{"line":186,"column":17}},"type":"if","locations":[{"start":{"line":179,"column":16},"end":{"line":186,"column":17}}]},"15":{"loc":{"start":{"line":179,"column":20},"end":{"line":179,"column":94}},"type":"binary-expr","locations":[{"start":{"line":179,"column":20},"end":{"line":179,"column":55}},{"start":{"line":179,"column":59},"end":{"line":179,"column":94}}]},"16":{"loc":{"start":{"line":180,"column":20},"end":{"line":184,"column":21}},"type":"if","locations":[{"start":{"line":180,"column":20},"end":{"line":184,"column":21}},{"start":{"line":182,"column":27},"end":{"line":184,"column":21}}]},"17":{"loc":{"start":{"line":185,"column":45},"end":{"line":185,"column":68}},"type":"binary-expr","locations":[{"start":{"line":185,"column":45},"end":{"line":185,"column":63}},{"start":{"line":185,"column":67},"end":{"line":185,"column":68}}]},"18":{"loc":{"start":{"line":188,"column":12},"end":{"line":190,"column":13}},"type":"if","locations":[{"start":{"line":188,"column":12},"end":{"line":190,"column":13}}]},"19":{"loc":{"start":{"line":201,"column":26},"end":{"line":201,"column":107}},"type":"cond-expr","locations":[{"start":{"line":201,"column":73},"end":{"line":201,"column":83}},{"start":{"line":201,"column":86},"end":{"line":201,"column":107}}]},"20":{"loc":{"start":{"line":211,"column":31},"end":{"line":213,"column":75}},"type":"cond-expr","locations":[{"start":{"line":212,"column":22},"end":{"line":212,"column":104}},{"start":{"line":213,"column":22},"end":{"line":213,"column":75}}]},"21":{"loc":{"start":{"line":216,"column":12},"end":{"line":231,"column":13}},"type":"if","locations":[{"start":{"line":216,"column":12},"end":{"line":231,"column":13}}]},"22":{"loc":{"start":{"line":227,"column":29},"end":{"line":227,"column":80}},"type":"binary-expr","locations":[{"start":{"line":227,"column":29},"end":{"line":227,"column":51}},{"start":{"line":227,"column":55},"end":{"line":227,"column":80}}]},"23":{"loc":{"start":{"line":235,"column":12},"end":{"line":283,"column":13}},"type":"if","locations":[{"start":{"line":235,"column":12},"end":{"line":283,"column":13}}]},"24":{"loc":{"start":{"line":246,"column":35},"end":{"line":248,"column":79}},"type":"cond-expr","locations":[{"start":{"line":247,"column":26},"end":{"line":247,"column":108}},{"start":{"line":248,"column":26},"end":{"line":248,"column":79}}]},"25":{"loc":{"start":{"line":252,"column":16},"end":{"line":282,"column":17}},"type":"if","locations":[{"start":{"line":252,"column":16},"end":{"line":282,"column":17}},{"start":{"line":260,"column":23},"end":{"line":282,"column":17}}]},"26":{"loc":{"start":{"line":252,"column":20},"end":{"line":252,"column":84}},"type":"binary-expr","locations":[{"start":{"line":252,"column":20},"end":{"line":252,"column":45}},{"start":{"line":252,"column":49},"end":{"line":252,"column":84}}]},"27":{"loc":{"start":{"line":260,"column":23},"end":{"line":282,"column":17}},"type":"if","locations":[{"start":{"line":260,"column":23},"end":{"line":282,"column":17}},{"start":{"line":274,"column":23},"end":{"line":282,"column":17}}]},"28":{"loc":{"start":{"line":318,"column":12},"end":{"line":325,"column":13}},"type":"if","locations":[{"start":{"line":318,"column":12},"end":{"line":325,"column":13}}]},"29":{"loc":{"start":{"line":318,"column":16},"end":{"line":318,"column":63}},"type":"binary-expr","locations":[{"start":{"line":318,"column":16},"end":{"line":318,"column":35}},{"start":{"line":318,"column":39},"end":{"line":318,"column":63}}]},"30":{"loc":{"start":{"line":329,"column":12},"end":{"line":368,"column":13}},"type":"if","locations":[{"start":{"line":329,"column":12},"end":{"line":368,"column":13}},{"start":{"line":350,"column":19},"end":{"line":368,"column":13}}]},"31":{"loc":{"start":{"line":331,"column":16},"end":{"line":349,"column":17}},"type":"if","locations":[{"start":{"line":331,"column":16},"end":{"line":349,"column":17}},{"start":{"line":344,"column":23},"end":{"line":349,"column":17}}]},"32":{"loc":{"start":{"line":338,"column":40},"end":{"line":338,"column":128}},"type":"cond-expr","locations":[{"start":{"line":338,"column":93},"end":{"line":338,"column":116}},{"start":{"line":338,"column":119},"end":{"line":338,"column":128}}]},"33":{"loc":{"start":{"line":338,"column":40},"end":{"line":338,"column":90}},"type":"binary-expr","locations":[{"start":{"line":338,"column":40},"end":{"line":338,"column":48}},{"start":{"line":338,"column":52},"end":{"line":338,"column":90}}]},"34":{"loc":{"start":{"line":339,"column":37},"end":{"line":339,"column":71}},"type":"binary-expr","locations":[{"start":{"line":339,"column":37},"end":{"line":339,"column":58}},{"start":{"line":339,"column":62},"end":{"line":339,"column":71}}]},"35":{"loc":{"start":{"line":344,"column":23},"end":{"line":349,"column":17}},"type":"if","locations":[{"start":{"line":344,"column":23},"end":{"line":349,"column":17}}]},"36":{"loc":{"start":{"line":344,"column":27},"end":{"line":344,"column":92}},"type":"binary-expr","locations":[{"start":{"line":344,"column":27},"end":{"line":344,"column":50}},{"start":{"line":344,"column":54},"end":{"line":344,"column":92}}]},"37":{"loc":{"start":{"line":353,"column":16},"end":{"line":357,"column":17}},"type":"if","locations":[{"start":{"line":353,"column":16},"end":{"line":357,"column":17}},{"start":{"line":355,"column":23},"end":{"line":357,"column":17}}]},"38":{"loc":{"start":{"line":353,"column":20},"end":{"line":353,"column":84}},"type":"binary-expr","locations":[{"start":{"line":353,"column":20},"end":{"line":353,"column":52}},{"start":{"line":353,"column":56},"end":{"line":353,"column":84}}]},"39":{"loc":{"start":{"line":355,"column":23},"end":{"line":357,"column":17}},"type":"if","locations":[{"start":{"line":355,"column":23},"end":{"line":357,"column":17}}]},"40":{"loc":{"start":{"line":384,"column":16},"end":{"line":387,"column":17}},"type":"if","locations":[{"start":{"line":384,"column":16},"end":{"line":387,"column":17}}]},"41":{"loc":{"start":{"line":384,"column":20},"end":{"line":384,"column":58}},"type":"binary-expr","locations":[{"start":{"line":384,"column":20},"end":{"line":384,"column":31}},{"start":{"line":384,"column":35},"end":{"line":384,"column":58}}]}},"s":{"0":1,"1":1,"2":1,"3":1,"4":1,"5":1,"6":1,"7":1,"8":1,"9":1,"10":0,"11":0,"12":0,"13":0,"14":0,"15":0,"16":0,"17":0,"18":0,"19":0,"20":0,"21":0,"22":0,"23":0,"24":0,"25":0,"26":0,"27":0,"28":0,"29":0,"30":0,"31":0,"32":0,"33":0,"34":0,"35":0,"36":0,"37":0,"38":0,"39":0,"40":0,"41":0,"42":0,"43":0,"44":0,"45":0,"46":0,"47":0,"48":0,"49":0,"50":0,"51":0,"52":0,"53":0,"54":0,"55":0,"56":0,"57":0,"58":0,"59":0,"60":0,"61":0,"62":0,"63":0,"64":0,"65":0,"66":0,"67":0,"68":0,"69":0,"70":0,"71":0,"72":0,"73":0,"74":0,"75":0,"76":0,"77":0,"78":0,"79":0,"80":0,"81":0,"82":0,"83":0,"84":0,"85":0,"86":0,"87":0,"88":0,"89":0,"90":0,"91":0,"92":0,"93":0,"94":0,"95":0,"96":0,"97":0,"98":0,"99":0,"100":0,"101":0,"102":0,"103":0,"104":0,"105":0,"106":0,"107":0,"108":0,"109":0,"110":0,"111":0,"112":0,"113":0,"114":0,"115":0,"116":0,"117":0,"118":0,"119":0,"120":0,"121":0,"122":0,"123":0,"124":0,"125":0,"126":0,"127":0,"128":0,"129":0,"130":0,"131":0,"132":0,"133":0,"134":0},"f":{"0":0,"1":0},"b":{"0":[0],"1":[0,0],"2":[0,0,0],"3":[0,0],"4":[0,0],"5":[0],"6":[0,0,0,0,0,0],"7":[0,0],"8":[0,0],"9":[0],"10":[0],"11":[0],"12":[0,0,0],"13":[0],"14":[0],"15":[0,0],"16":[0,0],"17":[0,0],"18":[0],"19":[0,0],"20":[0,0],"21":[0],"22":[0,0],"23":[0],"24":[0,0],"25":[0,0],"26":[0,0],"27":[0,0],"28":[0],"29":[0,0],"30":[0,0],"31":[0,0],"32":[0,0],"33":[0,0],"34":[0,0],"35":[0],"36":[0,0],"37":[0,0],"38":[0,0],"39":[0],"40":[0],"41":[0,0]}},"/home/aflesch/mathquest/app/backend/src/core/services/gameParticipantService.ts":{"path":"/home/aflesch/mathquest/app/backend/src/core/services/gameParticipantService.ts","statementMap":{"0":{"start":{"line":1,"column":0},"end":{"line":1,"column":37}},"1":{"start":{"line":2,"column":0},"end":{"line":2,"column":42}},"2":{"start":{"line":3,"column":0},"end":{"line":3,"column":50}},"3":{"start":{"line":4,"column":0},"end":{"line":4,"column":45}},"4":{"start":{"line":8,"column":15},"end":{"line":8,"column":53}},"5":{"start":{"line":22,"column":4},"end":{"line":32,"column":6}},"6":{"start":{"line":39,"column":25},"end":{"line":39,"column":148}},"7":{"start":{"line":40,"column":4},"end":{"line":40,"column":30}},"8":{"start":{"line":40,"column":23},"end":{"line":40,"column":30}},"9":{"start":{"line":41,"column":23},"end":{"line":41,"column":46}},"10":{"start":{"line":43,"column":32},"end":{"line":43,"column":168}},"11":{"start":{"line":44,"column":4},"end":{"line":47,"column":5}},"12":{"start":{"line":45,"column":8},"end":{"line":45,"column":157}},"13":{"start":{"line":46,"column":8},"end":{"line":46,"column":15}},"14":{"start":{"line":48,"column":4},"end":{"line":52,"column":5}},"15":{"start":{"line":49,"column":24},"end":{"line":49,"column":99}},"16":{"start":{"line":50,"column":8},"end":{"line":50,"column":48}},"17":{"start":{"line":51,"column":8},"end":{"line":51,"column":147}},"18":{"start":{"line":57,"column":25},"end":{"line":57,"column":148}},"19":{"start":{"line":58,"column":4},"end":{"line":58,"column":30}},"20":{"start":{"line":58,"column":23},"end":{"line":58,"column":30}},"21":{"start":{"line":59,"column":23},"end":{"line":59,"column":46}},"22":{"start":{"line":60,"column":32},"end":{"line":60,"column":168}},"23":{"start":{"line":61,"column":4},"end":{"line":61,"column":44}},"24":{"start":{"line":61,"column":37},"end":{"line":61,"column":44}},"25":{"start":{"line":62,"column":4},"end":{"line":71,"column":5}},"26":{"start":{"line":65,"column":24},"end":{"line":65,"column":81}},"27":{"start":{"line":66,"column":21},"end":{"line":66,"column":52}},"28":{"start":{"line":67,"column":8},"end":{"line":70,"column":9}},"29":{"start":{"line":68,"column":12},"end":{"line":68,"column":48}},"30":{"start":{"line":69,"column":12},"end":{"line":69,"column":113}},"31":{"start":{"line":87,"column":8},"end":{"line":314,"column":9}},"32":{"start":{"line":89,"column":33},"end":{"line":105,"column":14}},"33":{"start":{"line":107,"column":12},"end":{"line":112,"column":13}},"34":{"start":{"line":108,"column":16},"end":{"line":111,"column":18}},"35":{"start":{"line":115,"column":12},"end":{"line":145,"column":13}},"36":{"start":{"line":118,"column":38},"end":{"line":118,"column":76}},"37":{"start":{"line":120,"column":16},"end":{"line":126,"column":17}},"38":{"start":{"line":121,"column":20},"end":{"line":121,"column":169}},"39":{"start":{"line":122,"column":20},"end":{"line":125,"column":22}},"40":{"start":{"line":129,"column":28},"end":{"line":129,"column":38}},"41":{"start":{"line":130,"column":29},"end":{"line":130,"column":117}},"42":{"start":{"line":131,"column":27},"end":{"line":131,"column":111}},"43":{"start":{"line":133,"column":16},"end":{"line":138,"column":17}},"44":{"start":{"line":134,"column":20},"end":{"line":137,"column":22}},"45":{"start":{"line":139,"column":16},"end":{"line":144,"column":17}},"46":{"start":{"line":140,"column":20},"end":{"line":143,"column":22}},"47":{"start":{"line":148,"column":38},"end":{"line":148,"column":95}},"48":{"start":{"line":152,"column":12},"end":{"line":293,"column":13}},"49":{"start":{"line":154,"column":48},"end":{"line":161,"column":18}},"50":{"start":{"line":162,"column":16},"end":{"line":206,"column":17}},"51":{"start":{"line":163,"column":20},"end":{"line":169,"column":82}},"52":{"start":{"line":170,"column":20},"end":{"line":170,"column":58}},"53":{"start":{"line":173,"column":20},"end":{"line":183,"column":23}},"54":{"start":{"line":185,"column":43},"end":{"line":194,"column":22}},"55":{"start":{"line":195,"column":20},"end":{"line":198,"column":23}},"56":{"start":{"line":199,"column":20},"end":{"line":205,"column":55}},"57":{"start":{"line":209,"column":16},"end":{"line":213,"column":83}},"58":{"start":{"line":216,"column":50},"end":{"line":223,"column":18}},"59":{"start":{"line":226,"column":16},"end":{"line":236,"column":19}},"60":{"start":{"line":238,"column":16},"end":{"line":292,"column":17}},"61":{"start":{"line":240,"column":45},"end":{"line":240,"column":85}},"62":{"start":{"line":241,"column":20},"end":{"line":248,"column":23}},"63":{"start":{"line":249,"column":20},"end":{"line":255,"column":21}},"64":{"start":{"line":250,"column":24},"end":{"line":250,"column":192}},"65":{"start":{"line":251,"column":24},"end":{"line":254,"column":26}},"66":{"start":{"line":256,"column":20},"end":{"line":262,"column":91}},"67":{"start":{"line":263,"column":20},"end":{"line":263,"column":98}},"68":{"start":{"line":268,"column":20},"end":{"line":278,"column":23}},"69":{"start":{"line":279,"column":20},"end":{"line":285,"column":21}},"70":{"start":{"line":280,"column":24},"end":{"line":280,"column":160}},"71":{"start":{"line":281,"column":24},"end":{"line":284,"column":26}},"72":{"start":{"line":286,"column":20},"end":{"line":291,"column":59}},"73":{"start":{"line":295,"column":12},"end":{"line":299,"column":14}},"74":{"start":{"line":301,"column":12},"end":{"line":308,"column":48}},"75":{"start":{"line":307,"column":36},"end":{"line":307,"column":101}},"76":{"start":{"line":307,"column":42},"end":{"line":307,"column":71}},"77":{"start":{"line":307,"column":82},"end":{"line":307,"column":99}},"78":{"start":{"line":309,"column":12},"end":{"line":309,"column":24}},"79":{"start":{"line":326,"column":8},"end":{"line":361,"column":9}},"80":{"start":{"line":327,"column":32},"end":{"line":347,"column":14}},"81":{"start":{"line":348,"column":12},"end":{"line":354,"column":14}},"82":{"start":{"line":356,"column":12},"end":{"line":356,"column":95}},"83":{"start":{"line":357,"column":12},"end":{"line":360,"column":14}},"84":{"start":{"line":372,"column":8},"end":{"line":405,"column":9}},"85":{"start":{"line":374,"column":32},"end":{"line":379,"column":14}},"86":{"start":{"line":381,"column":12},"end":{"line":386,"column":13}},"87":{"start":{"line":382,"column":16},"end":{"line":385,"column":18}},"88":{"start":{"line":388,"column":12},"end":{"line":393,"column":54}},"89":{"start":{"line":395,"column":12},"end":{"line":398,"column":14}},"90":{"start":{"line":400,"column":12},"end":{"line":400,"column":93}},"91":{"start":{"line":401,"column":12},"end":{"line":404,"column":14}},"92":{"start":{"line":414,"column":8},"end":{"line":428,"column":9}},"93":{"start":{"line":415,"column":32},"end":{"line":422,"column":14}},"94":{"start":{"line":424,"column":12},"end":{"line":424,"column":31}},"95":{"start":{"line":426,"column":12},"end":{"line":426,"column":80}},"96":{"start":{"line":427,"column":12},"end":{"line":427,"column":24}},"97":{"start":{"line":439,"column":8},"end":{"line":497,"column":9}},"98":{"start":{"line":440,"column":40},"end":{"line":447,"column":14}},"99":{"start":{"line":449,"column":12},"end":{"line":455,"column":13}},"100":{"start":{"line":450,"column":16},"end":{"line":450,"column":107}},"101":{"start":{"line":451,"column":16},"end":{"line":454,"column":18}},"102":{"start":{"line":458,"column":30},"end":{"line":458,"column":75}},"103":{"start":{"line":460,"column":12},"end":{"line":468,"column":82}},"104":{"start":{"line":470,"column":39},"end":{"line":474,"column":14}},"105":{"start":{"line":476,"column":12},"end":{"line":484,"column":63}},"106":{"start":{"line":486,"column":12},"end":{"line":490,"column":14}},"107":{"start":{"line":492,"column":12},"end":{"line":492,"column":103}},"108":{"start":{"line":493,"column":12},"end":{"line":496,"column":14}},"109":{"start":{"line":509,"column":8},"end":{"line":580,"column":9}},"110":{"start":{"line":510,"column":32},"end":{"line":517,"column":14}},"111":{"start":{"line":519,"column":12},"end":{"line":525,"column":13}},"112":{"start":{"line":520,"column":16},"end":{"line":520,"column":107}},"113":{"start":{"line":521,"column":16},"end":{"line":524,"column":18}},"114":{"start":{"line":529,"column":29},"end":{"line":529,"column":88}},"115":{"start":{"line":530,"column":38},"end":{"line":530,"column":69}},"116":{"start":{"line":531,"column":30},"end":{"line":534,"column":null}},"117":{"start":{"line":537,"column":12},"end":{"line":546,"column":86}},"118":{"start":{"line":549,"column":12},"end":{"line":549,"column":66}},"119":{"start":{"line":552,"column":39},"end":{"line":556,"column":14}},"120":{"start":{"line":558,"column":12},"end":{"line":566,"column":72}},"121":{"start":{"line":568,"column":12},"end":{"line":573,"column":14}},"122":{"start":{"line":575,"column":12},"end":{"line":575,"column":118}},"123":{"start":{"line":576,"column":12},"end":{"line":579,"column":14}},"124":{"start":{"line":77,"column":0},"end":{"line":77,"column":13}}},"fnMap":{"0":{"name":"mapPrismaToGameParticipant","decl":{"start":{"line":21,"column":9},"end":{"line":21,"column":35}},"loc":{"start":{"line":21,"column":58},"end":{"line":33,"column":1}}},"1":{"name":"clearDeferredAnswers","decl":{"start":{"line":36,"column":15},"end":{"line":36,"column":35}},"loc":{"start":{"line":36,"column":96},"end":{"line":53,"column":1}}},"2":{"name":"clearAllDeferredAnswers","decl":{"start":{"line":56,"column":15},"end":{"line":56,"column":38}},"loc":{"start":{"line":56,"column":77},"end":{"line":72,"column":1}}},"3":{"name":"(anonymous_4)","decl":{"start":{"line":86,"column":4},"end":{"line":86,"column":9}},"loc":{"start":{"line":86,"column":94},"end":{"line":315,"column":5}}},"4":{"name":"(anonymous_5)","decl":{"start":{"line":307,"column":28},"end":{"line":307,"column":31}},"loc":{"start":{"line":307,"column":33},"end":{"line":307,"column":103}}},"5":{"name":"(anonymous_6)","decl":{"start":{"line":325,"column":4},"end":{"line":325,"column":9}},"loc":{"start":{"line":325,"column":107},"end":{"line":362,"column":5}}},"6":{"name":"(anonymous_7)","decl":{"start":{"line":371,"column":4},"end":{"line":371,"column":9}},"loc":{"start":{"line":371,"column":115},"end":{"line":406,"column":5}}},"7":{"name":"(anonymous_8)","decl":{"start":{"line":413,"column":4},"end":{"line":413,"column":9}},"loc":{"start":{"line":413,"column":50},"end":{"line":429,"column":5}}},"8":{"name":"(anonymous_9)","decl":{"start":{"line":438,"column":4},"end":{"line":438,"column":9}},"loc":{"start":{"line":438,"column":86},"end":{"line":498,"column":5}}},"9":{"name":"(anonymous_10)","decl":{"start":{"line":508,"column":4},"end":{"line":508,"column":9}},"loc":{"start":{"line":508,"column":101},"end":{"line":581,"column":5}}}},"branchMap":{"0":{"loc":{"start":{"line":25,"column":18},"end":{"line":25,"column":63}},"type":"binary-expr","locations":[{"start":{"line":25,"column":18},"end":{"line":25,"column":50}},{"start":{"line":25,"column":54},"end":{"line":25,"column":63}}]},"1":{"loc":{"start":{"line":26,"column":21},"end":{"line":26,"column":64}},"type":"binary-expr","locations":[{"start":{"line":26,"column":21},"end":{"line":26,"column":56}},{"start":{"line":26,"column":60},"end":{"line":26,"column":64}}]},"2":{"loc":{"start":{"line":27,"column":15},"end":{"line":27,"column":43}},"type":"binary-expr","locations":[{"start":{"line":27,"column":15},"end":{"line":27,"column":38}},{"start":{"line":27,"column":42},"end":{"line":27,"column":43}}]},"3":{"loc":{"start":{"line":28,"column":18},"end":{"line":28,"column":87}},"type":"binary-expr","locations":[{"start":{"line":28,"column":18},"end":{"line":28,"column":59}},{"start":{"line":28,"column":63},"end":{"line":28,"column":87}}]},"4":{"loc":{"start":{"line":30,"column":22},"end":{"line":30,"column":57}},"type":"binary-expr","locations":[{"start":{"line":30,"column":22},"end":{"line":30,"column":52}},{"start":{"line":30,"column":56},"end":{"line":30,"column":57}}]},"5":{"loc":{"start":{"line":40,"column":4},"end":{"line":40,"column":30}},"type":"if","locations":[{"start":{"line":40,"column":4},"end":{"line":40,"column":30}}]},"6":{"loc":{"start":{"line":44,"column":4},"end":{"line":47,"column":5}},"type":"if","locations":[{"start":{"line":44,"column":4},"end":{"line":47,"column":5}}]},"7":{"loc":{"start":{"line":58,"column":4},"end":{"line":58,"column":30}},"type":"if","locations":[{"start":{"line":58,"column":4},"end":{"line":58,"column":30}}]},"8":{"loc":{"start":{"line":61,"column":4},"end":{"line":61,"column":44}},"type":"if","locations":[{"start":{"line":61,"column":4},"end":{"line":61,"column":44}}]},"9":{"loc":{"start":{"line":107,"column":12},"end":{"line":112,"column":13}},"type":"if","locations":[{"start":{"line":107,"column":12},"end":{"line":112,"column":13}}]},"10":{"loc":{"start":{"line":115,"column":12},"end":{"line":145,"column":13}},"type":"if","locations":[{"start":{"line":115,"column":12},"end":{"line":145,"column":13}}]},"11":{"loc":{"start":{"line":120,"column":16},"end":{"line":126,"column":17}},"type":"if","locations":[{"start":{"line":120,"column":16},"end":{"line":126,"column":17}}]},"12":{"loc":{"start":{"line":130,"column":29},"end":{"line":130,"column":117}},"type":"cond-expr","locations":[{"start":{"line":130,"column":66},"end":{"line":130,"column":110}},{"start":{"line":130,"column":113},"end":{"line":130,"column":117}}]},"13":{"loc":{"start":{"line":131,"column":27},"end":{"line":131,"column":111}},"type":"cond-expr","locations":[{"start":{"line":131,"column":62},"end":{"line":131,"column":104}},{"start":{"line":131,"column":107},"end":{"line":131,"column":111}}]},"14":{"loc":{"start":{"line":133,"column":16},"end":{"line":138,"column":17}},"type":"if","locations":[{"start":{"line":133,"column":16},"end":{"line":138,"column":17}}]},"15":{"loc":{"start":{"line":133,"column":20},"end":{"line":133,"column":38}},"type":"binary-expr","locations":[{"start":{"line":133,"column":20},"end":{"line":133,"column":24}},{"start":{"line":133,"column":28},"end":{"line":133,"column":38}}]},"16":{"loc":{"start":{"line":139,"column":16},"end":{"line":144,"column":17}},"type":"if","locations":[{"start":{"line":139,"column":16},"end":{"line":144,"column":17}}]},"17":{"loc":{"start":{"line":139,"column":20},"end":{"line":139,"column":34}},"type":"binary-expr","locations":[{"start":{"line":139,"column":20},"end":{"line":139,"column":22}},{"start":{"line":139,"column":26},"end":{"line":139,"column":34}}]},"18":{"loc":{"start":{"line":148,"column":38},"end":{"line":148,"column":95}},"type":"cond-expr","locations":[{"start":{"line":148,"column":76},"end":{"line":148,"column":86}},{"start":{"line":148,"column":89},"end":{"line":148,"column":95}}]},"19":{"loc":{"start":{"line":152,"column":12},"end":{"line":293,"column":13}},"type":"if","locations":[{"start":{"line":152,"column":12},"end":{"line":293,"column":13}},{"start":{"line":207,"column":19},"end":{"line":293,"column":13}}]},"20":{"loc":{"start":{"line":162,"column":16},"end":{"line":206,"column":17}},"type":"if","locations":[{"start":{"line":162,"column":16},"end":{"line":206,"column":17}},{"start":{"line":171,"column":23},"end":{"line":206,"column":17}}]},"21":{"loc":{"start":{"line":178,"column":38},"end":{"line":178,"column":83}},"type":"binary-expr","locations":[{"start":{"line":178,"column":38},"end":{"line":178,"column":46}},{"start":{"line":178,"column":50},"end":{"line":178,"column":83}}]},"22":{"loc":{"start":{"line":180,"column":41},"end":{"line":180,"column":60}},"type":"binary-expr","locations":[{"start":{"line":180,"column":41},"end":{"line":180,"column":52}},{"start":{"line":180,"column":56},"end":{"line":180,"column":60}}]},"23":{"loc":{"start":{"line":231,"column":34},"end":{"line":231,"column":79}},"type":"binary-expr","locations":[{"start":{"line":231,"column":34},"end":{"line":231,"column":42}},{"start":{"line":231,"column":46},"end":{"line":231,"column":79}}]},"24":{"loc":{"start":{"line":233,"column":37},"end":{"line":233,"column":56}},"type":"binary-expr","locations":[{"start":{"line":233,"column":37},"end":{"line":233,"column":48}},{"start":{"line":233,"column":52},"end":{"line":233,"column":56}}]},"25":{"loc":{"start":{"line":238,"column":16},"end":{"line":292,"column":17}},"type":"if","locations":[{"start":{"line":238,"column":16},"end":{"line":292,"column":17}},{"start":{"line":266,"column":23},"end":{"line":292,"column":17}}]},"26":{"loc":{"start":{"line":249,"column":20},"end":{"line":255,"column":21}},"type":"if","locations":[{"start":{"line":249,"column":20},"end":{"line":255,"column":21}}]},"27":{"loc":{"start":{"line":249,"column":24},"end":{"line":249,"column":57}},"type":"binary-expr","locations":[{"start":{"line":249,"column":24},"end":{"line":249,"column":36}},{"start":{"line":249,"column":40},"end":{"line":249,"column":57}}]},"28":{"loc":{"start":{"line":279,"column":20},"end":{"line":285,"column":21}},"type":"if","locations":[{"start":{"line":279,"column":20},"end":{"line":285,"column":21}}]},"29":{"loc":{"start":{"line":302,"column":23},"end":{"line":302,"column":84}},"type":"cond-expr","locations":[{"start":{"line":302,"column":48},"end":{"line":302,"column":76}},{"start":{"line":302,"column":79},"end":{"line":302,"column":84}}]},"30":{"loc":{"start":{"line":302,"column":48},"end":{"line":302,"column":76}},"type":"binary-expr","locations":[{"start":{"line":302,"column":48},"end":{"line":302,"column":59}},{"start":{"line":302,"column":63},"end":{"line":302,"column":76}}]},"31":{"loc":{"start":{"line":335,"column":42},"end":{"line":335,"column":71}},"type":"binary-expr","locations":[{"start":{"line":335,"column":42},"end":{"line":335,"column":50}},{"start":{"line":335,"column":54},"end":{"line":335,"column":71}}]},"32":{"loc":{"start":{"line":336,"column":45},"end":{"line":336,"column":64}},"type":"binary-expr","locations":[{"start":{"line":336,"column":45},"end":{"line":336,"column":56}},{"start":{"line":336,"column":60},"end":{"line":336,"column":64}}]},"33":{"loc":{"start":{"line":381,"column":12},"end":{"line":386,"column":13}},"type":"if","locations":[{"start":{"line":381,"column":12},"end":{"line":386,"column":13}}]},"34":{"loc":{"start":{"line":381,"column":16},"end":{"line":381,"column":92}},"type":"binary-expr","locations":[{"start":{"line":381,"column":16},"end":{"line":381,"column":41}},{"start":{"line":381,"column":45},"end":{"line":381,"column":92}}]},"35":{"loc":{"start":{"line":449,"column":12},"end":{"line":455,"column":13}},"type":"if","locations":[{"start":{"line":449,"column":12},"end":{"line":455,"column":13}}]},"36":{"loc":{"start":{"line":467,"column":24},"end":{"line":467,"column":87}},"type":"cond-expr","locations":[{"start":{"line":467,"column":64},"end":{"line":467,"column":73}},{"start":{"line":467,"column":76},"end":{"line":467,"column":87}}]},"37":{"loc":{"start":{"line":519,"column":12},"end":{"line":525,"column":13}},"type":"if","locations":[{"start":{"line":519,"column":12},"end":{"line":525,"column":13}}]},"38":{"loc":{"start":{"line":533,"column":16},"end":{"line":533,"column":67}},"type":"cond-expr","locations":[{"start":{"line":533,"column":36},"end":{"line":533,"column":63}},{"start":{"line":533,"column":66},"end":{"line":533,"column":67}}]},"39":{"loc":{"start":{"line":534,"column":16},"end":{"line":534,"column":38}},"type":"binary-expr","locations":[{"start":{"line":534,"column":16},"end":{"line":534,"column":33}},{"start":{"line":534,"column":37},"end":{"line":534,"column":38}}]},"40":{"loc":{"start":{"line":541,"column":35},"end":{"line":541,"column":86}},"type":"cond-expr","locations":[{"start":{"line":541,"column":55},"end":{"line":541,"column":82}},{"start":{"line":541,"column":85},"end":{"line":541,"column":86}}]},"41":{"loc":{"start":{"line":545,"column":24},"end":{"line":545,"column":115}},"type":"cond-expr","locations":[{"start":{"line":545,"column":92},"end":{"line":545,"column":101}},{"start":{"line":545,"column":104},"end":{"line":545,"column":115}}]},"42":{"loc":{"start":{"line":545,"column":37},"end":{"line":545,"column":88}},"type":"cond-expr","locations":[{"start":{"line":545,"column":57},"end":{"line":545,"column":84}},{"start":{"line":545,"column":87},"end":{"line":545,"column":88}}]},"43":{"loc":{"start":{"line":563,"column":35},"end":{"line":563,"column":86}},"type":"cond-expr","locations":[{"start":{"line":563,"column":55},"end":{"line":563,"column":82}},{"start":{"line":563,"column":85},"end":{"line":563,"column":86}}]},"44":{"loc":{"start":{"line":571,"column":40},"end":{"line":571,"column":91}},"type":"cond-expr","locations":[{"start":{"line":571,"column":60},"end":{"line":571,"column":87}},{"start":{"line":571,"column":90},"end":{"line":571,"column":91}}]},"45":{"loc":{"start":{"line":572,"column":30},"end":{"line":572,"column":81}},"type":"cond-expr","locations":[{"start":{"line":572,"column":50},"end":{"line":572,"column":77}},{"start":{"line":572,"column":80},"end":{"line":572,"column":81}}]}},"s":{"0":1,"1":1,"2":1,"3":1,"4":1,"5":0,"6":0,"7":0,"8":0,"9":0,"10":0,"11":0,"12":0,"13":0,"14":0,"15":0,"16":0,"17":0,"18":0,"19":0,"20":0,"21":0,"22":0,"23":0,"24":0,"25":0,"26":0,"27":0,"28":0,"29":0,"30":0,"31":0,"32":0,"33":0,"34":0,"35":0,"36":0,"37":0,"38":0,"39":0,"40":0,"41":0,"42":0,"43":0,"44":0,"45":0,"46":0,"47":0,"48":0,"49":0,"50":0,"51":0,"52":0,"53":0,"54":0,"55":0,"56":0,"57":0,"58":0,"59":0,"60":0,"61":0,"62":0,"63":0,"64":0,"65":0,"66":0,"67":0,"68":0,"69":0,"70":0,"71":0,"72":0,"73":0,"74":0,"75":0,"76":0,"77":0,"78":0,"79":0,"80":0,"81":0,"82":0,"83":0,"84":0,"85":0,"86":0,"87":0,"88":0,"89":0,"90":0,"91":0,"92":0,"93":0,"94":0,"95":0,"96":0,"97":0,"98":0,"99":0,"100":0,"101":0,"102":0,"103":0,"104":0,"105":0,"106":0,"107":0,"108":0,"109":0,"110":0,"111":0,"112":0,"113":0,"114":0,"115":0,"116":0,"117":0,"118":0,"119":0,"120":0,"121":0,"122":0,"123":0,"124":1},"f":{"0":0,"1":0,"2":0,"3":0,"4":0,"5":0,"6":0,"7":0,"8":0,"9":0},"b":{"0":[0,0],"1":[0,0],"2":[0,0],"3":[0,0],"4":[0,0],"5":[0],"6":[0],"7":[0],"8":[0],"9":[0],"10":[0],"11":[0],"12":[0,0],"13":[0,0],"14":[0],"15":[0,0],"16":[0],"17":[0,0],"18":[0,0],"19":[0,0],"20":[0,0],"21":[0,0],"22":[0,0],"23":[0,0],"24":[0,0],"25":[0,0],"26":[0],"27":[0,0],"28":[0],"29":[0,0],"30":[0,0],"31":[0,0],"32":[0,0],"33":[0],"34":[0,0],"35":[0],"36":[0,0],"37":[0],"38":[0,0],"39":[0,0],"40":[0,0],"41":[0,0],"42":[0,0],"43":[0,0],"44":[0,0],"45":[0,0]}},"/home/aflesch/mathquest/app/backend/src/sockets/handlers/game/requestParticipants.ts":{"path":"/home/aflesch/mathquest/app/backend/src/sockets/handlers/game/requestParticipants.ts","statementMap":{"0":{"start":{"line":13,"column":0},"end":{"line":13,"column":16}},"1":{"start":{"line":2,"column":0},"end":{"line":2,"column":45}},"2":{"start":{"line":3,"column":0},"end":{"line":3,"column":24}},"3":{"start":{"line":4,"column":0},"end":{"line":4,"column":60}},"4":{"start":{"line":8,"column":41},"end":{"line":8,"column":84}},"5":{"start":{"line":11,"column":32},"end":{"line":11,"column":62}},"6":{"start":{"line":14,"column":4},"end":{"line":31,"column":6}},"7":{"start":{"line":16,"column":28},"end":{"line":16,"column":79}},"8":{"start":{"line":17,"column":8},"end":{"line":17,"column":41}},"9":{"start":{"line":17,"column":34},"end":{"line":17,"column":41}},"10":{"start":{"line":18,"column":31},"end":{"line":18,"column":47}},"11":{"start":{"line":19,"column":33},"end":{"line":19,"column":101}},"12":{"start":{"line":20,"column":32},"end":{"line":20,"column":94}},"13":{"start":{"line":20,"column":80},"end":{"line":20,"column":93}},"14":{"start":{"line":22,"column":38},"end":{"line":22,"column":47}},"15":{"start":{"line":23,"column":8},"end":{"line":27,"column":9}},"16":{"start":{"line":24,"column":12},"end":{"line":26,"column":13}},"17":{"start":{"line":25,"column":16},"end":{"line":25,"column":75}},"18":{"start":{"line":28,"column":29},"end":{"line":28,"column":71}},"19":{"start":{"line":29,"column":65},"end":{"line":29,"column":81}},"20":{"start":{"line":30,"column":8},"end":{"line":30,"column":90}}},"fnMap":{"0":{"name":"requestParticipantsHandler","decl":{"start":{"line":13,"column":16},"end":{"line":13,"column":42}},"loc":{"start":{"line":13,"column":77},"end":{"line":32,"column":1}}},"1":{"name":"(anonymous_1)","decl":{"start":{"line":14,"column":11},"end":{"line":14,"column":16}},"loc":{"start":{"line":14,"column":57},"end":{"line":31,"column":5}}},"2":{"name":"(anonymous_2)","decl":{"start":{"line":20,"column":68},"end":{"line":20,"column":69}},"loc":{"start":{"line":20,"column":80},"end":{"line":20,"column":93}}}},"branchMap":{"0":{"loc":{"start":{"line":17,"column":8},"end":{"line":17,"column":41}},"type":"if","locations":[{"start":{"line":17,"column":8},"end":{"line":17,"column":41}}]},"1":{"loc":{"start":{"line":24,"column":12},"end":{"line":26,"column":13}},"type":"if","locations":[{"start":{"line":24,"column":12},"end":{"line":26,"column":13}}]}},"s":{"0":1,"1":1,"2":1,"3":1,"4":1,"5":1,"6":3,"7":0,"8":0,"9":0,"10":0,"11":0,"12":0,"13":0,"14":0,"15":0,"16":0,"17":0,"18":0,"19":0,"20":0},"f":{"0":3,"1":0,"2":0},"b":{"0":[0],"1":[0]}},"/home/aflesch/mathquest/app/backend/src/sockets/handlers/game/disconnect.ts":{"path":"/home/aflesch/mathquest/app/backend/src/sockets/handlers/game/disconnect.ts","statementMap":{"0":{"start":{"line":10,"column":0},"end":{"line":10,"column":16}},"1":{"start":{"line":2,"column":0},"end":{"line":2,"column":45}},"2":{"start":{"line":6,"column":32},"end":{"line":6,"column":62}},"3":{"start":{"line":7,"column":38},"end":{"line":7,"column":67}},"4":{"start":{"line":8,"column":38},"end":{"line":8,"column":67}},"5":{"start":{"line":11,"column":4},"end":{"line":30,"column":6}},"6":{"start":{"line":13,"column":36},"end":{"line":13,"column":70}},"7":{"start":{"line":14,"column":23},"end":{"line":14,"column":77}},"8":{"start":{"line":15,"column":8},"end":{"line":15,"column":28}},"9":{"start":{"line":15,"column":21},"end":{"line":15,"column":28}},"10":{"start":{"line":17,"column":36},"end":{"line":17,"column":70}},"11":{"start":{"line":18,"column":8},"end":{"line":18,"column":60}},"12":{"start":{"line":19,"column":8},"end":{"line":19,"column":63}},"13":{"start":{"line":21,"column":33},"end":{"line":21,"column":77}},"14":{"start":{"line":22,"column":31},"end":{"line":22,"column":67}},"15":{"start":{"line":23,"column":8},"end":{"line":29,"column":9}},"16":{"start":{"line":25,"column":25},"end":{"line":25,"column":78}},"17":{"start":{"line":26,"column":12},"end":{"line":28,"column":13}},"18":{"start":{"line":27,"column":16},"end":{"line":27,"column":52}}},"fnMap":{"0":{"name":"disconnectHandler","decl":{"start":{"line":10,"column":16},"end":{"line":10,"column":33}},"loc":{"start":{"line":10,"column":68},"end":{"line":31,"column":1}}},"1":{"name":"(anonymous_1)","decl":{"start":{"line":11,"column":11},"end":{"line":11,"column":16}},"loc":{"start":{"line":11,"column":22},"end":{"line":30,"column":5}}}},"branchMap":{"0":{"loc":{"start":{"line":15,"column":8},"end":{"line":15,"column":28}},"type":"if","locations":[{"start":{"line":15,"column":8},"end":{"line":15,"column":28}}]},"1":{"loc":{"start":{"line":23,"column":8},"end":{"line":29,"column":9}},"type":"if","locations":[{"start":{"line":23,"column":8},"end":{"line":29,"column":9}}]}},"s":{"0":1,"1":1,"2":1,"3":1,"4":1,"5":3,"6":3,"7":3,"8":0,"9":0,"10":0,"11":0,"12":0,"13":0,"14":0,"15":0,"16":0,"17":0,"18":0},"f":{"0":3,"1":3},"b":{"0":[0],"1":[0]}},"/home/aflesch/mathquest/app/backend/src/sockets/handlers/game/requestNextQuestion.ts":{"path":"/home/aflesch/mathquest/app/backend/src/sockets/handlers/game/requestNextQuestion.ts","statementMap":{"0":{"start":{"line":14,"column":0},"end":{"line":14,"column":16}},"1":{"start":{"line":2,"column":0},"end":{"line":2,"column":37}},"2":{"start":{"line":3,"column":0},"end":{"line":3,"column":42}},"3":{"start":{"line":6,"column":0},"end":{"line":6,"column":60}},"4":{"start":{"line":8,"column":0},"end":{"line":8,"column":82}},"5":{"start":{"line":10,"column":0},"end":{"line":10,"column":60}},"6":{"start":{"line":12,"column":15},"end":{"line":12,"column":57}},"7":{"start":{"line":19,"column":25},"end":{"line":19,"column":56}},"8":{"start":{"line":20,"column":4},"end":{"line":128,"column":6}},"9":{"start":{"line":21,"column":8},"end":{"line":21,"column":78}},"10":{"start":{"line":23,"column":28},"end":{"line":23,"column":79}},"11":{"start":{"line":24,"column":8},"end":{"line":41,"column":9}},"12":{"start":{"line":25,"column":33},"end":{"line":25,"column":59}},"13":{"start":{"line":26,"column":12},"end":{"line":31,"column":51}},"14":{"start":{"line":33,"column":47},"end":{"line":37,"column":14}},"15":{"start":{"line":39,"column":12},"end":{"line":39,"column":76}},"16":{"start":{"line":40,"column":12},"end":{"line":40,"column":19}},"17":{"start":{"line":43,"column":29},"end":{"line":43,"column":45}},"18":{"start":{"line":44,"column":59},"end":{"line":44,"column":71}},"19":{"start":{"line":45,"column":8},"end":{"line":45,"column":109}},"20":{"start":{"line":47,"column":8},"end":{"line":127,"column":9}},"21":{"start":{"line":48,"column":12},"end":{"line":48,"column":155}},"22":{"start":{"line":51,"column":33},"end":{"line":59,"column":14}},"23":{"start":{"line":61,"column":12},"end":{"line":65,"column":13}},"24":{"start":{"line":62,"column":51},"end":{"line":62,"column":81}},"25":{"start":{"line":63,"column":16},"end":{"line":63,"column":80}},"26":{"start":{"line":64,"column":16},"end":{"line":64,"column":23}},"27":{"start":{"line":68,"column":12},"end":{"line":73,"column":13}},"28":{"start":{"line":69,"column":16},"end":{"line":69,"column":104}},"29":{"start":{"line":70,"column":51},"end":{"line":70,"column":107}},"30":{"start":{"line":71,"column":16},"end":{"line":71,"column":80}},"31":{"start":{"line":72,"column":16},"end":{"line":72,"column":23}},"32":{"start":{"line":76,"column":32},"end":{"line":78,"column":14}},"33":{"start":{"line":80,"column":12},"end":{"line":84,"column":13}},"34":{"start":{"line":81,"column":51},"end":{"line":81,"column":88}},"35":{"start":{"line":82,"column":16},"end":{"line":82,"column":80}},"36":{"start":{"line":83,"column":16},"end":{"line":83,"column":23}},"37":{"start":{"line":87,"column":33},"end":{"line":91,"column":14}},"38":{"start":{"line":94,"column":34},"end":{"line":94,"column":43}},"39":{"start":{"line":95,"column":12},"end":{"line":102,"column":13}},"40":{"start":{"line":96,"column":37},"end":{"line":96,"column":102}},"41":{"start":{"line":96,"column":65},"end":{"line":96,"column":101}},"42":{"start":{"line":97,"column":16},"end":{"line":99,"column":17}},"43":{"start":{"line":98,"column":20},"end":{"line":98,"column":81}},"44":{"start":{"line":100,"column":19},"end":{"line":102,"column":13}},"45":{"start":{"line":101,"column":16},"end":{"line":101,"column":62}},"46":{"start":{"line":104,"column":12},"end":{"line":122,"column":13}},"47":{"start":{"line":106,"column":16},"end":{"line":106,"column":89}},"48":{"start":{"line":109,"column":30},"end":{"line":109,"column":49}},"49":{"start":{"line":112,"column":16},"end":{"line":112,"column":107}},"50":{"start":{"line":113,"column":59},"end":{"line":119,"column":18}},"51":{"start":{"line":120,"column":16},"end":{"line":120,"column":84}},"52":{"start":{"line":121,"column":16},"end":{"line":121,"column":113}},"53":{"start":{"line":124,"column":12},"end":{"line":124,"column":95}},"54":{"start":{"line":125,"column":47},"end":{"line":125,"column":101}},"55":{"start":{"line":126,"column":12},"end":{"line":126,"column":76}}},"fnMap":{"0":{"name":"requestNextQuestionHandler","decl":{"start":{"line":14,"column":16},"end":{"line":14,"column":42}},"loc":{"start":{"line":16,"column":93},"end":{"line":129,"column":1}}},"1":{"name":"(anonymous_2)","decl":{"start":{"line":20,"column":11},"end":{"line":20,"column":16}},"loc":{"start":{"line":20,"column":34},"end":{"line":128,"column":5}}},"2":{"name":"(anonymous_3)","decl":{"start":{"line":96,"column":60},"end":{"line":96,"column":61}},"loc":{"start":{"line":96,"column":65},"end":{"line":96,"column":101}}}},"branchMap":{"0":{"loc":{"start":{"line":24,"column":8},"end":{"line":41,"column":9}},"type":"if","locations":[{"start":{"line":24,"column":8},"end":{"line":41,"column":9}}]},"1":{"loc":{"start":{"line":61,"column":12},"end":{"line":65,"column":13}},"type":"if","locations":[{"start":{"line":61,"column":12},"end":{"line":65,"column":13}}]},"2":{"loc":{"start":{"line":68,"column":12},"end":{"line":73,"column":13}},"type":"if","locations":[{"start":{"line":68,"column":12},"end":{"line":73,"column":13}}]},"3":{"loc":{"start":{"line":80,"column":12},"end":{"line":84,"column":13}},"type":"if","locations":[{"start":{"line":80,"column":12},"end":{"line":84,"column":13}}]},"4":{"loc":{"start":{"line":95,"column":12},"end":{"line":102,"column":13}},"type":"if","locations":[{"start":{"line":95,"column":12},"end":{"line":102,"column":13}},{"start":{"line":100,"column":19},"end":{"line":102,"column":13}}]},"5":{"loc":{"start":{"line":97,"column":16},"end":{"line":99,"column":17}},"type":"if","locations":[{"start":{"line":97,"column":16},"end":{"line":99,"column":17}}]},"6":{"loc":{"start":{"line":97,"column":20},"end":{"line":97,"column":81}},"type":"binary-expr","locations":[{"start":{"line":97,"column":20},"end":{"line":97,"column":39}},{"start":{"line":97,"column":43},"end":{"line":97,"column":81}}]},"7":{"loc":{"start":{"line":100,"column":19},"end":{"line":102,"column":13}},"type":"if","locations":[{"start":{"line":100,"column":19},"end":{"line":102,"column":13}}]},"8":{"loc":{"start":{"line":104,"column":12},"end":{"line":122,"column":13}},"type":"if","locations":[{"start":{"line":104,"column":12},"end":{"line":122,"column":13}},{"start":{"line":107,"column":19},"end":{"line":122,"column":13}}]}},"s":{"0":1,"1":1,"2":1,"3":1,"4":1,"5":1,"6":1,"7":3,"8":3,"9":0,"10":0,"11":0,"12":0,"13":0,"14":0,"15":0,"16":0,"17":0,"18":0,"19":0,"20":0,"21":0,"22":0,"23":0,"24":0,"25":0,"26":0,"27":0,"28":0,"29":0,"30":0,"31":0,"32":0,"33":0,"34":0,"35":0,"36":0,"37":0,"38":0,"39":0,"40":0,"41":0,"42":0,"43":0,"44":0,"45":0,"46":0,"47":0,"48":0,"49":0,"50":0,"51":0,"52":0,"53":0,"54":0,"55":0},"f":{"0":3,"1":0,"2":0},"b":{"0":[0],"1":[0],"2":[0],"3":[0],"4":[0,0],"5":[0],"6":[0,0],"7":[0],"8":[0,0]}}}}
